Archive member included to satisfy reference by file (symbol)

c:/nxp/mcuxpressoide_10.2.0_759/ide/tools/bin/../lib/gcc/arm-none-eabi/7.2.1/../../../../arm-none-eabi/lib/thumb/v7e-m/fpv4-sp/hard\libcr_c.a(memcpy.o)
                              ./source/App.o (memcpy)
c:/nxp/mcuxpressoide_10.2.0_759/ide/tools/bin/../lib/gcc/arm-none-eabi/7.2.1/thumb/v7e-m/fpv4-sp/hard\libcr_eabihelpers.a(memcpy.o)
                              c:/nxp/mcuxpressoide_10.2.0_759/ide/tools/bin/../lib/gcc/arm-none-eabi/7.2.1/../../../../arm-none-eabi/lib/thumb/v7e-m/fpv4-sp/hard\libcr_c.a(memcpy.o) (__aeabi_memcpy)

Discarded input sections

 .group         0x00000000        0xc ./source/App.o
 .group         0x00000000        0xc ./source/App.o
 .text          0x00000000        0x0 ./source/App.o
 .data          0x00000000        0x0 ./source/App.o
 .bss           0x00000000        0x0 ./source/App.o
 .group         0x00000000        0xc ./source/SysTick.o
 .group         0x00000000        0xc ./source/SysTick.o
 .group         0x00000000        0xc ./source/SysTick.o
 .group         0x00000000        0xc ./source/SysTick.o
 .group         0x00000000        0xc ./source/SysTick.o
 .group         0x00000000        0xc ./source/SysTick.o
 .group         0x00000000        0xc ./source/SysTick.o
 .group         0x00000000        0xc ./source/SysTick.o
 .group         0x00000000        0xc ./source/SysTick.o
 .group         0x00000000        0xc ./source/SysTick.o
 .group         0x00000000        0xc ./source/SysTick.o
 .text          0x00000000        0x0 ./source/SysTick.o
 .data          0x00000000        0x0 ./source/SysTick.o
 .bss           0x00000000        0x0 ./source/SysTick.o
 .debug_macro   0x00000000      0xa5a ./source/SysTick.o
 .group         0x00000000        0xc ./source/doorManagement.o
 .group         0x00000000        0xc ./source/doorManagement.o
 .group         0x00000000        0xc ./source/doorManagement.o
 .group         0x00000000        0xc ./source/doorManagement.o
 .text          0x00000000        0x0 ./source/doorManagement.o
 .data          0x00000000        0x0 ./source/doorManagement.o
 .bss           0x00000000        0x0 ./source/doorManagement.o
 .text.toggleDoor
                0x00000000        0xa ./source/doorManagement.o
 .debug_macro   0x00000000      0xa5a ./source/doorManagement.o
 .debug_macro   0x00000000      0x34e ./source/doorManagement.o
 .debug_macro   0x00000000       0x22 ./source/doorManagement.o
 .group         0x00000000        0xc ./source/gpio.o
 .group         0x00000000        0xc ./source/gpio.o
 .group         0x00000000        0xc ./source/gpio.o
 .group         0x00000000        0xc ./source/gpio.o
 .group         0x00000000        0xc ./source/gpio.o
 .group         0x00000000        0xc ./source/gpio.o
 .group         0x00000000        0xc ./source/gpio.o
 .group         0x00000000        0xc ./source/gpio.o
 .group         0x00000000        0xc ./source/gpio.o
 .group         0x00000000        0xc ./source/gpio.o
 .group         0x00000000        0xc ./source/gpio.o
 .text          0x00000000        0x0 ./source/gpio.o
 .data          0x00000000        0x0 ./source/gpio.o
 .bss           0x00000000        0x0 ./source/gpio.o
 .text.clockGating
                0x00000000       0x50 ./source/gpio.o
 .text.gpioToggle
                0x00000000       0x40 ./source/gpio.o
 .text.isPinValid
                0x00000000        0xa ./source/gpio.o
 .text.setPCRmux
                0x00000000       0x16 ./source/gpio.o
 .text.setPCRpullEnable
                0x00000000        0xe ./source/gpio.o
 .text.setPCRpullUp
                0x00000000        0xe ./source/gpio.o
 .text.setPCRpullDown
                0x00000000        0xe ./source/gpio.o
 .text.setGPIOddr
                0x00000000        0xa ./source/gpio.o
 .debug_macro   0x00000000      0xa5a ./source/gpio.o
 .debug_macro   0x00000000      0x34e ./source/gpio.o
 .debug_macro   0x00000000       0x22 ./source/gpio.o
 .debug_macro   0x00000000       0x3a ./source/gpio.o
 .debug_macro   0x00000000       0x5c ./source/gpio.o
 .debug_macro   0x00000000       0x1c ./source/gpio.o
 .debug_macro   0x00000000       0x22 ./source/gpio.o
 .debug_macro   0x00000000       0xdf ./source/gpio.o
 .debug_macro   0x00000000      0xecf ./source/gpio.o
 .debug_macro   0x00000000       0x48 ./source/gpio.o
 .debug_macro   0x00000000     0xe07b ./source/gpio.o
 .group         0x00000000        0xc ./source/magnetCardDecode.o
 .group         0x00000000        0xc ./source/magnetCardDecode.o
 .group         0x00000000        0xc ./source/magnetCardDecode.o
 .group         0x00000000        0xc ./source/magnetCardDecode.o
 .group         0x00000000        0xc ./source/magnetCardDecode.o
 .group         0x00000000        0xc ./source/magnetCardDecode.o
 .text          0x00000000        0x0 ./source/magnetCardDecode.o
 .data          0x00000000        0x0 ./source/magnetCardDecode.o
 .bss           0x00000000        0x0 ./source/magnetCardDecode.o
 .debug_macro   0x00000000      0x34e ./source/magnetCardDecode.o
 .debug_macro   0x00000000       0x22 ./source/magnetCardDecode.o
 .debug_macro   0x00000000      0x174 ./source/magnetCardDecode.o
 .group         0x00000000        0xc ./source/magnetCardLector.o
 .group         0x00000000        0xc ./source/magnetCardLector.o
 .group         0x00000000        0xc ./source/magnetCardLector.o
 .group         0x00000000        0xc ./source/magnetCardLector.o
 .group         0x00000000        0xc ./source/magnetCardLector.o
 .group         0x00000000        0xc ./source/magnetCardLector.o
 .text          0x00000000        0x0 ./source/magnetCardLector.o
 .data          0x00000000        0x0 ./source/magnetCardLector.o
 .bss           0x00000000        0x0 ./source/magnetCardLector.o
 .debug_macro   0x00000000      0xa5a ./source/magnetCardLector.o
 .debug_macro   0x00000000       0x10 ./source/magnetCardLector.o
 .debug_macro   0x00000000      0x34e ./source/magnetCardLector.o
 .debug_macro   0x00000000       0x22 ./source/magnetCardLector.o
 .group         0x00000000        0xc ./source/magnetLectorHAL.o
 .group         0x00000000        0xc ./source/magnetLectorHAL.o
 .group         0x00000000        0xc ./source/magnetLectorHAL.o
 .group         0x00000000        0xc ./source/magnetLectorHAL.o
 .group         0x00000000        0xc ./source/magnetLectorHAL.o
 .group         0x00000000        0xc ./source/magnetLectorHAL.o
 .text          0x00000000        0x0 ./source/magnetLectorHAL.o
 .data          0x00000000        0x0 ./source/magnetLectorHAL.o
 .bss           0x00000000        0x0 ./source/magnetLectorHAL.o
 .debug_macro   0x00000000      0xa5a ./source/magnetLectorHAL.o
 .debug_macro   0x00000000       0x2e ./source/magnetLectorHAL.o
 .debug_macro   0x00000000      0x34e ./source/magnetLectorHAL.o
 .debug_macro   0x00000000       0x22 ./source/magnetLectorHAL.o
 .debug_macro   0x00000000       0x3a ./source/magnetLectorHAL.o
 .debug_macro   0x00000000      0x174 ./source/magnetLectorHAL.o
 .group         0x00000000        0xc ./source/timer.o
 .group         0x00000000        0xc ./source/timer.o
 .group         0x00000000        0xc ./source/timer.o
 .group         0x00000000        0xc ./source/timer.o
 .text          0x00000000        0x0 ./source/timer.o
 .data          0x00000000        0x0 ./source/timer.o
 .bss           0x00000000        0x0 ./source/timer.o
 .text.EnableTimer
                0x00000000       0x10 ./source/timer.o
 .debug_macro   0x00000000      0xa5a ./source/timer.o
 .debug_macro   0x00000000       0x22 ./source/timer.o
 .debug_macro   0x00000000      0x34e ./source/timer.o
 .group         0x00000000        0xc ./SDK/startup/hardware.o
 .group         0x00000000        0xc ./SDK/startup/hardware.o
 .group         0x00000000        0xc ./SDK/startup/hardware.o
 .group         0x00000000        0xc ./SDK/startup/hardware.o
 .group         0x00000000        0xc ./SDK/startup/hardware.o
 .group         0x00000000        0xc ./SDK/startup/hardware.o
 .group         0x00000000        0xc ./SDK/startup/hardware.o
 .group         0x00000000        0xc ./SDK/startup/hardware.o
 .group         0x00000000        0xc ./SDK/startup/hardware.o
 .group         0x00000000        0xc ./SDK/startup/hardware.o
 .group         0x00000000        0xc ./SDK/startup/hardware.o
 .group         0x00000000        0xc ./SDK/startup/hardware.o
 .group         0x00000000        0xc ./SDK/startup/hardware.o
 .text          0x00000000        0x0 ./SDK/startup/hardware.o
 .data          0x00000000        0x0 ./SDK/startup/hardware.o
 .bss           0x00000000        0x0 ./SDK/startup/hardware.o
 .debug_macro   0x00000000      0xa5a ./SDK/startup/hardware.o
 .debug_macro   0x00000000      0x34e ./SDK/startup/hardware.o
 .debug_macro   0x00000000       0x22 ./SDK/startup/hardware.o
 .debug_macro   0x00000000       0x5c ./SDK/startup/hardware.o
 .debug_macro   0x00000000       0x1c ./SDK/startup/hardware.o
 .debug_macro   0x00000000       0x22 ./SDK/startup/hardware.o
 .debug_macro   0x00000000       0xdf ./SDK/startup/hardware.o
 .debug_macro   0x00000000      0xecf ./SDK/startup/hardware.o
 .debug_macro   0x00000000       0x48 ./SDK/startup/hardware.o
 .debug_macro   0x00000000     0xe07b ./SDK/startup/hardware.o
 .group         0x00000000        0xc ./SDK/startup/main.o
 .group         0x00000000        0xc ./SDK/startup/main.o
 .group         0x00000000        0xc ./SDK/startup/main.o
 .group         0x00000000        0xc ./SDK/startup/main.o
 .group         0x00000000        0xc ./SDK/startup/main.o
 .group         0x00000000        0xc ./SDK/startup/main.o
 .group         0x00000000        0xc ./SDK/startup/main.o
 .group         0x00000000        0xc ./SDK/startup/main.o
 .group         0x00000000        0xc ./SDK/startup/main.o
 .group         0x00000000        0xc ./SDK/startup/main.o
 .group         0x00000000        0xc ./SDK/startup/main.o
 .group         0x00000000        0xc ./SDK/startup/main.o
 .group         0x00000000        0xc ./SDK/startup/main.o
 .text          0x00000000        0x0 ./SDK/startup/main.o
 .data          0x00000000        0x0 ./SDK/startup/main.o
 .bss           0x00000000        0x0 ./SDK/startup/main.o
 .debug_macro   0x00000000      0xa5a ./SDK/startup/main.o
 .debug_macro   0x00000000      0x34e ./SDK/startup/main.o
 .debug_macro   0x00000000       0x22 ./SDK/startup/main.o
 .debug_macro   0x00000000       0x10 ./SDK/startup/main.o
 .debug_macro   0x00000000       0x5c ./SDK/startup/main.o
 .debug_macro   0x00000000       0x1c ./SDK/startup/main.o
 .debug_macro   0x00000000       0x22 ./SDK/startup/main.o
 .debug_macro   0x00000000       0xdf ./SDK/startup/main.o
 .debug_macro   0x00000000      0xecf ./SDK/startup/main.o
 .debug_macro   0x00000000       0x48 ./SDK/startup/main.o
 .debug_macro   0x00000000     0xe07b ./SDK/startup/main.o
 .debug_macro   0x00000000     0x122b ./SDK/startup/main.o
 .debug_macro   0x00000000       0x16 ./SDK/startup/main.o
 .group         0x00000000        0xc ./SDK/startup/semihost_hardfault.o
 .text          0x00000000        0x0 ./SDK/startup/semihost_hardfault.o
 .data          0x00000000        0x0 ./SDK/startup/semihost_hardfault.o
 .bss           0x00000000        0x0 ./SDK/startup/semihost_hardfault.o
 .debug_macro   0x00000000      0xa5a ./SDK/startup/semihost_hardfault.o
 .group         0x00000000        0xc ./SDK/startup/startup_mk64f12.o
 .text          0x00000000        0x0 ./SDK/startup/startup_mk64f12.o
 .data          0x00000000        0x0 ./SDK/startup/startup_mk64f12.o
 .bss           0x00000000        0x0 ./SDK/startup/startup_mk64f12.o
 .text.PORTA_IRQHandler
                0x00000000        0x8 ./SDK/startup/startup_mk64f12.o
 .text.PORTB_IRQHandler
                0x00000000        0x8 ./SDK/startup/startup_mk64f12.o
 .text.PORTC_IRQHandler
                0x00000000        0x8 ./SDK/startup/startup_mk64f12.o
 .text.PORTD_IRQHandler
                0x00000000        0x8 ./SDK/startup/startup_mk64f12.o
 .text.PORTE_IRQHandler
                0x00000000        0x8 ./SDK/startup/startup_mk64f12.o
 .debug_macro   0x00000000      0xa5a ./SDK/startup/startup_mk64f12.o
 .group         0x00000000        0xc ./SDK/CMSIS/system_MK64F12.o
 .group         0x00000000        0xc ./SDK/CMSIS/system_MK64F12.o
 .group         0x00000000        0xc ./SDK/CMSIS/system_MK64F12.o
 .group         0x00000000        0xc ./SDK/CMSIS/system_MK64F12.o
 .group         0x00000000        0xc ./SDK/CMSIS/system_MK64F12.o
 .group         0x00000000        0xc ./SDK/CMSIS/system_MK64F12.o
 .group         0x00000000        0xc ./SDK/CMSIS/system_MK64F12.o
 .group         0x00000000        0xc ./SDK/CMSIS/system_MK64F12.o
 .group         0x00000000        0xc ./SDK/CMSIS/system_MK64F12.o
 .group         0x00000000        0xc ./SDK/CMSIS/system_MK64F12.o
 .group         0x00000000        0xc ./SDK/CMSIS/system_MK64F12.o
 .text          0x00000000        0x0 ./SDK/CMSIS/system_MK64F12.o
 .data          0x00000000        0x0 ./SDK/CMSIS/system_MK64F12.o
 .bss           0x00000000        0x0 ./SDK/CMSIS/system_MK64F12.o
 .text.SystemCoreClockUpdate
                0x00000000      0x1a8 ./SDK/CMSIS/system_MK64F12.o
 .data.SystemCoreClock
                0x00000000        0x4 ./SDK/CMSIS/system_MK64F12.o
 .debug_macro   0x00000000      0xa5a ./SDK/CMSIS/system_MK64F12.o
 .debug_macro   0x00000000      0x34e ./SDK/CMSIS/system_MK64F12.o
 .debug_macro   0x00000000       0x10 ./SDK/CMSIS/system_MK64F12.o
 .debug_macro   0x00000000       0x5c ./SDK/CMSIS/system_MK64F12.o
 .debug_macro   0x00000000       0x1c ./SDK/CMSIS/system_MK64F12.o
 .debug_macro   0x00000000       0x22 ./SDK/CMSIS/system_MK64F12.o
 .debug_macro   0x00000000       0xdf ./SDK/CMSIS/system_MK64F12.o
 .debug_macro   0x00000000      0xecf ./SDK/CMSIS/system_MK64F12.o
 .debug_macro   0x00000000       0x48 ./SDK/CMSIS/system_MK64F12.o
 .debug_macro   0x00000000     0xe07b ./SDK/CMSIS/system_MK64F12.o
 .debug_macro   0x00000000     0x122b ./SDK/CMSIS/system_MK64F12.o
 .text          0x00000000        0x0 c:/nxp/mcuxpressoide_10.2.0_759/ide/tools/bin/../lib/gcc/arm-none-eabi/7.2.1/../../../../arm-none-eabi/lib/thumb/v7e-m/fpv4-sp/hard\libcr_c.a(memcpy.o)
 .data          0x00000000        0x0 c:/nxp/mcuxpressoide_10.2.0_759/ide/tools/bin/../lib/gcc/arm-none-eabi/7.2.1/../../../../arm-none-eabi/lib/thumb/v7e-m/fpv4-sp/hard\libcr_c.a(memcpy.o)
 .bss           0x00000000        0x0 c:/nxp/mcuxpressoide_10.2.0_759/ide/tools/bin/../lib/gcc/arm-none-eabi/7.2.1/../../../../arm-none-eabi/lib/thumb/v7e-m/fpv4-sp/hard\libcr_c.a(memcpy.o)
 .text          0x00000000        0x0 c:/nxp/mcuxpressoide_10.2.0_759/ide/tools/bin/../lib/gcc/arm-none-eabi/7.2.1/thumb/v7e-m/fpv4-sp/hard\libcr_eabihelpers.a(memcpy.o)
 .data          0x00000000        0x0 c:/nxp/mcuxpressoide_10.2.0_759/ide/tools/bin/../lib/gcc/arm-none-eabi/7.2.1/thumb/v7e-m/fpv4-sp/hard\libcr_eabihelpers.a(memcpy.o)
 .bss           0x00000000        0x0 c:/nxp/mcuxpressoide_10.2.0_759/ide/tools/bin/../lib/gcc/arm-none-eabi/7.2.1/thumb/v7e-m/fpv4-sp/hard\libcr_eabihelpers.a(memcpy.o)
 .text.__aeabi_memmove
                0x00000000       0x1c c:/nxp/mcuxpressoide_10.2.0_759/ide/tools/bin/../lib/gcc/arm-none-eabi/7.2.1/thumb/v7e-m/fpv4-sp/hard\libcr_eabihelpers.a(memcpy.o)
 .text.__aeabi_memset_lowlevel
                0x00000000       0x32 c:/nxp/mcuxpressoide_10.2.0_759/ide/tools/bin/../lib/gcc/arm-none-eabi/7.2.1/thumb/v7e-m/fpv4-sp/hard\libcr_eabihelpers.a(memcpy.o)
 .text.__aeabi_memclr
                0x00000000        0x8 c:/nxp/mcuxpressoide_10.2.0_759/ide/tools/bin/../lib/gcc/arm-none-eabi/7.2.1/thumb/v7e-m/fpv4-sp/hard\libcr_eabihelpers.a(memcpy.o)
 .text.__aeabi_memset
                0x00000000        0xa c:/nxp/mcuxpressoide_10.2.0_759/ide/tools/bin/../lib/gcc/arm-none-eabi/7.2.1/thumb/v7e-m/fpv4-sp/hard\libcr_eabihelpers.a(memcpy.o)

Memory Configuration

Name             Origin             Length             Attributes
PROGRAM_FLASH    0x00000000         0x00100000         xr
SRAM_UPPER       0x20000000         0x00030000         xrw
SRAM_LOWER       0x1fff0000         0x00010000         xrw
FLEX_RAM         0x14000000         0x00001000         xrw
*default*        0x00000000         0xffffffff

Linker script and memory map

LOAD ./source/App.o
LOAD ./source/SysTick.o
LOAD ./source/doorManagement.o
LOAD ./source/gpio.o
LOAD ./source/magnetCardDecode.o
LOAD ./source/magnetCardLector.o
LOAD ./source/magnetLectorHAL.o
LOAD ./source/timer.o
LOAD ./SDK/startup/hardware.o
LOAD ./SDK/startup/main.o
LOAD ./SDK/startup/semihost_hardfault.o
LOAD ./SDK/startup/startup_mk64f12.o
LOAD ./SDK/CMSIS/system_MK64F12.o
START GROUP
LOAD c:/nxp/mcuxpressoide_10.2.0_759/ide/tools/bin/../lib/gcc/arm-none-eabi/7.2.1/../../../../arm-none-eabi/lib/thumb/v7e-m/fpv4-sp/hard\libcr_c.a
LOAD c:/nxp/mcuxpressoide_10.2.0_759/ide/tools/bin/../lib/gcc/arm-none-eabi/7.2.1/thumb/v7e-m/fpv4-sp/hard\libcr_eabihelpers.a
END GROUP
                0x00000000                __base_PROGRAM_FLASH = 0x0
                0x00000000                __base_Flash = 0x0
                0x00100000                __top_PROGRAM_FLASH = 0x100000
                0x00100000                __top_Flash = 0x100000
                0x20000000                __base_SRAM_UPPER = 0x20000000
                0x20000000                __base_RAM = 0x20000000
                0x20030000                __top_SRAM_UPPER = 0x20030000
                0x20030000                __top_RAM = 0x20030000
                0x1fff0000                __base_SRAM_LOWER = 0x1fff0000
                0x1fff0000                __base_RAM2 = 0x1fff0000
                0x20000000                __top_SRAM_LOWER = 0x20000000
                0x20000000                __top_RAM2 = 0x20000000
                0x14000000                __base_FLEX_RAM = 0x14000000
                0x14000000                __base_RAM3 = 0x14000000
                0x14001000                __top_FLEX_RAM = 0x14001000
                0x14001000                __top_RAM3 = 0x14001000

.text           0x00000000     0x1368
 FILL mask 0xff
                0x00000000                __vectors_start__ = ABSOLUTE (.)
 *(SORT_BY_ALIGNMENT(.isr_vector))
 .isr_vector    0x00000000      0x198 ./SDK/startup/startup_mk64f12.o
                0x00000000                g_pfnVectors
                0x00000000                __Vectors
                0x00000198                . = ALIGN (0x4)
                0x00000198                __section_table_start = .
                0x00000198                __data_section_table = .
                0x00000198        0x4 LONG 0x1368 LOADADDR (.data)
                0x0000019c        0x4 LONG 0x20000000 ADDR (.data)
                0x000001a0        0x4 LONG 0x10 SIZEOF (.data)
                0x000001a4        0x4 LONG 0x1368 LOADADDR (.data_RAM2)
                0x000001a8        0x4 LONG 0x1fff0000 ADDR (.data_RAM2)
                0x000001ac        0x4 LONG 0x0 SIZEOF (.data_RAM2)
                0x000001b0        0x4 LONG 0x1368 LOADADDR (.data_RAM3)
                0x000001b4        0x4 LONG 0x14000000 ADDR (.data_RAM3)
                0x000001b8        0x4 LONG 0x0 SIZEOF (.data_RAM3)
                0x000001bc                __data_section_table_end = .
                0x000001bc                __bss_section_table = .
                0x000001bc        0x4 LONG 0x20000010 ADDR (.bss)
                0x000001c0        0x4 LONG 0x17a8 SIZEOF (.bss)
                0x000001c4        0x4 LONG 0x1fff0000 ADDR (.bss_RAM2)
                0x000001c8        0x4 LONG 0x0 SIZEOF (.bss_RAM2)
                0x000001cc        0x4 LONG 0x14000000 ADDR (.bss_RAM3)
                0x000001d0        0x4 LONG 0x0 SIZEOF (.bss_RAM3)
                0x000001d4                __bss_section_table_end = .
                0x000001d4                __section_table_end = .
 *(SORT_BY_ALIGNMENT(.after_vectors*))
 .after_vectors.reset
                0x000001d4       0x4c ./SDK/startup/startup_mk64f12.o
                0x000001d4                ResetISR
 .after_vectors
                0x00000220       0x14 ./SDK/startup/startup_mk64f12.o
                0x00000220                NMI_Handler
                0x00000224                MemManage_Handler
                0x00000226                BusFault_Handler
                0x00000228                UsageFault_Handler
                0x0000022a                SVC_Handler
                0x0000022c                DebugMon_Handler
                0x0000022e                PendSV_Handler
                0x00000232                DMA_Error_DriverIRQHandler
                0x00000232                LPTMR0_DriverIRQHandler
                0x00000232                FTM1_DriverIRQHandler
                0x00000232                FTM2_DriverIRQHandler
                0x00000232                PIT2_DriverIRQHandler
                0x00000232                SDHC_DriverIRQHandler
                0x00000232                I2S0_Tx_DriverIRQHandler
                0x00000232                RTC_Seconds_DriverIRQHandler
                0x00000232                DMA6_DriverIRQHandler
                0x00000232                LLWU_DriverIRQHandler
                0x00000232                MCM_DriverIRQHandler
                0x00000232                MCG_DriverIRQHandler
                0x00000232                ENET_1588_Timer_DriverIRQHandler
                0x00000232                I2C2_DriverIRQHandler
                0x00000232                DAC1_DriverIRQHandler
                0x00000232                SPI1_DriverIRQHandler
                0x00000232                CMP1_DriverIRQHandler
                0x00000232                UART5_RX_TX_DriverIRQHandler
                0x00000232                FTM0_DriverIRQHandler
                0x00000232                IntDefaultHandler
                0x00000232                USB0_DriverIRQHandler
                0x00000232                UART5_ERR_DriverIRQHandler
                0x00000232                PORTC_DriverIRQHandler
                0x00000232                DMA11_DriverIRQHandler
                0x00000232                DAC0_DriverIRQHandler
                0x00000232                DMA10_DriverIRQHandler
                0x00000232                CMP2_DriverIRQHandler
                0x00000232                UART2_ERR_DriverIRQHandler
                0x00000232                SPI2_DriverIRQHandler
                0x00000232                LVD_LVW_DriverIRQHandler
                0x00000232                PIT0_DriverIRQHandler
                0x00000232                RNG_DriverIRQHandler
                0x00000232                DMA5_DriverIRQHandler
                0x00000232                DMA12_DriverIRQHandler
                0x00000232                UART2_RX_TX_DriverIRQHandler
                0x00000232                USBDCD_DriverIRQHandler
                0x00000232                UART3_ERR_DriverIRQHandler
                0x00000232                DMA3_DriverIRQHandler
                0x00000232                DMA8_DriverIRQHandler
                0x00000232                DMA9_DriverIRQHandler
                0x00000232                UART0_ERR_DriverIRQHandler
                0x00000232                CMT_DriverIRQHandler
                0x00000232                Reserved71_DriverIRQHandler
                0x00000232                ADC1_DriverIRQHandler
                0x00000232                PORTA_DriverIRQHandler
                0x00000232                DMA14_DriverIRQHandler
                0x00000232                PIT3_DriverIRQHandler
                0x00000232                PIT1_DriverIRQHandler
                0x00000232                WDOG_EWM_DriverIRQHandler
                0x00000232                PDB0_DriverIRQHandler
                0x00000232                RTC_DriverIRQHandler
                0x00000232                I2S0_Rx_DriverIRQHandler
                0x00000232                Read_Collision_DriverIRQHandler
                0x00000232                SWI_DriverIRQHandler
                0x00000232                UART4_RX_TX_DriverIRQHandler
                0x00000232                UART4_ERR_DriverIRQHandler
                0x00000232                PORTB_DriverIRQHandler
                0x00000232                UART0_LON_DriverIRQHandler
                0x00000232                DMA0_DriverIRQHandler
                0x00000232                DMA1_DriverIRQHandler
                0x00000232                I2C1_DriverIRQHandler
                0x00000232                UART3_RX_TX_DriverIRQHandler
                0x00000232                ENET_Receive_DriverIRQHandler
                0x00000232                DMA13_DriverIRQHandler
                0x00000232                ENET_Error_DriverIRQHandler
                0x00000232                DMA15_DriverIRQHandler
                0x00000232                UART0_RX_TX_DriverIRQHandler
                0x00000232                SPI0_DriverIRQHandler
                0x00000232                ADC0_DriverIRQHandler
                0x00000232                CMP0_DriverIRQHandler
                0x00000232                CAN0_DriverIRQHandler
                0x00000232                FTM3_DriverIRQHandler
                0x00000232                DMA4_DriverIRQHandler
                0x00000232                UART1_ERR_DriverIRQHandler
                0x00000232                DMA2_DriverIRQHandler
                0x00000232                ENET_Transmit_DriverIRQHandler
                0x00000232                PORTD_DriverIRQHandler
                0x00000232                PORTE_DriverIRQHandler
                0x00000232                FTFE_DriverIRQHandler
                0x00000232                I2C0_DriverIRQHandler
                0x00000232                DMA7_DriverIRQHandler
                0x00000232                UART1_RX_TX_DriverIRQHandler
 .after_vectors.init_data
                0x00000234       0x1e ./SDK/startup/startup_mk64f12.o
                0x00000234                data_init
 .after_vectors.init_bss
                0x00000252       0x12 ./SDK/startup/startup_mk64f12.o
                0x00000252                bss_init
                0x00000400                . = 0x400
 *fill*         0x00000264      0x19c ff
                0x00000400                PROVIDE (__FLASH_CONFIG_START__, .)
 *(SORT_BY_ALIGNMENT(.FlashConfig))
 .FlashConfig   0x00000400       0x10 ./SDK/startup/startup_mk64f12.o
                0x00000400                Flash_Config
                0x00000410                PROVIDE (__FLASH_CONFIG_END__, .)
                0x00000001                ASSERT (! ((__FLASH_CONFIG_START__ == __FLASH_CONFIG_END__)), Linker Flash Config Support Enabled, but no .FlashConfig section provided within application)
 *(SORT_BY_ALIGNMENT(.text*))
 .text.App_Run  0x00000410       0x3c ./source/App.o
                0x00000410                App_Run
 .text.SysTick_Init
                0x0000044c       0x2c ./source/SysTick.o
                0x0000044c                SysTick_Init
 .text.SysTick_Handler
                0x00000478       0x10 ./source/SysTick.o
                0x00000478                SysTick_Handler
 .text.openDoorTemporally
                0x00000488       0x18 ./source/doorManagement.o
                0x00000488                openDoorTemporally
 .text.PORTX_IRQHandler
                0x000004a0       0x54 ./source/gpio.o
                0x000004a0                PORTX_IRQHandler
 .text.gpioMode
                0x000004f4       0x98 ./source/gpio.o
                0x000004f4                gpioMode
 .text.gpioRead
                0x0000058c       0x3c ./source/gpio.o
                0x0000058c                gpioRead
 .text.gpioWrite
                0x000005c8       0x40 ./source/gpio.o
                0x000005c8                gpioWrite
 .text.gpioIRQ  0x00000608       0x98 ./source/gpio.o
                0x00000608                gpioIRQ
 .text.magnetDataParser
                0x000006a0       0x68 ./source/magnetCardDecode.o
                0x000006a0                magnetDataParser
 .text.enableRoutine
                0x00000708       0x5c ./source/magnetLectorHAL.o
                0x00000708                enableRoutine
 .text.clockRoutine
                0x00000764       0x3c ./source/magnetLectorHAL.o
                0x00000764                clockRoutine
 .text.getLectureEvent
                0x000007a0       0x44 ./source/magnetLectorHAL.o
                0x000007a0                getLectureEvent
 .text.isEventinLectorQueue
                0x000007e4       0x14 ./source/magnetLectorHAL.o
                0x000007e4                isEventinLectorQueue
 .text.initLectorQueue
                0x000007f8       0x14 ./source/magnetLectorHAL.o
                0x000007f8                initLectorQueue
 .text.hwLectorInit
                0x0000080c       0x44 ./source/magnetLectorHAL.o
                0x0000080c                hwLectorInit
 .text.sysTickCallback
                0x00000850       0x34 ./source/timer.o
                0x00000850                sysTickCallback
 .text.InitializeTimers
                0x00000884       0x50 ./source/timer.o
                0x00000884                InitializeTimers
 .text.SetTimer
                0x000008d4       0x34 ./source/timer.o
                0x000008d4                SetTimer
 .text.DisableTimer
                0x00000908       0x10 ./source/timer.o
                0x00000908                DisableTimer
 .text.hw_Init  0x00000918       0xc0 ./SDK/startup/hardware.o
                0x00000918                hw_Init
 .text.hw_EnableInterrupts
                0x000009d8       0x18 ./SDK/startup/hardware.o
                0x000009d8                hw_EnableInterrupts
 .text.hw_DisableInterrupts
                0x000009f0       0x10 ./SDK/startup/hardware.o
                0x000009f0                hw_DisableInterrupts
 .text.SystemInit
                0x00000a00       0x34 ./SDK/CMSIS/system_MK64F12.o
                0x00000a00                SystemInit
 .text.App_Init
                0x00000a34        0xc ./source/App.o
                0x00000a34                App_Init
 .text.openDoor
                0x00000a40        0xc ./source/doorManagement.o
                0x00000a40                openDoor
 .text.closeDoor
                0x00000a4c        0xc ./source/doorManagement.o
                0x00000a4c                closeDoor
 .text.doorInit
                0x00000a58       0x14 ./source/doorManagement.o
                0x00000a58                doorInit
 .text.closeAfterTimeOut
                0x00000a6c        0xe ./source/doorManagement.o
                0x00000a6c                closeAfterTimeOut
 .text.PORTA_IRQHandler
                0x00000a7a        0xa ./source/gpio.o
                0x00000a7a                PORTA_IRQHandler
 .text.PORTB_IRQHandler
                0x00000a84        0xa ./source/gpio.o
                0x00000a84                PORTB_IRQHandler
 .text.PORTC_IRQHandler
                0x00000a8e        0xa ./source/gpio.o
                0x00000a8e                PORTC_IRQHandler
 .text.PORTD_IRQHandler
                0x00000a98        0xa ./source/gpio.o
                0x00000a98                PORTD_IRQHandler
 .text.PORTE_IRQHandler
                0x00000aa2        0xa ./source/gpio.o
                0x00000aa2                PORTE_IRQHandler
 .text.setGPIOdataOut
                0x00000aac       0x1c ./source/gpio.o
                0x00000aac                setGPIOdataOut
 .text.setPCRirqc
                0x00000ac8       0x16 ./source/gpio.o
                0x00000ac8                setPCRirqc
 .text.getTrackShaped
                0x00000ade      0x128 ./source/magnetCardDecode.o
                0x00000ade                getTrackShaped
 .text.identifyCardSymbol
                0x00000c06       0xa8 ./source/magnetCardDecode.o
                0x00000c06                identifyCardSymbol
 .text.shapeMagnetTrack
                0x00000cae       0x4a ./source/magnetCardDecode.o
                0x00000cae                shapeMagnetTrack
 .text.decodeTrackX
                0x00000cf8      0x2ae ./source/magnetCardDecode.o
                0x00000cf8                decodeTrackX
 .text.initMagnetCardLector
                0x00000fa6        0x8 ./source/magnetCardLector.o
                0x00000fa6                initMagnetCardLector
 .text.someMagnetCard2Read
                0x00000fae        0x8 ./source/magnetCardLector.o
                0x00000fae                someMagnetCard2Read
 .text.getLectureDecoded
                0x00000fb6       0x3a ./source/magnetCardLector.o
                0x00000fb6                getLectureDecoded
 .text.main     0x00000ff0       0x18 ./SDK/startup/main.o
                0x00000ff0                main
 .text.HardFault_Handler
                0x00001008       0x2a ./SDK/startup/semihost_hardfault.o
                0x00001008                HardFault_Handler
 .text.DMA0_IRQHandler
                0x00001032        0x8 ./SDK/startup/startup_mk64f12.o
                0x00001032                DMA0_IRQHandler
 .text.DMA1_IRQHandler
                0x0000103a        0x8 ./SDK/startup/startup_mk64f12.o
                0x0000103a                DMA1_IRQHandler
 .text.DMA2_IRQHandler
                0x00001042        0x8 ./SDK/startup/startup_mk64f12.o
                0x00001042                DMA2_IRQHandler
 .text.DMA3_IRQHandler
                0x0000104a        0x8 ./SDK/startup/startup_mk64f12.o
                0x0000104a                DMA3_IRQHandler
 .text.DMA4_IRQHandler
                0x00001052        0x8 ./SDK/startup/startup_mk64f12.o
                0x00001052                DMA4_IRQHandler
 .text.DMA5_IRQHandler
                0x0000105a        0x8 ./SDK/startup/startup_mk64f12.o
                0x0000105a                DMA5_IRQHandler
 .text.DMA6_IRQHandler
                0x00001062        0x8 ./SDK/startup/startup_mk64f12.o
                0x00001062                DMA6_IRQHandler
 .text.DMA7_IRQHandler
                0x0000106a        0x8 ./SDK/startup/startup_mk64f12.o
                0x0000106a                DMA7_IRQHandler
 .text.DMA8_IRQHandler
                0x00001072        0x8 ./SDK/startup/startup_mk64f12.o
                0x00001072                DMA8_IRQHandler
 .text.DMA9_IRQHandler
                0x0000107a        0x8 ./SDK/startup/startup_mk64f12.o
                0x0000107a                DMA9_IRQHandler
 .text.DMA10_IRQHandler
                0x00001082        0x8 ./SDK/startup/startup_mk64f12.o
                0x00001082                DMA10_IRQHandler
 .text.DMA11_IRQHandler
                0x0000108a        0x8 ./SDK/startup/startup_mk64f12.o
                0x0000108a                DMA11_IRQHandler
 .text.DMA12_IRQHandler
                0x00001092        0x8 ./SDK/startup/startup_mk64f12.o
                0x00001092                DMA12_IRQHandler
 .text.DMA13_IRQHandler
                0x0000109a        0x8 ./SDK/startup/startup_mk64f12.o
                0x0000109a                DMA13_IRQHandler
 .text.DMA14_IRQHandler
                0x000010a2        0x8 ./SDK/startup/startup_mk64f12.o
                0x000010a2                DMA14_IRQHandler
 .text.DMA15_IRQHandler
                0x000010aa        0x8 ./SDK/startup/startup_mk64f12.o
                0x000010aa                DMA15_IRQHandler
 .text.DMA_Error_IRQHandler
                0x000010b2        0x8 ./SDK/startup/startup_mk64f12.o
                0x000010b2                DMA_Error_IRQHandler
 .text.MCM_IRQHandler
                0x000010ba        0x8 ./SDK/startup/startup_mk64f12.o
                0x000010ba                MCM_IRQHandler
 .text.FTFE_IRQHandler
                0x000010c2        0x8 ./SDK/startup/startup_mk64f12.o
                0x000010c2                FTFE_IRQHandler
 .text.Read_Collision_IRQHandler
                0x000010ca        0x8 ./SDK/startup/startup_mk64f12.o
                0x000010ca                Read_Collision_IRQHandler
 .text.LVD_LVW_IRQHandler
                0x000010d2        0x8 ./SDK/startup/startup_mk64f12.o
                0x000010d2                LVD_LVW_IRQHandler
 .text.LLWU_IRQHandler
                0x000010da        0x8 ./SDK/startup/startup_mk64f12.o
                0x000010da                LLWU_IRQHandler
 .text.WDOG_EWM_IRQHandler
                0x000010e2        0x8 ./SDK/startup/startup_mk64f12.o
                0x000010e2                WDOG_EWM_IRQHandler
 .text.RNG_IRQHandler
                0x000010ea        0x8 ./SDK/startup/startup_mk64f12.o
                0x000010ea                RNG_IRQHandler
 .text.I2C0_IRQHandler
                0x000010f2        0x8 ./SDK/startup/startup_mk64f12.o
                0x000010f2                I2C0_IRQHandler
 .text.I2C1_IRQHandler
                0x000010fa        0x8 ./SDK/startup/startup_mk64f12.o
                0x000010fa                I2C1_IRQHandler
 .text.SPI0_IRQHandler
                0x00001102        0x8 ./SDK/startup/startup_mk64f12.o
                0x00001102                SPI0_IRQHandler
 .text.SPI1_IRQHandler
                0x0000110a        0x8 ./SDK/startup/startup_mk64f12.o
                0x0000110a                SPI1_IRQHandler
 .text.I2S0_Tx_IRQHandler
                0x00001112        0x8 ./SDK/startup/startup_mk64f12.o
                0x00001112                I2S0_Tx_IRQHandler
 .text.I2S0_Rx_IRQHandler
                0x0000111a        0x8 ./SDK/startup/startup_mk64f12.o
                0x0000111a                I2S0_Rx_IRQHandler
 .text.UART0_LON_IRQHandler
                0x00001122        0x8 ./SDK/startup/startup_mk64f12.o
                0x00001122                UART0_LON_IRQHandler
 .text.UART0_RX_TX_IRQHandler
                0x0000112a        0x8 ./SDK/startup/startup_mk64f12.o
                0x0000112a                UART0_RX_TX_IRQHandler
 .text.UART0_ERR_IRQHandler
                0x00001132        0x8 ./SDK/startup/startup_mk64f12.o
                0x00001132                UART0_ERR_IRQHandler
 .text.UART1_RX_TX_IRQHandler
                0x0000113a        0x8 ./SDK/startup/startup_mk64f12.o
                0x0000113a                UART1_RX_TX_IRQHandler
 .text.UART1_ERR_IRQHandler
                0x00001142        0x8 ./SDK/startup/startup_mk64f12.o
                0x00001142                UART1_ERR_IRQHandler
 .text.UART2_RX_TX_IRQHandler
                0x0000114a        0x8 ./SDK/startup/startup_mk64f12.o
                0x0000114a                UART2_RX_TX_IRQHandler
 .text.UART2_ERR_IRQHandler
                0x00001152        0x8 ./SDK/startup/startup_mk64f12.o
                0x00001152                UART2_ERR_IRQHandler
 .text.UART3_RX_TX_IRQHandler
                0x0000115a        0x8 ./SDK/startup/startup_mk64f12.o
                0x0000115a                UART3_RX_TX_IRQHandler
 .text.UART3_ERR_IRQHandler
                0x00001162        0x8 ./SDK/startup/startup_mk64f12.o
                0x00001162                UART3_ERR_IRQHandler
 .text.ADC0_IRQHandler
                0x0000116a        0x8 ./SDK/startup/startup_mk64f12.o
                0x0000116a                ADC0_IRQHandler
 .text.CMP0_IRQHandler
                0x00001172        0x8 ./SDK/startup/startup_mk64f12.o
                0x00001172                CMP0_IRQHandler
 .text.CMP1_IRQHandler
                0x0000117a        0x8 ./SDK/startup/startup_mk64f12.o
                0x0000117a                CMP1_IRQHandler
 .text.FTM0_IRQHandler
                0x00001182        0x8 ./SDK/startup/startup_mk64f12.o
                0x00001182                FTM0_IRQHandler
 .text.FTM1_IRQHandler
                0x0000118a        0x8 ./SDK/startup/startup_mk64f12.o
                0x0000118a                FTM1_IRQHandler
 .text.FTM2_IRQHandler
                0x00001192        0x8 ./SDK/startup/startup_mk64f12.o
                0x00001192                FTM2_IRQHandler
 .text.CMT_IRQHandler
                0x0000119a        0x8 ./SDK/startup/startup_mk64f12.o
                0x0000119a                CMT_IRQHandler
 .text.RTC_IRQHandler
                0x000011a2        0x8 ./SDK/startup/startup_mk64f12.o
                0x000011a2                RTC_IRQHandler
 .text.RTC_Seconds_IRQHandler
                0x000011aa        0x8 ./SDK/startup/startup_mk64f12.o
                0x000011aa                RTC_Seconds_IRQHandler
 .text.PIT0_IRQHandler
                0x000011b2        0x8 ./SDK/startup/startup_mk64f12.o
                0x000011b2                PIT0_IRQHandler
 .text.PIT1_IRQHandler
                0x000011ba        0x8 ./SDK/startup/startup_mk64f12.o
                0x000011ba                PIT1_IRQHandler
 .text.PIT2_IRQHandler
                0x000011c2        0x8 ./SDK/startup/startup_mk64f12.o
                0x000011c2                PIT2_IRQHandler
 .text.PIT3_IRQHandler
                0x000011ca        0x8 ./SDK/startup/startup_mk64f12.o
                0x000011ca                PIT3_IRQHandler
 .text.PDB0_IRQHandler
                0x000011d2        0x8 ./SDK/startup/startup_mk64f12.o
                0x000011d2                PDB0_IRQHandler
 .text.USB0_IRQHandler
                0x000011da        0x8 ./SDK/startup/startup_mk64f12.o
                0x000011da                USB0_IRQHandler
 .text.USBDCD_IRQHandler
                0x000011e2        0x8 ./SDK/startup/startup_mk64f12.o
                0x000011e2                USBDCD_IRQHandler
 .text.Reserved71_IRQHandler
                0x000011ea        0x8 ./SDK/startup/startup_mk64f12.o
                0x000011ea                Reserved71_IRQHandler
 .text.DAC0_IRQHandler
                0x000011f2        0x8 ./SDK/startup/startup_mk64f12.o
                0x000011f2                DAC0_IRQHandler
 .text.MCG_IRQHandler
                0x000011fa        0x8 ./SDK/startup/startup_mk64f12.o
                0x000011fa                MCG_IRQHandler
 .text.LPTMR0_IRQHandler
                0x00001202        0x8 ./SDK/startup/startup_mk64f12.o
                0x00001202                LPTMR0_IRQHandler
 .text.SWI_IRQHandler
                0x0000120a        0x8 ./SDK/startup/startup_mk64f12.o
                0x0000120a                SWI_IRQHandler
 .text.SPI2_IRQHandler
                0x00001212        0x8 ./SDK/startup/startup_mk64f12.o
                0x00001212                SPI2_IRQHandler
 .text.UART4_RX_TX_IRQHandler
                0x0000121a        0x8 ./SDK/startup/startup_mk64f12.o
                0x0000121a                UART4_RX_TX_IRQHandler
 .text.UART4_ERR_IRQHandler
                0x00001222        0x8 ./SDK/startup/startup_mk64f12.o
                0x00001222                UART4_ERR_IRQHandler
 .text.UART5_RX_TX_IRQHandler
                0x0000122a        0x8 ./SDK/startup/startup_mk64f12.o
                0x0000122a                UART5_RX_TX_IRQHandler
 .text.UART5_ERR_IRQHandler
                0x00001232        0x8 ./SDK/startup/startup_mk64f12.o
                0x00001232                UART5_ERR_IRQHandler
 .text.CMP2_IRQHandler
                0x0000123a        0x8 ./SDK/startup/startup_mk64f12.o
                0x0000123a                CMP2_IRQHandler
 .text.FTM3_IRQHandler
                0x00001242        0x8 ./SDK/startup/startup_mk64f12.o
                0x00001242                FTM3_IRQHandler
 .text.DAC1_IRQHandler
                0x0000124a        0x8 ./SDK/startup/startup_mk64f12.o
                0x0000124a                DAC1_IRQHandler
 .text.ADC1_IRQHandler
                0x00001252        0x8 ./SDK/startup/startup_mk64f12.o
                0x00001252                ADC1_IRQHandler
 .text.I2C2_IRQHandler
                0x0000125a        0x8 ./SDK/startup/startup_mk64f12.o
                0x0000125a                I2C2_IRQHandler
 .text.CAN0_ORed_Message_buffer_IRQHandler
                0x00001262        0x8 ./SDK/startup/startup_mk64f12.o
                0x00001262                CAN0_ORed_Message_buffer_IRQHandler
 .text.CAN0_Bus_Off_IRQHandler
                0x0000126a        0x8 ./SDK/startup/startup_mk64f12.o
                0x0000126a                CAN0_Bus_Off_IRQHandler
 .text.CAN0_Error_IRQHandler
                0x00001272        0x8 ./SDK/startup/startup_mk64f12.o
                0x00001272                CAN0_Error_IRQHandler
 .text.CAN0_Tx_Warning_IRQHandler
                0x0000127a        0x8 ./SDK/startup/startup_mk64f12.o
                0x0000127a                CAN0_Tx_Warning_IRQHandler
 .text.CAN0_Rx_Warning_IRQHandler
                0x00001282        0x8 ./SDK/startup/startup_mk64f12.o
                0x00001282                CAN0_Rx_Warning_IRQHandler
 .text.CAN0_Wake_Up_IRQHandler
                0x0000128a        0x8 ./SDK/startup/startup_mk64f12.o
                0x0000128a                CAN0_Wake_Up_IRQHandler
 .text.SDHC_IRQHandler
                0x00001292        0x8 ./SDK/startup/startup_mk64f12.o
                0x00001292                SDHC_IRQHandler
 .text.ENET_1588_Timer_IRQHandler
                0x0000129a        0x8 ./SDK/startup/startup_mk64f12.o
                0x0000129a                ENET_1588_Timer_IRQHandler
 .text.ENET_Transmit_IRQHandler
                0x000012a2        0x8 ./SDK/startup/startup_mk64f12.o
                0x000012a2                ENET_Transmit_IRQHandler
 .text.ENET_Receive_IRQHandler
                0x000012aa        0x8 ./SDK/startup/startup_mk64f12.o
                0x000012aa                ENET_Receive_IRQHandler
 .text.ENET_Error_IRQHandler
                0x000012b2        0x8 ./SDK/startup/startup_mk64f12.o
                0x000012b2                ENET_Error_IRQHandler
 .text.SystemInitHook
                0x000012ba        0x2 ./SDK/CMSIS/system_MK64F12.o
                0x000012ba                SystemInitHook
 .text.memcpy   0x000012bc        0x4 c:/nxp/mcuxpressoide_10.2.0_759/ide/tools/bin/../lib/gcc/arm-none-eabi/7.2.1/../../../../arm-none-eabi/lib/thumb/v7e-m/fpv4-sp/hard\libcr_c.a(memcpy.o)
                0x000012bc                memcpy
 .text.__aeabi_memcpy
                0x000012c0       0x34 c:/nxp/mcuxpressoide_10.2.0_759/ide/tools/bin/../lib/gcc/arm-none-eabi/7.2.1/thumb/v7e-m/fpv4-sp/hard\libcr_eabihelpers.a(memcpy.o)
                0x000012c0                __aeabi_memcpy
                0x000012ca                __aeabi_memcpy8
                0x000012ca                __aeabi_memcpy4
 *(SORT_BY_ALIGNMENT(.rodata) SORT_BY_ALIGNMENT(.rodata.*) SORT_BY_ALIGNMENT(.constdata) SORT_BY_ALIGNMENT(.constdata.*))
 .rodata        0x000012f4       0x28 ./source/gpio.o
 .rodata.track1
                0x0000131c       0x18 ./source/magnetCardDecode.o
                0x0000131c                track1
 .rodata.track2
                0x00001334       0x18 ./source/magnetCardDecode.o
                0x00001334                track2
 .rodata.track3
                0x0000134c       0x18 ./source/magnetCardDecode.o
                0x0000134c                track3
                0x00001368                . = ALIGN (0x8)
 *fill*         0x00001364        0x4 ff

.glue_7         0x00001368        0x0
 .glue_7        0x00001368        0x0 linker stubs

.glue_7t        0x00001368        0x0
 .glue_7t       0x00001368        0x0 linker stubs

.vfp11_veneer   0x00001368        0x0
 .vfp11_veneer  0x00001368        0x0 linker stubs

.v4_bx          0x00001368        0x0
 .v4_bx         0x00001368        0x0 linker stubs

.iplt           0x00001368        0x0
 .iplt          0x00001368        0x0 ./source/App.o

.rel.dyn        0x00001368        0x0
 .rel.iplt      0x00001368        0x0 ./source/App.o

.ARM.extab
 *(SORT_BY_ALIGNMENT(.ARM.extab*) SORT_BY_ALIGNMENT(.gnu.linkonce.armextab.*))
                0x00001368                __exidx_start = .

.ARM.exidx
 *(SORT_BY_ALIGNMENT(.ARM.exidx*) SORT_BY_ALIGNMENT(.gnu.linkonce.armexidx.*))
                0x00001368                __exidx_end = .
                0x00001368                _etext = .

.m_usb_data
 *(SORT_BY_ALIGNMENT(m_usb_bdt))

.data_RAM2      0x1fff0000        0x0 load address 0x00001368
 FILL mask 0xff
                [!provide]                PROVIDE (__start_data_RAM2, .)
 *(SORT_BY_ALIGNMENT(.ramfunc.$RAM2))
 *(SORT_BY_ALIGNMENT(.ramfunc.$SRAM_LOWER))
 *(SORT_BY_ALIGNMENT(.data.$RAM2*))
 *(SORT_BY_ALIGNMENT(.data.$SRAM_LOWER*))
                0x1fff0000                . = ALIGN (0x8)
                [!provide]                PROVIDE (__end_data_RAM2, .)

.data_RAM3      0x14000000        0x0 load address 0x00001368
 FILL mask 0xff
                [!provide]                PROVIDE (__start_data_RAM3, .)
 *(SORT_BY_ALIGNMENT(.ramfunc.$RAM3))
 *(SORT_BY_ALIGNMENT(.ramfunc.$FLEX_RAM))
 *(SORT_BY_ALIGNMENT(.data.$RAM3*))
 *(SORT_BY_ALIGNMENT(.data.$FLEX_RAM*))
                0x14000000                . = ALIGN (0x8)
                [!provide]                PROVIDE (__end_data_RAM3, .)

.uninit_RESERVED
                0x20000000        0x0
 *(SORT_BY_ALIGNMENT(.bss.$RESERVED*))
                0x20000000                . = ALIGN (0x4)
                0x20000000                _end_uninit_RESERVED = .

.data           0x20000000       0x10 load address 0x00001368
 FILL mask 0xff
                0x20000000                _data = .
 *(SORT_BY_ALIGNMENT(vtable))
 *(SORT_BY_ALIGNMENT(.ramfunc*))
 *(SORT_BY_ALIGNMENT(.data*))
 .data.array2Tracks
                0x20000000        0xc ./source/magnetCardDecode.o
                0x20000000                array2Tracks
                0x20000010                . = ALIGN (0x8)
 *fill*         0x2000000c        0x4 ff
                0x20000010                _edata = .

.igot.plt       0x20000010        0x0 load address 0x00001378
 .igot.plt      0x20000010        0x0 ./source/App.o

.bss_RAM2       0x1fff0000        0x0
                [!provide]                PROVIDE (__start_bss_RAM2, .)
 *(SORT_BY_ALIGNMENT(.bss.$RAM2*))
 *(SORT_BY_ALIGNMENT(.bss.$SRAM_LOWER*))
                0x1fff0000                . = ALIGN ((. != 0x0)?0x8:0x1)
                [!provide]                PROVIDE (__end_bss_RAM2, .)

.bss_RAM3       0x14000000        0x0
                [!provide]                PROVIDE (__start_bss_RAM3, .)
 *(SORT_BY_ALIGNMENT(.bss.$RAM3*))
 *(SORT_BY_ALIGNMENT(.bss.$FLEX_RAM*))
                0x14000000                . = ALIGN ((. != 0x0)?0x8:0x1)
                [!provide]                PROVIDE (__end_bss_RAM3, .)

.bss            0x20000010     0x17a8
                0x20000010                _bss = .
 *(SORT_BY_ALIGNMENT(.bss*))
 .bss.dataLector
                0x20000010       0xd0 ./source/App.o
                0x20000010                dataLector
 .bss.sysTickFun
                0x200000e0        0x4 ./source/SysTick.o
                0x200000e0                sysTickFun
 .bss.p2irqFunctions
                0x200000e4      0x280 ./source/gpio.o
                0x200000e4                p2irqFunctions
 .bss.counterDataIn
                0x20000364        0x4 ./source/magnetLectorHAL.o
                0x20000364                counterDataIn
 .bss.queue     0x20000368     0x1408 ./source/magnetLectorHAL.o
                0x20000368                queue
 .bss.timers    0x20001770       0x40 ./source/timer.o
 .bss.__LDM_interruptDisableCount
                0x200017b0        0x4 ./SDK/startup/hardware.o
 .bss.enable    0x200017b4        0x1 ./source/magnetLectorHAL.o
                0x200017b4                enable
 .bss.hwLectorIsInit
                0x200017b5        0x1 ./source/magnetLectorHAL.o
                0x200017b5                hwLectorIsInit
 .bss.raw2save  0x200017b6        0x1 ./source/magnetLectorHAL.o
                0x200017b6                raw2save
 .bss.initialized
                0x200017b7        0x1 ./source/timer.o
 *(SORT_BY_ALIGNMENT(COMMON))
                0x200017b8                . = ALIGN (0x8)
                0x200017b8                _ebss = .
                [!provide]                PROVIDE (end, .)

.noinit_RAM2    0x1fff0000        0x0
 *(SORT_BY_ALIGNMENT(.noinit.$RAM2*))
 *(SORT_BY_ALIGNMENT(.noinit.$SRAM_LOWER*))
                0x1fff0000                . = ALIGN (0x8)

.noinit_RAM3    0x14000000        0x0
 *(SORT_BY_ALIGNMENT(.noinit.$RAM3*))
 *(SORT_BY_ALIGNMENT(.noinit.$FLEX_RAM*))
                0x14000000                . = ALIGN (0x8)

.noinit         0x200017b8        0x0
                0x200017b8                _noinit = .
 *(SORT_BY_ALIGNMENT(.noinit*))
                0x200017b8                . = ALIGN (0x8)
                0x200017b8                _end_noinit = .
                0x00001000                _HeapSize = 0x1000

.heap           0x200017b8     0x1000
                0x200017b8                _pvHeapStart = .
                0x200027b8                . = (. + _HeapSize)
 *fill*         0x200017b8     0x1000 
                0x200027b8                . = ALIGN (0x8)
                0x200027b8                _pvHeapLimit = .
                0x00001000                _StackSize = 0x1000

.heap2stackfill
                0x200027b8     0x1000
                0x200037b8                . = (. + _StackSize)
 *fill*         0x200027b8     0x1000 

.stack          0x2002f000        0x0
                0x2002f000                _vStackBase = .
                0x2002f000                . = ALIGN (0x8)
                0x20030000                _vStackTop = (. + _StackSize)
                0x00000000                _image_start = LOADADDR (.text)
                0x00001378                _image_end = (LOADADDR (.data) + SIZEOF (.data))
                0x00001378                _image_size = (_image_end - _image_start)
OUTPUT(BandaMagnetica.axf elf32-littlearm)

.debug_info     0x00000000     0x3ee5
 .debug_info    0x00000000      0x178 ./source/App.o
 .debug_info    0x00000178      0x518 ./source/SysTick.o
 .debug_info    0x00000690      0x246 ./source/doorManagement.o
 .debug_info    0x000008d6     0x1023 ./source/gpio.o
 .debug_info    0x000018f9      0x4a6 ./source/magnetCardDecode.o
 .debug_info    0x00001d9f      0x1b5 ./source/magnetCardLector.o
 .debug_info    0x00001f54      0x324 ./source/magnetLectorHAL.o
 .debug_info    0x00002278      0x224 ./source/timer.o
 .debug_info    0x0000249c      0x675 ./SDK/startup/hardware.o
 .debug_info    0x00002b11      0x120 ./SDK/startup/main.o
 .debug_info    0x00002c31       0x3b ./SDK/startup/semihost_hardfault.o
 .debug_info    0x00002c6c      0xc71 ./SDK/startup/startup_mk64f12.o
 .debug_info    0x000038dd      0x608 ./SDK/CMSIS/system_MK64F12.o

.debug_abbrev   0x00000000      0xfe2
 .debug_abbrev  0x00000000       0xea ./source/App.o
 .debug_abbrev  0x000000ea      0x19c ./source/SysTick.o
 .debug_abbrev  0x00000286       0xc6 ./source/doorManagement.o
 .debug_abbrev  0x0000034c      0x34a ./source/gpio.o
 .debug_abbrev  0x00000696      0x108 ./source/magnetCardDecode.o
 .debug_abbrev  0x0000079e      0x100 ./source/magnetCardLector.o
 .debug_abbrev  0x0000089e      0x18a ./source/magnetLectorHAL.o
 .debug_abbrev  0x00000a28      0x133 ./source/timer.o
 .debug_abbrev  0x00000b5b      0x138 ./SDK/startup/hardware.o
 .debug_abbrev  0x00000c93       0x9b ./SDK/startup/main.o
 .debug_abbrev  0x00000d2e       0x2f ./SDK/startup/semihost_hardfault.o
 .debug_abbrev  0x00000d5d      0x13b ./SDK/startup/startup_mk64f12.o
 .debug_abbrev  0x00000e98      0x14a ./SDK/CMSIS/system_MK64F12.o

.debug_loc      0x00000000      0xbf7
 .debug_loc     0x00000000       0x32 ./source/App.o
 .debug_loc     0x00000032       0x6b ./source/SysTick.o
 .debug_loc     0x0000009d      0x701 ./source/gpio.o
 .debug_loc     0x0000079e       0xd2 ./source/magnetLectorHAL.o
 .debug_loc     0x00000870       0xdc ./source/timer.o
 .debug_loc     0x0000094c      0x1e7 ./SDK/startup/startup_mk64f12.o
 .debug_loc     0x00000b33       0xc4 ./SDK/CMSIS/system_MK64F12.o

.debug_aranges  0x00000000      0x618
 .debug_aranges
                0x00000000       0x28 ./source/App.o
 .debug_aranges
                0x00000028       0x28 ./source/SysTick.o
 .debug_aranges
                0x00000050       0x48 ./source/doorManagement.o
 .debug_aranges
                0x00000098       0xb8 ./source/gpio.o
 .debug_aranges
                0x00000150       0x40 ./source/magnetCardDecode.o
 .debug_aranges
                0x00000190       0x30 ./source/magnetCardLector.o
 .debug_aranges
                0x000001c0       0x48 ./source/magnetLectorHAL.o
 .debug_aranges
                0x00000208       0x40 ./source/timer.o
 .debug_aranges
                0x00000248       0x30 ./SDK/startup/hardware.o
 .debug_aranges
                0x00000278       0x20 ./SDK/startup/main.o
 .debug_aranges
                0x00000298       0x20 ./SDK/startup/semihost_hardfault.o
 .debug_aranges
                0x000002b8      0x330 ./SDK/startup/startup_mk64f12.o
 .debug_aranges
                0x000005e8       0x30 ./SDK/CMSIS/system_MK64F12.o

.debug_ranges   0x00000000      0x548
 .debug_ranges  0x00000000       0x18 ./source/App.o
 .debug_ranges  0x00000018       0x18 ./source/SysTick.o
 .debug_ranges  0x00000030       0x38 ./source/doorManagement.o
 .debug_ranges  0x00000068       0xa8 ./source/gpio.o
 .debug_ranges  0x00000110       0x30 ./source/magnetCardDecode.o
 .debug_ranges  0x00000140       0x20 ./source/magnetCardLector.o
 .debug_ranges  0x00000160       0x38 ./source/magnetLectorHAL.o
 .debug_ranges  0x00000198       0x30 ./source/timer.o
 .debug_ranges  0x000001c8       0x20 ./SDK/startup/hardware.o
 .debug_ranges  0x000001e8       0x10 ./SDK/startup/main.o
 .debug_ranges  0x000001f8       0x10 ./SDK/startup/semihost_hardfault.o
 .debug_ranges  0x00000208      0x320 ./SDK/startup/startup_mk64f12.o
 .debug_ranges  0x00000528       0x20 ./SDK/CMSIS/system_MK64F12.o

.debug_macro    0x00000000    0x123c6
 .debug_macro   0x00000000       0x24 ./source/App.o
 .debug_macro   0x00000024      0xa5a ./source/App.o
 .debug_macro   0x00000a7e       0x10 ./source/App.o
 .debug_macro   0x00000a8e       0x96 ./source/SysTick.o
 .debug_macro   0x00000b24       0x22 ./source/SysTick.o
 .debug_macro   0x00000b46       0x5c ./source/SysTick.o
 .debug_macro   0x00000ba2      0x34e ./source/SysTick.o
 .debug_macro   0x00000ef0       0x1c ./source/SysTick.o
 .debug_macro   0x00000f0c       0x22 ./source/SysTick.o
 .debug_macro   0x00000f2e       0xdf ./source/SysTick.o
 .debug_macro   0x0000100d      0xecf ./source/SysTick.o
 .debug_macro   0x00001edc       0x48 ./source/SysTick.o
 .debug_macro   0x00001f24     0xe07b ./source/SysTick.o
 .debug_macro   0x0000ff9f      0x174 ./source/SysTick.o
 .debug_macro   0x00010113       0x5c ./source/doorManagement.o
 .debug_macro   0x0001016f       0x3a ./source/doorManagement.o
 .debug_macro   0x000101a9       0xa4 ./source/gpio.o
 .debug_macro   0x0001024d       0x72 ./source/magnetCardDecode.o
 .debug_macro   0x000102bf      0xa5a ./source/magnetCardDecode.o
 .debug_macro   0x00010d19       0x22 ./source/magnetCardDecode.o
 .debug_macro   0x00010d3b       0xf4 ./source/magnetCardDecode.o
 .debug_macro   0x00010e2f       0x48 ./source/magnetCardLector.o
 .debug_macro   0x00010e77       0x2e ./source/magnetCardLector.o
 .debug_macro   0x00010ea5       0x28 ./source/magnetCardLector.o
 .debug_macro   0x00010ecd       0x60 ./source/magnetLectorHAL.o
 .debug_macro   0x00010f2d       0x4c ./source/timer.o
 .debug_macro   0x00010f79       0x10 ./source/timer.o
 .debug_macro   0x00010f89       0x9c ./SDK/startup/hardware.o
 .debug_macro   0x00011025       0x10 ./SDK/startup/hardware.o
 .debug_macro   0x00011035     0x122b ./SDK/startup/hardware.o
 .debug_macro   0x00012260       0x16 ./SDK/startup/hardware.o
 .debug_macro   0x00012276       0x9c ./SDK/startup/main.o
 .debug_macro   0x00012312       0x11 ./SDK/startup/semihost_hardfault.o
 .debug_macro   0x00012323       0x23 ./SDK/startup/startup_mk64f12.o
 .debug_macro   0x00012346       0x80 ./SDK/CMSIS/system_MK64F12.o

.debug_line     0x00000000     0x18ef
 .debug_line    0x00000000       0x9b ./source/App.o
 .debug_line    0x0000009b      0x163 ./source/SysTick.o
 .debug_line    0x000001fe      0x145 ./source/doorManagement.o
 .debug_line    0x00000343      0x30d ./source/gpio.o
 .debug_line    0x00000650      0x27c ./source/magnetCardDecode.o
 .debug_line    0x000008cc      0x13e ./source/magnetCardLector.o
 .debug_line    0x00000a0a      0x170 ./source/magnetLectorHAL.o
 .debug_line    0x00000b7a      0x13a ./source/timer.o
 .debug_line    0x00000cb4      0x1d1 ./SDK/startup/hardware.o
 .debug_line    0x00000e85      0x175 ./SDK/startup/main.o
 .debug_line    0x00000ffa       0x55 ./SDK/startup/semihost_hardfault.o
 .debug_line    0x0000104f      0x6d8 ./SDK/startup/startup_mk64f12.o
 .debug_line    0x00001727      0x1c8 ./SDK/CMSIS/system_MK64F12.o

.debug_str      0x00000000    0x7938f
 .debug_str     0x00000000     0x2e15 ./source/App.o
                               0x2e34 (size before relaxing)
 .debug_str     0x00002e15    0x6de7a ./source/SysTick.o
                              0x70dc0 (size before relaxing)
 .debug_str     0x00070c8f      0x19d ./source/doorManagement.o
                               0x39df (size before relaxing)
 .debug_str     0x00070e2c      0x3a5 ./source/gpio.o
                              0x70e5b (size before relaxing)
 .debug_str     0x000711d1      0xa1d ./source/magnetCardDecode.o
                               0x44ab (size before relaxing)
 .debug_str     0x00071bee       0xbd ./source/magnetCardLector.o
                               0x39ef (size before relaxing)
 .debug_str     0x00071cab       0xfa ./source/magnetLectorHAL.o
                               0x3e3c (size before relaxing)
 .debug_str     0x00071da5       0xc0 ./source/timer.o
                               0x3963 (size before relaxing)
 .debug_str     0x00071e65     0x6cb1 ./SDK/startup/hardware.o
                              0x77209 (size before relaxing)
 .debug_str     0x00078b16       0x1b ./SDK/startup/main.o
                              0x7701f (size before relaxing)
 .debug_str     0x00078b31       0x36 ./SDK/startup/semihost_hardfault.o
                               0x2d43 (size before relaxing)
 .debug_str     0x00078b67      0x7d1 ./SDK/startup/startup_mk64f12.o
                               0x35b2 (size before relaxing)
 .debug_str     0x00079338       0x57 ./SDK/CMSIS/system_MK64F12.o
                              0x77118 (size before relaxing)

.comment        0x00000000       0x7e
 .comment       0x00000000       0x7e ./source/App.o
                                 0x7f (size before relaxing)
 .comment       0x0000007e       0x7f ./source/SysTick.o
 .comment       0x0000007e       0x7f ./source/doorManagement.o
 .comment       0x0000007e       0x7f ./source/gpio.o
 .comment       0x0000007e       0x7f ./source/magnetCardDecode.o
 .comment       0x0000007e       0x7f ./source/magnetCardLector.o
 .comment       0x0000007e       0x7f ./source/magnetLectorHAL.o
 .comment       0x0000007e       0x7f ./source/timer.o
 .comment       0x0000007e       0x7f ./SDK/startup/hardware.o
 .comment       0x0000007e       0x7f ./SDK/startup/main.o
 .comment       0x0000007e       0x7f ./SDK/startup/semihost_hardfault.o
 .comment       0x0000007e       0x7f ./SDK/startup/startup_mk64f12.o
 .comment       0x0000007e       0x7f ./SDK/CMSIS/system_MK64F12.o
 .comment       0x0000007e       0x7f c:/nxp/mcuxpressoide_10.2.0_759/ide/tools/bin/../lib/gcc/arm-none-eabi/7.2.1/../../../../arm-none-eabi/lib/thumb/v7e-m/fpv4-sp/hard\libcr_c.a(memcpy.o)

.ARM.attributes
                0x00000000       0x37
 .ARM.attributes
                0x00000000       0x39 ./source/App.o
 .ARM.attributes
                0x00000039       0x39 ./source/SysTick.o
 .ARM.attributes
                0x00000072       0x39 ./source/doorManagement.o
 .ARM.attributes
                0x000000ab       0x39 ./source/gpio.o
 .ARM.attributes
                0x000000e4       0x39 ./source/magnetCardDecode.o
 .ARM.attributes
                0x0000011d       0x39 ./source/magnetCardLector.o
 .ARM.attributes
                0x00000156       0x39 ./source/magnetLectorHAL.o
 .ARM.attributes
                0x0000018f       0x39 ./source/timer.o
 .ARM.attributes
                0x000001c8       0x39 ./SDK/startup/hardware.o
 .ARM.attributes
                0x00000201       0x39 ./SDK/startup/main.o
 .ARM.attributes
                0x0000023a       0x39 ./SDK/startup/semihost_hardfault.o
 .ARM.attributes
                0x00000273       0x39 ./SDK/startup/startup_mk64f12.o
 .ARM.attributes
                0x000002ac       0x39 ./SDK/CMSIS/system_MK64F12.o
 .ARM.attributes
                0x000002e5       0x39 c:/nxp/mcuxpressoide_10.2.0_759/ide/tools/bin/../lib/gcc/arm-none-eabi/7.2.1/../../../../arm-none-eabi/lib/thumb/v7e-m/fpv4-sp/hard\libcr_c.a(memcpy.o)
 .ARM.attributes
                0x0000031e       0x25 c:/nxp/mcuxpressoide_10.2.0_759/ide/tools/bin/../lib/gcc/arm-none-eabi/7.2.1/thumb/v7e-m/fpv4-sp/hard\libcr_eabihelpers.a(memcpy.o)

.debug_frame    0x00000000      0xf48
 .debug_frame   0x00000000       0x4c ./source/App.o
 .debug_frame   0x0000004c       0x38 ./source/SysTick.o
 .debug_frame   0x00000084       0xa0 ./source/doorManagement.o
 .debug_frame   0x00000124      0x210 ./source/gpio.o
 .debug_frame   0x00000334       0xd4 ./source/magnetCardDecode.o
 .debug_frame   0x00000408       0x64 ./source/magnetCardLector.o
 .debug_frame   0x0000046c       0x88 ./source/magnetLectorHAL.o
 .debug_frame   0x000004f4       0x80 ./source/timer.o
 .debug_frame   0x00000574       0x40 ./SDK/startup/hardware.o
 .debug_frame   0x000005b4       0x28 ./SDK/startup/main.o
 .debug_frame   0x000005dc       0x20 ./SDK/startup/semihost_hardfault.o
 .debug_frame   0x000005fc      0x904 ./SDK/startup/startup_mk64f12.o
 .debug_frame   0x00000f00       0x48 ./SDK/CMSIS/system_MK64F12.o
