
Discarded input sections

 .group         0x00000000        0xc ./source/App.o
 .text          0x00000000        0x0 ./source/App.o
 .data          0x00000000        0x0 ./source/App.o
 .bss           0x00000000        0x0 ./source/App.o
 .group         0x00000000        0xc ./source/SysTick.o
 .group         0x00000000        0xc ./source/SysTick.o
 .group         0x00000000        0xc ./source/SysTick.o
 .group         0x00000000        0xc ./source/SysTick.o
 .group         0x00000000        0xc ./source/SysTick.o
 .group         0x00000000        0xc ./source/SysTick.o
 .group         0x00000000        0xc ./source/SysTick.o
 .group         0x00000000        0xc ./source/SysTick.o
 .group         0x00000000        0xc ./source/SysTick.o
 .group         0x00000000        0xc ./source/SysTick.o
 .group         0x00000000        0xc ./source/SysTick.o
 .text          0x00000000        0x0 ./source/SysTick.o
 .data          0x00000000        0x0 ./source/SysTick.o
 .bss           0x00000000        0x0 ./source/SysTick.o
 .text.SysTick_Init
                0x00000000       0x2c ./source/SysTick.o
 .debug_macro   0x00000000      0xa5a ./source/SysTick.o
 .group         0x00000000        0xc ./source/gpio.o
 .group         0x00000000        0xc ./source/gpio.o
 .group         0x00000000        0xc ./source/gpio.o
 .group         0x00000000        0xc ./source/gpio.o
 .group         0x00000000        0xc ./source/gpio.o
 .group         0x00000000        0xc ./source/gpio.o
 .group         0x00000000        0xc ./source/gpio.o
 .group         0x00000000        0xc ./source/gpio.o
 .group         0x00000000        0xc ./source/gpio.o
 .group         0x00000000        0xc ./source/gpio.o
 .group         0x00000000        0xc ./source/gpio.o
 .text          0x00000000        0x0 ./source/gpio.o
 .data          0x00000000        0x0 ./source/gpio.o
 .bss           0x00000000        0x0 ./source/gpio.o
 .text.clockGating
                0x00000000       0x50 ./source/gpio.o
 .text.isPinValid
                0x00000000        0xa ./source/gpio.o
 .text.setPCRmux
                0x00000000       0x16 ./source/gpio.o
 .text.setPCRpullEnable
                0x00000000        0xe ./source/gpio.o
 .text.setPCRpullUp
                0x00000000        0xe ./source/gpio.o
 .text.setPCRpullDown
                0x00000000        0xe ./source/gpio.o
 .text.setGPIOddr
                0x00000000        0xa ./source/gpio.o
 .debug_macro   0x00000000      0xa5a ./source/gpio.o
 .debug_macro   0x00000000      0x34e ./source/gpio.o
 .debug_macro   0x00000000       0x22 ./source/gpio.o
 .debug_macro   0x00000000       0x5c ./source/gpio.o
 .debug_macro   0x00000000       0x1c ./source/gpio.o
 .debug_macro   0x00000000       0x22 ./source/gpio.o
 .debug_macro   0x00000000       0xdf ./source/gpio.o
 .debug_macro   0x00000000      0xecf ./source/gpio.o
 .debug_macro   0x00000000       0x48 ./source/gpio.o
 .debug_macro   0x00000000     0xe07b ./source/gpio.o
 .group         0x00000000        0xc ./source/magnetCardDecode.o
 .group         0x00000000        0xc ./source/magnetCardDecode.o
 .group         0x00000000        0xc ./source/magnetCardDecode.o
 .group         0x00000000        0xc ./source/magnetCardDecode.o
 .group         0x00000000        0xc ./source/magnetCardDecode.o
 .text          0x00000000        0x0 ./source/magnetCardDecode.o
 .data          0x00000000        0x0 ./source/magnetCardDecode.o
 .bss           0x00000000        0x0 ./source/magnetCardDecode.o
 .debug_macro   0x00000000      0x34e ./source/magnetCardDecode.o
 .debug_macro   0x00000000       0x22 ./source/magnetCardDecode.o
 .group         0x00000000        0xc ./source/magnetLectorDriver.o
 .group         0x00000000        0xc ./source/magnetLectorDriver.o
 .group         0x00000000        0xc ./source/magnetLectorDriver.o
 .group         0x00000000        0xc ./source/magnetLectorDriver.o
 .group         0x00000000        0xc ./source/magnetLectorDriver.o
 .group         0x00000000        0xc ./source/magnetLectorDriver.o
 .text          0x00000000        0x0 ./source/magnetLectorDriver.o
 .data          0x00000000        0x0 ./source/magnetLectorDriver.o
 .bss           0x00000000        0x0 ./source/magnetLectorDriver.o
 .debug_macro   0x00000000      0xa5a ./source/magnetLectorDriver.o
 .debug_macro   0x00000000      0x34e ./source/magnetLectorDriver.o
 .debug_macro   0x00000000       0x22 ./source/magnetLectorDriver.o
 .debug_macro   0x00000000       0x3a ./source/magnetLectorDriver.o
 .group         0x00000000        0xc ./SDK/startup/hardware.o
 .group         0x00000000        0xc ./SDK/startup/hardware.o
 .group         0x00000000        0xc ./SDK/startup/hardware.o
 .group         0x00000000        0xc ./SDK/startup/hardware.o
 .group         0x00000000        0xc ./SDK/startup/hardware.o
 .group         0x00000000        0xc ./SDK/startup/hardware.o
 .group         0x00000000        0xc ./SDK/startup/hardware.o
 .group         0x00000000        0xc ./SDK/startup/hardware.o
 .group         0x00000000        0xc ./SDK/startup/hardware.o
 .group         0x00000000        0xc ./SDK/startup/hardware.o
 .group         0x00000000        0xc ./SDK/startup/hardware.o
 .group         0x00000000        0xc ./SDK/startup/hardware.o
 .group         0x00000000        0xc ./SDK/startup/hardware.o
 .text          0x00000000        0x0 ./SDK/startup/hardware.o
 .data          0x00000000        0x0 ./SDK/startup/hardware.o
 .bss           0x00000000        0x0 ./SDK/startup/hardware.o
 .debug_macro   0x00000000      0xa5a ./SDK/startup/hardware.o
 .debug_macro   0x00000000      0x34e ./SDK/startup/hardware.o
 .debug_macro   0x00000000       0x22 ./SDK/startup/hardware.o
 .debug_macro   0x00000000       0x5c ./SDK/startup/hardware.o
 .debug_macro   0x00000000       0x1c ./SDK/startup/hardware.o
 .debug_macro   0x00000000       0x22 ./SDK/startup/hardware.o
 .debug_macro   0x00000000       0xdf ./SDK/startup/hardware.o
 .debug_macro   0x00000000      0xecf ./SDK/startup/hardware.o
 .debug_macro   0x00000000       0x48 ./SDK/startup/hardware.o
 .debug_macro   0x00000000     0xe07b ./SDK/startup/hardware.o
 .group         0x00000000        0xc ./SDK/startup/main.o
 .group         0x00000000        0xc ./SDK/startup/main.o
 .group         0x00000000        0xc ./SDK/startup/main.o
 .group         0x00000000        0xc ./SDK/startup/main.o
 .group         0x00000000        0xc ./SDK/startup/main.o
 .group         0x00000000        0xc ./SDK/startup/main.o
 .group         0x00000000        0xc ./SDK/startup/main.o
 .group         0x00000000        0xc ./SDK/startup/main.o
 .group         0x00000000        0xc ./SDK/startup/main.o
 .group         0x00000000        0xc ./SDK/startup/main.o
 .group         0x00000000        0xc ./SDK/startup/main.o
 .group         0x00000000        0xc ./SDK/startup/main.o
 .group         0x00000000        0xc ./SDK/startup/main.o
 .text          0x00000000        0x0 ./SDK/startup/main.o
 .data          0x00000000        0x0 ./SDK/startup/main.o
 .bss           0x00000000        0x0 ./SDK/startup/main.o
 .debug_macro   0x00000000      0xa5a ./SDK/startup/main.o
 .debug_macro   0x00000000      0x34e ./SDK/startup/main.o
 .debug_macro   0x00000000       0x22 ./SDK/startup/main.o
 .debug_macro   0x00000000       0x10 ./SDK/startup/main.o
 .debug_macro   0x00000000       0x5c ./SDK/startup/main.o
 .debug_macro   0x00000000       0x1c ./SDK/startup/main.o
 .debug_macro   0x00000000       0x22 ./SDK/startup/main.o
 .debug_macro   0x00000000       0xdf ./SDK/startup/main.o
 .debug_macro   0x00000000      0xecf ./SDK/startup/main.o
 .debug_macro   0x00000000       0x48 ./SDK/startup/main.o
 .debug_macro   0x00000000     0xe07b ./SDK/startup/main.o
 .debug_macro   0x00000000     0x122b ./SDK/startup/main.o
 .debug_macro   0x00000000       0x16 ./SDK/startup/main.o
 .group         0x00000000        0xc ./SDK/startup/semihost_hardfault.o
 .text          0x00000000        0x0 ./SDK/startup/semihost_hardfault.o
 .data          0x00000000        0x0 ./SDK/startup/semihost_hardfault.o
 .bss           0x00000000        0x0 ./SDK/startup/semihost_hardfault.o
 .debug_macro   0x00000000      0xa5a ./SDK/startup/semihost_hardfault.o
 .group         0x00000000        0xc ./SDK/startup/startup_mk64f12.o
 .text          0x00000000        0x0 ./SDK/startup/startup_mk64f12.o
 .data          0x00000000        0x0 ./SDK/startup/startup_mk64f12.o
 .bss           0x00000000        0x0 ./SDK/startup/startup_mk64f12.o
 .text.PORTA_IRQHandler
                0x00000000        0x8 ./SDK/startup/startup_mk64f12.o
 .text.PORTB_IRQHandler
                0x00000000        0x8 ./SDK/startup/startup_mk64f12.o
 .text.PORTC_IRQHandler
                0x00000000        0x8 ./SDK/startup/startup_mk64f12.o
 .text.PORTD_IRQHandler
                0x00000000        0x8 ./SDK/startup/startup_mk64f12.o
 .text.PORTE_IRQHandler
                0x00000000        0x8 ./SDK/startup/startup_mk64f12.o
 .debug_macro   0x00000000      0xa5a ./SDK/startup/startup_mk64f12.o
 .group         0x00000000        0xc ./SDK/CMSIS/system_MK64F12.o
 .group         0x00000000        0xc ./SDK/CMSIS/system_MK64F12.o
 .group         0x00000000        0xc ./SDK/CMSIS/system_MK64F12.o
 .group         0x00000000        0xc ./SDK/CMSIS/system_MK64F12.o
 .group         0x00000000        0xc ./SDK/CMSIS/system_MK64F12.o
 .group         0x00000000        0xc ./SDK/CMSIS/system_MK64F12.o
 .group         0x00000000        0xc ./SDK/CMSIS/system_MK64F12.o
 .group         0x00000000        0xc ./SDK/CMSIS/system_MK64F12.o
 .group         0x00000000        0xc ./SDK/CMSIS/system_MK64F12.o
 .group         0x00000000        0xc ./SDK/CMSIS/system_MK64F12.o
 .group         0x00000000        0xc ./SDK/CMSIS/system_MK64F12.o
 .text          0x00000000        0x0 ./SDK/CMSIS/system_MK64F12.o
 .data          0x00000000        0x0 ./SDK/CMSIS/system_MK64F12.o
 .bss           0x00000000        0x0 ./SDK/CMSIS/system_MK64F12.o
 .text.SystemCoreClockUpdate
                0x00000000      0x1a8 ./SDK/CMSIS/system_MK64F12.o
 .data.SystemCoreClock
                0x00000000        0x4 ./SDK/CMSIS/system_MK64F12.o
 .debug_macro   0x00000000      0xa5a ./SDK/CMSIS/system_MK64F12.o
 .debug_macro   0x00000000      0x34e ./SDK/CMSIS/system_MK64F12.o
 .debug_macro   0x00000000       0x10 ./SDK/CMSIS/system_MK64F12.o
 .debug_macro   0x00000000       0x5c ./SDK/CMSIS/system_MK64F12.o
 .debug_macro   0x00000000       0x1c ./SDK/CMSIS/system_MK64F12.o
 .debug_macro   0x00000000       0x22 ./SDK/CMSIS/system_MK64F12.o
 .debug_macro   0x00000000       0xdf ./SDK/CMSIS/system_MK64F12.o
 .debug_macro   0x00000000      0xecf ./SDK/CMSIS/system_MK64F12.o
 .debug_macro   0x00000000       0x48 ./SDK/CMSIS/system_MK64F12.o
 .debug_macro   0x00000000     0xe07b ./SDK/CMSIS/system_MK64F12.o
 .debug_macro   0x00000000     0x122b ./SDK/CMSIS/system_MK64F12.o

Memory Configuration

Name             Origin             Length             Attributes
PROGRAM_FLASH    0x00000000         0x00100000         xr
SRAM_UPPER       0x20000000         0x00030000         xrw
SRAM_LOWER       0x1fff0000         0x00010000         xrw
FLEX_RAM         0x14000000         0x00001000         xrw
*default*        0x00000000         0xffffffff

Linker script and memory map

LOAD ./source/App.o
LOAD ./source/SysTick.o
LOAD ./source/gpio.o
LOAD ./source/magnetCardDecode.o
LOAD ./source/magnetLectorDriver.o
LOAD ./SDK/startup/hardware.o
LOAD ./SDK/startup/main.o
LOAD ./SDK/startup/semihost_hardfault.o
LOAD ./SDK/startup/startup_mk64f12.o
LOAD ./SDK/CMSIS/system_MK64F12.o
START GROUP
LOAD c:/nxp/mcuxpressoide_10.2.0_759/ide/tools/bin/../lib/gcc/arm-none-eabi/7.2.1/../../../../arm-none-eabi/lib/thumb/v7e-m/fpv4-sp/hard\libcr_c.a
LOAD c:/nxp/mcuxpressoide_10.2.0_759/ide/tools/bin/../lib/gcc/arm-none-eabi/7.2.1/thumb/v7e-m/fpv4-sp/hard\libcr_eabihelpers.a
END GROUP
                0x00000000                __base_PROGRAM_FLASH = 0x0
                0x00000000                __base_Flash = 0x0
                0x00100000                __top_PROGRAM_FLASH = 0x100000
                0x00100000                __top_Flash = 0x100000
                0x20000000                __base_SRAM_UPPER = 0x20000000
                0x20000000                __base_RAM = 0x20000000
                0x20030000                __top_SRAM_UPPER = 0x20030000
                0x20030000                __top_RAM = 0x20030000
                0x1fff0000                __base_SRAM_LOWER = 0x1fff0000
                0x1fff0000                __base_RAM2 = 0x1fff0000
                0x20000000                __top_SRAM_LOWER = 0x20000000
                0x20000000                __top_RAM2 = 0x20000000
                0x14000000                __base_FLEX_RAM = 0x14000000
                0x14000000                __base_RAM3 = 0x14000000
                0x14001000                __top_FLEX_RAM = 0x14001000
                0x14001000                __top_RAM3 = 0x14001000

.text           0x00000000     0x10a8
 FILL mask 0xff
                0x00000000                __vectors_start__ = ABSOLUTE (.)
 *(SORT_BY_ALIGNMENT(.isr_vector))
 .isr_vector    0x00000000      0x198 ./SDK/startup/startup_mk64f12.o
                0x00000000                g_pfnVectors
                0x00000000                __Vectors
                0x00000198                . = ALIGN (0x4)
                0x00000198                __section_table_start = .
                0x00000198                __data_section_table = .
                0x00000198        0x4 LONG 0x10a8 LOADADDR (.data)
                0x0000019c        0x4 LONG 0x20000000 ADDR (.data)
                0x000001a0        0x4 LONG 0x10 SIZEOF (.data)
                0x000001a4        0x4 LONG 0x10a8 LOADADDR (.data_RAM2)
                0x000001a8        0x4 LONG 0x1fff0000 ADDR (.data_RAM2)
                0x000001ac        0x4 LONG 0x0 SIZEOF (.data_RAM2)
                0x000001b0        0x4 LONG 0x10a8 LOADADDR (.data_RAM3)
                0x000001b4        0x4 LONG 0x14000000 ADDR (.data_RAM3)
                0x000001b8        0x4 LONG 0x0 SIZEOF (.data_RAM3)
                0x000001bc                __data_section_table_end = .
                0x000001bc                __bss_section_table = .
                0x000001bc        0x4 LONG 0x20000010 ADDR (.bss)
                0x000001c0        0x4 LONG 0xa90 SIZEOF (.bss)
                0x000001c4        0x4 LONG 0x1fff0000 ADDR (.bss_RAM2)
                0x000001c8        0x4 LONG 0x0 SIZEOF (.bss_RAM2)
                0x000001cc        0x4 LONG 0x14000000 ADDR (.bss_RAM3)
                0x000001d0        0x4 LONG 0x0 SIZEOF (.bss_RAM3)
                0x000001d4                __bss_section_table_end = .
                0x000001d4                __section_table_end = .
 *(SORT_BY_ALIGNMENT(.after_vectors*))
 .after_vectors.reset
                0x000001d4       0x4c ./SDK/startup/startup_mk64f12.o
                0x000001d4                ResetISR
 .after_vectors
                0x00000220       0x14 ./SDK/startup/startup_mk64f12.o
                0x00000220                NMI_Handler
                0x00000224                MemManage_Handler
                0x00000226                BusFault_Handler
                0x00000228                UsageFault_Handler
                0x0000022a                SVC_Handler
                0x0000022c                DebugMon_Handler
                0x0000022e                PendSV_Handler
                0x00000232                DMA_Error_DriverIRQHandler
                0x00000232                LPTMR0_DriverIRQHandler
                0x00000232                FTM1_DriverIRQHandler
                0x00000232                FTM2_DriverIRQHandler
                0x00000232                PIT2_DriverIRQHandler
                0x00000232                SDHC_DriverIRQHandler
                0x00000232                I2S0_Tx_DriverIRQHandler
                0x00000232                RTC_Seconds_DriverIRQHandler
                0x00000232                DMA6_DriverIRQHandler
                0x00000232                LLWU_DriverIRQHandler
                0x00000232                MCM_DriverIRQHandler
                0x00000232                MCG_DriverIRQHandler
                0x00000232                ENET_1588_Timer_DriverIRQHandler
                0x00000232                I2C2_DriverIRQHandler
                0x00000232                DAC1_DriverIRQHandler
                0x00000232                SPI1_DriverIRQHandler
                0x00000232                CMP1_DriverIRQHandler
                0x00000232                UART5_RX_TX_DriverIRQHandler
                0x00000232                FTM0_DriverIRQHandler
                0x00000232                IntDefaultHandler
                0x00000232                USB0_DriverIRQHandler
                0x00000232                UART5_ERR_DriverIRQHandler
                0x00000232                PORTC_DriverIRQHandler
                0x00000232                DMA11_DriverIRQHandler
                0x00000232                DAC0_DriverIRQHandler
                0x00000232                DMA10_DriverIRQHandler
                0x00000232                CMP2_DriverIRQHandler
                0x00000232                UART2_ERR_DriverIRQHandler
                0x00000232                SPI2_DriverIRQHandler
                0x00000232                LVD_LVW_DriverIRQHandler
                0x00000232                PIT0_DriverIRQHandler
                0x00000232                RNG_DriverIRQHandler
                0x00000232                DMA5_DriverIRQHandler
                0x00000232                DMA12_DriverIRQHandler
                0x00000232                UART2_RX_TX_DriverIRQHandler
                0x00000232                USBDCD_DriverIRQHandler
                0x00000232                UART3_ERR_DriverIRQHandler
                0x00000232                DMA3_DriverIRQHandler
                0x00000232                DMA8_DriverIRQHandler
                0x00000232                DMA9_DriverIRQHandler
                0x00000232                UART0_ERR_DriverIRQHandler
                0x00000232                CMT_DriverIRQHandler
                0x00000232                Reserved71_DriverIRQHandler
                0x00000232                ADC1_DriverIRQHandler
                0x00000232                PORTA_DriverIRQHandler
                0x00000232                DMA14_DriverIRQHandler
                0x00000232                PIT3_DriverIRQHandler
                0x00000232                PIT1_DriverIRQHandler
                0x00000232                WDOG_EWM_DriverIRQHandler
                0x00000232                PDB0_DriverIRQHandler
                0x00000232                RTC_DriverIRQHandler
                0x00000232                I2S0_Rx_DriverIRQHandler
                0x00000232                Read_Collision_DriverIRQHandler
                0x00000232                SWI_DriverIRQHandler
                0x00000232                UART4_RX_TX_DriverIRQHandler
                0x00000232                UART4_ERR_DriverIRQHandler
                0x00000232                PORTB_DriverIRQHandler
                0x00000232                UART0_LON_DriverIRQHandler
                0x00000232                DMA0_DriverIRQHandler
                0x00000232                DMA1_DriverIRQHandler
                0x00000232                I2C1_DriverIRQHandler
                0x00000232                UART3_RX_TX_DriverIRQHandler
                0x00000232                ENET_Receive_DriverIRQHandler
                0x00000232                DMA13_DriverIRQHandler
                0x00000232                ENET_Error_DriverIRQHandler
                0x00000232                DMA15_DriverIRQHandler
                0x00000232                UART0_RX_TX_DriverIRQHandler
                0x00000232                SPI0_DriverIRQHandler
                0x00000232                ADC0_DriverIRQHandler
                0x00000232                CMP0_DriverIRQHandler
                0x00000232                CAN0_DriverIRQHandler
                0x00000232                FTM3_DriverIRQHandler
                0x00000232                DMA4_DriverIRQHandler
                0x00000232                UART1_ERR_DriverIRQHandler
                0x00000232                DMA2_DriverIRQHandler
                0x00000232                ENET_Transmit_DriverIRQHandler
                0x00000232                PORTD_DriverIRQHandler
                0x00000232                PORTE_DriverIRQHandler
                0x00000232                FTFE_DriverIRQHandler
                0x00000232                I2C0_DriverIRQHandler
                0x00000232                DMA7_DriverIRQHandler
                0x00000232                UART1_RX_TX_DriverIRQHandler
 .after_vectors.init_data
                0x00000234       0x1e ./SDK/startup/startup_mk64f12.o
                0x00000234                data_init
 .after_vectors.init_bss
                0x00000252       0x12 ./SDK/startup/startup_mk64f12.o
                0x00000252                bss_init
                0x00000400                . = 0x400
 *fill*         0x00000264      0x19c ff
                0x00000400                PROVIDE (__FLASH_CONFIG_START__, .)
 *(SORT_BY_ALIGNMENT(.FlashConfig))
 .FlashConfig   0x00000400       0x10 ./SDK/startup/startup_mk64f12.o
                0x00000400                Flash_Config
                0x00000410                PROVIDE (__FLASH_CONFIG_END__, .)
                0x00000001                ASSERT (! ((__FLASH_CONFIG_START__ == __FLASH_CONFIG_END__)), Linker Flash Config Support Enabled, but no .FlashConfig section provided within application)
 *(SORT_BY_ALIGNMENT(.text*))
 .text.SysTick_Handler
                0x00000410       0x10 ./source/SysTick.o
                0x00000410                SysTick_Handler
 .text.PORTX_IRQHandler
                0x00000420       0x54 ./source/gpio.o
                0x00000420                PORTX_IRQHandler
 .text.gpioMode
                0x00000474       0x98 ./source/gpio.o
                0x00000474                gpioMode
 .text.gpioToggle
                0x0000050c       0x40 ./source/gpio.o
                0x0000050c                gpioToggle
 .text.gpioRead
                0x0000054c       0x3c ./source/gpio.o
                0x0000054c                gpioRead
 .text.gpioWrite
                0x00000588       0x40 ./source/gpio.o
                0x00000588                gpioWrite
 .text.gpioIRQ  0x000005c8       0x98 ./source/gpio.o
                0x000005c8                gpioIRQ
 .text.magnetDataParser
                0x00000660       0x48 ./source/magnetCardDecode.o
                0x00000660                magnetDataParser
 .text.clockRoutine
                0x000006a8       0x30 ./source/magnetLectorDriver.o
                0x000006a8                clockRoutine
 .text.enableRoutine
                0x000006d8       0x50 ./source/magnetLectorDriver.o
                0x000006d8                enableRoutine
 .text.hwLectorInit
                0x00000728       0x88 ./source/magnetLectorDriver.o
                0x00000728                hwLectorInit
 .text.hw_Init  0x000007b0       0xc0 ./SDK/startup/hardware.o
                0x000007b0                hw_Init
 .text.hw_EnableInterrupts
                0x00000870       0x18 ./SDK/startup/hardware.o
                0x00000870                hw_EnableInterrupts
 .text.hw_DisableInterrupts
                0x00000888       0x10 ./SDK/startup/hardware.o
                0x00000888                hw_DisableInterrupts
 .text.SystemInit
                0x00000898       0x34 ./SDK/CMSIS/system_MK64F12.o
                0x00000898                SystemInit
 .text.App_Init
                0x000008cc        0x8 ./source/App.o
                0x000008cc                App_Init
 .text.App_Run  0x000008d4        0x2 ./source/App.o
                0x000008d4                App_Run
 .text.PORTA_IRQHandler
                0x000008d6        0xa ./source/gpio.o
                0x000008d6                PORTA_IRQHandler
 .text.PORTB_IRQHandler
                0x000008e0        0xa ./source/gpio.o
                0x000008e0                PORTB_IRQHandler
 .text.PORTC_IRQHandler
                0x000008ea        0xa ./source/gpio.o
                0x000008ea                PORTC_IRQHandler
 .text.PORTD_IRQHandler
                0x000008f4        0xa ./source/gpio.o
                0x000008f4                PORTD_IRQHandler
 .text.PORTE_IRQHandler
                0x000008fe        0xa ./source/gpio.o
                0x000008fe                PORTE_IRQHandler
 .text.setGPIOdataOut
                0x00000908       0x1c ./source/gpio.o
                0x00000908                setGPIOdataOut
 .text.setPCRirqc
                0x00000924       0x16 ./source/gpio.o
                0x00000924                setPCRirqc
 .text.getTrackShaped
                0x0000093a      0x128 ./source/magnetCardDecode.o
                0x0000093a                getTrackShaped
 .text.identifyCardSymbol
                0x00000a62       0xa8 ./source/magnetCardDecode.o
                0x00000a62                identifyCardSymbol
 .text.shapeMagnetTrack
                0x00000b0a       0x4a ./source/magnetCardDecode.o
                0x00000b0a                shapeMagnetTrack
 .text.decodeTrackX
                0x00000b54      0x20c ./source/magnetCardDecode.o
                0x00000b54                decodeTrackX
 .text.debugSwitchRoutine
                0x00000d60        0xa ./source/magnetLectorDriver.o
                0x00000d60                debugSwitchRoutine
 .text.main     0x00000d6a       0x18 ./SDK/startup/main.o
                0x00000d6a                main
 .text.HardFault_Handler
                0x00000d82       0x2a ./SDK/startup/semihost_hardfault.o
                0x00000d82                HardFault_Handler
 .text.DMA0_IRQHandler
                0x00000dac        0x8 ./SDK/startup/startup_mk64f12.o
                0x00000dac                DMA0_IRQHandler
 .text.DMA1_IRQHandler
                0x00000db4        0x8 ./SDK/startup/startup_mk64f12.o
                0x00000db4                DMA1_IRQHandler
 .text.DMA2_IRQHandler
                0x00000dbc        0x8 ./SDK/startup/startup_mk64f12.o
                0x00000dbc                DMA2_IRQHandler
 .text.DMA3_IRQHandler
                0x00000dc4        0x8 ./SDK/startup/startup_mk64f12.o
                0x00000dc4                DMA3_IRQHandler
 .text.DMA4_IRQHandler
                0x00000dcc        0x8 ./SDK/startup/startup_mk64f12.o
                0x00000dcc                DMA4_IRQHandler
 .text.DMA5_IRQHandler
                0x00000dd4        0x8 ./SDK/startup/startup_mk64f12.o
                0x00000dd4                DMA5_IRQHandler
 .text.DMA6_IRQHandler
                0x00000ddc        0x8 ./SDK/startup/startup_mk64f12.o
                0x00000ddc                DMA6_IRQHandler
 .text.DMA7_IRQHandler
                0x00000de4        0x8 ./SDK/startup/startup_mk64f12.o
                0x00000de4                DMA7_IRQHandler
 .text.DMA8_IRQHandler
                0x00000dec        0x8 ./SDK/startup/startup_mk64f12.o
                0x00000dec                DMA8_IRQHandler
 .text.DMA9_IRQHandler
                0x00000df4        0x8 ./SDK/startup/startup_mk64f12.o
                0x00000df4                DMA9_IRQHandler
 .text.DMA10_IRQHandler
                0x00000dfc        0x8 ./SDK/startup/startup_mk64f12.o
                0x00000dfc                DMA10_IRQHandler
 .text.DMA11_IRQHandler
                0x00000e04        0x8 ./SDK/startup/startup_mk64f12.o
                0x00000e04                DMA11_IRQHandler
 .text.DMA12_IRQHandler
                0x00000e0c        0x8 ./SDK/startup/startup_mk64f12.o
                0x00000e0c                DMA12_IRQHandler
 .text.DMA13_IRQHandler
                0x00000e14        0x8 ./SDK/startup/startup_mk64f12.o
                0x00000e14                DMA13_IRQHandler
 .text.DMA14_IRQHandler
                0x00000e1c        0x8 ./SDK/startup/startup_mk64f12.o
                0x00000e1c                DMA14_IRQHandler
 .text.DMA15_IRQHandler
                0x00000e24        0x8 ./SDK/startup/startup_mk64f12.o
                0x00000e24                DMA15_IRQHandler
 .text.DMA_Error_IRQHandler
                0x00000e2c        0x8 ./SDK/startup/startup_mk64f12.o
                0x00000e2c                DMA_Error_IRQHandler
 .text.MCM_IRQHandler
                0x00000e34        0x8 ./SDK/startup/startup_mk64f12.o
                0x00000e34                MCM_IRQHandler
 .text.FTFE_IRQHandler
                0x00000e3c        0x8 ./SDK/startup/startup_mk64f12.o
                0x00000e3c                FTFE_IRQHandler
 .text.Read_Collision_IRQHandler
                0x00000e44        0x8 ./SDK/startup/startup_mk64f12.o
                0x00000e44                Read_Collision_IRQHandler
 .text.LVD_LVW_IRQHandler
                0x00000e4c        0x8 ./SDK/startup/startup_mk64f12.o
                0x00000e4c                LVD_LVW_IRQHandler
 .text.LLWU_IRQHandler
                0x00000e54        0x8 ./SDK/startup/startup_mk64f12.o
                0x00000e54                LLWU_IRQHandler
 .text.WDOG_EWM_IRQHandler
                0x00000e5c        0x8 ./SDK/startup/startup_mk64f12.o
                0x00000e5c                WDOG_EWM_IRQHandler
 .text.RNG_IRQHandler
                0x00000e64        0x8 ./SDK/startup/startup_mk64f12.o
                0x00000e64                RNG_IRQHandler
 .text.I2C0_IRQHandler
                0x00000e6c        0x8 ./SDK/startup/startup_mk64f12.o
                0x00000e6c                I2C0_IRQHandler
 .text.I2C1_IRQHandler
                0x00000e74        0x8 ./SDK/startup/startup_mk64f12.o
                0x00000e74                I2C1_IRQHandler
 .text.SPI0_IRQHandler
                0x00000e7c        0x8 ./SDK/startup/startup_mk64f12.o
                0x00000e7c                SPI0_IRQHandler
 .text.SPI1_IRQHandler
                0x00000e84        0x8 ./SDK/startup/startup_mk64f12.o
                0x00000e84                SPI1_IRQHandler
 .text.I2S0_Tx_IRQHandler
                0x00000e8c        0x8 ./SDK/startup/startup_mk64f12.o
                0x00000e8c                I2S0_Tx_IRQHandler
 .text.I2S0_Rx_IRQHandler
                0x00000e94        0x8 ./SDK/startup/startup_mk64f12.o
                0x00000e94                I2S0_Rx_IRQHandler
 .text.UART0_LON_IRQHandler
                0x00000e9c        0x8 ./SDK/startup/startup_mk64f12.o
                0x00000e9c                UART0_LON_IRQHandler
 .text.UART0_RX_TX_IRQHandler
                0x00000ea4        0x8 ./SDK/startup/startup_mk64f12.o
                0x00000ea4                UART0_RX_TX_IRQHandler
 .text.UART0_ERR_IRQHandler
                0x00000eac        0x8 ./SDK/startup/startup_mk64f12.o
                0x00000eac                UART0_ERR_IRQHandler
 .text.UART1_RX_TX_IRQHandler
                0x00000eb4        0x8 ./SDK/startup/startup_mk64f12.o
                0x00000eb4                UART1_RX_TX_IRQHandler
 .text.UART1_ERR_IRQHandler
                0x00000ebc        0x8 ./SDK/startup/startup_mk64f12.o
                0x00000ebc                UART1_ERR_IRQHandler
 .text.UART2_RX_TX_IRQHandler
                0x00000ec4        0x8 ./SDK/startup/startup_mk64f12.o
                0x00000ec4                UART2_RX_TX_IRQHandler
 .text.UART2_ERR_IRQHandler
                0x00000ecc        0x8 ./SDK/startup/startup_mk64f12.o
                0x00000ecc                UART2_ERR_IRQHandler
 .text.UART3_RX_TX_IRQHandler
                0x00000ed4        0x8 ./SDK/startup/startup_mk64f12.o
                0x00000ed4                UART3_RX_TX_IRQHandler
 .text.UART3_ERR_IRQHandler
                0x00000edc        0x8 ./SDK/startup/startup_mk64f12.o
                0x00000edc                UART3_ERR_IRQHandler
 .text.ADC0_IRQHandler
                0x00000ee4        0x8 ./SDK/startup/startup_mk64f12.o
                0x00000ee4                ADC0_IRQHandler
 .text.CMP0_IRQHandler
                0x00000eec        0x8 ./SDK/startup/startup_mk64f12.o
                0x00000eec                CMP0_IRQHandler
 .text.CMP1_IRQHandler
                0x00000ef4        0x8 ./SDK/startup/startup_mk64f12.o
                0x00000ef4                CMP1_IRQHandler
 .text.FTM0_IRQHandler
                0x00000efc        0x8 ./SDK/startup/startup_mk64f12.o
                0x00000efc                FTM0_IRQHandler
 .text.FTM1_IRQHandler
                0x00000f04        0x8 ./SDK/startup/startup_mk64f12.o
                0x00000f04                FTM1_IRQHandler
 .text.FTM2_IRQHandler
                0x00000f0c        0x8 ./SDK/startup/startup_mk64f12.o
                0x00000f0c                FTM2_IRQHandler
 .text.CMT_IRQHandler
                0x00000f14        0x8 ./SDK/startup/startup_mk64f12.o
                0x00000f14                CMT_IRQHandler
 .text.RTC_IRQHandler
                0x00000f1c        0x8 ./SDK/startup/startup_mk64f12.o
                0x00000f1c                RTC_IRQHandler
 .text.RTC_Seconds_IRQHandler
                0x00000f24        0x8 ./SDK/startup/startup_mk64f12.o
                0x00000f24                RTC_Seconds_IRQHandler
 .text.PIT0_IRQHandler
                0x00000f2c        0x8 ./SDK/startup/startup_mk64f12.o
                0x00000f2c                PIT0_IRQHandler
 .text.PIT1_IRQHandler
                0x00000f34        0x8 ./SDK/startup/startup_mk64f12.o
                0x00000f34                PIT1_IRQHandler
 .text.PIT2_IRQHandler
                0x00000f3c        0x8 ./SDK/startup/startup_mk64f12.o
                0x00000f3c                PIT2_IRQHandler
 .text.PIT3_IRQHandler
                0x00000f44        0x8 ./SDK/startup/startup_mk64f12.o
                0x00000f44                PIT3_IRQHandler
 .text.PDB0_IRQHandler
                0x00000f4c        0x8 ./SDK/startup/startup_mk64f12.o
                0x00000f4c                PDB0_IRQHandler
 .text.USB0_IRQHandler
                0x00000f54        0x8 ./SDK/startup/startup_mk64f12.o
                0x00000f54                USB0_IRQHandler
 .text.USBDCD_IRQHandler
                0x00000f5c        0x8 ./SDK/startup/startup_mk64f12.o
                0x00000f5c                USBDCD_IRQHandler
 .text.Reserved71_IRQHandler
                0x00000f64        0x8 ./SDK/startup/startup_mk64f12.o
                0x00000f64                Reserved71_IRQHandler
 .text.DAC0_IRQHandler
                0x00000f6c        0x8 ./SDK/startup/startup_mk64f12.o
                0x00000f6c                DAC0_IRQHandler
 .text.MCG_IRQHandler
                0x00000f74        0x8 ./SDK/startup/startup_mk64f12.o
                0x00000f74                MCG_IRQHandler
 .text.LPTMR0_IRQHandler
                0x00000f7c        0x8 ./SDK/startup/startup_mk64f12.o
                0x00000f7c                LPTMR0_IRQHandler
 .text.SWI_IRQHandler
                0x00000f84        0x8 ./SDK/startup/startup_mk64f12.o
                0x00000f84                SWI_IRQHandler
 .text.SPI2_IRQHandler
                0x00000f8c        0x8 ./SDK/startup/startup_mk64f12.o
                0x00000f8c                SPI2_IRQHandler
 .text.UART4_RX_TX_IRQHandler
                0x00000f94        0x8 ./SDK/startup/startup_mk64f12.o
                0x00000f94                UART4_RX_TX_IRQHandler
 .text.UART4_ERR_IRQHandler
                0x00000f9c        0x8 ./SDK/startup/startup_mk64f12.o
                0x00000f9c                UART4_ERR_IRQHandler
 .text.UART5_RX_TX_IRQHandler
                0x00000fa4        0x8 ./SDK/startup/startup_mk64f12.o
                0x00000fa4                UART5_RX_TX_IRQHandler
 .text.UART5_ERR_IRQHandler
                0x00000fac        0x8 ./SDK/startup/startup_mk64f12.o
                0x00000fac                UART5_ERR_IRQHandler
 .text.CMP2_IRQHandler
                0x00000fb4        0x8 ./SDK/startup/startup_mk64f12.o
                0x00000fb4                CMP2_IRQHandler
 .text.FTM3_IRQHandler
                0x00000fbc        0x8 ./SDK/startup/startup_mk64f12.o
                0x00000fbc                FTM3_IRQHandler
 .text.DAC1_IRQHandler
                0x00000fc4        0x8 ./SDK/startup/startup_mk64f12.o
                0x00000fc4                DAC1_IRQHandler
 .text.ADC1_IRQHandler
                0x00000fcc        0x8 ./SDK/startup/startup_mk64f12.o
                0x00000fcc                ADC1_IRQHandler
 .text.I2C2_IRQHandler
                0x00000fd4        0x8 ./SDK/startup/startup_mk64f12.o
                0x00000fd4                I2C2_IRQHandler
 .text.CAN0_ORed_Message_buffer_IRQHandler
                0x00000fdc        0x8 ./SDK/startup/startup_mk64f12.o
                0x00000fdc                CAN0_ORed_Message_buffer_IRQHandler
 .text.CAN0_Bus_Off_IRQHandler
                0x00000fe4        0x8 ./SDK/startup/startup_mk64f12.o
                0x00000fe4                CAN0_Bus_Off_IRQHandler
 .text.CAN0_Error_IRQHandler
                0x00000fec        0x8 ./SDK/startup/startup_mk64f12.o
                0x00000fec                CAN0_Error_IRQHandler
 .text.CAN0_Tx_Warning_IRQHandler
                0x00000ff4        0x8 ./SDK/startup/startup_mk64f12.o
                0x00000ff4                CAN0_Tx_Warning_IRQHandler
 .text.CAN0_Rx_Warning_IRQHandler
                0x00000ffc        0x8 ./SDK/startup/startup_mk64f12.o
                0x00000ffc                CAN0_Rx_Warning_IRQHandler
 .text.CAN0_Wake_Up_IRQHandler
                0x00001004        0x8 ./SDK/startup/startup_mk64f12.o
                0x00001004                CAN0_Wake_Up_IRQHandler
 .text.SDHC_IRQHandler
                0x0000100c        0x8 ./SDK/startup/startup_mk64f12.o
                0x0000100c                SDHC_IRQHandler
 .text.ENET_1588_Timer_IRQHandler
                0x00001014        0x8 ./SDK/startup/startup_mk64f12.o
                0x00001014                ENET_1588_Timer_IRQHandler
 .text.ENET_Transmit_IRQHandler
                0x0000101c        0x8 ./SDK/startup/startup_mk64f12.o
                0x0000101c                ENET_Transmit_IRQHandler
 .text.ENET_Receive_IRQHandler
                0x00001024        0x8 ./SDK/startup/startup_mk64f12.o
                0x00001024                ENET_Receive_IRQHandler
 .text.ENET_Error_IRQHandler
                0x0000102c        0x8 ./SDK/startup/startup_mk64f12.o
                0x0000102c                ENET_Error_IRQHandler
 .text.SystemInitHook
                0x00001034        0x2 ./SDK/CMSIS/system_MK64F12.o
                0x00001034                SystemInitHook
 *(SORT_BY_ALIGNMENT(.rodata) SORT_BY_ALIGNMENT(.rodata.*) SORT_BY_ALIGNMENT(.constdata) SORT_BY_ALIGNMENT(.constdata.*))
 *fill*         0x00001036        0x2 ff
 .rodata        0x00001038       0x28 ./source/gpio.o
 .rodata.track1
                0x00001060       0x18 ./source/magnetCardDecode.o
                0x00001060                track1
 .rodata.track2
                0x00001078       0x18 ./source/magnetCardDecode.o
                0x00001078                track2
 .rodata.track3
                0x00001090       0x18 ./source/magnetCardDecode.o
                0x00001090                track3
                0x000010a8                . = ALIGN (0x8)

.glue_7         0x000010a8        0x0
 .glue_7        0x000010a8        0x0 linker stubs

.glue_7t        0x000010a8        0x0
 .glue_7t       0x000010a8        0x0 linker stubs

.vfp11_veneer   0x000010a8        0x0
 .vfp11_veneer  0x000010a8        0x0 linker stubs

.v4_bx          0x000010a8        0x0
 .v4_bx         0x000010a8        0x0 linker stubs

.iplt           0x000010a8        0x0
 .iplt          0x000010a8        0x0 ./source/App.o

.rel.dyn        0x000010a8        0x0
 .rel.iplt      0x000010a8        0x0 ./source/App.o

.ARM.extab
 *(SORT_BY_ALIGNMENT(.ARM.extab*) SORT_BY_ALIGNMENT(.gnu.linkonce.armextab.*))
                0x000010a8                __exidx_start = .

.ARM.exidx
 *(SORT_BY_ALIGNMENT(.ARM.exidx*) SORT_BY_ALIGNMENT(.gnu.linkonce.armexidx.*))
                0x000010a8                __exidx_end = .
                0x000010a8                _etext = .

.m_usb_data
 *(SORT_BY_ALIGNMENT(m_usb_bdt))

.data_RAM2      0x1fff0000        0x0 load address 0x000010a8
 FILL mask 0xff
                [!provide]                PROVIDE (__start_data_RAM2, .)
 *(SORT_BY_ALIGNMENT(.ramfunc.$RAM2))
 *(SORT_BY_ALIGNMENT(.ramfunc.$SRAM_LOWER))
 *(SORT_BY_ALIGNMENT(.data.$RAM2*))
 *(SORT_BY_ALIGNMENT(.data.$SRAM_LOWER*))
                0x1fff0000                . = ALIGN (0x8)
                [!provide]                PROVIDE (__end_data_RAM2, .)

.data_RAM3      0x14000000        0x0 load address 0x000010a8
 FILL mask 0xff
                [!provide]                PROVIDE (__start_data_RAM3, .)
 *(SORT_BY_ALIGNMENT(.ramfunc.$RAM3))
 *(SORT_BY_ALIGNMENT(.ramfunc.$FLEX_RAM))
 *(SORT_BY_ALIGNMENT(.data.$RAM3*))
 *(SORT_BY_ALIGNMENT(.data.$FLEX_RAM*))
                0x14000000                . = ALIGN (0x8)
                [!provide]                PROVIDE (__end_data_RAM3, .)

.uninit_RESERVED
                0x20000000        0x0
 *(SORT_BY_ALIGNMENT(.bss.$RESERVED*))
                0x20000000                . = ALIGN (0x4)
                0x20000000                _end_uninit_RESERVED = .

.data           0x20000000       0x10 load address 0x000010a8
 FILL mask 0xff
                0x20000000                _data = .
 *(SORT_BY_ALIGNMENT(vtable))
 *(SORT_BY_ALIGNMENT(.ramfunc*))
 *(SORT_BY_ALIGNMENT(.data*))
 .data.array2Tracks
                0x20000000        0xc ./source/magnetCardDecode.o
                0x20000000                array2Tracks
                0x20000010                . = ALIGN (0x8)
 *fill*         0x2000000c        0x4 ff
                0x20000010                _edata = .

.igot.plt       0x20000010        0x0 load address 0x000010b8
 .igot.plt      0x20000010        0x0 ./source/App.o

.bss_RAM2       0x1fff0000        0x0
                [!provide]                PROVIDE (__start_bss_RAM2, .)
 *(SORT_BY_ALIGNMENT(.bss.$RAM2*))
 *(SORT_BY_ALIGNMENT(.bss.$SRAM_LOWER*))
                0x1fff0000                . = ALIGN ((. != 0x0)?0x8:0x1)
                [!provide]                PROVIDE (__end_bss_RAM2, .)

.bss_RAM3       0x14000000        0x0
                [!provide]                PROVIDE (__start_bss_RAM3, .)
 *(SORT_BY_ALIGNMENT(.bss.$RAM3*))
 *(SORT_BY_ALIGNMENT(.bss.$FLEX_RAM*))
                0x14000000                . = ALIGN ((. != 0x0)?0x8:0x1)
                [!provide]                PROVIDE (__end_bss_RAM3, .)

.bss            0x20000010      0xa90
                0x20000010                _bss = .
 *(SORT_BY_ALIGNMENT(.bss*))
 .bss.sysTickFun
                0x20000010        0x4 ./source/SysTick.o
                0x20000010                sysTickFun
 .bss.p2irqFunctions
                0x20000014      0x280 ./source/gpio.o
                0x20000014                p2irqFunctions
 .bss.bufferDataDecoded
                0x20000294      0x400 ./source/magnetLectorDriver.o
                0x20000294                bufferDataDecoded
 .bss.bufferDataEncoded
                0x20000694      0x400 ./source/magnetLectorDriver.o
                0x20000694                bufferDataEncoded
 .bss.counterDataIn
                0x20000a94        0x4 ./source/magnetLectorDriver.o
                0x20000a94                counterDataIn
 .bss.__LDM_interruptDisableCount
                0x20000a98        0x4 ./SDK/startup/hardware.o
 .bss.enable    0x20000a9c        0x1 ./source/magnetLectorDriver.o
                0x20000a9c                enable
 .bss.hwLectorIsInit
                0x20000a9d        0x1 ./source/magnetLectorDriver.o
                0x20000a9d                hwLectorIsInit
 *(SORT_BY_ALIGNMENT(COMMON))
                0x20000aa0                . = ALIGN (0x8)
 *fill*         0x20000a9e        0x2 
                0x20000aa0                _ebss = .
                [!provide]                PROVIDE (end, .)

.noinit_RAM2    0x1fff0000        0x0
 *(SORT_BY_ALIGNMENT(.noinit.$RAM2*))
 *(SORT_BY_ALIGNMENT(.noinit.$SRAM_LOWER*))
                0x1fff0000                . = ALIGN (0x8)

.noinit_RAM3    0x14000000        0x0
 *(SORT_BY_ALIGNMENT(.noinit.$RAM3*))
 *(SORT_BY_ALIGNMENT(.noinit.$FLEX_RAM*))
                0x14000000                . = ALIGN (0x8)

.noinit         0x20000aa0        0x0
                0x20000aa0                _noinit = .
 *(SORT_BY_ALIGNMENT(.noinit*))
                0x20000aa0                . = ALIGN (0x8)
                0x20000aa0                _end_noinit = .
                0x00001000                _HeapSize = 0x1000

.heap           0x20000aa0     0x1000
                0x20000aa0                _pvHeapStart = .
                0x20001aa0                . = (. + _HeapSize)
 *fill*         0x20000aa0     0x1000 
                0x20001aa0                . = ALIGN (0x8)
                0x20001aa0                _pvHeapLimit = .
                0x00001000                _StackSize = 0x1000

.heap2stackfill
                0x20001aa0     0x1000
                0x20002aa0                . = (. + _StackSize)
 *fill*         0x20001aa0     0x1000 

.stack          0x2002f000        0x0
                0x2002f000                _vStackBase = .
                0x2002f000                . = ALIGN (0x8)
                0x20030000                _vStackTop = (. + _StackSize)
                0x00000000                _image_start = LOADADDR (.text)
                0x000010b8                _image_end = (LOADADDR (.data) + SIZEOF (.data))
                0x000010b8                _image_size = (_image_end - _image_start)
OUTPUT(BandaMagnetica.axf elf32-littlearm)

.debug_info     0x00000000     0x37fe
 .debug_info    0x00000000       0x65 ./source/App.o
 .debug_info    0x00000065      0x518 ./source/SysTick.o
 .debug_info    0x0000057d     0x1023 ./source/gpio.o
 .debug_info    0x000015a0      0x429 ./source/magnetCardDecode.o
 .debug_info    0x000019c9      0x3ec ./source/magnetLectorDriver.o
 .debug_info    0x00001db5      0x675 ./SDK/startup/hardware.o
 .debug_info    0x0000242a      0x120 ./SDK/startup/main.o
 .debug_info    0x0000254a       0x3b ./SDK/startup/semihost_hardfault.o
 .debug_info    0x00002585      0xc71 ./SDK/startup/startup_mk64f12.o
 .debug_info    0x000031f6      0x608 ./SDK/CMSIS/system_MK64F12.o

.debug_abbrev   0x00000000      0xbd3
 .debug_abbrev  0x00000000       0x65 ./source/App.o
 .debug_abbrev  0x00000065      0x19c ./source/SysTick.o
 .debug_abbrev  0x00000201      0x34a ./source/gpio.o
 .debug_abbrev  0x0000054b      0x122 ./source/magnetCardDecode.o
 .debug_abbrev  0x0000066d       0xdf ./source/magnetLectorDriver.o
 .debug_abbrev  0x0000074c      0x138 ./SDK/startup/hardware.o
 .debug_abbrev  0x00000884       0x9b ./SDK/startup/main.o
 .debug_abbrev  0x0000091f       0x2f ./SDK/startup/semihost_hardfault.o
 .debug_abbrev  0x0000094e      0x13b ./SDK/startup/startup_mk64f12.o
 .debug_abbrev  0x00000a89      0x14a ./SDK/CMSIS/system_MK64F12.o

.debug_aranges  0x00000000      0x550
 .debug_aranges
                0x00000000       0x28 ./source/App.o
 .debug_aranges
                0x00000028       0x28 ./source/SysTick.o
 .debug_aranges
                0x00000050       0xb8 ./source/gpio.o
 .debug_aranges
                0x00000108       0x40 ./source/magnetCardDecode.o
 .debug_aranges
                0x00000148       0x38 ./source/magnetLectorDriver.o
 .debug_aranges
                0x00000180       0x30 ./SDK/startup/hardware.o
 .debug_aranges
                0x000001b0       0x20 ./SDK/startup/main.o
 .debug_aranges
                0x000001d0       0x20 ./SDK/startup/semihost_hardfault.o
 .debug_aranges
                0x000001f0      0x330 ./SDK/startup/startup_mk64f12.o
 .debug_aranges
                0x00000520       0x30 ./SDK/CMSIS/system_MK64F12.o

.debug_ranges   0x00000000      0x4b0
 .debug_ranges  0x00000000       0x18 ./source/App.o
 .debug_ranges  0x00000018       0x18 ./source/SysTick.o
 .debug_ranges  0x00000030       0xa8 ./source/gpio.o
 .debug_ranges  0x000000d8       0x30 ./source/magnetCardDecode.o
 .debug_ranges  0x00000108       0x28 ./source/magnetLectorDriver.o
 .debug_ranges  0x00000130       0x20 ./SDK/startup/hardware.o
 .debug_ranges  0x00000150       0x10 ./SDK/startup/main.o
 .debug_ranges  0x00000160       0x10 ./SDK/startup/semihost_hardfault.o
 .debug_ranges  0x00000170      0x320 ./SDK/startup/startup_mk64f12.o
 .debug_ranges  0x00000490       0x20 ./SDK/CMSIS/system_MK64F12.o

.debug_macro    0x00000000    0x1228c
 .debug_macro   0x00000000       0x15 ./source/App.o
 .debug_macro   0x00000015      0xa5a ./source/App.o
 .debug_macro   0x00000a6f       0x96 ./source/SysTick.o
 .debug_macro   0x00000b05       0x22 ./source/SysTick.o
 .debug_macro   0x00000b27       0x5c ./source/SysTick.o
 .debug_macro   0x00000b83      0x34e ./source/SysTick.o
 .debug_macro   0x00000ed1       0x1c ./source/SysTick.o
 .debug_macro   0x00000eed       0x22 ./source/SysTick.o
 .debug_macro   0x00000f0f       0xdf ./source/SysTick.o
 .debug_macro   0x00000fee      0xecf ./source/SysTick.o
 .debug_macro   0x00001ebd       0x48 ./source/SysTick.o
 .debug_macro   0x00001f05     0xe07b ./source/SysTick.o
 .debug_macro   0x0000ff80      0x174 ./source/SysTick.o
 .debug_macro   0x000100f4       0xa4 ./source/gpio.o
 .debug_macro   0x00010198       0x3a ./source/gpio.o
 .debug_macro   0x000101d2       0x63 ./source/magnetCardDecode.o
 .debug_macro   0x00010235      0xa5a ./source/magnetCardDecode.o
 .debug_macro   0x00010c8f       0x1c ./source/magnetCardDecode.o
 .debug_macro   0x00010cab       0xd0 ./source/magnetCardDecode.o
 .debug_macro   0x00010d7b       0x60 ./source/magnetLectorDriver.o
 .debug_macro   0x00010ddb       0x22 ./source/magnetLectorDriver.o
 .debug_macro   0x00010dfd       0x52 ./source/magnetLectorDriver.o
 .debug_macro   0x00010e4f       0x9c ./SDK/startup/hardware.o
 .debug_macro   0x00010eeb       0x10 ./SDK/startup/hardware.o
 .debug_macro   0x00010efb     0x122b ./SDK/startup/hardware.o
 .debug_macro   0x00012126       0x16 ./SDK/startup/hardware.o
 .debug_macro   0x0001213c       0x9c ./SDK/startup/main.o
 .debug_macro   0x000121d8       0x11 ./SDK/startup/semihost_hardfault.o
 .debug_macro   0x000121e9       0x23 ./SDK/startup/startup_mk64f12.o
 .debug_macro   0x0001220c       0x80 ./SDK/CMSIS/system_MK64F12.o

.debug_line     0x00000000     0x14a8
 .debug_line    0x00000000       0x69 ./source/App.o
 .debug_line    0x00000069      0x163 ./source/SysTick.o
 .debug_line    0x000001cc      0x30d ./source/gpio.o
 .debug_line    0x000004d9      0x24c ./source/magnetCardDecode.o
 .debug_line    0x00000725      0x148 ./source/magnetLectorDriver.o
 .debug_line    0x0000086d      0x1d1 ./SDK/startup/hardware.o
 .debug_line    0x00000a3e      0x175 ./SDK/startup/main.o
 .debug_line    0x00000bb3       0x55 ./SDK/startup/semihost_hardfault.o
 .debug_line    0x00000c08      0x6d8 ./SDK/startup/startup_mk64f12.o
 .debug_line    0x000012e0      0x1c8 ./SDK/CMSIS/system_MK64F12.o

.debug_str      0x00000000    0x79075
 .debug_str     0x00000000     0x2d3b ./source/App.o
 .debug_str     0x00002d3b    0x6de78 ./source/SysTick.o
                              0x70dbe (size before relaxing)
 .debug_str     0x00070bb3      0x463 ./source/gpio.o
                              0x70e5b (size before relaxing)
 .debug_str     0x00071016      0x8f9 ./source/magnetCardDecode.o
                               0x403e (size before relaxing)
 .debug_str     0x0007190f      0x23c ./source/magnetLectorDriver.o
                               0x3c6f (size before relaxing)
 .debug_str     0x00071b4b     0x6cb1 ./SDK/startup/hardware.o
                              0x77209 (size before relaxing)
 .debug_str     0x000787fc       0x1b ./SDK/startup/main.o
                              0x7701f (size before relaxing)
 .debug_str     0x00078817       0x36 ./SDK/startup/semihost_hardfault.o
                               0x2d43 (size before relaxing)
 .debug_str     0x0007884d      0x7d1 ./SDK/startup/startup_mk64f12.o
                               0x35b2 (size before relaxing)
 .debug_str     0x0007901e       0x57 ./SDK/CMSIS/system_MK64F12.o
                              0x77118 (size before relaxing)

.comment        0x00000000       0x7e
 .comment       0x00000000       0x7e ./source/App.o
                                 0x7f (size before relaxing)
 .comment       0x0000007e       0x7f ./source/SysTick.o
 .comment       0x0000007e       0x7f ./source/gpio.o
 .comment       0x0000007e       0x7f ./source/magnetCardDecode.o
 .comment       0x0000007e       0x7f ./source/magnetLectorDriver.o
 .comment       0x0000007e       0x7f ./SDK/startup/hardware.o
 .comment       0x0000007e       0x7f ./SDK/startup/main.o
 .comment       0x0000007e       0x7f ./SDK/startup/semihost_hardfault.o
 .comment       0x0000007e       0x7f ./SDK/startup/startup_mk64f12.o
 .comment       0x0000007e       0x7f ./SDK/CMSIS/system_MK64F12.o

.ARM.attributes
                0x00000000       0x39
 .ARM.attributes
                0x00000000       0x39 ./source/App.o
 .ARM.attributes
                0x00000039       0x39 ./source/SysTick.o
 .ARM.attributes
                0x00000072       0x39 ./source/gpio.o
 .ARM.attributes
                0x000000ab       0x39 ./source/magnetCardDecode.o
 .ARM.attributes
                0x000000e4       0x39 ./source/magnetLectorDriver.o
 .ARM.attributes
                0x0000011d       0x39 ./SDK/startup/hardware.o
 .ARM.attributes
                0x00000156       0x39 ./SDK/startup/main.o
 .ARM.attributes
                0x0000018f       0x39 ./SDK/startup/semihost_hardfault.o
 .ARM.attributes
                0x000001c8       0x39 ./SDK/startup/startup_mk64f12.o
 .ARM.attributes
                0x00000201       0x39 ./SDK/CMSIS/system_MK64F12.o

.debug_frame    0x00000000      0xd98
 .debug_frame   0x00000000       0x38 ./source/App.o
 .debug_frame   0x00000038       0x38 ./source/SysTick.o
 .debug_frame   0x00000070      0x210 ./source/gpio.o
 .debug_frame   0x00000280       0xd4 ./source/magnetCardDecode.o
 .debug_frame   0x00000354       0x70 ./source/magnetLectorDriver.o
 .debug_frame   0x000003c4       0x40 ./SDK/startup/hardware.o
 .debug_frame   0x00000404       0x28 ./SDK/startup/main.o
 .debug_frame   0x0000042c       0x20 ./SDK/startup/semihost_hardfault.o
 .debug_frame   0x0000044c      0x904 ./SDK/startup/startup_mk64f12.o
 .debug_frame   0x00000d50       0x48 ./SDK/CMSIS/system_MK64F12.o

.debug_loc      0x00000000      0xa17
 .debug_loc     0x00000000       0x6b ./source/SysTick.o
 .debug_loc     0x0000006b      0x701 ./source/gpio.o
 .debug_loc     0x0000076c      0x1e7 ./SDK/startup/startup_mk64f12.o
 .debug_loc     0x00000953       0xc4 ./SDK/CMSIS/system_MK64F12.o
