Archive member included to satisfy reference by file (symbol)

c:/nxp/mcuxpressoide_10.2.0_759/ide/tools/bin/../lib/gcc/arm-none-eabi/7.2.1/../../../../arm-none-eabi/lib/thumb/v7e-m/fpv4-sp/hard\libcr_c.a(memcpy.o)
                              ./source/magnetCardLector.o (memcpy)
c:/nxp/mcuxpressoide_10.2.0_759/ide/tools/bin/../lib/gcc/arm-none-eabi/7.2.1/thumb/v7e-m/fpv4-sp/hard\libcr_eabihelpers.a(memcpy.o)
                              c:/nxp/mcuxpressoide_10.2.0_759/ide/tools/bin/../lib/gcc/arm-none-eabi/7.2.1/../../../../arm-none-eabi/lib/thumb/v7e-m/fpv4-sp/hard\libcr_c.a(memcpy.o) (__aeabi_memcpy)

Discarded input sections

 .group         0x00000000        0xc ./source/App.o
 .group         0x00000000        0xc ./source/App.o
 .group         0x00000000        0xc ./source/App.o
 .group         0x00000000        0xc ./source/App.o
 .group         0x00000000        0xc ./source/App.o
 .text          0x00000000        0x0 ./source/App.o
 .data          0x00000000        0x0 ./source/App.o
 .bss           0x00000000        0x0 ./source/App.o
 .bss.dataLector
                0x00000000       0xd0 ./source/App.o
 .group         0x00000000        0xc ./source/SysTick.o
 .group         0x00000000        0xc ./source/SysTick.o
 .group         0x00000000        0xc ./source/SysTick.o
 .group         0x00000000        0xc ./source/SysTick.o
 .group         0x00000000        0xc ./source/SysTick.o
 .group         0x00000000        0xc ./source/SysTick.o
 .group         0x00000000        0xc ./source/SysTick.o
 .group         0x00000000        0xc ./source/SysTick.o
 .group         0x00000000        0xc ./source/SysTick.o
 .group         0x00000000        0xc ./source/SysTick.o
 .group         0x00000000        0xc ./source/SysTick.o
 .text          0x00000000        0x0 ./source/SysTick.o
 .data          0x00000000        0x0 ./source/SysTick.o
 .bss           0x00000000        0x0 ./source/SysTick.o
 .debug_macro   0x00000000      0xa5a ./source/SysTick.o
 .debug_macro   0x00000000       0x22 ./source/SysTick.o
 .group         0x00000000        0xc ./source/doorManagement.o
 .group         0x00000000        0xc ./source/doorManagement.o
 .group         0x00000000        0xc ./source/doorManagement.o
 .group         0x00000000        0xc ./source/doorManagement.o
 .group         0x00000000        0xc ./source/doorManagement.o
 .text          0x00000000        0x0 ./source/doorManagement.o
 .data          0x00000000        0x0 ./source/doorManagement.o
 .bss           0x00000000        0x0 ./source/doorManagement.o
 .text.openDoorTemporally
                0x00000000       0x1c ./source/doorManagement.o
 .text.closeAfterTimeOut
                0x00000000        0xe ./source/doorManagement.o
 .debug_macro   0x00000000      0xa5a ./source/doorManagement.o
 .debug_macro   0x00000000       0x10 ./source/doorManagement.o
 .debug_macro   0x00000000      0x34e ./source/doorManagement.o
 .debug_macro   0x00000000       0x22 ./source/doorManagement.o
 .group         0x00000000        0xc ./source/encoder.o
 .group         0x00000000        0xc ./source/encoder.o
 .group         0x00000000        0xc ./source/encoder.o
 .group         0x00000000        0xc ./source/encoder.o
 .group         0x00000000        0xc ./source/encoder.o
 .text          0x00000000        0x0 ./source/encoder.o
 .data          0x00000000        0x0 ./source/encoder.o
 .bss           0x00000000        0x0 ./source/encoder.o
 .text.isEncEventValid
                0x00000000       0x10 ./source/encoder.o
 .debug_macro   0x00000000      0xa5a ./source/encoder.o
 .debug_macro   0x00000000       0x22 ./source/encoder.o
 .debug_macro   0x00000000       0x10 ./source/encoder.o
 .debug_macro   0x00000000      0x34e ./source/encoder.o
 .group         0x00000000        0xc ./source/encoderDecoder.o
 .group         0x00000000        0xc ./source/encoderDecoder.o
 .group         0x00000000        0xc ./source/encoderDecoder.o
 .group         0x00000000        0xc ./source/encoderDecoder.o
 .text          0x00000000        0x0 ./source/encoderDecoder.o
 .data          0x00000000        0x0 ./source/encoderDecoder.o
 .bss           0x00000000        0x0 ./source/encoderDecoder.o
 .text.isClockwise
                0x00000000       0x30 ./source/encoderDecoder.o
 .text.readRotation
                0x00000000        0xe ./source/encoderDecoder.o
 .text.isValid  0x00000000       0x20 ./source/encoderDecoder.o
 .text.wasThereChange
                0x00000000       0x30 ./source/encoderDecoder.o
 .debug_macro   0x00000000      0xa5a ./source/encoderDecoder.o
 .debug_macro   0x00000000       0x22 ./source/encoderDecoder.o
 .debug_macro   0x00000000      0x34e ./source/encoderDecoder.o
 .debug_macro   0x00000000       0x16 ./source/encoderDecoder.o
 .group         0x00000000        0xc ./source/encoderHAL.o
 .group         0x00000000        0xc ./source/encoderHAL.o
 .group         0x00000000        0xc ./source/encoderHAL.o
 .group         0x00000000        0xc ./source/encoderHAL.o
 .group         0x00000000        0xc ./source/encoderHAL.o
 .text          0x00000000        0x0 ./source/encoderHAL.o
 .data          0x00000000        0x0 ./source/encoderHAL.o
 .bss           0x00000000        0x0 ./source/encoderHAL.o
 .debug_macro   0x00000000      0xa5a ./source/encoderHAL.o
 .debug_macro   0x00000000       0x22 ./source/encoderHAL.o
 .debug_macro   0x00000000      0x34e ./source/encoderHAL.o
 .debug_macro   0x00000000       0x10 ./source/encoderHAL.o
 .group         0x00000000        0xc ./source/gpio.o
 .group         0x00000000        0xc ./source/gpio.o
 .group         0x00000000        0xc ./source/gpio.o
 .group         0x00000000        0xc ./source/gpio.o
 .group         0x00000000        0xc ./source/gpio.o
 .group         0x00000000        0xc ./source/gpio.o
 .group         0x00000000        0xc ./source/gpio.o
 .group         0x00000000        0xc ./source/gpio.o
 .group         0x00000000        0xc ./source/gpio.o
 .group         0x00000000        0xc ./source/gpio.o
 .group         0x00000000        0xc ./source/gpio.o
 .text          0x00000000        0x0 ./source/gpio.o
 .data          0x00000000        0x0 ./source/gpio.o
 .bss           0x00000000        0x0 ./source/gpio.o
 .text.clockGating
                0x00000000       0x50 ./source/gpio.o
 .text.isPinValid
                0x00000000        0xa ./source/gpio.o
 .text.setPCRmux
                0x00000000       0x16 ./source/gpio.o
 .text.setPCRpullEnable
                0x00000000        0xe ./source/gpio.o
 .text.setPCRpullUp
                0x00000000        0xe ./source/gpio.o
 .text.setPCRpullDown
                0x00000000        0xe ./source/gpio.o
 .text.setGPIOddr
                0x00000000        0xa ./source/gpio.o
 .debug_macro   0x00000000      0xa5a ./source/gpio.o
 .debug_macro   0x00000000      0x34e ./source/gpio.o
 .debug_macro   0x00000000       0x22 ./source/gpio.o
 .debug_macro   0x00000000       0x3a ./source/gpio.o
 .debug_macro   0x00000000       0x5c ./source/gpio.o
 .debug_macro   0x00000000       0x1c ./source/gpio.o
 .debug_macro   0x00000000       0x22 ./source/gpio.o
 .debug_macro   0x00000000       0xdf ./source/gpio.o
 .debug_macro   0x00000000      0xecf ./source/gpio.o
 .debug_macro   0x00000000       0x48 ./source/gpio.o
 .debug_macro   0x00000000     0xe07b ./source/gpio.o
 .group         0x00000000        0xc ./source/magnetCardDecode.o
 .group         0x00000000        0xc ./source/magnetCardDecode.o
 .group         0x00000000        0xc ./source/magnetCardDecode.o
 .group         0x00000000        0xc ./source/magnetCardDecode.o
 .group         0x00000000        0xc ./source/magnetCardDecode.o
 .group         0x00000000        0xc ./source/magnetCardDecode.o
 .text          0x00000000        0x0 ./source/magnetCardDecode.o
 .data          0x00000000        0x0 ./source/magnetCardDecode.o
 .bss           0x00000000        0x0 ./source/magnetCardDecode.o
 .rodata.track1
                0x00000000       0x18 ./source/magnetCardDecode.o
 .rodata.track2
                0x00000000       0x18 ./source/magnetCardDecode.o
 .rodata.track3
                0x00000000       0x18 ./source/magnetCardDecode.o
 .data.array2Tracks
                0x00000000        0xc ./source/magnetCardDecode.o
 .text.magnetDataParser
                0x00000000       0x68 ./source/magnetCardDecode.o
 .text.getTrackShaped
                0x00000000      0x128 ./source/magnetCardDecode.o
 .text.identifyCardSymbol
                0x00000000       0xa8 ./source/magnetCardDecode.o
 .text.shapeMagnetTrack
                0x00000000       0x4a ./source/magnetCardDecode.o
 .text.decodeTrackX
                0x00000000      0x2ae ./source/magnetCardDecode.o
 .debug_info    0x00000000      0x4a6 ./source/magnetCardDecode.o
 .debug_abbrev  0x00000000      0x108 ./source/magnetCardDecode.o
 .debug_aranges
                0x00000000       0x40 ./source/magnetCardDecode.o
 .debug_ranges  0x00000000       0x30 ./source/magnetCardDecode.o
 .debug_macro   0x00000000       0x72 ./source/magnetCardDecode.o
 .debug_macro   0x00000000      0xa5a ./source/magnetCardDecode.o
 .debug_macro   0x00000000      0x34e ./source/magnetCardDecode.o
 .debug_macro   0x00000000       0x22 ./source/magnetCardDecode.o
 .debug_macro   0x00000000       0xf4 ./source/magnetCardDecode.o
 .debug_macro   0x00000000       0x22 ./source/magnetCardDecode.o
 .debug_macro   0x00000000      0x174 ./source/magnetCardDecode.o
 .debug_line    0x00000000      0x27c ./source/magnetCardDecode.o
 .debug_str     0x00000000     0x44a0 ./source/magnetCardDecode.o
 .comment       0x00000000       0x7f ./source/magnetCardDecode.o
 .debug_frame   0x00000000       0xd4 ./source/magnetCardDecode.o
 .ARM.attributes
                0x00000000       0x39 ./source/magnetCardDecode.o
 .group         0x00000000        0xc ./source/magnetCardLector.o
 .group         0x00000000        0xc ./source/magnetCardLector.o
 .group         0x00000000        0xc ./source/magnetCardLector.o
 .group         0x00000000        0xc ./source/magnetCardLector.o
 .group         0x00000000        0xc ./source/magnetCardLector.o
 .group         0x00000000        0xc ./source/magnetCardLector.o
 .text          0x00000000        0x0 ./source/magnetCardLector.o
 .data          0x00000000        0x0 ./source/magnetCardLector.o
 .bss           0x00000000        0x0 ./source/magnetCardLector.o
 .text.someMagnetCard2Read
                0x00000000        0x8 ./source/magnetCardLector.o
 .text.getLectureDecoded
                0x00000000       0x3a ./source/magnetCardLector.o
 .debug_macro   0x00000000      0xa5a ./source/magnetCardLector.o
 .debug_macro   0x00000000       0x10 ./source/magnetCardLector.o
 .debug_macro   0x00000000      0x34e ./source/magnetCardLector.o
 .debug_macro   0x00000000       0x22 ./source/magnetCardLector.o
 .group         0x00000000        0xc ./source/magnetLectorHAL.o
 .group         0x00000000        0xc ./source/magnetLectorHAL.o
 .group         0x00000000        0xc ./source/magnetLectorHAL.o
 .group         0x00000000        0xc ./source/magnetLectorHAL.o
 .group         0x00000000        0xc ./source/magnetLectorHAL.o
 .group         0x00000000        0xc ./source/magnetLectorHAL.o
 .text          0x00000000        0x0 ./source/magnetLectorHAL.o
 .data          0x00000000        0x0 ./source/magnetLectorHAL.o
 .bss           0x00000000        0x0 ./source/magnetLectorHAL.o
 .text.getLectureEvent
                0x00000000       0x44 ./source/magnetLectorHAL.o
 .text.isEventinLectorQueue
                0x00000000       0x14 ./source/magnetLectorHAL.o
 .debug_macro   0x00000000      0xa5a ./source/magnetLectorHAL.o
 .debug_macro   0x00000000       0x2e ./source/magnetLectorHAL.o
 .debug_macro   0x00000000      0x34e ./source/magnetLectorHAL.o
 .debug_macro   0x00000000       0x22 ./source/magnetLectorHAL.o
 .debug_macro   0x00000000       0x3a ./source/magnetLectorHAL.o
 .debug_macro   0x00000000      0x174 ./source/magnetLectorHAL.o
 .group         0x00000000        0xc ./source/timer.o
 .group         0x00000000        0xc ./source/timer.o
 .group         0x00000000        0xc ./source/timer.o
 .group         0x00000000        0xc ./source/timer.o
 .text          0x00000000        0x0 ./source/timer.o
 .data          0x00000000        0x0 ./source/timer.o
 .bss           0x00000000        0x0 ./source/timer.o
 .text.EnableTimer
                0x00000000       0x10 ./source/timer.o
 .text.DisableTimer
                0x00000000       0x10 ./source/timer.o
 .text.RestartTimer
                0x00000000       0x10 ./source/timer.o
 .text.GetTimerCount
                0x00000000       0x10 ./source/timer.o
 .debug_macro   0x00000000      0xa5a ./source/timer.o
 .debug_macro   0x00000000       0x22 ./source/timer.o
 .debug_macro   0x00000000      0x34e ./source/timer.o
 .group         0x00000000        0xc ./SDK/startup/hardware.o
 .group         0x00000000        0xc ./SDK/startup/hardware.o
 .group         0x00000000        0xc ./SDK/startup/hardware.o
 .group         0x00000000        0xc ./SDK/startup/hardware.o
 .group         0x00000000        0xc ./SDK/startup/hardware.o
 .group         0x00000000        0xc ./SDK/startup/hardware.o
 .group         0x00000000        0xc ./SDK/startup/hardware.o
 .group         0x00000000        0xc ./SDK/startup/hardware.o
 .group         0x00000000        0xc ./SDK/startup/hardware.o
 .group         0x00000000        0xc ./SDK/startup/hardware.o
 .group         0x00000000        0xc ./SDK/startup/hardware.o
 .group         0x00000000        0xc ./SDK/startup/hardware.o
 .group         0x00000000        0xc ./SDK/startup/hardware.o
 .text          0x00000000        0x0 ./SDK/startup/hardware.o
 .data          0x00000000        0x0 ./SDK/startup/hardware.o
 .bss           0x00000000        0x0 ./SDK/startup/hardware.o
 .debug_macro   0x00000000      0xa5a ./SDK/startup/hardware.o
 .debug_macro   0x00000000      0x34e ./SDK/startup/hardware.o
 .debug_macro   0x00000000       0x22 ./SDK/startup/hardware.o
 .debug_macro   0x00000000       0x5c ./SDK/startup/hardware.o
 .debug_macro   0x00000000       0x1c ./SDK/startup/hardware.o
 .debug_macro   0x00000000       0x22 ./SDK/startup/hardware.o
 .debug_macro   0x00000000       0xdf ./SDK/startup/hardware.o
 .debug_macro   0x00000000      0xecf ./SDK/startup/hardware.o
 .debug_macro   0x00000000       0x48 ./SDK/startup/hardware.o
 .debug_macro   0x00000000     0xe07b ./SDK/startup/hardware.o
 .group         0x00000000        0xc ./SDK/startup/main.o
 .group         0x00000000        0xc ./SDK/startup/main.o
 .group         0x00000000        0xc ./SDK/startup/main.o
 .group         0x00000000        0xc ./SDK/startup/main.o
 .group         0x00000000        0xc ./SDK/startup/main.o
 .group         0x00000000        0xc ./SDK/startup/main.o
 .group         0x00000000        0xc ./SDK/startup/main.o
 .group         0x00000000        0xc ./SDK/startup/main.o
 .group         0x00000000        0xc ./SDK/startup/main.o
 .group         0x00000000        0xc ./SDK/startup/main.o
 .group         0x00000000        0xc ./SDK/startup/main.o
 .group         0x00000000        0xc ./SDK/startup/main.o
 .group         0x00000000        0xc ./SDK/startup/main.o
 .text          0x00000000        0x0 ./SDK/startup/main.o
 .data          0x00000000        0x0 ./SDK/startup/main.o
 .bss           0x00000000        0x0 ./SDK/startup/main.o
 .debug_macro   0x00000000      0xa5a ./SDK/startup/main.o
 .debug_macro   0x00000000      0x34e ./SDK/startup/main.o
 .debug_macro   0x00000000       0x22 ./SDK/startup/main.o
 .debug_macro   0x00000000       0x10 ./SDK/startup/main.o
 .debug_macro   0x00000000       0x5c ./SDK/startup/main.o
 .debug_macro   0x00000000       0x1c ./SDK/startup/main.o
 .debug_macro   0x00000000       0x22 ./SDK/startup/main.o
 .debug_macro   0x00000000       0xdf ./SDK/startup/main.o
 .debug_macro   0x00000000      0xecf ./SDK/startup/main.o
 .debug_macro   0x00000000       0x48 ./SDK/startup/main.o
 .debug_macro   0x00000000     0xe07b ./SDK/startup/main.o
 .debug_macro   0x00000000     0x122b ./SDK/startup/main.o
 .debug_macro   0x00000000       0x16 ./SDK/startup/main.o
 .group         0x00000000        0xc ./SDK/startup/semihost_hardfault.o
 .text          0x00000000        0x0 ./SDK/startup/semihost_hardfault.o
 .data          0x00000000        0x0 ./SDK/startup/semihost_hardfault.o
 .bss           0x00000000        0x0 ./SDK/startup/semihost_hardfault.o
 .debug_macro   0x00000000      0xa5a ./SDK/startup/semihost_hardfault.o
 .group         0x00000000        0xc ./SDK/startup/startup_mk64f12.o
 .text          0x00000000        0x0 ./SDK/startup/startup_mk64f12.o
 .data          0x00000000        0x0 ./SDK/startup/startup_mk64f12.o
 .bss           0x00000000        0x0 ./SDK/startup/startup_mk64f12.o
 .text.PORTA_IRQHandler
                0x00000000        0x8 ./SDK/startup/startup_mk64f12.o
 .text.PORTB_IRQHandler
                0x00000000        0x8 ./SDK/startup/startup_mk64f12.o
 .text.PORTC_IRQHandler
                0x00000000        0x8 ./SDK/startup/startup_mk64f12.o
 .text.PORTD_IRQHandler
                0x00000000        0x8 ./SDK/startup/startup_mk64f12.o
 .text.PORTE_IRQHandler
                0x00000000        0x8 ./SDK/startup/startup_mk64f12.o
 .debug_macro   0x00000000      0xa5a ./SDK/startup/startup_mk64f12.o
 .group         0x00000000        0xc ./SDK/CMSIS/system_MK64F12.o
 .group         0x00000000        0xc ./SDK/CMSIS/system_MK64F12.o
 .group         0x00000000        0xc ./SDK/CMSIS/system_MK64F12.o
 .group         0x00000000        0xc ./SDK/CMSIS/system_MK64F12.o
 .group         0x00000000        0xc ./SDK/CMSIS/system_MK64F12.o
 .group         0x00000000        0xc ./SDK/CMSIS/system_MK64F12.o
 .group         0x00000000        0xc ./SDK/CMSIS/system_MK64F12.o
 .group         0x00000000        0xc ./SDK/CMSIS/system_MK64F12.o
 .group         0x00000000        0xc ./SDK/CMSIS/system_MK64F12.o
 .group         0x00000000        0xc ./SDK/CMSIS/system_MK64F12.o
 .group         0x00000000        0xc ./SDK/CMSIS/system_MK64F12.o
 .text          0x00000000        0x0 ./SDK/CMSIS/system_MK64F12.o
 .data          0x00000000        0x0 ./SDK/CMSIS/system_MK64F12.o
 .bss           0x00000000        0x0 ./SDK/CMSIS/system_MK64F12.o
 .text.SystemCoreClockUpdate
                0x00000000      0x1a8 ./SDK/CMSIS/system_MK64F12.o
 .data.SystemCoreClock
                0x00000000        0x4 ./SDK/CMSIS/system_MK64F12.o
 .debug_macro   0x00000000      0xa5a ./SDK/CMSIS/system_MK64F12.o
 .debug_macro   0x00000000      0x34e ./SDK/CMSIS/system_MK64F12.o
 .debug_macro   0x00000000       0x10 ./SDK/CMSIS/system_MK64F12.o
 .debug_macro   0x00000000       0x5c ./SDK/CMSIS/system_MK64F12.o
 .debug_macro   0x00000000       0x1c ./SDK/CMSIS/system_MK64F12.o
 .debug_macro   0x00000000       0x22 ./SDK/CMSIS/system_MK64F12.o
 .debug_macro   0x00000000       0xdf ./SDK/CMSIS/system_MK64F12.o
 .debug_macro   0x00000000      0xecf ./SDK/CMSIS/system_MK64F12.o
 .debug_macro   0x00000000       0x48 ./SDK/CMSIS/system_MK64F12.o
 .debug_macro   0x00000000     0xe07b ./SDK/CMSIS/system_MK64F12.o
 .debug_macro   0x00000000     0x122b ./SDK/CMSIS/system_MK64F12.o
 .text          0x00000000        0x0 c:/nxp/mcuxpressoide_10.2.0_759/ide/tools/bin/../lib/gcc/arm-none-eabi/7.2.1/../../../../arm-none-eabi/lib/thumb/v7e-m/fpv4-sp/hard\libcr_c.a(memcpy.o)
 .data          0x00000000        0x0 c:/nxp/mcuxpressoide_10.2.0_759/ide/tools/bin/../lib/gcc/arm-none-eabi/7.2.1/../../../../arm-none-eabi/lib/thumb/v7e-m/fpv4-sp/hard\libcr_c.a(memcpy.o)
 .bss           0x00000000        0x0 c:/nxp/mcuxpressoide_10.2.0_759/ide/tools/bin/../lib/gcc/arm-none-eabi/7.2.1/../../../../arm-none-eabi/lib/thumb/v7e-m/fpv4-sp/hard\libcr_c.a(memcpy.o)
 .text.memcpy   0x00000000        0x4 c:/nxp/mcuxpressoide_10.2.0_759/ide/tools/bin/../lib/gcc/arm-none-eabi/7.2.1/../../../../arm-none-eabi/lib/thumb/v7e-m/fpv4-sp/hard\libcr_c.a(memcpy.o)
 .comment       0x00000000       0x7f c:/nxp/mcuxpressoide_10.2.0_759/ide/tools/bin/../lib/gcc/arm-none-eabi/7.2.1/../../../../arm-none-eabi/lib/thumb/v7e-m/fpv4-sp/hard\libcr_c.a(memcpy.o)
 .ARM.attributes
                0x00000000       0x39 c:/nxp/mcuxpressoide_10.2.0_759/ide/tools/bin/../lib/gcc/arm-none-eabi/7.2.1/../../../../arm-none-eabi/lib/thumb/v7e-m/fpv4-sp/hard\libcr_c.a(memcpy.o)
 .text          0x00000000        0x0 c:/nxp/mcuxpressoide_10.2.0_759/ide/tools/bin/../lib/gcc/arm-none-eabi/7.2.1/thumb/v7e-m/fpv4-sp/hard\libcr_eabihelpers.a(memcpy.o)
 .data          0x00000000        0x0 c:/nxp/mcuxpressoide_10.2.0_759/ide/tools/bin/../lib/gcc/arm-none-eabi/7.2.1/thumb/v7e-m/fpv4-sp/hard\libcr_eabihelpers.a(memcpy.o)
 .bss           0x00000000        0x0 c:/nxp/mcuxpressoide_10.2.0_759/ide/tools/bin/../lib/gcc/arm-none-eabi/7.2.1/thumb/v7e-m/fpv4-sp/hard\libcr_eabihelpers.a(memcpy.o)
 .text.__aeabi_memcpy
                0x00000000       0x34 c:/nxp/mcuxpressoide_10.2.0_759/ide/tools/bin/../lib/gcc/arm-none-eabi/7.2.1/thumb/v7e-m/fpv4-sp/hard\libcr_eabihelpers.a(memcpy.o)
 .text.__aeabi_memmove
                0x00000000       0x1c c:/nxp/mcuxpressoide_10.2.0_759/ide/tools/bin/../lib/gcc/arm-none-eabi/7.2.1/thumb/v7e-m/fpv4-sp/hard\libcr_eabihelpers.a(memcpy.o)
 .text.__aeabi_memset_lowlevel
                0x00000000       0x32 c:/nxp/mcuxpressoide_10.2.0_759/ide/tools/bin/../lib/gcc/arm-none-eabi/7.2.1/thumb/v7e-m/fpv4-sp/hard\libcr_eabihelpers.a(memcpy.o)
 .text.__aeabi_memclr
                0x00000000        0x8 c:/nxp/mcuxpressoide_10.2.0_759/ide/tools/bin/../lib/gcc/arm-none-eabi/7.2.1/thumb/v7e-m/fpv4-sp/hard\libcr_eabihelpers.a(memcpy.o)
 .text.__aeabi_memset
                0x00000000        0xa c:/nxp/mcuxpressoide_10.2.0_759/ide/tools/bin/../lib/gcc/arm-none-eabi/7.2.1/thumb/v7e-m/fpv4-sp/hard\libcr_eabihelpers.a(memcpy.o)
 .ARM.attributes
                0x00000000       0x25 c:/nxp/mcuxpressoide_10.2.0_759/ide/tools/bin/../lib/gcc/arm-none-eabi/7.2.1/thumb/v7e-m/fpv4-sp/hard\libcr_eabihelpers.a(memcpy.o)

Memory Configuration

Name             Origin             Length             Attributes
PROGRAM_FLASH    0x00000000         0x00100000         xr
SRAM_UPPER       0x20000000         0x00030000         xrw
SRAM_LOWER       0x1fff0000         0x00010000         xrw
FLEX_RAM         0x14000000         0x00001000         xrw
*default*        0x00000000         0xffffffff

Linker script and memory map

LOAD ./source/App.o
LOAD ./source/SysTick.o
LOAD ./source/doorManagement.o
LOAD ./source/encoder.o
LOAD ./source/encoderDecoder.o
LOAD ./source/encoderHAL.o
LOAD ./source/gpio.o
LOAD ./source/magnetCardDecode.o
LOAD ./source/magnetCardLector.o
LOAD ./source/magnetLectorHAL.o
LOAD ./source/timer.o
LOAD ./SDK/startup/hardware.o
LOAD ./SDK/startup/main.o
LOAD ./SDK/startup/semihost_hardfault.o
LOAD ./SDK/startup/startup_mk64f12.o
LOAD ./SDK/CMSIS/system_MK64F12.o
START GROUP
LOAD c:/nxp/mcuxpressoide_10.2.0_759/ide/tools/bin/../lib/gcc/arm-none-eabi/7.2.1/../../../../arm-none-eabi/lib/thumb/v7e-m/fpv4-sp/hard\libcr_c.a
LOAD c:/nxp/mcuxpressoide_10.2.0_759/ide/tools/bin/../lib/gcc/arm-none-eabi/7.2.1/thumb/v7e-m/fpv4-sp/hard\libcr_eabihelpers.a
END GROUP
                0x00000000                __base_PROGRAM_FLASH = 0x0
                0x00000000                __base_Flash = 0x0
                0x00100000                __top_PROGRAM_FLASH = 0x100000
                0x00100000                __top_Flash = 0x100000
                0x20000000                __base_SRAM_UPPER = 0x20000000
                0x20000000                __base_RAM = 0x20000000
                0x20030000                __top_SRAM_UPPER = 0x20030000
                0x20030000                __top_RAM = 0x20030000
                0x1fff0000                __base_SRAM_LOWER = 0x1fff0000
                0x1fff0000                __base_RAM2 = 0x1fff0000
                0x20000000                __top_SRAM_LOWER = 0x20000000
                0x20000000                __top_RAM2 = 0x20000000
                0x14000000                __base_FLEX_RAM = 0x14000000
                0x14000000                __base_RAM3 = 0x14000000
                0x14001000                __top_FLEX_RAM = 0x14001000
                0x14001000                __top_RAM3 = 0x14001000

.text           0x00000000     0x10f0
 FILL mask 0xff
                0x00000000                __vectors_start__ = ABSOLUTE (.)
 *(SORT_BY_ALIGNMENT(.isr_vector))
 .isr_vector    0x00000000      0x198 ./SDK/startup/startup_mk64f12.o
                0x00000000                g_pfnVectors
                0x00000000                __Vectors
                0x00000198                . = ALIGN (0x4)
                0x00000198                __section_table_start = .
                0x00000198                __data_section_table = .
                0x00000198        0x4 LONG 0x10f0 LOADADDR (.data)
                0x0000019c        0x4 LONG 0x20000000 ADDR (.data)
                0x000001a0        0x4 LONG 0x0 SIZEOF (.data)
                0x000001a4        0x4 LONG 0x10f0 LOADADDR (.data_RAM2)
                0x000001a8        0x4 LONG 0x1fff0000 ADDR (.data_RAM2)
                0x000001ac        0x4 LONG 0x0 SIZEOF (.data_RAM2)
                0x000001b0        0x4 LONG 0x10f0 LOADADDR (.data_RAM3)
                0x000001b4        0x4 LONG 0x14000000 ADDR (.data_RAM3)
                0x000001b8        0x4 LONG 0x0 SIZEOF (.data_RAM3)
                0x000001bc                __data_section_table_end = .
                0x000001bc                __bss_section_table = .
                0x000001bc        0x4 LONG 0x20000000 ADDR (.bss)
                0x000001c0        0x4 LONG 0x1d48 SIZEOF (.bss)
                0x000001c4        0x4 LONG 0x1fff0000 ADDR (.bss_RAM2)
                0x000001c8        0x4 LONG 0x0 SIZEOF (.bss_RAM2)
                0x000001cc        0x4 LONG 0x14000000 ADDR (.bss_RAM3)
                0x000001d0        0x4 LONG 0x0 SIZEOF (.bss_RAM3)
                0x000001d4                __bss_section_table_end = .
                0x000001d4                __section_table_end = .
 *(SORT_BY_ALIGNMENT(.after_vectors*))
 .after_vectors.reset
                0x000001d4       0x4c ./SDK/startup/startup_mk64f12.o
                0x000001d4                ResetISR
 .after_vectors
                0x00000220       0x14 ./SDK/startup/startup_mk64f12.o
                0x00000220                NMI_Handler
                0x00000224                MemManage_Handler
                0x00000226                BusFault_Handler
                0x00000228                UsageFault_Handler
                0x0000022a                SVC_Handler
                0x0000022c                DebugMon_Handler
                0x0000022e                PendSV_Handler
                0x00000232                DMA_Error_DriverIRQHandler
                0x00000232                LPTMR0_DriverIRQHandler
                0x00000232                FTM1_DriverIRQHandler
                0x00000232                FTM2_DriverIRQHandler
                0x00000232                PIT2_DriverIRQHandler
                0x00000232                SDHC_DriverIRQHandler
                0x00000232                I2S0_Tx_DriverIRQHandler
                0x00000232                RTC_Seconds_DriverIRQHandler
                0x00000232                DMA6_DriverIRQHandler
                0x00000232                LLWU_DriverIRQHandler
                0x00000232                MCM_DriverIRQHandler
                0x00000232                MCG_DriverIRQHandler
                0x00000232                ENET_1588_Timer_DriverIRQHandler
                0x00000232                I2C2_DriverIRQHandler
                0x00000232                DAC1_DriverIRQHandler
                0x00000232                SPI1_DriverIRQHandler
                0x00000232                CMP1_DriverIRQHandler
                0x00000232                UART5_RX_TX_DriverIRQHandler
                0x00000232                FTM0_DriverIRQHandler
                0x00000232                IntDefaultHandler
                0x00000232                USB0_DriverIRQHandler
                0x00000232                UART5_ERR_DriverIRQHandler
                0x00000232                PORTC_DriverIRQHandler
                0x00000232                DMA11_DriverIRQHandler
                0x00000232                DAC0_DriverIRQHandler
                0x00000232                DMA10_DriverIRQHandler
                0x00000232                CMP2_DriverIRQHandler
                0x00000232                UART2_ERR_DriverIRQHandler
                0x00000232                SPI2_DriverIRQHandler
                0x00000232                LVD_LVW_DriverIRQHandler
                0x00000232                PIT0_DriverIRQHandler
                0x00000232                RNG_DriverIRQHandler
                0x00000232                DMA5_DriverIRQHandler
                0x00000232                DMA12_DriverIRQHandler
                0x00000232                UART2_RX_TX_DriverIRQHandler
                0x00000232                USBDCD_DriverIRQHandler
                0x00000232                UART3_ERR_DriverIRQHandler
                0x00000232                DMA3_DriverIRQHandler
                0x00000232                DMA8_DriverIRQHandler
                0x00000232                DMA9_DriverIRQHandler
                0x00000232                UART0_ERR_DriverIRQHandler
                0x00000232                CMT_DriverIRQHandler
                0x00000232                Reserved71_DriverIRQHandler
                0x00000232                ADC1_DriverIRQHandler
                0x00000232                PORTA_DriverIRQHandler
                0x00000232                DMA14_DriverIRQHandler
                0x00000232                PIT3_DriverIRQHandler
                0x00000232                PIT1_DriverIRQHandler
                0x00000232                WDOG_EWM_DriverIRQHandler
                0x00000232                PDB0_DriverIRQHandler
                0x00000232                RTC_DriverIRQHandler
                0x00000232                I2S0_Rx_DriverIRQHandler
                0x00000232                Read_Collision_DriverIRQHandler
                0x00000232                SWI_DriverIRQHandler
                0x00000232                UART4_RX_TX_DriverIRQHandler
                0x00000232                UART4_ERR_DriverIRQHandler
                0x00000232                PORTB_DriverIRQHandler
                0x00000232                UART0_LON_DriverIRQHandler
                0x00000232                DMA0_DriverIRQHandler
                0x00000232                DMA1_DriverIRQHandler
                0x00000232                I2C1_DriverIRQHandler
                0x00000232                UART3_RX_TX_DriverIRQHandler
                0x00000232                ENET_Receive_DriverIRQHandler
                0x00000232                DMA13_DriverIRQHandler
                0x00000232                ENET_Error_DriverIRQHandler
                0x00000232                DMA15_DriverIRQHandler
                0x00000232                UART0_RX_TX_DriverIRQHandler
                0x00000232                SPI0_DriverIRQHandler
                0x00000232                ADC0_DriverIRQHandler
                0x00000232                CMP0_DriverIRQHandler
                0x00000232                CAN0_DriverIRQHandler
                0x00000232                FTM3_DriverIRQHandler
                0x00000232                DMA4_DriverIRQHandler
                0x00000232                UART1_ERR_DriverIRQHandler
                0x00000232                DMA2_DriverIRQHandler
                0x00000232                ENET_Transmit_DriverIRQHandler
                0x00000232                PORTD_DriverIRQHandler
                0x00000232                PORTE_DriverIRQHandler
                0x00000232                FTFE_DriverIRQHandler
                0x00000232                I2C0_DriverIRQHandler
                0x00000232                DMA7_DriverIRQHandler
                0x00000232                UART1_RX_TX_DriverIRQHandler
 .after_vectors.init_data
                0x00000234       0x1e ./SDK/startup/startup_mk64f12.o
                0x00000234                data_init
 .after_vectors.init_bss
                0x00000252       0x12 ./SDK/startup/startup_mk64f12.o
                0x00000252                bss_init
                0x00000400                . = 0x400
 *fill*         0x00000264      0x19c ff
                0x00000400                PROVIDE (__FLASH_CONFIG_START__, .)
 *(SORT_BY_ALIGNMENT(.FlashConfig))
 .FlashConfig   0x00000400       0x10 ./SDK/startup/startup_mk64f12.o
                0x00000400                Flash_Config
                0x00000410                PROVIDE (__FLASH_CONFIG_END__, .)
                0x00000001                ASSERT (! ((__FLASH_CONFIG_START__ == __FLASH_CONFIG_END__)), Linker Flash Config Support Enabled, but no .FlashConfig section provided within application)
 *(SORT_BY_ALIGNMENT(.text*))
 .text.App_Run  0x00000410       0x40 ./source/App.o
                0x00000410                App_Run
 .text.SysTick_Init
                0x00000450       0x2c ./source/SysTick.o
                0x00000450                SysTick_Init
 .text.SysTick_Handler
                0x0000047c       0x10 ./source/SysTick.o
                0x0000047c                SysTick_Handler
 .text.setEncCallbacks
                0x0000048c       0x28 ./source/encoder.o
                0x0000048c                setEncCallbacks
 .text.initializeEncoderQueue
                0x000004b4       0x14 ./source/encoder.o
                0x000004b4                initializeEncoderQueue
 .text.initializeEncoder
                0x000004c8       0x50 ./source/encoder.o
                0x000004c8                initializeEncoder
 .text.popEncoderEvent
                0x00000518       0x40 ./source/encoder.o
                0x00000518                popEncoderEvent
 .text.pushEncoderEvent
                0x00000558       0x3c ./source/encoder.o
                0x00000558                pushEncoderEvent
 .text.resetEdgeFlag
                0x00000594       0x10 ./source/encoderDecoder.o
                0x00000594                resetEdgeFlag
 .text.updateData
                0x000005a4       0x18 ./source/encoderDecoder.o
                0x000005a4                updateData
 .text.decodeEncoder
                0x000005bc       0x44 ./source/encoderDecoder.o
                0x000005bc                decodeEncoder
 .text.resetData
                0x00000600       0x14 ./source/encoderDecoder.o
                0x00000600                resetData
 .text.checkEnterRisingEdge
                0x00000614        0xc ./source/encoderDecoder.o
                0x00000614                checkEnterRisingEdge
 .text.checkEnterFallingEdge
                0x00000620       0x10 ./source/encoderDecoder.o
                0x00000620                checkEnterFallingEdge
 .text.encTimerRoutine
                0x00000630       0x18 ./source/encoderHAL.o
                0x00000630                encTimerRoutine
 .text.initializeEncoderHAL
                0x00000648       0x60 ./source/encoderHAL.o
                0x00000648                initializeEncoderHAL
 .text.resetEncoderTimerCount
                0x000006a8        0xc ./source/encoderHAL.o
                0x000006a8                resetEncoderTimerCount
 .text.getEncTimerCount
                0x000006b4        0xc ./source/encoderHAL.o
                0x000006b4                getEncTimerCount
 .text.PORTX_IRQHandler
                0x000006c0       0x54 ./source/gpio.o
                0x000006c0                PORTX_IRQHandler
 .text.gpioMode
                0x00000714       0x98 ./source/gpio.o
                0x00000714                gpioMode
 .text.gpioToggle
                0x000007ac       0x40 ./source/gpio.o
                0x000007ac                gpioToggle
 .text.gpioRead
                0x000007ec       0x3c ./source/gpio.o
                0x000007ec                gpioRead
 .text.setPassiveFilter
                0x00000828       0x38 ./source/gpio.o
                0x00000828                setPassiveFilter
 .text.gpioWrite
                0x00000860       0x40 ./source/gpio.o
                0x00000860                gpioWrite
 .text.gpioIRQ  0x000008a0       0x98 ./source/gpio.o
                0x000008a0                gpioIRQ
 .text.enableRoutine
                0x00000938       0x5c ./source/magnetLectorHAL.o
                0x00000938                enableRoutine
 .text.clockRoutine
                0x00000994       0x3c ./source/magnetLectorHAL.o
                0x00000994                clockRoutine
 .text.initLectorQueue
                0x000009d0       0x14 ./source/magnetLectorHAL.o
                0x000009d0                initLectorQueue
 .text.hwLectorInit
                0x000009e4       0x44 ./source/magnetLectorHAL.o
                0x000009e4                hwLectorInit
 .text.sysTickCallback
                0x00000a28       0x34 ./source/timer.o
                0x00000a28                sysTickCallback
 .text.InitializeTimers
                0x00000a5c       0x3c ./source/timer.o
                0x00000a5c                InitializeTimers
 .text.SetTimer
                0x00000a98       0x30 ./source/timer.o
                0x00000a98                SetTimer
 .text.hw_Init  0x00000ac8       0xc0 ./SDK/startup/hardware.o
                0x00000ac8                hw_Init
 .text.hw_EnableInterrupts
                0x00000b88       0x18 ./SDK/startup/hardware.o
                0x00000b88                hw_EnableInterrupts
 .text.hw_DisableInterrupts
                0x00000ba0       0x10 ./SDK/startup/hardware.o
                0x00000ba0                hw_DisableInterrupts
 .text.SystemInit
                0x00000bb0       0x34 ./SDK/CMSIS/system_MK64F12.o
                0x00000bb0                SystemInit
 .text.App_Init
                0x00000be4       0x10 ./source/App.o
                0x00000be4                App_Init
 .text.openDoor
                0x00000bf4        0xc ./source/doorManagement.o
                0x00000bf4                openDoor
 .text.closeDoor
                0x00000c00        0xc ./source/doorManagement.o
                0x00000c00                closeDoor
 .text.doorInit
                0x00000c0c       0x14 ./source/doorManagement.o
                0x00000c0c                doorInit
 .text.toggleDoor
                0x00000c20        0xa ./source/doorManagement.o
                0x00000c20                toggleDoor
 .text.signalACallback
                0x00000c2a       0x52 ./source/encoder.o
                0x00000c2a                signalACallback
 .text.signalBCallback
                0x00000c7c       0x52 ./source/encoder.o
                0x00000c7c                signalBCallback
 .text.signalCCallback
                0x00000cce       0x62 ./source/encoder.o
                0x00000cce                signalCCallback
 .text.readEncoderSignalX
                0x00000d30       0x28 ./source/encoderHAL.o
                0x00000d30                readEncoderSignalX
 .text.setSignalCallback
                0x00000d58       0x32 ./source/encoderHAL.o
                0x00000d58                setSignalCallback
 .text.PORTA_IRQHandler
                0x00000d8a        0xa ./source/gpio.o
                0x00000d8a                PORTA_IRQHandler
 .text.PORTB_IRQHandler
                0x00000d94        0xa ./source/gpio.o
                0x00000d94                PORTB_IRQHandler
 .text.PORTC_IRQHandler
                0x00000d9e        0xa ./source/gpio.o
                0x00000d9e                PORTC_IRQHandler
 .text.PORTD_IRQHandler
                0x00000da8        0xa ./source/gpio.o
                0x00000da8                PORTD_IRQHandler
 .text.PORTE_IRQHandler
                0x00000db2        0xa ./source/gpio.o
                0x00000db2                PORTE_IRQHandler
 .text.setGPIOdataOut
                0x00000dbc       0x1c ./source/gpio.o
                0x00000dbc                setGPIOdataOut
 .text.setPCRirqc
                0x00000dd8       0x16 ./source/gpio.o
                0x00000dd8                setPCRirqc
 .text.initMagnetCardLector
                0x00000dee        0x8 ./source/magnetCardLector.o
                0x00000dee                initMagnetCardLector
 .text.main     0x00000df6       0x18 ./SDK/startup/main.o
                0x00000df6                main
 .text.HardFault_Handler
                0x00000e0e       0x2a ./SDK/startup/semihost_hardfault.o
                0x00000e0e                HardFault_Handler
 .text.DMA0_IRQHandler
                0x00000e38        0x8 ./SDK/startup/startup_mk64f12.o
                0x00000e38                DMA0_IRQHandler
 .text.DMA1_IRQHandler
                0x00000e40        0x8 ./SDK/startup/startup_mk64f12.o
                0x00000e40                DMA1_IRQHandler
 .text.DMA2_IRQHandler
                0x00000e48        0x8 ./SDK/startup/startup_mk64f12.o
                0x00000e48                DMA2_IRQHandler
 .text.DMA3_IRQHandler
                0x00000e50        0x8 ./SDK/startup/startup_mk64f12.o
                0x00000e50                DMA3_IRQHandler
 .text.DMA4_IRQHandler
                0x00000e58        0x8 ./SDK/startup/startup_mk64f12.o
                0x00000e58                DMA4_IRQHandler
 .text.DMA5_IRQHandler
                0x00000e60        0x8 ./SDK/startup/startup_mk64f12.o
                0x00000e60                DMA5_IRQHandler
 .text.DMA6_IRQHandler
                0x00000e68        0x8 ./SDK/startup/startup_mk64f12.o
                0x00000e68                DMA6_IRQHandler
 .text.DMA7_IRQHandler
                0x00000e70        0x8 ./SDK/startup/startup_mk64f12.o
                0x00000e70                DMA7_IRQHandler
 .text.DMA8_IRQHandler
                0x00000e78        0x8 ./SDK/startup/startup_mk64f12.o
                0x00000e78                DMA8_IRQHandler
 .text.DMA9_IRQHandler
                0x00000e80        0x8 ./SDK/startup/startup_mk64f12.o
                0x00000e80                DMA9_IRQHandler
 .text.DMA10_IRQHandler
                0x00000e88        0x8 ./SDK/startup/startup_mk64f12.o
                0x00000e88                DMA10_IRQHandler
 .text.DMA11_IRQHandler
                0x00000e90        0x8 ./SDK/startup/startup_mk64f12.o
                0x00000e90                DMA11_IRQHandler
 .text.DMA12_IRQHandler
                0x00000e98        0x8 ./SDK/startup/startup_mk64f12.o
                0x00000e98                DMA12_IRQHandler
 .text.DMA13_IRQHandler
                0x00000ea0        0x8 ./SDK/startup/startup_mk64f12.o
                0x00000ea0                DMA13_IRQHandler
 .text.DMA14_IRQHandler
                0x00000ea8        0x8 ./SDK/startup/startup_mk64f12.o
                0x00000ea8                DMA14_IRQHandler
 .text.DMA15_IRQHandler
                0x00000eb0        0x8 ./SDK/startup/startup_mk64f12.o
                0x00000eb0                DMA15_IRQHandler
 .text.DMA_Error_IRQHandler
                0x00000eb8        0x8 ./SDK/startup/startup_mk64f12.o
                0x00000eb8                DMA_Error_IRQHandler
 .text.MCM_IRQHandler
                0x00000ec0        0x8 ./SDK/startup/startup_mk64f12.o
                0x00000ec0                MCM_IRQHandler
 .text.FTFE_IRQHandler
                0x00000ec8        0x8 ./SDK/startup/startup_mk64f12.o
                0x00000ec8                FTFE_IRQHandler
 .text.Read_Collision_IRQHandler
                0x00000ed0        0x8 ./SDK/startup/startup_mk64f12.o
                0x00000ed0                Read_Collision_IRQHandler
 .text.LVD_LVW_IRQHandler
                0x00000ed8        0x8 ./SDK/startup/startup_mk64f12.o
                0x00000ed8                LVD_LVW_IRQHandler
 .text.LLWU_IRQHandler
                0x00000ee0        0x8 ./SDK/startup/startup_mk64f12.o
                0x00000ee0                LLWU_IRQHandler
 .text.WDOG_EWM_IRQHandler
                0x00000ee8        0x8 ./SDK/startup/startup_mk64f12.o
                0x00000ee8                WDOG_EWM_IRQHandler
 .text.RNG_IRQHandler
                0x00000ef0        0x8 ./SDK/startup/startup_mk64f12.o
                0x00000ef0                RNG_IRQHandler
 .text.I2C0_IRQHandler
                0x00000ef8        0x8 ./SDK/startup/startup_mk64f12.o
                0x00000ef8                I2C0_IRQHandler
 .text.I2C1_IRQHandler
                0x00000f00        0x8 ./SDK/startup/startup_mk64f12.o
                0x00000f00                I2C1_IRQHandler
 .text.SPI0_IRQHandler
                0x00000f08        0x8 ./SDK/startup/startup_mk64f12.o
                0x00000f08                SPI0_IRQHandler
 .text.SPI1_IRQHandler
                0x00000f10        0x8 ./SDK/startup/startup_mk64f12.o
                0x00000f10                SPI1_IRQHandler
 .text.I2S0_Tx_IRQHandler
                0x00000f18        0x8 ./SDK/startup/startup_mk64f12.o
                0x00000f18                I2S0_Tx_IRQHandler
 .text.I2S0_Rx_IRQHandler
                0x00000f20        0x8 ./SDK/startup/startup_mk64f12.o
                0x00000f20                I2S0_Rx_IRQHandler
 .text.UART0_LON_IRQHandler
                0x00000f28        0x8 ./SDK/startup/startup_mk64f12.o
                0x00000f28                UART0_LON_IRQHandler
 .text.UART0_RX_TX_IRQHandler
                0x00000f30        0x8 ./SDK/startup/startup_mk64f12.o
                0x00000f30                UART0_RX_TX_IRQHandler
 .text.UART0_ERR_IRQHandler
                0x00000f38        0x8 ./SDK/startup/startup_mk64f12.o
                0x00000f38                UART0_ERR_IRQHandler
 .text.UART1_RX_TX_IRQHandler
                0x00000f40        0x8 ./SDK/startup/startup_mk64f12.o
                0x00000f40                UART1_RX_TX_IRQHandler
 .text.UART1_ERR_IRQHandler
                0x00000f48        0x8 ./SDK/startup/startup_mk64f12.o
                0x00000f48                UART1_ERR_IRQHandler
 .text.UART2_RX_TX_IRQHandler
                0x00000f50        0x8 ./SDK/startup/startup_mk64f12.o
                0x00000f50                UART2_RX_TX_IRQHandler
 .text.UART2_ERR_IRQHandler
                0x00000f58        0x8 ./SDK/startup/startup_mk64f12.o
                0x00000f58                UART2_ERR_IRQHandler
 .text.UART3_RX_TX_IRQHandler
                0x00000f60        0x8 ./SDK/startup/startup_mk64f12.o
                0x00000f60                UART3_RX_TX_IRQHandler
 .text.UART3_ERR_IRQHandler
                0x00000f68        0x8 ./SDK/startup/startup_mk64f12.o
                0x00000f68                UART3_ERR_IRQHandler
 .text.ADC0_IRQHandler
                0x00000f70        0x8 ./SDK/startup/startup_mk64f12.o
                0x00000f70                ADC0_IRQHandler
 .text.CMP0_IRQHandler
                0x00000f78        0x8 ./SDK/startup/startup_mk64f12.o
                0x00000f78                CMP0_IRQHandler
 .text.CMP1_IRQHandler
                0x00000f80        0x8 ./SDK/startup/startup_mk64f12.o
                0x00000f80                CMP1_IRQHandler
 .text.FTM0_IRQHandler
                0x00000f88        0x8 ./SDK/startup/startup_mk64f12.o
                0x00000f88                FTM0_IRQHandler
 .text.FTM1_IRQHandler
                0x00000f90        0x8 ./SDK/startup/startup_mk64f12.o
                0x00000f90                FTM1_IRQHandler
 .text.FTM2_IRQHandler
                0x00000f98        0x8 ./SDK/startup/startup_mk64f12.o
                0x00000f98                FTM2_IRQHandler
 .text.CMT_IRQHandler
                0x00000fa0        0x8 ./SDK/startup/startup_mk64f12.o
                0x00000fa0                CMT_IRQHandler
 .text.RTC_IRQHandler
                0x00000fa8        0x8 ./SDK/startup/startup_mk64f12.o
                0x00000fa8                RTC_IRQHandler
 .text.RTC_Seconds_IRQHandler
                0x00000fb0        0x8 ./SDK/startup/startup_mk64f12.o
                0x00000fb0                RTC_Seconds_IRQHandler
 .text.PIT0_IRQHandler
                0x00000fb8        0x8 ./SDK/startup/startup_mk64f12.o
                0x00000fb8                PIT0_IRQHandler
 .text.PIT1_IRQHandler
                0x00000fc0        0x8 ./SDK/startup/startup_mk64f12.o
                0x00000fc0                PIT1_IRQHandler
 .text.PIT2_IRQHandler
                0x00000fc8        0x8 ./SDK/startup/startup_mk64f12.o
                0x00000fc8                PIT2_IRQHandler
 .text.PIT3_IRQHandler
                0x00000fd0        0x8 ./SDK/startup/startup_mk64f12.o
                0x00000fd0                PIT3_IRQHandler
 .text.PDB0_IRQHandler
                0x00000fd8        0x8 ./SDK/startup/startup_mk64f12.o
                0x00000fd8                PDB0_IRQHandler
 .text.USB0_IRQHandler
                0x00000fe0        0x8 ./SDK/startup/startup_mk64f12.o
                0x00000fe0                USB0_IRQHandler
 .text.USBDCD_IRQHandler
                0x00000fe8        0x8 ./SDK/startup/startup_mk64f12.o
                0x00000fe8                USBDCD_IRQHandler
 .text.Reserved71_IRQHandler
                0x00000ff0        0x8 ./SDK/startup/startup_mk64f12.o
                0x00000ff0                Reserved71_IRQHandler
 .text.DAC0_IRQHandler
                0x00000ff8        0x8 ./SDK/startup/startup_mk64f12.o
                0x00000ff8                DAC0_IRQHandler
 .text.MCG_IRQHandler
                0x00001000        0x8 ./SDK/startup/startup_mk64f12.o
                0x00001000                MCG_IRQHandler
 .text.LPTMR0_IRQHandler
                0x00001008        0x8 ./SDK/startup/startup_mk64f12.o
                0x00001008                LPTMR0_IRQHandler
 .text.SWI_IRQHandler
                0x00001010        0x8 ./SDK/startup/startup_mk64f12.o
                0x00001010                SWI_IRQHandler
 .text.SPI2_IRQHandler
                0x00001018        0x8 ./SDK/startup/startup_mk64f12.o
                0x00001018                SPI2_IRQHandler
 .text.UART4_RX_TX_IRQHandler
                0x00001020        0x8 ./SDK/startup/startup_mk64f12.o
                0x00001020                UART4_RX_TX_IRQHandler
 .text.UART4_ERR_IRQHandler
                0x00001028        0x8 ./SDK/startup/startup_mk64f12.o
                0x00001028                UART4_ERR_IRQHandler
 .text.UART5_RX_TX_IRQHandler
                0x00001030        0x8 ./SDK/startup/startup_mk64f12.o
                0x00001030                UART5_RX_TX_IRQHandler
 .text.UART5_ERR_IRQHandler
                0x00001038        0x8 ./SDK/startup/startup_mk64f12.o
                0x00001038                UART5_ERR_IRQHandler
 .text.CMP2_IRQHandler
                0x00001040        0x8 ./SDK/startup/startup_mk64f12.o
                0x00001040                CMP2_IRQHandler
 .text.FTM3_IRQHandler
                0x00001048        0x8 ./SDK/startup/startup_mk64f12.o
                0x00001048                FTM3_IRQHandler
 .text.DAC1_IRQHandler
                0x00001050        0x8 ./SDK/startup/startup_mk64f12.o
                0x00001050                DAC1_IRQHandler
 .text.ADC1_IRQHandler
                0x00001058        0x8 ./SDK/startup/startup_mk64f12.o
                0x00001058                ADC1_IRQHandler
 .text.I2C2_IRQHandler
                0x00001060        0x8 ./SDK/startup/startup_mk64f12.o
                0x00001060                I2C2_IRQHandler
 .text.CAN0_ORed_Message_buffer_IRQHandler
                0x00001068        0x8 ./SDK/startup/startup_mk64f12.o
                0x00001068                CAN0_ORed_Message_buffer_IRQHandler
 .text.CAN0_Bus_Off_IRQHandler
                0x00001070        0x8 ./SDK/startup/startup_mk64f12.o
                0x00001070                CAN0_Bus_Off_IRQHandler
 .text.CAN0_Error_IRQHandler
                0x00001078        0x8 ./SDK/startup/startup_mk64f12.o
                0x00001078                CAN0_Error_IRQHandler
 .text.CAN0_Tx_Warning_IRQHandler
                0x00001080        0x8 ./SDK/startup/startup_mk64f12.o
                0x00001080                CAN0_Tx_Warning_IRQHandler
 .text.CAN0_Rx_Warning_IRQHandler
                0x00001088        0x8 ./SDK/startup/startup_mk64f12.o
                0x00001088                CAN0_Rx_Warning_IRQHandler
 .text.CAN0_Wake_Up_IRQHandler
                0x00001090        0x8 ./SDK/startup/startup_mk64f12.o
                0x00001090                CAN0_Wake_Up_IRQHandler
 .text.SDHC_IRQHandler
                0x00001098        0x8 ./SDK/startup/startup_mk64f12.o
                0x00001098                SDHC_IRQHandler
 .text.ENET_1588_Timer_IRQHandler
                0x000010a0        0x8 ./SDK/startup/startup_mk64f12.o
                0x000010a0                ENET_1588_Timer_IRQHandler
 .text.ENET_Transmit_IRQHandler
                0x000010a8        0x8 ./SDK/startup/startup_mk64f12.o
                0x000010a8                ENET_Transmit_IRQHandler
 .text.ENET_Receive_IRQHandler
                0x000010b0        0x8 ./SDK/startup/startup_mk64f12.o
                0x000010b0                ENET_Receive_IRQHandler
 .text.ENET_Error_IRQHandler
                0x000010b8        0x8 ./SDK/startup/startup_mk64f12.o
                0x000010b8                ENET_Error_IRQHandler
 .text.SystemInitHook
                0x000010c0        0x2 ./SDK/CMSIS/system_MK64F12.o
                0x000010c0                SystemInitHook
 *(SORT_BY_ALIGNMENT(.rodata) SORT_BY_ALIGNMENT(.rodata.*) SORT_BY_ALIGNMENT(.constdata) SORT_BY_ALIGNMENT(.constdata.*))
 *fill*         0x000010c2        0x2 ff
 .rodata        0x000010c4       0x28 ./source/gpio.o
                0x000010f0                . = ALIGN (0x8)
 *fill*         0x000010ec        0x4 ff

.glue_7         0x000010f0        0x0
 .glue_7        0x000010f0        0x0 linker stubs

.glue_7t        0x000010f0        0x0
 .glue_7t       0x000010f0        0x0 linker stubs

.vfp11_veneer   0x000010f0        0x0
 .vfp11_veneer  0x000010f0        0x0 linker stubs

.v4_bx          0x000010f0        0x0
 .v4_bx         0x000010f0        0x0 linker stubs

.iplt           0x000010f0        0x0
 .iplt          0x000010f0        0x0 ./source/App.o

.rel.dyn        0x000010f0        0x0
 .rel.iplt      0x000010f0        0x0 ./source/App.o

.ARM.extab
 *(SORT_BY_ALIGNMENT(.ARM.extab*) SORT_BY_ALIGNMENT(.gnu.linkonce.armextab.*))
                0x000010f0                __exidx_start = .

.ARM.exidx
 *(SORT_BY_ALIGNMENT(.ARM.exidx*) SORT_BY_ALIGNMENT(.gnu.linkonce.armexidx.*))
                0x000010f0                __exidx_end = .
                0x000010f0                _etext = .

.m_usb_data
 *(SORT_BY_ALIGNMENT(m_usb_bdt))

.data_RAM2      0x1fff0000        0x0 load address 0x000010f0
 FILL mask 0xff
                [!provide]                PROVIDE (__start_data_RAM2, .)
 *(SORT_BY_ALIGNMENT(.ramfunc.$RAM2))
 *(SORT_BY_ALIGNMENT(.ramfunc.$SRAM_LOWER))
 *(SORT_BY_ALIGNMENT(.data.$RAM2*))
 *(SORT_BY_ALIGNMENT(.data.$SRAM_LOWER*))
                0x1fff0000                . = ALIGN (0x8)
                [!provide]                PROVIDE (__end_data_RAM2, .)

.data_RAM3      0x14000000        0x0 load address 0x000010f0
 FILL mask 0xff
                [!provide]                PROVIDE (__start_data_RAM3, .)
 *(SORT_BY_ALIGNMENT(.ramfunc.$RAM3))
 *(SORT_BY_ALIGNMENT(.ramfunc.$FLEX_RAM))
 *(SORT_BY_ALIGNMENT(.data.$RAM3*))
 *(SORT_BY_ALIGNMENT(.data.$FLEX_RAM*))
                0x14000000                . = ALIGN (0x8)
                [!provide]                PROVIDE (__end_data_RAM3, .)

.uninit_RESERVED
                0x20000000        0x0
 *(SORT_BY_ALIGNMENT(.bss.$RESERVED*))
                0x20000000                . = ALIGN (0x4)
                0x20000000                _end_uninit_RESERVED = .

.data           0x20000000        0x0 load address 0x000010f0
 FILL mask 0xff
                0x20000000                _data = .
 *(SORT_BY_ALIGNMENT(vtable))
 *(SORT_BY_ALIGNMENT(.ramfunc*))
 *(SORT_BY_ALIGNMENT(.data*))
                0x20000000                . = ALIGN (0x8)
                0x20000000                _edata = .

.igot.plt       0x20000000        0x0 load address 0x000010f0
 .igot.plt      0x20000000        0x0 ./source/App.o

.bss_RAM2       0x1fff0000        0x0
                [!provide]                PROVIDE (__start_bss_RAM2, .)
 *(SORT_BY_ALIGNMENT(.bss.$RAM2*))
 *(SORT_BY_ALIGNMENT(.bss.$SRAM_LOWER*))
                0x1fff0000                . = ALIGN ((. != 0x0)?0x8:0x1)
                [!provide]                PROVIDE (__end_bss_RAM2, .)

.bss_RAM3       0x14000000        0x0
                [!provide]                PROVIDE (__start_bss_RAM3, .)
 *(SORT_BY_ALIGNMENT(.bss.$RAM3*))
 *(SORT_BY_ALIGNMENT(.bss.$FLEX_RAM*))
                0x14000000                . = ALIGN ((. != 0x0)?0x8:0x1)
                [!provide]                PROVIDE (__end_bss_RAM3, .)

.bss            0x20000000     0x1d48
                0x20000000                _bss = .
 *(SORT_BY_ALIGNMENT(.bss*))
 .bss.dataEncoder
                0x20000000        0x2 ./source/App.o
                0x20000000                dataEncoder
 *fill*         0x20000002        0x2 
 .bss.sysTickFun
                0x20000004        0x4 ./source/SysTick.o
                0x20000004                sysTickFun
 .bss.encoderQueue
                0x20000008      0x640 ./source/encoder.o
 .bss.encoder   0x20000648        0x8 ./source/encoderDecoder.o
 .bss.p2irqFunctions
                0x20000650      0x280 ./source/gpio.o
                0x20000650                p2irqFunctions
 .bss.counterDataIn
                0x200008d0        0x4 ./source/magnetLectorHAL.o
                0x200008d0                counterDataIn
 .bss.queue     0x200008d4     0x1408 ./source/magnetLectorHAL.o
                0x200008d4                queue
 .bss.timers    0x20001cdc       0x60 ./source/timer.o
 .bss.__LDM_interruptDisableCount
                0x20001d3c        0x4 ./SDK/startup/hardware.o
 .bss.initialized_enc
                0x20001d40        0x1 ./source/encoder.o
 .bss.encoder_timer_count
                0x20001d41        0x1 ./source/encoderHAL.o
 .bss.initialized_enc_low
                0x20001d42        0x1 ./source/encoderHAL.o
 .bss.enable    0x20001d43        0x1 ./source/magnetLectorHAL.o
                0x20001d43                enable
 .bss.hwLectorIsInit
                0x20001d44        0x1 ./source/magnetLectorHAL.o
                0x20001d44                hwLectorIsInit
 .bss.raw2save  0x20001d45        0x1 ./source/magnetLectorHAL.o
                0x20001d45                raw2save
 .bss.initialized
                0x20001d46        0x1 ./source/timer.o
 *(SORT_BY_ALIGNMENT(COMMON))
                0x20001d48                . = ALIGN (0x8)
 *fill*         0x20001d47        0x1 
                0x20001d48                _ebss = .
                [!provide]                PROVIDE (end, .)

.noinit_RAM2    0x1fff0000        0x0
 *(SORT_BY_ALIGNMENT(.noinit.$RAM2*))
 *(SORT_BY_ALIGNMENT(.noinit.$SRAM_LOWER*))
                0x1fff0000                . = ALIGN (0x8)

.noinit_RAM3    0x14000000        0x0
 *(SORT_BY_ALIGNMENT(.noinit.$RAM3*))
 *(SORT_BY_ALIGNMENT(.noinit.$FLEX_RAM*))
                0x14000000                . = ALIGN (0x8)

.noinit         0x20001d48        0x0
                0x20001d48                _noinit = .
 *(SORT_BY_ALIGNMENT(.noinit*))
                0x20001d48                . = ALIGN (0x8)
                0x20001d48                _end_noinit = .
                0x00001000                _HeapSize = 0x1000

.heap           0x20001d48     0x1000
                0x20001d48                _pvHeapStart = .
                0x20002d48                . = (. + _HeapSize)
 *fill*         0x20001d48     0x1000 
                0x20002d48                . = ALIGN (0x8)
                0x20002d48                _pvHeapLimit = .
                0x00001000                _StackSize = 0x1000

.heap2stackfill
                0x20002d48     0x1000
                0x20003d48                . = (. + _StackSize)
 *fill*         0x20002d48     0x1000 

.stack          0x2002f000        0x0
                0x2002f000                _vStackBase = .
                0x2002f000                . = ALIGN (0x8)
                0x20030000                _vStackTop = (. + _StackSize)
                0x00000000                _image_start = LOADADDR (.text)
                0x000010f0                _image_end = (LOADADDR (.data) + SIZEOF (.data))
                0x000010f0                _image_size = (_image_end - _image_start)
OUTPUT(encoderProject.axf elf32-littlearm)

.debug_info     0x00000000     0x47a9
 .debug_info    0x00000000      0x1e0 ./source/App.o
 .debug_info    0x000001e0      0x518 ./source/SysTick.o
 .debug_info    0x000006f8      0x256 ./source/doorManagement.o
 .debug_info    0x0000094e      0x544 ./source/encoder.o
 .debug_info    0x00000e92      0x334 ./source/encoderDecoder.o
 .debug_info    0x000011c6      0x3c1 ./source/encoderHAL.o
 .debug_info    0x00001587     0x1086 ./source/gpio.o
 .debug_info    0x0000260d      0x1b5 ./source/magnetCardLector.o
 .debug_info    0x000027c2      0x324 ./source/magnetLectorHAL.o
 .debug_info    0x00002ae6      0x27a ./source/timer.o
 .debug_info    0x00002d60      0x675 ./SDK/startup/hardware.o
 .debug_info    0x000033d5      0x120 ./SDK/startup/main.o
 .debug_info    0x000034f5       0x3b ./SDK/startup/semihost_hardfault.o
 .debug_info    0x00003530      0xc71 ./SDK/startup/startup_mk64f12.o
 .debug_info    0x000041a1      0x608 ./SDK/CMSIS/system_MK64F12.o

.debug_abbrev   0x00000000     0x13ad
 .debug_abbrev  0x00000000       0xe1 ./source/App.o
 .debug_abbrev  0x000000e1      0x19c ./source/SysTick.o
 .debug_abbrev  0x0000027d       0xc6 ./source/doorManagement.o
 .debug_abbrev  0x00000343      0x194 ./source/encoder.o
 .debug_abbrev  0x000004d7      0x1bf ./source/encoderDecoder.o
 .debug_abbrev  0x00000696      0x142 ./source/encoderHAL.o
 .debug_abbrev  0x000007d8      0x368 ./source/gpio.o
 .debug_abbrev  0x00000b40      0x100 ./source/magnetCardLector.o
 .debug_abbrev  0x00000c40      0x18a ./source/magnetLectorHAL.o
 .debug_abbrev  0x00000dca      0x15c ./source/timer.o
 .debug_abbrev  0x00000f26      0x138 ./SDK/startup/hardware.o
 .debug_abbrev  0x0000105e       0x9b ./SDK/startup/main.o
 .debug_abbrev  0x000010f9       0x2f ./SDK/startup/semihost_hardfault.o
 .debug_abbrev  0x00001128      0x13b ./SDK/startup/startup_mk64f12.o
 .debug_abbrev  0x00001263      0x14a ./SDK/CMSIS/system_MK64F12.o

.debug_loc      0x00000000     0x103e
 .debug_loc     0x00000000       0x32 ./source/App.o
 .debug_loc     0x00000032       0x6b ./source/SysTick.o
 .debug_loc     0x0000009d      0x10d ./source/encoder.o
 .debug_loc     0x000001aa      0x15f ./source/encoderDecoder.o
 .debug_loc     0x00000309      0x18e ./source/encoderHAL.o
 .debug_loc     0x00000497      0x750 ./source/gpio.o
 .debug_loc     0x00000be7       0xd2 ./source/magnetLectorHAL.o
 .debug_loc     0x00000cb9       0xda ./source/timer.o
 .debug_loc     0x00000d93      0x1e7 ./SDK/startup/startup_mk64f12.o
 .debug_loc     0x00000f7a       0xc4 ./SDK/CMSIS/system_MK64F12.o

.debug_aranges  0x00000000      0x700
 .debug_aranges
                0x00000000       0x28 ./source/App.o
 .debug_aranges
                0x00000028       0x28 ./source/SysTick.o
 .debug_aranges
                0x00000050       0x48 ./source/doorManagement.o
 .debug_aranges
                0x00000098       0x60 ./source/encoder.o
 .debug_aranges
                0x000000f8       0x68 ./source/encoderDecoder.o
 .debug_aranges
                0x00000160       0x48 ./source/encoderHAL.o
 .debug_aranges
                0x000001a8       0xc0 ./source/gpio.o
 .debug_aranges
                0x00000268       0x30 ./source/magnetCardLector.o
 .debug_aranges
                0x00000298       0x48 ./source/magnetLectorHAL.o
 .debug_aranges
                0x000002e0       0x50 ./source/timer.o
 .debug_aranges
                0x00000330       0x30 ./SDK/startup/hardware.o
 .debug_aranges
                0x00000360       0x20 ./SDK/startup/main.o
 .debug_aranges
                0x00000380       0x20 ./SDK/startup/semihost_hardfault.o
 .debug_aranges
                0x000003a0      0x330 ./SDK/startup/startup_mk64f12.o
 .debug_aranges
                0x000006d0       0x30 ./SDK/CMSIS/system_MK64F12.o

.debug_ranges   0x00000000      0x610
 .debug_ranges  0x00000000       0x18 ./source/App.o
 .debug_ranges  0x00000018       0x18 ./source/SysTick.o
 .debug_ranges  0x00000030       0x38 ./source/doorManagement.o
 .debug_ranges  0x00000068       0x50 ./source/encoder.o
 .debug_ranges  0x000000b8       0x58 ./source/encoderDecoder.o
 .debug_ranges  0x00000110       0x38 ./source/encoderHAL.o
 .debug_ranges  0x00000148       0xb0 ./source/gpio.o
 .debug_ranges  0x000001f8       0x20 ./source/magnetCardLector.o
 .debug_ranges  0x00000218       0x38 ./source/magnetLectorHAL.o
 .debug_ranges  0x00000250       0x40 ./source/timer.o
 .debug_ranges  0x00000290       0x20 ./SDK/startup/hardware.o
 .debug_ranges  0x000002b0       0x10 ./SDK/startup/main.o
 .debug_ranges  0x000002c0       0x10 ./SDK/startup/semihost_hardfault.o
 .debug_ranges  0x000002d0      0x320 ./SDK/startup/startup_mk64f12.o
 .debug_ranges  0x000005f0       0x20 ./SDK/CMSIS/system_MK64F12.o

.debug_macro    0x00000000    0x1197e
 .debug_macro   0x00000000       0x3b ./source/App.o
 .debug_macro   0x0000003b      0xa5a ./source/App.o
 .debug_macro   0x00000a95       0x10 ./source/App.o
 .debug_macro   0x00000aa5       0x10 ./source/App.o
 .debug_macro   0x00000ab5       0x22 ./source/App.o
 .debug_macro   0x00000ad7       0x10 ./source/App.o
 .debug_macro   0x00000ae7       0x96 ./source/SysTick.o
 .debug_macro   0x00000b7d       0x5c ./source/SysTick.o
 .debug_macro   0x00000bd9      0x34e ./source/SysTick.o
 .debug_macro   0x00000f27       0x1c ./source/SysTick.o
 .debug_macro   0x00000f43       0x22 ./source/SysTick.o
 .debug_macro   0x00000f65       0xdf ./source/SysTick.o
 .debug_macro   0x00001044      0xecf ./source/SysTick.o
 .debug_macro   0x00001f13       0x48 ./source/SysTick.o
 .debug_macro   0x00001f5b     0xe07b ./source/SysTick.o
 .debug_macro   0x0000ffd6      0x174 ./source/SysTick.o
 .debug_macro   0x0001014a       0x5b ./source/doorManagement.o
 .debug_macro   0x000101a5       0x3a ./source/doorManagement.o
 .debug_macro   0x000101df       0x67 ./source/encoder.o
 .debug_macro   0x00010246       0x16 ./source/encoder.o
 .debug_macro   0x0001025c       0x3c ./source/encoderDecoder.o
 .debug_macro   0x00010298       0x6b ./source/encoderHAL.o
 .debug_macro   0x00010303       0x40 ./source/encoderHAL.o
 .debug_macro   0x00010343       0xa4 ./source/gpio.o
 .debug_macro   0x000103e7       0x48 ./source/magnetCardLector.o
 .debug_macro   0x0001042f       0x2e ./source/magnetCardLector.o
 .debug_macro   0x0001045d       0x28 ./source/magnetCardLector.o
 .debug_macro   0x00010485       0x60 ./source/magnetLectorHAL.o
 .debug_macro   0x000104e5       0x4c ./source/timer.o
 .debug_macro   0x00010531       0x10 ./source/timer.o
 .debug_macro   0x00010541       0x9c ./SDK/startup/hardware.o
 .debug_macro   0x000105dd       0x10 ./SDK/startup/hardware.o
 .debug_macro   0x000105ed     0x122b ./SDK/startup/hardware.o
 .debug_macro   0x00011818       0x16 ./SDK/startup/hardware.o
 .debug_macro   0x0001182e       0x9c ./SDK/startup/main.o
 .debug_macro   0x000118ca       0x11 ./SDK/startup/semihost_hardfault.o
 .debug_macro   0x000118db       0x23 ./SDK/startup/startup_mk64f12.o
 .debug_macro   0x000118fe       0x80 ./SDK/CMSIS/system_MK64F12.o

.debug_line     0x00000000     0x1c0e
 .debug_line    0x00000000       0xfc ./source/App.o
 .debug_line    0x000000fc      0x163 ./source/SysTick.o
 .debug_line    0x0000025f      0x145 ./source/doorManagement.o
 .debug_line    0x000003a4      0x1e1 ./source/encoder.o
 .debug_line    0x00000585      0x1a3 ./source/encoderDecoder.o
 .debug_line    0x00000728      0x174 ./source/encoderHAL.o
 .debug_line    0x0000089c      0x320 ./source/gpio.o
 .debug_line    0x00000bbc      0x13e ./source/magnetCardLector.o
 .debug_line    0x00000cfa      0x170 ./source/magnetLectorHAL.o
 .debug_line    0x00000e6a      0x169 ./source/timer.o
 .debug_line    0x00000fd3      0x1d1 ./SDK/startup/hardware.o
 .debug_line    0x000011a4      0x175 ./SDK/startup/main.o
 .debug_line    0x00001319       0x55 ./SDK/startup/semihost_hardfault.o
 .debug_line    0x0000136e      0x6d8 ./SDK/startup/startup_mk64f12.o
 .debug_line    0x00001a46      0x1c8 ./SDK/CMSIS/system_MK64F12.o

.debug_str      0x00000000    0x78e59
 .debug_str     0x00000000     0x2eae ./source/App.o
                               0x2ed9 (size before relaxing)
 .debug_str     0x00002eae    0x6de33 ./source/SysTick.o
                              0x70db4 (size before relaxing)
 .debug_str     0x00070ce1      0x1a5 ./source/doorManagement.o
                               0x3a0a (size before relaxing)
 .debug_str     0x00070e86      0x240 ./source/encoder.o
                               0x3ac2 (size before relaxing)
 .debug_str     0x000710c6       0x8e ./source/encoderDecoder.o
                               0x3975 (size before relaxing)
 .debug_str     0x00071154      0x175 ./source/encoderHAL.o
                               0x3b5e (size before relaxing)
 .debug_str     0x000712c9      0x312 ./source/gpio.o
                              0x70e69 (size before relaxing)
 .debug_str     0x000715db      0x167 ./source/magnetCardLector.o
                               0x39e4 (size before relaxing)
 .debug_str     0x00071742      0x10f ./source/magnetLectorHAL.o
                               0x3e31 (size before relaxing)
 .debug_str     0x00071851       0xde ./source/timer.o
                               0x3995 (size before relaxing)
 .debug_str     0x0007192f     0x6cb1 ./SDK/startup/hardware.o
                              0x771fe (size before relaxing)
 .debug_str     0x000785e0       0x1b ./SDK/startup/main.o
                              0x77014 (size before relaxing)
 .debug_str     0x000785fb       0x36 ./SDK/startup/semihost_hardfault.o
                               0x2d38 (size before relaxing)
 .debug_str     0x00078631      0x7d1 ./SDK/startup/startup_mk64f12.o
                               0x35a7 (size before relaxing)
 .debug_str     0x00078e02       0x57 ./SDK/CMSIS/system_MK64F12.o
                              0x7710d (size before relaxing)

.comment        0x00000000       0x7e
 .comment       0x00000000       0x7e ./source/App.o
                                 0x7f (size before relaxing)
 .comment       0x0000007e       0x7f ./source/SysTick.o
 .comment       0x0000007e       0x7f ./source/doorManagement.o
 .comment       0x0000007e       0x7f ./source/encoder.o
 .comment       0x0000007e       0x7f ./source/encoderDecoder.o
 .comment       0x0000007e       0x7f ./source/encoderHAL.o
 .comment       0x0000007e       0x7f ./source/gpio.o
 .comment       0x0000007e       0x7f ./source/magnetCardLector.o
 .comment       0x0000007e       0x7f ./source/magnetLectorHAL.o
 .comment       0x0000007e       0x7f ./source/timer.o
 .comment       0x0000007e       0x7f ./SDK/startup/hardware.o
 .comment       0x0000007e       0x7f ./SDK/startup/main.o
 .comment       0x0000007e       0x7f ./SDK/startup/semihost_hardfault.o
 .comment       0x0000007e       0x7f ./SDK/startup/startup_mk64f12.o
 .comment       0x0000007e       0x7f ./SDK/CMSIS/system_MK64F12.o

.ARM.attributes
                0x00000000       0x37
 .ARM.attributes
                0x00000000       0x39 ./source/App.o
 .ARM.attributes
                0x00000039       0x39 ./source/SysTick.o
 .ARM.attributes
                0x00000072       0x39 ./source/doorManagement.o
 .ARM.attributes
                0x000000ab       0x39 ./source/encoder.o
 .ARM.attributes
                0x000000e4       0x39 ./source/encoderDecoder.o
 .ARM.attributes
                0x0000011d       0x39 ./source/encoderHAL.o
 .ARM.attributes
                0x00000156       0x39 ./source/gpio.o
 .ARM.attributes
                0x0000018f       0x39 ./source/magnetCardLector.o
 .ARM.attributes
                0x000001c8       0x39 ./source/magnetLectorHAL.o
 .ARM.attributes
                0x00000201       0x39 ./source/timer.o
 .ARM.attributes
                0x0000023a       0x39 ./SDK/startup/hardware.o
 .ARM.attributes
                0x00000273       0x39 ./SDK/startup/main.o
 .ARM.attributes
                0x000002ac       0x39 ./SDK/startup/semihost_hardfault.o
 .ARM.attributes
                0x000002e5       0x39 ./SDK/startup/startup_mk64f12.o
 .ARM.attributes
                0x0000031e       0x39 ./SDK/CMSIS/system_MK64F12.o

.debug_frame    0x00000000     0x10fc
 .debug_frame   0x00000000       0x40 ./source/App.o
 .debug_frame   0x00000040       0x38 ./source/SysTick.o
 .debug_frame   0x00000078       0xa0 ./source/doorManagement.o
 .debug_frame   0x00000118       0xf8 ./source/encoder.o
 .debug_frame   0x00000210       0xc4 ./source/encoderDecoder.o
 .debug_frame   0x000002d4       0x90 ./source/encoderHAL.o
 .debug_frame   0x00000364      0x238 ./source/gpio.o
 .debug_frame   0x0000059c       0x64 ./source/magnetCardLector.o
 .debug_frame   0x00000600       0x88 ./source/magnetLectorHAL.o
 .debug_frame   0x00000688       0xa0 ./source/timer.o
 .debug_frame   0x00000728       0x40 ./SDK/startup/hardware.o
 .debug_frame   0x00000768       0x28 ./SDK/startup/main.o
 .debug_frame   0x00000790       0x20 ./SDK/startup/semihost_hardfault.o
 .debug_frame   0x000007b0      0x904 ./SDK/startup/startup_mk64f12.o
 .debug_frame   0x000010b4       0x48 ./SDK/CMSIS/system_MK64F12.o
