Archive member included to satisfy reference by file (symbol)

c:/nxp/mcuxpressoide_10.2.0_759/ide/tools/bin/../lib/gcc/arm-none-eabi/7.2.1/../../../../arm-none-eabi/lib/thumb/v7e-m/fpv4-sp/hard\libcr_c.a(memcpy.o)
                              ./source/App.o (memcpy)
c:/nxp/mcuxpressoide_10.2.0_759/ide/tools/bin/../lib/gcc/arm-none-eabi/7.2.1/thumb/v7e-m/fpv4-sp/hard\libcr_eabihelpers.a(memcpy.o)
                              c:/nxp/mcuxpressoide_10.2.0_759/ide/tools/bin/../lib/gcc/arm-none-eabi/7.2.1/../../../../arm-none-eabi/lib/thumb/v7e-m/fpv4-sp/hard\libcr_c.a(memcpy.o) (__aeabi_memcpy)

Discarded input sections

 .group         0x00000000        0xc ./source/App.o
 .group         0x00000000        0xc ./source/App.o
 .group         0x00000000        0xc ./source/App.o
 .group         0x00000000        0xc ./source/App.o
 .group         0x00000000        0xc ./source/App.o
 .group         0x00000000        0xc ./source/App.o
 .group         0x00000000        0xc ./source/App.o
 .group         0x00000000        0xc ./source/App.o
 .group         0x00000000        0xc ./source/App.o
 .text          0x00000000        0x0 ./source/App.o
 .data          0x00000000        0x0 ./source/App.o
 .bss           0x00000000        0x0 ./source/App.o
 .group         0x00000000        0xc ./source/FSM.o
 .group         0x00000000        0xc ./source/FSM.o
 .group         0x00000000        0xc ./source/FSM.o
 .group         0x00000000        0xc ./source/FSM.o
 .group         0x00000000        0xc ./source/FSM.o
 .group         0x00000000        0xc ./source/FSM.o
 .group         0x00000000        0xc ./source/FSM.o
 .text          0x00000000        0x0 ./source/FSM.o
 .data          0x00000000        0x0 ./source/FSM.o
 .bss           0x00000000        0x0 ./source/FSM.o
 .debug_macro   0x00000000      0xa5a ./source/FSM.o
 .debug_macro   0x00000000       0x10 ./source/FSM.o
 .debug_macro   0x00000000       0x22 ./source/FSM.o
 .debug_macro   0x00000000      0x34e ./source/FSM.o
 .debug_macro   0x00000000       0x16 ./source/FSM.o
 .debug_macro   0x00000000       0x10 ./source/FSM.o
 .debug_macro   0x00000000       0x16 ./source/FSM.o
 .group         0x00000000        0xc ./source/SegmentDisplay.o
 .group         0x00000000        0xc ./source/SegmentDisplay.o
 .group         0x00000000        0xc ./source/SegmentDisplay.o
 .group         0x00000000        0xc ./source/SegmentDisplay.o
 .text          0x00000000        0x0 ./source/SegmentDisplay.o
 .data          0x00000000        0x0 ./source/SegmentDisplay.o
 .bss           0x00000000        0x0 ./source/SegmentDisplay.o
 .debug_macro   0x00000000      0xa5a ./source/SegmentDisplay.o
 .debug_macro   0x00000000      0x34e ./source/SegmentDisplay.o
 .debug_macro   0x00000000       0x22 ./source/SegmentDisplay.o
 .group         0x00000000        0xc ./source/SysTick.o
 .group         0x00000000        0xc ./source/SysTick.o
 .group         0x00000000        0xc ./source/SysTick.o
 .group         0x00000000        0xc ./source/SysTick.o
 .group         0x00000000        0xc ./source/SysTick.o
 .group         0x00000000        0xc ./source/SysTick.o
 .group         0x00000000        0xc ./source/SysTick.o
 .group         0x00000000        0xc ./source/SysTick.o
 .group         0x00000000        0xc ./source/SysTick.o
 .group         0x00000000        0xc ./source/SysTick.o
 .group         0x00000000        0xc ./source/SysTick.o
 .text          0x00000000        0x0 ./source/SysTick.o
 .data          0x00000000        0x0 ./source/SysTick.o
 .bss           0x00000000        0x0 ./source/SysTick.o
 .debug_macro   0x00000000      0xa5a ./source/SysTick.o
 .debug_macro   0x00000000       0x22 ./source/SysTick.o
 .debug_macro   0x00000000      0x34e ./source/SysTick.o
 .group         0x00000000        0xc ./source/dataBase.o
 .group         0x00000000        0xc ./source/dataBase.o
 .group         0x00000000        0xc ./source/dataBase.o
 .group         0x00000000        0xc ./source/dataBase.o
 .group         0x00000000        0xc ./source/dataBase.o
 .group         0x00000000        0xc ./source/dataBase.o
 .text          0x00000000        0x0 ./source/dataBase.o
 .data          0x00000000        0x0 ./source/dataBase.o
 .bss           0x00000000        0x0 ./source/dataBase.o
 .text.changePIN
                0x00000000       0x1c ./source/dataBase.o
 .text.removeUser
                0x00000000       0x90 ./source/dataBase.o
 .text.verifyPIN
                0x00000000       0x60 ./source/dataBase.o
 .text.verifyCategory
                0x00000000       0x48 ./source/dataBase.o
 .debug_macro   0x00000000      0xa5a ./source/dataBase.o
 .debug_macro   0x00000000       0x22 ./source/dataBase.o
 .debug_macro   0x00000000      0x34e ./source/dataBase.o
 .debug_macro   0x00000000       0x16 ./source/dataBase.o
 .debug_macro   0x00000000       0x10 ./source/dataBase.o
 .debug_macro   0x00000000       0x16 ./source/dataBase.o
[...]
Memory Configuration

Name             Origin             Length             Attributes
PROGRAM_FLASH    0x00000000         0x00100000         xr
SRAM_UPPER       0x20000000         0x00030000         xrw
SRAM_LOWER       0x1fff0000         0x00010000         xrw
FLEX_RAM         0x14000000         0x00001000         xrw
*default*        0x00000000         0xffffffff

Linker script and memory map

LOAD ./source/App.o
LOAD ./source/FSM.o
LOAD ./source/SegmentDisplay.o
LOAD ./source/SysTick.o
LOAD ./source/dataBase.o
LOAD ./source/display.o
LOAD ./source/doorManagement.o
LOAD ./source/encoder.o
LOAD ./source/encoderDecoder.o
LOAD ./source/encoderHAL.o
LOAD ./source/gpio.o
LOAD ./source/magnetCardDecode.o
LOAD ./source/magnetCardLector.o
LOAD ./source/magnetLectorHAL.o
LOAD ./source/queue.o
LOAD ./source/stateAddingUser.o
LOAD ./source/stateAdminMode.o
LOAD ./source/stateBlocked.o
LOAD ./source/stateChangeIntensity.o
LOAD ./source/stateChangingPIN.o
LOAD ./source/stateMenu.o
LOAD ./source/stateReceivingID.o
LOAD ./source/stateReceivingPIN.o
LOAD ./source/stateRemovingUser.o
LOAD ./source/stateUserApproved.o
LOAD ./source/timer.o
LOAD ./source/timer_queue.o
LOAD ./SDK/startup/hardware.o
LOAD ./SDK/startup/main.o
LOAD ./SDK/startup/semihost_hardfault.o
LOAD ./SDK/startup/startup_mk64f12.o
LOAD ./SDK/CMSIS/system_MK64F12.o
START GROUP
LOAD c:/nxp/mcuxpressoide_10.2.0_759/ide/tools/bin/../lib/gcc/arm-none-eabi/7.2.1/../../../../arm-none-eabi/lib/thumb/v7e-m/fpv4-sp/hard\libcr_c.a
LOAD c:/nxp/mcuxpressoide_10.2.0_759/ide/tools/bin/../lib/gcc/arm-none-eabi/7.2.1/thumb/v7e-m/fpv4-sp/hard\libcr_eabihelpers.a
END GROUP
                0x00000000                __base_PROGRAM_FLASH = 0x0
                0x00000000                __base_Flash = 0x0
                0x00100000                __top_PROGRAM_FLASH = 0x100000
                0x00100000                __top_Flash = 0x100000
                0x20000000                __base_SRAM_UPPER = 0x20000000
                0x20000000                __base_RAM = 0x20000000
                0x20030000                __top_SRAM_UPPER = 0x20030000
                0x20030000                __top_RAM = 0x20030000
                0x1fff0000                __base_SRAM_LOWER = 0x1fff0000
                0x1fff0000                __base_RAM2 = 0x1fff0000
                0x20000000                __top_SRAM_LOWER = 0x20000000
                0x20000000                __top_RAM2 = 0x20000000
                0x14000000                __base_FLEX_RAM = 0x14000000
                0x14000000                __base_RAM3 = 0x14000000
                0x14001000                __top_FLEX_RAM = 0x14001000
                0x14001000                __top_RAM3 = 0x14001000

.text           0x00000000     0x1ba0
 FILL mask 0xff
                0x00000000                __vectors_start__ = ABSOLUTE (.)
 *(SORT_BY_ALIGNMENT(.isr_vector))
 .isr_vector    0x00000000      0x198 ./SDK/startup/startup_mk64f12.o
                0x00000000                g_pfnVectors
                0x00000000                __Vectors
                0x00000198                . = ALIGN (0x4)
                0x00000198                __section_table_start = .
                0x00000198                __data_section_table = .
                0x00000198        0x4 LONG 0x1ba0 LOADADDR (.data)
                0x0000019c        0x4 LONG 0x20000000 ADDR (.data)
                0x000001a0        0x4 LONG 0x30 SIZEOF (.data)
                0x000001a4        0x4 LONG 0x1ba0 LOADADDR (.data_RAM2)
                0x000001a8        0x4 LONG 0x1fff0000 ADDR (.data_RAM2)
                0x000001ac        0x4 LONG 0x0 SIZEOF (.data_RAM2)
                0x000001b0        0x4 LONG 0x1ba0 LOADADDR (.data_RAM3)
                0x000001b4        0x4 LONG 0x14000000 ADDR (.data_RAM3)
                0x000001b8        0x4 LONG 0x0 SIZEOF (.data_RAM3)
                0x000001bc                __data_section_table_end = .
                0x000001bc                __bss_section_table = .
                0x000001bc        0x4 LONG 0x20000030 ADDR (.bss)
                0x000001c0        0x4 LONG 0x24270 SIZEOF (.bss)
                0x000001c4        0x4 LONG 0x1fff0000 ADDR (.bss_RAM2)
                0x000001c8        0x4 LONG 0x0 SIZEOF (.bss_RAM2)
                0x000001cc        0x4 LONG 0x14000000 ADDR (.bss_RAM3)
                0x000001d0        0x4 LONG 0x0 SIZEOF (.bss_RAM3)
                0x000001d4                __bss_section_table_end = .
                0x000001d4                __section_table_end = .
 *(SORT_BY_ALIGNMENT(.after_vectors*))
 .after_vectors.reset
                0x000001d4       0x50 ./SDK/startup/startup_mk64f12.o
                0x000001d4                ResetISR
 .after_vectors
                0x00000224       0x14 ./SDK/startup/startup_mk64f12.o
                0x00000224                NMI_Handler
                0x00000228                MemManage_Handler
                0x0000022a                BusFault_Handler
                0x0000022c                UsageFault_Handler
                0x0000022e                SVC_Handler
                0x00000230                DebugMon_Handler
                0x00000232                PendSV_Handler
                0x00000236                DMA_Error_DriverIRQHandler
                0x00000236                LPTMR0_DriverIRQHandler
                0x00000236                FTM1_DriverIRQHandler
                0x00000236                FTM2_DriverIRQHandler
                0x00000236                PIT2_DriverIRQHandler
                0x00000236                SDHC_DriverIRQHandler
                0x00000236                I2S0_Tx_DriverIRQHandler
                0x00000236                RTC_Seconds_DriverIRQHandler
                0x00000236                DMA6_DriverIRQHandler
                0x00000236                LLWU_DriverIRQHandler
                0x00000236                MCM_DriverIRQHandler
                0x00000236                MCG_DriverIRQHandler
                0x00000236                ENET_1588_Timer_DriverIRQHandler
                0x00000236                I2C2_DriverIRQHandler
                0x00000236                DAC1_DriverIRQHandler
                0x00000236                SPI1_DriverIRQHandler
                0x00000236                CMP1_DriverIRQHandler
                0x00000236                UART5_RX_TX_DriverIRQHandler
                0x00000236                FTM0_DriverIRQHandler
                0x00000236                IntDefaultHandler
                0x00000236                USB0_DriverIRQHandler
                0x00000236                UART5_ERR_DriverIRQHandler
                0x00000236                PORTC_DriverIRQHandler
                0x00000236                DMA11_DriverIRQHandler
                0x00000236                DAC0_DriverIRQHandler
                0x00000236                DMA10_DriverIRQHandler
                0x00000236                CMP2_DriverIRQHandler
                0x00000236                UART2_ERR_DriverIRQHandler
                0x00000236                SPI2_DriverIRQHandler
                0x00000236                LVD_LVW_DriverIRQHandler
                0x00000236                PIT0_DriverIRQHandler
                0x00000236                RNG_DriverIRQHandler
                0x00000236                DMA5_DriverIRQHandler
                0x00000236                DMA12_DriverIRQHandler
                0x00000236                UART2_RX_TX_DriverIRQHandler
                0x00000236                USBDCD_DriverIRQHandler
                0x00000236                UART3_ERR_DriverIRQHandler
                0x00000236                DMA3_DriverIRQHandler
                0x00000236                DMA8_DriverIRQHandler
                0x00000236                DMA9_DriverIRQHandler
                0x00000236                UART0_ERR_DriverIRQHandler
                0x00000236                CMT_DriverIRQHandler
                0x00000236                Reserved71_DriverIRQHandler
                0x00000236                ADC1_DriverIRQHandler
                0x00000236                PORTA_DriverIRQHandler
                0x00000236                DMA14_DriverIRQHandler
                0x00000236                PIT3_DriverIRQHandler
                0x00000236                PIT1_DriverIRQHandler
                0x00000236                WDOG_EWM_DriverIRQHandler
                0x00000236                PDB0_DriverIRQHandler
                0x00000236                RTC_DriverIRQHandler
                0x00000236                I2S0_Rx_DriverIRQHandler
                0x00000236                Read_Collision_DriverIRQHandler
                0x00000236                SWI_DriverIRQHandler
                0x00000236                UART4_RX_TX_DriverIRQHandler
                0x00000236                UART4_ERR_DriverIRQHandler
                0x00000236                PORTB_DriverIRQHandler
                0x00000236                UART0_LON_DriverIRQHandler
                0x00000236                DMA0_DriverIRQHandler
                0x00000236                DMA1_DriverIRQHandler
                0x00000236                I2C1_DriverIRQHandler
                0x00000236                UART3_RX_TX_DriverIRQHandler
                0x00000236                ENET_Receive_DriverIRQHandler
                0x00000236                DMA13_DriverIRQHandler
                0x00000236                ENET_Error_DriverIRQHandler
                0x00000236                DMA15_DriverIRQHandler
                0x00000236                UART0_RX_TX_DriverIRQHandler
                0x00000236                SPI0_DriverIRQHandler
                0x00000236                ADC0_DriverIRQHandler
                0x00000236                CMP0_DriverIRQHandler
                0x00000236                CAN0_DriverIRQHandler
                0x00000236                FTM3_DriverIRQHandler
                0x00000236                DMA4_DriverIRQHandler
                0x00000236                UART1_ERR_DriverIRQHandler
                0x00000236                DMA2_DriverIRQHandler
                0x00000236                ENET_Transmit_DriverIRQHandler
                0x00000236                PORTD_DriverIRQHandler
                0x00000236                PORTE_DriverIRQHandler
                0x00000236                FTFE_DriverIRQHandler
                0x00000236                I2C0_DriverIRQHandler
                0x00000236                DMA7_DriverIRQHandler
                0x00000236                UART1_RX_TX_DriverIRQHandler
 .after_vectors.init_data
                0x00000238       0x1e ./SDK/startup/startup_mk64f12.o
                0x00000238                data_init
 .after_vectors.init_bss
                0x00000256       0x12 ./SDK/startup/startup_mk64f12.o
                0x00000256                bss_init
                0x00000400                . = 0x400
 *fill*         0x00000268      0x198 ff
                0x00000400                PROVIDE (__FLASH_CONFIG_START__, .)
 *(SORT_BY_ALIGNMENT(.FlashConfig))
 .FlashConfig   0x00000400       0x10 ./SDK/startup/startup_mk64f12.o
                0x00000400                Flash_Config
                0x00000410                PROVIDE (__FLASH_CONFIG_END__, .)
                0x00000001                ASSERT (! ((__FLASH_CONFIG_START__ == __FLASH_CONFIG_END__)), Linker Flash Config Support Enabled, but no .FlashConfig section provided within application)
 *(SORT_BY_ALIGNMENT(.text*))
 .text.App_Init
                0x00000410       0x40 ./source/App.o
                0x00000410                App_Init
 .text.App_Run  0x00000450       0xac ./source/App.o
                0x00000450                App_Run
 .text.initFSM  0x000004fc       0x24 ./source/FSM.o
                0x000004fc                initFSM
 .text.InitializeSegmentDisplay
                0x00000520       0x64 ./source/SegmentDisplay.o
                0x00000520                InitializeSegmentDisplay
 .text.SelectDigit
                0x00000584       0x40 ./source/SegmentDisplay.o
                0x00000584                SelectDigit
 .text.SetDigit
                0x000005c4       0x78 ./source/SegmentDisplay.o
                0x000005c4                SetDigit
 .text.PrintChar
                0x0000063c       0x60 ./source/SegmentDisplay.o
                0x0000063c                PrintChar
 .text.SysTick_Init
                0x0000069c       0x2c ./source/SysTick.o
                0x0000069c                SysTick_Init
 .text.SysTick_Handler
                0x000006c8        0xc ./source/SysTick.o
                0x000006c8                SysTick_Handler
 .text.addUser  0x000006d4       0x78 ./source/dataBase.o
                0x000006d4                addUser
 .text.initializeDataBase
                0x0000074c       0x30 ./source/dataBase.o
                0x0000074c                initializeDataBase
 .text.verifyID
                0x0000077c       0x44 ./source/dataBase.o
                0x0000077c                verifyID
 .text.ShiftLeft
                0x000007c0       0x10 ./source/display.o
                0x000007c0                ShiftLeft
 .text.GenerateDisplayEv
                0x000007d0        0x8 ./source/display.o
                0x000007d0                GenerateDisplayEv
 .text.GenerateBrightnessEv
                0x000007d8       0x14 ./source/display.o
                0x000007d8                GenerateBrightnessEv
 .text.InitializeDisplay
                0x000007ec       0x84 ./source/display.o
                0x000007ec                InitializeDisplay
 .text.PrintMessage
                0x00000870       0x88 ./source/display.o
                0x00000870                PrintMessage
 .text.SetBrightness
                0x000008f8       0x10 ./source/display.o
                0x000008f8                SetBrightness
 .text.UpdateDisplay
                0x00000908       0xb8 ./source/display.o
                0x00000908                UpdateDisplay
 .text.signalACallback
                0x000009c0       0x4c ./source/encoder.o
                0x000009c0                signalACallback
 .text.signalBCallback
                0x00000a0c        0x4 ./source/encoder.o
                0x00000a0c                signalBCallback
 .text.signalCCallback
                0x00000a10       0xa0 ./source/encoder.o
                0x00000a10                signalCCallback
 .text.setEncCallbacks
                0x00000ab0       0x2c ./source/encoder.o
                0x00000ab0                setEncCallbacks
 .text.initializeEncoder
                0x00000adc       0x54 ./source/encoder.o
                0x00000adc                initializeEncoder
 .text.updateData
                0x00000b30       0x18 ./source/encoderDecoder.o
                0x00000b30                updateData
 .text.decodeEncoder
                0x00000b48       0x2c ./source/encoderDecoder.o
                0x00000b48                decodeEncoder
 .text.updateButtonState
                0x00000b74        0xc ./source/encoderDecoder.o
                0x00000b74                updateButtonState
 .text.checkEnterRisingEdge
                0x00000b80       0x14 ./source/encoderDecoder.o
                0x00000b80                checkEnterRisingEdge
 .text.checkEnterFallingEdge
                0x00000b94       0x14 ./source/encoderDecoder.o
                0x00000b94                checkEnterFallingEdge
 .text.encTimerRoutine
                0x00000ba8       0x18 ./source/encoderHAL.o
                0x00000ba8                encTimerRoutine
 .text.initializeEncoderHAL
                0x00000bc0       0x4c ./source/encoderHAL.o
                0x00000bc0                initializeEncoderHAL
 .text.resetEncoderTimerCount
                0x00000c0c        0xc ./source/encoderHAL.o
                0x00000c0c                resetEncoderTimerCount
 .text.readEncoderSignalX
                0x00000c18       0x20 ./source/encoderHAL.o
                0x00000c18                readEncoderSignalX
 .text.setSignalCallback
                0x00000c38       0x2c ./source/encoderHAL.o
                0x00000c38                setSignalCallback
 .text.getEncTimerCount
                0x00000c64        0xc ./source/encoderHAL.o
                0x00000c64                getEncTimerCount
 .text.gpioIRQ  0x00000c70       0xac ./source/gpio.o
                0x00000c70                gpioIRQ
 .text.PORTX_IRQHandler
                0x00000d1c       0x54 ./source/gpio.o
                0x00000d1c                PORTX_IRQHandler
 .text.PORTA_IRQHandler
                0x00000d70        0x8 ./source/gpio.o
                0x00000d70                PORTA_IRQHandler
 .text.PORTB_IRQHandler
                0x00000d78        0x8 ./source/gpio.o
                0x00000d78                PORTB_IRQHandler
 .text.PORTC_IRQHandler
                0x00000d80        0x8 ./source/gpio.o
                0x00000d80                PORTC_IRQHandler
 .text.PORTD_IRQHandler
                0x00000d88        0x8 ./source/gpio.o
                0x00000d88                PORTD_IRQHandler
 .text.PORTE_IRQHandler
                0x00000d90        0x8 ./source/gpio.o
                0x00000d90                PORTE_IRQHandler
 .text.gpioMode
                0x00000d98       0x90 ./source/gpio.o
                0x00000d98                gpioMode
 .text.gpioWrite
                0x00000e28       0x4c ./source/gpio.o
                0x00000e28                gpioWrite
 .text.gpioRead
                0x00000e74       0x3c ./source/gpio.o
                0x00000e74                gpioRead
 .text.setPassiveFilter
                0x00000eb0       0x38 ./source/gpio.o
                0x00000eb0                setPassiveFilter
 .text.initMagnetCardLector
                0x00000ee8        0x4 ./source/magnetCardLector.o
                0x00000ee8                initMagnetCardLector
 .text.enableRoutine
                0x00000eec       0x58 ./source/magnetLectorHAL.o
                0x00000eec                enableRoutine
 .text.clockRoutine
                0x00000f44       0x3c ./source/magnetLectorHAL.o
                0x00000f44                clockRoutine
 .text.hwLectorInit
                0x00000f80       0x50 ./source/magnetLectorHAL.o
                0x00000f80                hwLectorInit
 .text.initializeQueue
                0x00000fd0       0x10 ./source/queue.o
                0x00000fd0                initializeQueue
 .text.popEvent
                0x00000fe0       0x34 ./source/queue.o
                0x00000fe0                popEvent
 .text.organizeEvents
                0x00001014        0x4 ./source/queue.o
                0x00001014                organizeEvents
 .text.userDataReset
                0x00001018       0x44 ./source/queue.o
                0x00001018                userDataReset
 .text.CIinputEvHandler
                0x0000105c       0xac ./source/stateChangeIntensity.o
                0x0000105c                CIinputEvHandler
 .text.CItimerEvHandler
                0x00001108       0x24 ./source/stateChangeIntensity.o
                0x00001108                CItimerEvHandler
 .text.CIkeycardEvHandler
                0x0000112c       0x88 ./source/stateChangeIntensity.o
                0x0000112c                CIkeycardEvHandler
 .text.MinputEvHandler
                0x000011b4       0xbc ./source/stateMenu.o
                0x000011b4                MinputEvHandler
 .text.MtimerEvHandler
                0x00001270       0x24 ./source/stateMenu.o
                0x00001270                MtimerEvHandler
 .text.MkeycardEvHandler
                0x00001294       0x88 ./source/stateMenu.o
                0x00001294                MkeycardEvHandler
 .text.createString
                0x0000131c        0x4 ./source/stateReceivingID.o
                0x0000131c                createString
 .text.RIinputEvHandler
                0x00001320       0x78 ./source/stateReceivingID.o
                0x00001320                RIinputEvHandler
 .text.RItimerEvHandler
                0x00001398       0x4c ./source/stateReceivingID.o
                0x00001398                RItimerEvHandler
 .text.RIkeycardEvHandler
                0x000013e4       0x88 ./source/stateReceivingID.o
                0x000013e4                RIkeycardEvHandler
 .text.RPtimerEvHandler
                0x0000146c       0x4c ./source/stateReceivingPIN.o
                0x0000146c                RPtimerEvHandler
 .text.RPkeycardEvHandler
                0x000014b8       0x88 ./source/stateReceivingPIN.o
                0x000014b8                RPkeycardEvHandler
 .text.RPinputEvHandler
                0x00001540       0x80 ./source/stateReceivingPIN.o
                0x00001540                RPinputEvHandler
 .text.sysTickCallback
                0x000015c0       0x2c ./source/timer.o
                0x000015c0                sysTickCallback
 .text.InitializeTimers
                0x000015ec       0x38 ./source/timer.o
                0x000015ec                InitializeTimers
 .text.SetTimer
                0x00001624       0x28 ./source/timer.o
                0x00001624                SetTimer
 .text.EnableTimer
                0x0000164c       0x10 ./source/timer.o
                0x0000164c                EnableTimer
 .text.DisableTimer
                0x0000165c       0x10 ./source/timer.o
                0x0000165c                DisableTimer
 .text.InitializeTimerQueue
                0x0000166c        0xc ./source/timer_queue.o
                0x0000166c                InitializeTimerQueue
 .text.PushTimerEv
                0x00001678       0x20 ./source/timer_queue.o
                0x00001678                PushTimerEv
 .text.hw_Init  0x00001698       0xbc ./SDK/startup/hardware.o
                0x00001698                hw_Init
 .text.hw_EnableInterrupts
                0x00001754       0x14 ./SDK/startup/hardware.o
                0x00001754                hw_EnableInterrupts
 .text.hw_DisableInterrupts
                0x00001768       0x10 ./SDK/startup/hardware.o
                0x00001768                hw_DisableInterrupts
 .text.startup.main
                0x00001778       0x18 ./SDK/startup/main.o
                0x00001778                main
 .text.HardFault_Handler
                0x00001790       0x2c ./SDK/startup/semihost_hardfault.o
                0x00001790                HardFault_Handler
 .text.SystemInitHook
                0x000017bc        0x4 ./SDK/CMSIS/system_MK64F12.o
                0x000017bc                SystemInitHook
 .text.SystemInit
                0x000017c0       0x34 ./SDK/CMSIS/system_MK64F12.o
                0x000017c0                SystemInit
 .text.DMA0_IRQHandler
                0x000017f4        0x8 ./SDK/startup/startup_mk64f12.o
                0x000017f4                DMA0_IRQHandler
 .text.DMA1_IRQHandler
                0x000017fc        0x8 ./SDK/startup/startup_mk64f12.o
                0x000017fc                DMA1_IRQHandler
 .text.DMA2_IRQHandler
                0x00001804        0x8 ./SDK/startup/startup_mk64f12.o
                0x00001804                DMA2_IRQHandler
 .text.DMA3_IRQHandler
                0x0000180c        0x8 ./SDK/startup/startup_mk64f12.o
                0x0000180c                DMA3_IRQHandler
 .text.DMA4_IRQHandler
                0x00001814        0x8 ./SDK/startup/startup_mk64f12.o
                0x00001814                DMA4_IRQHandler
 .text.DMA5_IRQHandler
                0x0000181c        0x8 ./SDK/startup/startup_mk64f12.o
                0x0000181c                DMA5_IRQHandler
 .text.DMA6_IRQHandler
                0x00001824        0x8 ./SDK/startup/startup_mk64f12.o
                0x00001824                DMA6_IRQHandler
 .text.DMA7_IRQHandler
                0x0000182c        0x8 ./SDK/startup/startup_mk64f12.o
                0x0000182c                DMA7_IRQHandler
 .text.DMA8_IRQHandler
                0x00001834        0x8 ./SDK/startup/startup_mk64f12.o
                0x00001834                DMA8_IRQHandler
 .text.DMA9_IRQHandler
                0x0000183c        0x8 ./SDK/startup/startup_mk64f12.o
                0x0000183c                DMA9_IRQHandler
 .text.DMA10_IRQHandler
                0x00001844        0x8 ./SDK/startup/startup_mk64f12.o
                0x00001844                DMA10_IRQHandler
 .text.DMA11_IRQHandler
                0x0000184c        0x8 ./SDK/startup/startup_mk64f12.o
                0x0000184c                DMA11_IRQHandler
 .text.DMA12_IRQHandler
                0x00001854        0x8 ./SDK/startup/startup_mk64f12.o
                0x00001854                DMA12_IRQHandler
 .text.DMA13_IRQHandler
                0x0000185c        0x8 ./SDK/startup/startup_mk64f12.o
                0x0000185c                DMA13_IRQHandler
 .text.DMA14_IRQHandler
                0x00001864        0x8 ./SDK/startup/startup_mk64f12.o
                0x00001864                DMA14_IRQHandler
 .text.DMA15_IRQHandler
                0x0000186c        0x8 ./SDK/startup/startup_mk64f12.o
                0x0000186c                DMA15_IRQHandler
 .text.DMA_Error_IRQHandler
                0x00001874        0x8 ./SDK/startup/startup_mk64f12.o
                0x00001874                DMA_Error_IRQHandler
 .text.MCM_IRQHandler
                0x0000187c        0x8 ./SDK/startup/startup_mk64f12.o
                0x0000187c                MCM_IRQHandler
 .text.FTFE_IRQHandler
                0x00001884        0x8 ./SDK/startup/startup_mk64f12.o
                0x00001884                FTFE_IRQHandler
 .text.Read_Collision_IRQHandler
                0x0000188c        0x8 ./SDK/startup/startup_mk64f12.o
                0x0000188c                Read_Collision_IRQHandler
 .text.LVD_LVW_IRQHandler
                0x00001894        0x8 ./SDK/startup/startup_mk64f12.o
                0x00001894                LVD_LVW_IRQHandler
 .text.LLWU_IRQHandler
                0x0000189c        0x8 ./SDK/startup/startup_mk64f12.o
                0x0000189c                LLWU_IRQHandler
 .text.WDOG_EWM_IRQHandler
                0x000018a4        0x8 ./SDK/startup/startup_mk64f12.o
                0x000018a4                WDOG_EWM_IRQHandler
 .text.RNG_IRQHandler
                0x000018ac        0x8 ./SDK/startup/startup_mk64f12.o
                0x000018ac                RNG_IRQHandler
 .text.I2C0_IRQHandler
                0x000018b4        0x8 ./SDK/startup/startup_mk64f12.o
                0x000018b4                I2C0_IRQHandler
 .text.I2C1_IRQHandler
                0x000018bc        0x8 ./SDK/startup/startup_mk64f12.o
                0x000018bc                I2C1_IRQHandler
 .text.SPI0_IRQHandler
                0x000018c4        0x8 ./SDK/startup/startup_mk64f12.o
                0x000018c4                SPI0_IRQHandler
 .text.SPI1_IRQHandler
                0x000018cc        0x8 ./SDK/startup/startup_mk64f12.o
                0x000018cc                SPI1_IRQHandler
 .text.I2S0_Tx_IRQHandler
                0x000018d4        0x8 ./SDK/startup/startup_mk64f12.o
                0x000018d4                I2S0_Tx_IRQHandler
 .text.I2S0_Rx_IRQHandler
                0x000018dc        0x8 ./SDK/startup/startup_mk64f12.o
                0x000018dc                I2S0_Rx_IRQHandler
 .text.UART0_LON_IRQHandler
                0x000018e4        0x8 ./SDK/startup/startup_mk64f12.o
                0x000018e4                UART0_LON_IRQHandler
 .text.UART0_RX_TX_IRQHandler
                0x000018ec        0x8 ./SDK/startup/startup_mk64f12.o
                0x000018ec                UART0_RX_TX_IRQHandler
 .text.UART0_ERR_IRQHandler
                0x000018f4        0x8 ./SDK/startup/startup_mk64f12.o
                0x000018f4                UART0_ERR_IRQHandler
 .text.UART1_RX_TX_IRQHandler
                0x000018fc        0x8 ./SDK/startup/startup_mk64f12.o
                0x000018fc                UART1_RX_TX_IRQHandler
 .text.UART1_ERR_IRQHandler
                0x00001904        0x8 ./SDK/startup/startup_mk64f12.o
                0x00001904                UART1_ERR_IRQHandler
 .text.UART2_RX_TX_IRQHandler
                0x0000190c        0x8 ./SDK/startup/startup_mk64f12.o
                0x0000190c                UART2_RX_TX_IRQHandler
 .text.UART2_ERR_IRQHandler
                0x00001914        0x8 ./SDK/startup/startup_mk64f12.o
                0x00001914                UART2_ERR_IRQHandler
 .text.UART3_RX_TX_IRQHandler
                0x0000191c        0x8 ./SDK/startup/startup_mk64f12.o
                0x0000191c                UART3_RX_TX_IRQHandler
 .text.UART3_ERR_IRQHandler
                0x00001924        0x8 ./SDK/startup/startup_mk64f12.o
                0x00001924                UART3_ERR_IRQHandler
 .text.ADC0_IRQHandler
                0x0000192c        0x8 ./SDK/startup/startup_mk64f12.o
                0x0000192c                ADC0_IRQHandler
 .text.CMP0_IRQHandler
                0x00001934        0x8 ./SDK/startup/startup_mk64f12.o
                0x00001934                CMP0_IRQHandler
 .text.CMP1_IRQHandler
                0x0000193c        0x8 ./SDK/startup/startup_mk64f12.o
                0x0000193c                CMP1_IRQHandler
 .text.FTM0_IRQHandler
                0x00001944        0x8 ./SDK/startup/startup_mk64f12.o
                0x00001944                FTM0_IRQHandler
 .text.FTM1_IRQHandler
                0x0000194c        0x8 ./SDK/startup/startup_mk64f12.o
                0x0000194c                FTM1_IRQHandler
 .text.FTM2_IRQHandler
                0x00001954        0x8 ./SDK/startup/startup_mk64f12.o
                0x00001954                FTM2_IRQHandler
 .text.CMT_IRQHandler
                0x0000195c        0x8 ./SDK/startup/startup_mk64f12.o
                0x0000195c                CMT_IRQHandler
 .text.RTC_IRQHandler
                0x00001964        0x8 ./SDK/startup/startup_mk64f12.o
                0x00001964                RTC_IRQHandler
 .text.RTC_Seconds_IRQHandler
                0x0000196c        0x8 ./SDK/startup/startup_mk64f12.o
                0x0000196c                RTC_Seconds_IRQHandler
 .text.PIT0_IRQHandler
                0x00001974        0x8 ./SDK/startup/startup_mk64f12.o
                0x00001974                PIT0_IRQHandler
 .text.PIT1_IRQHandler
                0x0000197c        0x8 ./SDK/startup/startup_mk64f12.o
                0x0000197c                PIT1_IRQHandler
 .text.PIT2_IRQHandler
                0x00001984        0x8 ./SDK/startup/startup_mk64f12.o
                0x00001984                PIT2_IRQHandler
 .text.PIT3_IRQHandler
                0x0000198c        0x8 ./SDK/startup/startup_mk64f12.o
                0x0000198c                PIT3_IRQHandler
 .text.PDB0_IRQHandler
                0x00001994        0x8 ./SDK/startup/startup_mk64f12.o
                0x00001994                PDB0_IRQHandler
 .text.USB0_IRQHandler
                0x0000199c        0x8 ./SDK/startup/startup_mk64f12.o
                0x0000199c                USB0_IRQHandler
 .text.USBDCD_IRQHandler
                0x000019a4        0x8 ./SDK/startup/startup_mk64f12.o
                0x000019a4                USBDCD_IRQHandler
 .text.Reserved71_IRQHandler
                0x000019ac        0x8 ./SDK/startup/startup_mk64f12.o
                0x000019ac                Reserved71_IRQHandler
 .text.DAC0_IRQHandler
                0x000019b4        0x8 ./SDK/startup/startup_mk64f12.o
                0x000019b4                DAC0_IRQHandler
 .text.MCG_IRQHandler
                0x000019bc        0x8 ./SDK/startup/startup_mk64f12.o
                0x000019bc                MCG_IRQHandler
 .text.LPTMR0_IRQHandler
                0x000019c4        0x8 ./SDK/startup/startup_mk64f12.o
                0x000019c4                LPTMR0_IRQHandler
 .text.SWI_IRQHandler
                0x000019cc        0x8 ./SDK/startup/startup_mk64f12.o
                0x000019cc                SWI_IRQHandler
 .text.SPI2_IRQHandler
                0x000019d4        0x8 ./SDK/startup/startup_mk64f12.o
                0x000019d4                SPI2_IRQHandler
 .text.UART4_RX_TX_IRQHandler
                0x000019dc        0x8 ./SDK/startup/startup_mk64f12.o
                0x000019dc                UART4_RX_TX_IRQHandler
 .text.UART4_ERR_IRQHandler
                0x000019e4        0x8 ./SDK/startup/startup_mk64f12.o
                0x000019e4                UART4_ERR_IRQHandler
 .text.UART5_RX_TX_IRQHandler
                0x000019ec        0x8 ./SDK/startup/startup_mk64f12.o
                0x000019ec                UART5_RX_TX_IRQHandler
 .text.UART5_ERR_IRQHandler
                0x000019f4        0x8 ./SDK/startup/startup_mk64f12.o
                0x000019f4                UART5_ERR_IRQHandler
 .text.CMP2_IRQHandler
                0x000019fc        0x8 ./SDK/startup/startup_mk64f12.o
                0x000019fc                CMP2_IRQHandler
 .text.FTM3_IRQHandler
                0x00001a04        0x8 ./SDK/startup/startup_mk64f12.o
                0x00001a04                FTM3_IRQHandler
 .text.DAC1_IRQHandler
                0x00001a0c        0x8 ./SDK/startup/startup_mk64f12.o
                0x00001a0c                DAC1_IRQHandler
 .text.ADC1_IRQHandler
                0x00001a14        0x8 ./SDK/startup/startup_mk64f12.o
                0x00001a14                ADC1_IRQHandler
 .text.I2C2_IRQHandler
                0x00001a1c        0x8 ./SDK/startup/startup_mk64f12.o
                0x00001a1c                I2C2_IRQHandler
 .text.CAN0_ORed_Message_buffer_IRQHandler
                0x00001a24        0x8 ./SDK/startup/startup_mk64f12.o
                0x00001a24                CAN0_ORed_Message_buffer_IRQHandler
 .text.CAN0_Bus_Off_IRQHandler
                0x00001a2c        0x8 ./SDK/startup/startup_mk64f12.o
                0x00001a2c                CAN0_Bus_Off_IRQHandler
 .text.CAN0_Error_IRQHandler
                0x00001a34        0x8 ./SDK/startup/startup_mk64f12.o
                0x00001a34                CAN0_Error_IRQHandler
 .text.CAN0_Tx_Warning_IRQHandler
                0x00001a3c        0x8 ./SDK/startup/startup_mk64f12.o
                0x00001a3c                CAN0_Tx_Warning_IRQHandler
 .text.CAN0_Rx_Warning_IRQHandler
                0x00001a44        0x8 ./SDK/startup/startup_mk64f12.o
                0x00001a44                CAN0_Rx_Warning_IRQHandler
 .text.CAN0_Wake_Up_IRQHandler
                0x00001a4c        0x8 ./SDK/startup/startup_mk64f12.o
                0x00001a4c                CAN0_Wake_Up_IRQHandler
 .text.SDHC_IRQHandler
                0x00001a54        0x8 ./SDK/startup/startup_mk64f12.o
                0x00001a54                SDHC_IRQHandler
 .text.ENET_1588_Timer_IRQHandler
                0x00001a5c        0x8 ./SDK/startup/startup_mk64f12.o
                0x00001a5c                ENET_1588_Timer_IRQHandler
 .text.ENET_Transmit_IRQHandler
                0x00001a64        0x8 ./SDK/startup/startup_mk64f12.o
                0x00001a64                ENET_Transmit_IRQHandler
 .text.ENET_Receive_IRQHandler
                0x00001a6c        0x8 ./SDK/startup/startup_mk64f12.o
                0x00001a6c                ENET_Receive_IRQHandler
 .text.ENET_Error_IRQHandler
                0x00001a74        0x8 ./SDK/startup/startup_mk64f12.o
                0x00001a74                ENET_Error_IRQHandler
 .text.memcpy   0x00001a7c        0x4 c:/nxp/mcuxpressoide_10.2.0_759/ide/tools/bin/../lib/gcc/arm-none-eabi/7.2.1/../../../../arm-none-eabi/lib/thumb/v7e-m/fpv4-sp/hard\libcr_c.a(memcpy.o)
                0x00001a7c                memcpy
 .text.__aeabi_memcpy
                0x00001a80       0x34 c:/nxp/mcuxpressoide_10.2.0_759/ide/tools/bin/../lib/gcc/arm-none-eabi/7.2.1/thumb/v7e-m/fpv4-sp/hard\libcr_eabihelpers.a(memcpy.o)
                0x00001a80                __aeabi_memcpy
                0x00001a8a                __aeabi_memcpy8
                0x00001a8a                __aeabi_memcpy4
 *(SORT_BY_ALIGNMENT(.rodata) SORT_BY_ALIGNMENT(.rodata.*) SORT_BY_ALIGNMENT(.constdata) SORT_BY_ALIGNMENT(.constdata.*))
 .rodata.letters_segment_array
                0x00001ab4       0x1a ./source/SegmentDisplay.o
 *fill*         0x00001ace        0x2 ff
 .rodata.number_segment_array
                0x00001ad0        0xa ./source/SegmentDisplay.o
 *fill*         0x00001ada        0x2 ff
 .rodata        0x00001adc        0xe ./source/dataBase.o
 .rodata.InitializeDisplay.str1.4
                0x00001aea        0x0 ./source/display.o
                                  0x1 (size before relaxing)
 *fill*         0x00001aea        0x2 ff
 .rodata        0x00001aec       0x28 ./source/gpio.o
 .rodata.CIinputEvHandler.str1.4
                0x00001b14       0x32 ./source/stateChangeIntensity.o
 *fill*         0x00001b46        0x2 ff
 .rodata.CIkeycardEvHandler.str1.4
                0x00001b48       0x23 ./source/stateChangeIntensity.o
 *fill*         0x00001b6b        0x1 ff
 .rodata.str1.4
                0x00001b6c       0x28 ./source/stateChangeIntensity.o
 .rodata.MkeycardEvHandler.str1.4
                0x00001b94       0x23 ./source/stateMenu.o
 .rodata.str1.4
                0x00001b94        0x8 ./source/stateMenu.o
                                  0x9 (size before relaxing)
 .rodata.RIkeycardEvHandler.str1.4
                0x00001b9c       0x23 ./source/stateReceivingID.o
 .rodata.RPkeycardEvHandler.str1.4
                0x00001b9c       0x23 ./source/stateReceivingPIN.o
                0x00001bc0                . = ALIGN (0x8)
 *fill*         0x00001b9c        0x4 ff

.glue_7         0x00001ba0        0x0
 .glue_7        0x00001ba0        0x0 linker stubs

.glue_7t        0x00001ba0        0x0
 .glue_7t       0x00001ba0        0x0 linker stubs

.vfp11_veneer   0x00001ba0        0x0
 .vfp11_veneer  0x00001ba0        0x0 linker stubs

.v4_bx          0x00001ba0        0x0
 .v4_bx         0x00001ba0        0x0 linker stubs

.iplt           0x00001ba0        0x0
 .iplt          0x00001ba0        0x0 ./source/App.o

.rel.dyn        0x00001ba0        0x0
 .rel.iplt      0x00001ba0        0x0 ./source/App.o

.ARM.extab
 *(SORT_BY_ALIGNMENT(.ARM.extab*) SORT_BY_ALIGNMENT(.gnu.linkonce.armextab.*))
                0x00001ba0                __exidx_start = .

.ARM.exidx
 *(SORT_BY_ALIGNMENT(.ARM.exidx*) SORT_BY_ALIGNMENT(.gnu.linkonce.armexidx.*))
                0x00001ba0                __exidx_end = .
                0x00001ba0                _etext = .

.m_usb_data
 *(SORT_BY_ALIGNMENT(m_usb_bdt))

.data_RAM2      0x1fff0000        0x0 load address 0x00001ba0
 FILL mask 0xff
                [!provide]                PROVIDE (__start_data_RAM2, .)
 *(SORT_BY_ALIGNMENT(.ramfunc.$RAM2))
 *(SORT_BY_ALIGNMENT(.ramfunc.$SRAM_LOWER))
 *(SORT_BY_ALIGNMENT(.data.$RAM2*))
 *(SORT_BY_ALIGNMENT(.data.$SRAM_LOWER*))
                0x1fff0000                . = ALIGN (0x8)
                [!provide]                PROVIDE (__end_data_RAM2, .)

.data_RAM3      0x14000000        0x0 load address 0x00001ba0
 FILL mask 0xff
                [!provide]                PROVIDE (__start_data_RAM3, .)
 *(SORT_BY_ALIGNMENT(.ramfunc.$RAM3))
 *(SORT_BY_ALIGNMENT(.ramfunc.$FLEX_RAM))
 *(SORT_BY_ALIGNMENT(.data.$RAM3*))
 *(SORT_BY_ALIGNMENT(.data.$FLEX_RAM*))
                0x14000000                . = ALIGN (0x8)
                [!provide]                PROVIDE (__end_data_RAM3, .)

.uninit_RESERVED
                0x20000000        0x0
 *(SORT_BY_ALIGNMENT(.bss.$RESERVED*))
                0x20000000                . = ALIGN (0x4)
                0x20000000                _end_uninit_RESERVED = .

.data           0x20000000       0x30 load address 0x00001ba0
 FILL mask 0xff
                0x20000000                _data = .
 *(SORT_BY_ALIGNMENT(vtable))
 *(SORT_BY_ALIGNMENT(.ramfunc*))
 *(SORT_BY_ALIGNMENT(.data*))
 .data.intStrings
                0x20000000       0x28 ./source/stateChangeIntensity.o
                0x20000000                intStrings
 .data.menuStrings
                0x20000028        0x8 ./source/stateMenu.o
                0x20000030                . = ALIGN (0x8)
                0x20000030                _edata = .

.igot.plt       0x20000030        0x0 load address 0x00001bd0
 .igot.plt      0x20000030        0x0 ./source/App.o

.bss_RAM2       0x1fff0000        0x0
                [!provide]                PROVIDE (__start_bss_RAM2, .)
 *(SORT_BY_ALIGNMENT(.bss.$RAM2*))
 *(SORT_BY_ALIGNMENT(.bss.$SRAM_LOWER*))
                0x1fff0000                . = ALIGN ((. != 0x0)?0x8:0x1)
                [!provide]                PROVIDE (__end_bss_RAM2, .)

.bss_RAM3       0x14000000        0x0
                [!provide]                PROVIDE (__start_bss_RAM3, .)
 *(SORT_BY_ALIGNMENT(.bss.$RAM3*))
 *(SORT_BY_ALIGNMENT(.bss.$FLEX_RAM*))
                0x14000000                . = ALIGN ((. != 0x0)?0x8:0x1)
                [!provide]                PROVIDE (__end_bss_RAM3, .)

.bss            0x20000030    0x24270
                0x20000030                _bss = .
 *(SORT_BY_ALIGNMENT(.bss*))
 .bss.fsm       0x20000030       0x14 ./source/App.o
                0x20000030                fsm
 .bss.newEvent  0x20000044       0xec ./source/App.o
                0x20000044                newEvent
 .bss.nextState
                0x20000130       0x10 ./source/App.o
                0x20000130                nextState
 .bss.userData  0x20000140       0xe8 ./source/App.o
                0x20000140                userData
 .bss.sysTickFun
                0x20000228        0x4 ./source/SysTick.o
                0x20000228                sysTickFun
 .bss.dataBase  0x2000022c    0x222e4 ./source/dataBase.o
 .bss.brigthness
                0x20022510        0x4 ./source/display.o
 .bss.current_string
                0x20022514        0x4 ./source/display.o
 .bss.display_position
                0x20022518        0x4 ./source/display.o
 .bss.string_position
                0x2002251c        0x4 ./source/display.o
 .bss.string_size
                0x20022520        0x4 ./source/display.o
 .bss.encoderQueue
                0x20022524      0x640 ./source/encoder.o
 .bss.encoder   0x20022b64        0x6 ./source/encoderDecoder.o
 *fill*         0x20022b6a        0x2 
 .bss.p2irqFunctions
                0x20022b6c      0x280 ./source/gpio.o
                0x20022b6c                p2irqFunctions
 .bss.counterDataIn
                0x20022dec        0x4 ./source/magnetLectorHAL.o
                0x20022dec                counterDataIn
 .bss.queue     0x20022df0     0x1408 ./source/magnetLectorHAL.o
                0x20022df0                queue
 .bss.timers    0x200241f8       0x60 ./source/timer.o
 .bss.queue     0x20024258       0x38 ./source/timer_queue.o
 .bss.__LDM_interruptDisableCount
                0x20024290        0x4 ./SDK/startup/hardware.o
 .bss.changingState
                0x20024294        0x1 ./source/App.o
                0x20024294                changingState
 .bss.initialized
                0x20024295        0x1 ./source/SegmentDisplay.o
 .bss.brightness_ev
                0x20024296        0x1 ./source/display.o
 .bss.initialized
                0x20024297        0x1 ./source/display.o
 .bss.initialized_enc
                0x20024298        0x1 ./source/encoder.o
 .bss.encoder_timer_count
                0x20024299        0x1 ./source/encoderHAL.o
 .bss.initialized_enc_low
                0x2002429a        0x1 ./source/encoderHAL.o
 .bss.enable    0x2002429b        0x1 ./source/magnetLectorHAL.o
                0x2002429b                enable
 .bss.hwLectorIsInit
                0x2002429c        0x1 ./source/magnetLectorHAL.o
                0x2002429c                hwLectorIsInit
 .bss.raw2save  0x2002429d        0x1 ./source/magnetLectorHAL.o
                0x2002429d                raw2save
 .bss.tryNro    0x2002429e        0x1 ./source/stateReceivingPIN.o
                0x2002429e                tryNro
 .bss.initialized
                0x2002429f        0x1 ./source/timer.o
 *(SORT_BY_ALIGNMENT(COMMON))
                0x200242a0                . = ALIGN (0x8)
                0x200242a0                _ebss = .
                [!provide]                PROVIDE (end, .)

.noinit_RAM2    0x1fff0000        0x0
 *(SORT_BY_ALIGNMENT(.noinit.$RAM2*))
 *(SORT_BY_ALIGNMENT(.noinit.$SRAM_LOWER*))
                0x1fff0000                . = ALIGN (0x8)

.noinit_RAM3    0x14000000        0x0
 *(SORT_BY_ALIGNMENT(.noinit.$RAM3*))
 *(SORT_BY_ALIGNMENT(.noinit.$FLEX_RAM*))
                0x14000000                . = ALIGN (0x8)

.noinit         0x200242a0        0x0
                0x200242a0                _noinit = .
 *(SORT_BY_ALIGNMENT(.noinit*))
                0x200242a0                . = ALIGN (0x8)
                0x200242a0                _end_noinit = .
                0x00001000                _HeapSize = 0x1000

.heap           0x200242a0     0x1000
                0x200242a0                _pvHeapStart = .
                0x200252a0                . = (. + _HeapSize)
 *fill*         0x200242a0     0x1000 
                0x200252a0                . = ALIGN (0x8)
                0x200252a0                _pvHeapLimit = .
                0x00001000                _StackSize = 0x1000

.heap2stackfill
                0x200252a0     0x1000
                0x200262a0                . = (. + _StackSize)
 *fill*         0x200252a0     0x1000 

.stack          0x2002f000        0x0
                0x2002f000                _vStackBase = .
                0x2002f000                . = ALIGN (0x8)
                0x20030000                _vStackTop = (. + _StackSize)
                0x00000000                _image_start = LOADADDR (.text)
                0x00001bd0                _image_end = (LOADADDR (.data) + SIZEOF (.data))
                0x00001bd0                _image_size = (_image_end - _image_start)
OUTPUT(Baliza.axf elf32-littlearm)

.debug_info     0x00000000     0x7635
 .debug_info    0x00000000      0x54f ./source/App.o
 .debug_info    0x0000054f      0x360 ./source/FSM.o
 .debug_info    0x000008af      0x4c8 ./source/SegmentDisplay.o
 .debug_info    0x00000d77      0x518 ./source/SysTick.o
 .debug_info    0x0000128f      0x498 ./source/dataBase.o
 .debug_info    0x00001727      0x41f ./source/display.o
 .debug_info    0x00001b46      0x522 ./source/encoder.o
 .debug_info    0x00002068      0x2d9 ./source/encoderDecoder.o
 .debug_info    0x00002341      0x39b ./source/encoderHAL.o
 .debug_info    0x000026dc     0x1138 ./source/gpio.o
 .debug_info    0x00003814      0x1b5 ./source/magnetCardLector.o
 .debug_info    0x000039c9      0x33d ./source/magnetLectorHAL.o
 .debug_info    0x00003d06      0x421 ./source/queue.o
 .debug_info    0x00004127      0x53e ./source/stateChangeIntensity.o
 .debug_info    0x00004665      0x541 ./source/stateMenu.o
 .debug_info    0x00004ba6      0x605 ./source/stateReceivingID.o
 .debug_info    0x000051ab      0x65e ./source/stateReceivingPIN.o
 .debug_info    0x00005809      0x2a9 ./source/timer.o
 .debug_info    0x00005ab2      0x19e ./source/timer_queue.o
 .debug_info    0x00005c50      0x675 ./SDK/startup/hardware.o
 .debug_info    0x000062c5      0x120 ./SDK/startup/main.o
 .debug_info    0x000063e5       0x3b ./SDK/startup/semihost_hardfault.o
 .debug_info    0x00006420      0xc0d ./SDK/startup/startup_mk64f12.o
 .debug_info    0x0000702d      0x608 ./SDK/CMSIS/system_MK64F12.o

.debug_abbrev   0x00000000     0x23c9
 .debug_abbrev  0x00000000      0x14d ./source/App.o
 .debug_abbrev  0x0000014d       0xde ./source/FSM.o
 .debug_abbrev  0x0000022b      0x159 ./source/SegmentDisplay.o
 .debug_abbrev  0x00000384      0x199 ./source/SysTick.o
 .debug_abbrev  0x0000051d      0x203 ./source/dataBase.o
 .debug_abbrev  0x00000720      0x1c0 ./source/display.o
 .debug_abbrev  0x000008e0      0x21f ./source/encoder.o
 .debug_abbrev  0x00000aff      0x1d4 ./source/encoderDecoder.o
 .debug_abbrev  0x00000cd3      0x176 ./source/encoderHAL.o
 .debug_abbrev  0x00000e49      0x37c ./source/gpio.o
 .debug_abbrev  0x000011c5      0x10e ./source/magnetCardLector.o
 .debug_abbrev  0x000012d3      0x1b7 ./source/magnetLectorHAL.o
 .debug_abbrev  0x0000148a      0x19a ./source/queue.o
 .debug_abbrev  0x00001624      0x16e ./source/stateChangeIntensity.o
 .debug_abbrev  0x00001792      0x16e ./source/stateMenu.o
 .debug_abbrev  0x00001900      0x1bc ./source/stateReceivingID.o
 .debug_abbrev  0x00001abc      0x208 ./source/stateReceivingPIN.o
 .debug_abbrev  0x00001cc4      0x165 ./source/timer.o
 .debug_abbrev  0x00001e29      0x10a ./source/timer_queue.o
 .debug_abbrev  0x00001f33      0x138 ./SDK/startup/hardware.o
 .debug_abbrev  0x0000206b       0x9b ./SDK/startup/main.o
 .debug_abbrev  0x00002106       0x2f ./SDK/startup/semihost_hardfault.o
 .debug_abbrev  0x00002135      0x14a ./SDK/startup/startup_mk64f12.o
 .debug_abbrev  0x0000227f      0x14a ./SDK/CMSIS/system_MK64F12.o

.debug_aranges  0x00000000      0x8d0
 .debug_aranges
                0x00000000       0x28 ./source/App.o
 .debug_aranges
                0x00000028       0x20 ./source/FSM.o
 .debug_aranges
                0x00000048       0x38 ./source/SegmentDisplay.o
 .debug_aranges
                0x00000080       0x28 ./source/SysTick.o
 .debug_aranges
                0x000000a8       0x50 ./source/dataBase.o
 .debug_aranges
                0x000000f8       0x60 ./source/display.o
 .debug_aranges
                0x00000158       0x58 ./source/encoder.o
 .debug_aranges
                0x000001b0       0x60 ./source/encoderDecoder.o
 .debug_aranges
                0x00000210       0x48 ./source/encoderHAL.o
 .debug_aranges
                0x00000258       0xc0 ./source/gpio.o
 .debug_aranges
                0x00000318       0x30 ./source/magnetCardLector.o
 .debug_aranges
                0x00000348       0x48 ./source/magnetLectorHAL.o
 .debug_aranges
                0x00000390       0x40 ./source/queue.o
 .debug_aranges
                0x000003d0       0x30 ./source/stateChangeIntensity.o
 .debug_aranges
                0x00000400       0x30 ./source/stateMenu.o
 .debug_aranges
                0x00000430       0x38 ./source/stateReceivingID.o
 .debug_aranges
                0x00000468       0x38 ./source/stateReceivingPIN.o
 .debug_aranges
                0x000004a0       0x50 ./source/timer.o
 .debug_aranges
                0x000004f0       0x38 ./source/timer_queue.o
 .debug_aranges
                0x00000528       0x30 ./SDK/startup/hardware.o
 .debug_aranges
                0x00000558       0x20 ./SDK/startup/main.o
 .debug_aranges
                0x00000578       0x20 ./SDK/startup/semihost_hardfault.o
 .debug_aranges
                0x00000598      0x308 ./SDK/startup/startup_mk64f12.o
 .debug_aranges
                0x000008a0       0x30 ./SDK/CMSIS/system_MK64F12.o

.debug_ranges   0x00000000      0x918
 .debug_ranges  0x00000000       0x18 ./source/App.o
 .debug_ranges  0x00000018       0x10 ./source/FSM.o
 .debug_ranges  0x00000028       0x28 ./source/SegmentDisplay.o
 .debug_ranges  0x00000050       0x18 ./source/SysTick.o
 .debug_ranges  0x00000068       0x58 ./source/dataBase.o
 .debug_ranges  0x000000c0       0x88 ./source/display.o
 .debug_ranges  0x00000148       0xb8 ./source/encoder.o
 .debug_ranges  0x00000200       0x80 ./source/encoderDecoder.o
 .debug_ranges  0x00000280       0x38 ./source/encoderHAL.o
 .debug_ranges  0x000002b8      0x128 ./source/gpio.o
 .debug_ranges  0x000003e0       0x20 ./source/magnetCardLector.o
 .debug_ranges  0x00000400       0x38 ./source/magnetLectorHAL.o
 .debug_ranges  0x00000438       0x30 ./source/queue.o
 .debug_ranges  0x00000468       0x38 ./source/stateChangeIntensity.o
 .debug_ranges  0x000004a0       0x38 ./source/stateMenu.o
 .debug_ranges  0x000004d8       0x40 ./source/stateReceivingID.o
 .debug_ranges  0x00000518       0x40 ./source/stateReceivingPIN.o
 .debug_ranges  0x00000558       0x40 ./source/timer.o
 .debug_ranges  0x00000598       0x28 ./source/timer_queue.o
 .debug_ranges  0x000005c0       0x20 ./SDK/startup/hardware.o
 .debug_ranges  0x000005e0       0x10 ./SDK/startup/main.o
 .debug_ranges  0x000005f0       0x10 ./SDK/startup/semihost_hardfault.o
 .debug_ranges  0x00000600      0x2f8 ./SDK/startup/startup_mk64f12.o
 .debug_ranges  0x000008f8       0x20 ./SDK/CMSIS/system_MK64F12.o

.debug_macro    0x00000000    0x11f47
 .debug_macro   0x00000000       0x7d ./source/App.o
 .debug_macro   0x0000007d      0xa5a ./source/App.o
 .debug_macro   0x00000ad7       0x22 ./source/App.o
 .debug_macro   0x00000af9       0x10 ./source/App.o
 .debug_macro   0x00000b09      0x34e ./source/App.o
 .debug_macro   0x00000e57       0x16 ./source/App.o
 .debug_macro   0x00000e6d       0x10 ./source/App.o
 .debug_macro   0x00000e7d       0x16 ./source/App.o
 .debug_macro   0x00000e93       0x10 ./source/App.o
 .debug_macro   0x00000ea3       0x10 ./source/App.o
 .debug_macro   0x00000eb3       0x75 ./source/FSM.o
 .debug_macro   0x00000f28       0xb2 ./source/SegmentDisplay.o
 .debug_macro   0x00000fda       0x3a ./source/SegmentDisplay.o
 .debug_macro   0x00001014       0x96 ./source/SysTick.o
 .debug_macro   0x000010aa       0x5c ./source/SysTick.o
 .debug_macro   0x00001106       0x1c ./source/SysTick.o
 .debug_macro   0x00001122       0x22 ./source/SysTick.o
 .debug_macro   0x00001144       0xdf ./source/SysTick.o
 .debug_macro   0x00001223      0xecf ./source/SysTick.o
 .debug_macro   0x000020f2       0x48 ./source/SysTick.o
 .debug_macro   0x0000213a     0xe07b ./source/SysTick.o
 .debug_macro   0x000101b5      0x174 ./source/SysTick.o
 .debug_macro   0x00010329       0x68 ./source/dataBase.o
 .debug_macro   0x00010391       0x78 ./source/display.o
 .debug_macro   0x00010409       0x10 ./source/display.o
 .debug_macro   0x00010419       0x67 ./source/encoder.o
 .debug_macro   0x00010480       0x10 ./source/encoder.o
 .debug_macro   0x00010490       0x16 ./source/encoder.o
 .debug_macro   0x000104a6       0x3c ./source/encoderDecoder.o
 .debug_macro   0x000104e2       0x62 ./source/encoderHAL.o
 .debug_macro   0x00010544       0x40 ./source/encoderHAL.o
 .debug_macro   0x00010584       0xa4 ./source/gpio.o
 .debug_macro   0x00010628       0x48 ./source/magnetCardLector.o
 .debug_macro   0x00010670       0x2e ./source/magnetCardLector.o
 .debug_macro   0x0001069e       0x28 ./source/magnetCardLector.o
 .debug_macro   0x000106c6       0x60 ./source/magnetLectorHAL.o
 .debug_macro   0x00010726       0x61 ./source/queue.o
 .debug_macro   0x00010787       0xad ./source/stateChangeIntensity.o
 .debug_macro   0x00010834       0xb1 ./source/stateMenu.o
 .debug_macro   0x000108e5       0xb9 ./source/stateReceivingID.o
 .debug_macro   0x0001099e       0xc9 ./source/stateReceivingPIN.o
 .debug_macro   0x00010a67       0x4c ./source/timer.o
 .debug_macro   0x00010ab3       0x10 ./source/timer.o
 .debug_macro   0x00010ac3       0x47 ./source/timer_queue.o
 .debug_macro   0x00010b0a       0x9c ./SDK/startup/hardware.o
 .debug_macro   0x00010ba6       0x10 ./SDK/startup/hardware.o
 .debug_macro   0x00010bb6     0x122b ./SDK/startup/hardware.o
 .debug_macro   0x00011de1       0x16 ./SDK/startup/hardware.o
 .debug_macro   0x00011df7       0x9c ./SDK/startup/main.o
 .debug_macro   0x00011e93       0x11 ./SDK/startup/semihost_hardfault.o
 .debug_macro   0x00011ea4       0x23 ./SDK/startup/startup_mk64f12.o
 .debug_macro   0x00011ec7       0x80 ./SDK/CMSIS/system_MK64F12.o

.debug_line     0x00000000     0x2c74
 .debug_line    0x00000000      0x162 ./source/App.o
 .debug_line    0x00000162      0x11c ./source/FSM.o
 .debug_line    0x0000027e      0x162 ./source/SegmentDisplay.o
 .debug_line    0x000003e0      0x163 ./source/SysTick.o
 .debug_line    0x00000543      0x1f5 ./source/dataBase.o
 .debug_line    0x00000738      0x215 ./source/display.o
 .debug_line    0x0000094d      0x1fd ./source/encoder.o
 .debug_line    0x00000b4a      0x1b0 ./source/encoderDecoder.o
 .debug_line    0x00000cfa      0x157 ./source/encoderHAL.o
 .debug_line    0x00000e51      0x36f ./source/gpio.o
 .debug_line    0x000011c0      0x13f ./source/magnetCardLector.o
 .debug_line    0x000012ff      0x19d ./source/magnetLectorHAL.o
 .debug_line    0x0000149c      0x172 ./source/queue.o
 .debug_line    0x0000160e      0x1e2 ./source/stateChangeIntensity.o
 .debug_line    0x000017f0      0x1f5 ./source/stateMenu.o
 .debug_line    0x000019e5      0x1e6 ./source/stateReceivingID.o
 .debug_line    0x00001bcb      0x1f9 ./source/stateReceivingPIN.o
 .debug_line    0x00001dc4      0x169 ./source/timer.o
 .debug_line    0x00001f2d      0x11d ./source/timer_queue.o
 .debug_line    0x0000204a      0x1ed ./SDK/startup/hardware.o
 .debug_line    0x00002237      0x175 ./SDK/startup/main.o
 .debug_line    0x000023ac       0x55 ./SDK/startup/semihost_hardfault.o
 .debug_line    0x00002401      0x680 ./SDK/startup/startup_mk64f12.o
 .debug_line    0x00002a81      0x1f3 ./SDK/CMSIS/system_MK64F12.o

.debug_str      0x00000000    0x798ed
 .debug_str     0x00000000     0x3a96 ./source/App.o
                               0x3c30 (size before relaxing)
 .debug_str     0x00003a96       0x19 ./source/FSM.o
                               0x3b01 (size before relaxing)
 .debug_str     0x00003aaf      0x2f5 ./source/SegmentDisplay.o
                               0x3b0e (size before relaxing)
 .debug_str     0x00003da4    0x6d4df ./source/SysTick.o
                              0x70db6 (size before relaxing)
 .debug_str     0x00071283      0x111 ./source/dataBase.o
                               0x39f1 (size before relaxing)
 .debug_str     0x00071394      0x1e7 ./source/display.o
                               0x3ad4 (size before relaxing)
 .debug_str     0x0007157b      0x24a ./source/encoder.o
                               0x3abe (size before relaxing)
 .debug_str     0x000717c5       0x73 ./source/encoderDecoder.o
                               0x3963 (size before relaxing)
 .debug_str     0x00071838      0x17d ./source/encoderHAL.o
                               0x3b28 (size before relaxing)
 .debug_str     0x000719b5      0x31d ./source/gpio.o
                              0x70e6b (size before relaxing)
 .debug_str     0x00071cd2      0x156 ./source/magnetCardLector.o
                               0x39e6 (size before relaxing)
 .debug_str     0x00071e28      0x10f ./source/magnetLectorHAL.o
                               0x3e33 (size before relaxing)
 .debug_str     0x00071f37       0x4f ./source/queue.o
                               0x3ace (size before relaxing)
 .debug_str     0x00071f86       0xc3 ./source/stateChangeIntensity.o
                               0x3c1b (size before relaxing)
 .debug_str     0x00072049       0x8d ./source/stateMenu.o
                               0x3c24 (size before relaxing)
 .debug_str     0x000720d6       0xe4 ./source/stateReceivingID.o
                               0x3c7e (size before relaxing)
 .debug_str     0x000721ba       0xca ./source/stateReceivingPIN.o
                               0x3cab (size before relaxing)
 .debug_str     0x00072284       0xd3 ./source/timer.o
                               0x39a4 (size before relaxing)
 .debug_str     0x00072357       0x6c ./source/timer_queue.o
                               0x3929 (size before relaxing)
 .debug_str     0x000723c3     0x6cb1 ./SDK/startup/hardware.o
                              0x77200 (size before relaxing)
 .debug_str     0x00079074       0x1b ./SDK/startup/main.o
                              0x77016 (size before relaxing)
 .debug_str     0x0007908f       0x36 ./SDK/startup/semihost_hardfault.o
                               0x2d3a (size before relaxing)
 .debug_str     0x000790c5      0x7d1 ./SDK/startup/startup_mk64f12.o
                               0x35a9 (size before relaxing)
 .debug_str     0x00079896       0x57 ./SDK/CMSIS/system_MK64F12.o
                              0x7710f (size before relaxing)

.comment        0x00000000       0x7e
 .comment       0x00000000       0x7e ./source/App.o
                                 0x7f (size before relaxing)
 .comment       0x0000007e       0x7f ./source/FSM.o
 .comment       0x0000007e       0x7f ./source/SegmentDisplay.o
 .comment       0x0000007e       0x7f ./source/SysTick.o
 .comment       0x0000007e       0x7f ./source/dataBase.o
 .comment       0x0000007e       0x7f ./source/display.o
 .comment       0x0000007e       0x7f ./source/encoder.o
 .comment       0x0000007e       0x7f ./source/encoderDecoder.o
 .comment       0x0000007e       0x7f ./source/encoderHAL.o
 .comment       0x0000007e       0x7f ./source/gpio.o
 .comment       0x0000007e       0x7f ./source/magnetCardLector.o
 .comment       0x0000007e       0x7f ./source/magnetLectorHAL.o
 .comment       0x0000007e       0x7f ./source/queue.o
 .comment       0x0000007e       0x7f ./source/stateChangeIntensity.o
 .comment       0x0000007e       0x7f ./source/stateMenu.o
 .comment       0x0000007e       0x7f ./source/stateReceivingID.o
 .comment       0x0000007e       0x7f ./source/stateReceivingPIN.o
 .comment       0x0000007e       0x7f ./source/timer.o
 .comment       0x0000007e       0x7f ./source/timer_queue.o
 .comment       0x0000007e       0x7f ./SDK/startup/hardware.o
 .comment       0x0000007e       0x7f ./SDK/startup/main.o
 .comment       0x0000007e       0x7f ./SDK/startup/semihost_hardfault.o
 .comment       0x0000007e       0x7f ./SDK/startup/startup_mk64f12.o
 .comment       0x0000007e       0x7f ./SDK/CMSIS/system_MK64F12.o
 .comment       0x0000007e       0x7f c:/nxp/mcuxpressoide_10.2.0_759/ide/tools/bin/../lib/gcc/arm-none-eabi/7.2.1/../../../../arm-none-eabi/lib/thumb/v7e-m/fpv4-sp/hard\libcr_c.a(memcpy.o)

.ARM.attributes
                0x00000000       0x37
 .ARM.attributes
                0x00000000       0x39 ./source/App.o
 .ARM.attributes
                0x00000039       0x39 ./source/FSM.o
 .ARM.attributes
                0x00000072       0x39 ./source/SegmentDisplay.o
 .ARM.attributes
                0x000000ab       0x39 ./source/SysTick.o
 .ARM.attributes
                0x000000e4       0x39 ./source/dataBase.o
 .ARM.attributes
                0x0000011d       0x39 ./source/display.o
 .ARM.attributes
                0x00000156       0x39 ./source/encoder.o
 .ARM.attributes
                0x0000018f       0x39 ./source/encoderDecoder.o
 .ARM.attributes
                0x000001c8       0x39 ./source/encoderHAL.o
 .ARM.attributes
                0x00000201       0x39 ./source/gpio.o
 .ARM.attributes
                0x0000023a       0x39 ./source/magnetCardLector.o
 .ARM.attributes
                0x00000273       0x39 ./source/magnetLectorHAL.o
 .ARM.attributes
                0x000002ac       0x39 ./source/queue.o
 .ARM.attributes
                0x000002e5       0x39 ./source/stateChangeIntensity.o
 .ARM.attributes
                0x0000031e       0x39 ./source/stateMenu.o
 .ARM.attributes
                0x00000357       0x39 ./source/stateReceivingID.o
 .ARM.attributes
                0x00000390       0x39 ./source/stateReceivingPIN.o
 .ARM.attributes
                0x000003c9       0x39 ./source/timer.o
 .ARM.attributes
                0x00000402       0x39 ./source/timer_queue.o
 .ARM.attributes
                0x0000043b       0x39 ./SDK/startup/hardware.o
 .ARM.attributes
                0x00000474       0x39 ./SDK/startup/main.o
 .ARM.attributes
                0x000004ad       0x39 ./SDK/startup/semihost_hardfault.o
 .ARM.attributes
                0x000004e6       0x39 ./SDK/startup/startup_mk64f12.o
 .ARM.attributes
                0x0000051f       0x39 ./SDK/CMSIS/system_MK64F12.o
 .ARM.attributes
                0x00000558       0x39 c:/nxp/mcuxpressoide_10.2.0_759/ide/tools/bin/../lib/gcc/arm-none-eabi/7.2.1/../../../../arm-none-eabi/lib/thumb/v7e-m/fpv4-sp/hard\libcr_c.a(memcpy.o)
 .ARM.attributes
                0x00000591       0x25 c:/nxp/mcuxpressoide_10.2.0_759/ide/tools/bin/../lib/gcc/arm-none-eabi/7.2.1/thumb/v7e-m/fpv4-sp/hard\libcr_eabihelpers.a(memcpy.o)

.debug_frame    0x00000000     0x1628
 .debug_frame   0x00000000       0x54 ./source/App.o
 .debug_frame   0x00000054       0x2c ./source/FSM.o
 .debug_frame   0x00000080       0x84 ./source/SegmentDisplay.o
 .debug_frame   0x00000104       0x3c ./source/SysTick.o
 .debug_frame   0x00000140      0x124 ./source/dataBase.o
 .debug_frame   0x00000264      0x100 ./source/display.o
 .debug_frame   0x00000364       0xf8 ./source/encoder.o
 .debug_frame   0x0000045c       0xbc ./source/encoderDecoder.o
 .debug_frame   0x00000518       0x80 ./source/encoderHAL.o
 .debug_frame   0x00000598      0x224 ./source/gpio.o
 .debug_frame   0x000007bc       0x54 ./source/magnetCardLector.o
 .debug_frame   0x00000810       0x9c ./source/magnetLectorHAL.o
 .debug_frame   0x000008ac       0xa4 ./source/queue.o
 .debug_frame   0x00000950       0x74 ./source/stateChangeIntensity.o
 .debug_frame   0x000009c4       0x78 ./source/stateMenu.o
 .debug_frame   0x00000a3c       0x88 ./source/stateReceivingID.o
 .debug_frame   0x00000ac4       0x88 ./source/stateReceivingPIN.o
 .debug_frame   0x00000b4c       0xa4 ./source/timer.o
 .debug_frame   0x00000bf0       0x50 ./source/timer_queue.o
 .debug_frame   0x00000c40       0x50 ./SDK/startup/hardware.o
 .debug_frame   0x00000c90       0x28 ./SDK/startup/main.o
 .debug_frame   0x00000cb8       0x20 ./SDK/startup/semihost_hardfault.o
 .debug_frame   0x00000cd8      0x904 ./SDK/startup/startup_mk64f12.o
 .debug_frame   0x000015dc       0x4c ./SDK/CMSIS/system_MK64F12.o

.debug_loc      0x00000000     0x1ed5
 .debug_loc     0x00000000      0x1bb ./source/SegmentDisplay.o
 .debug_loc     0x000001bb       0x48 ./source/SysTick.o
 .debug_loc     0x00000203      0x38a ./source/dataBase.o
 .debug_loc     0x0000058d      0x166 ./source/display.o
 .debug_loc     0x000006f3      0x167 ./source/encoder.o
 .debug_loc     0x0000085a       0x88 ./source/encoderDecoder.o
 .debug_loc     0x000008e2      0x133 ./source/encoderHAL.o
 .debug_loc     0x00000a15      0x77d ./source/gpio.o
 .debug_loc     0x00001192       0x6c ./source/magnetLectorHAL.o
 .debug_loc     0x000011fe      0x108 ./source/queue.o
 .debug_loc     0x00001306      0x1bb ./source/stateChangeIntensity.o
 .debug_loc     0x000014c1      0x1fe ./source/stateMenu.o
 .debug_loc     0x000016bf      0x1cc ./source/stateReceivingID.o
 .debug_loc     0x0000188b      0x227 ./source/stateReceivingPIN.o
 .debug_loc     0x00001ab2      0x106 ./source/timer.o
 .debug_loc     0x00001bb8       0x70 ./source/timer_queue.o
 .debug_loc     0x00001c28      0x1f2 ./SDK/startup/startup_mk64f12.o
 .debug_loc     0x00001e1a       0xbb ./SDK/CMSIS/system_MK64F12.o
