
Discarded input sections

 .group         0x00000000        0xc ./source/App.o
 .group         0x00000000        0xc ./source/App.o
 .group         0x00000000        0xc ./source/App.o
 .group         0x00000000        0xc ./source/App.o
 .group         0x00000000        0xc ./source/App.o
 .group         0x00000000        0xc ./source/App.o
 .group         0x00000000        0xc ./source/App.o
 .text          0x00000000        0x0 ./source/App.o
 .data          0x00000000        0x0 ./source/App.o
 .bss           0x00000000        0x0 ./source/App.o
 .group         0x00000000        0xc ./source/SysTick.o
 .group         0x00000000        0xc ./source/SysTick.o
 .group         0x00000000        0xc ./source/SysTick.o
 .group         0x00000000        0xc ./source/SysTick.o
 .group         0x00000000        0xc ./source/SysTick.o
 .group         0x00000000        0xc ./source/SysTick.o
 .group         0x00000000        0xc ./source/SysTick.o
 .group         0x00000000        0xc ./source/SysTick.o
 .group         0x00000000        0xc ./source/SysTick.o
 .group         0x00000000        0xc ./source/SysTick.o
 .group         0x00000000        0xc ./source/SysTick.o
 .text          0x00000000        0x0 ./source/SysTick.o
 .data          0x00000000        0x0 ./source/SysTick.o
 .bss           0x00000000        0x0 ./source/SysTick.o
 .debug_macro   0x00000000      0xa5a ./source/SysTick.o
 .debug_macro   0x00000000       0x22 ./source/SysTick.o
 .debug_macro   0x00000000      0x34e ./source/SysTick.o
 .group         0x00000000        0xc ./source/display.o
 .group         0x00000000        0xc ./source/display.o
 .text          0x00000000        0x0 ./source/display.o
 .data          0x00000000        0x0 ./source/display.o
 .bss           0x00000000        0x0 ./source/display.o
 .text.ClearDisplay
                0x00000000       0x2c ./source/display.o
 .text.PrintMessage
                0x00000000       0x64 ./source/display.o
 .text.GetStringSize
                0x00000000       0x14 ./source/display.o
 .bss.current_string
                0x00000000        0x4 ./source/display.o
 .bss.display_position
                0x00000000        0x4 ./source/display.o
 .rodata.ClearDisplay.str1.4
                0x00000000        0x1 ./source/display.o
 .debug_info    0x00000000      0x1b2 ./source/display.o
 .debug_abbrev  0x00000000      0x136 ./source/display.o
 .debug_loc     0x00000000      0x154 ./source/display.o
 .debug_aranges
                0x00000000       0x30 ./source/display.o
 .debug_ranges  0x00000000       0x20 ./source/display.o
 .debug_macro   0x00000000       0x2a ./source/display.o
 .debug_macro   0x00000000      0xa5a ./source/display.o
 .debug_macro   0x00000000       0x22 ./source/display.o
 .debug_line    0x00000000      0x109 ./source/display.o
 .debug_str     0x00000000     0x2e36 ./source/display.o
 .comment       0x00000000       0x7f ./source/display.o
 .debug_frame   0x00000000       0x54 ./source/display.o
 .ARM.attributes
                0x00000000       0x39 ./source/display.o
 .group         0x00000000        0xc ./source/gpio.o
 .group         0x00000000        0xc ./source/gpio.o
 .group         0x00000000        0xc ./source/gpio.o
 .group         0x00000000        0xc ./source/gpio.o
 .group         0x00000000        0xc ./source/gpio.o
 .group         0x00000000        0xc ./source/gpio.o
 .group         0x00000000        0xc ./source/gpio.o
 .group         0x00000000        0xc ./source/gpio.o
 .group         0x00000000        0xc ./source/gpio.o
 .group         0x00000000        0xc ./source/gpio.o
 .group         0x00000000        0xc ./source/gpio.o
 .text          0x00000000        0x0 ./source/gpio.o
 .data          0x00000000        0x0 ./source/gpio.o
 .bss           0x00000000        0x0 ./source/gpio.o
 .text.gpioRead
                0x00000000       0x3c ./source/gpio.o
 .text.isPinValid
                0x00000000        0xc ./source/gpio.o
 .text.setPCRmux
                0x00000000       0x18 ./source/gpio.o
 .text.setPCRpullEnable
                0x00000000       0x10 ./source/gpio.o
 .text.setPCRpullUp
                0x00000000       0x10 ./source/gpio.o
 .text.setPCRpullDown
                0x00000000       0x10 ./source/gpio.o
 .text.setGPIOddr
                0x00000000        0xc ./source/gpio.o
 .text.setGPIOdataOut
                0x00000000       0x1c ./source/gpio.o
 .debug_macro   0x00000000      0xa5a ./source/gpio.o
 .debug_macro   0x00000000      0x34e ./source/gpio.o
 .debug_macro   0x00000000       0x22 ./source/gpio.o
 .debug_macro   0x00000000       0x3a ./source/gpio.o
 .debug_macro   0x00000000       0x5c ./source/gpio.o
 .debug_macro   0x00000000       0x1c ./source/gpio.o
 .debug_macro   0x00000000       0x22 ./source/gpio.o
 .debug_macro   0x00000000       0xdf ./source/gpio.o
 .debug_macro   0x00000000      0xecf ./source/gpio.o
 .debug_macro   0x00000000       0x48 ./source/gpio.o
 .debug_macro   0x00000000     0xe07b ./source/gpio.o
 .group         0x00000000        0xc ./source/timer.o
 .group         0x00000000        0xc ./source/timer.o
 .group         0x00000000        0xc ./source/timer.o
 .text          0x00000000        0x0 ./source/timer.o
 .data          0x00000000        0x0 ./source/timer.o
 .bss           0x00000000        0x0 ./source/timer.o
 .debug_macro   0x00000000      0xa5a ./source/timer.o
 .debug_macro   0x00000000       0x22 ./source/timer.o
 .group         0x00000000        0xc ./SDK/startup/hardware.o
 .group         0x00000000        0xc ./SDK/startup/hardware.o
 .group         0x00000000        0xc ./SDK/startup/hardware.o
 .group         0x00000000        0xc ./SDK/startup/hardware.o
 .group         0x00000000        0xc ./SDK/startup/hardware.o
 .group         0x00000000        0xc ./SDK/startup/hardware.o
 .group         0x00000000        0xc ./SDK/startup/hardware.o
 .group         0x00000000        0xc ./SDK/startup/hardware.o
 .group         0x00000000        0xc ./SDK/startup/hardware.o
 .group         0x00000000        0xc ./SDK/startup/hardware.o
 .group         0x00000000        0xc ./SDK/startup/hardware.o
 .group         0x00000000        0xc ./SDK/startup/hardware.o
 .group         0x00000000        0xc ./SDK/startup/hardware.o
 .text          0x00000000        0x0 ./SDK/startup/hardware.o
 .data          0x00000000        0x0 ./SDK/startup/hardware.o
 .bss           0x00000000        0x0 ./SDK/startup/hardware.o
 .debug_macro   0x00000000      0xa5a ./SDK/startup/hardware.o
 .debug_macro   0x00000000      0x34e ./SDK/startup/hardware.o
 .debug_macro   0x00000000       0x22 ./SDK/startup/hardware.o
 .debug_macro   0x00000000       0x5c ./SDK/startup/hardware.o
 .debug_macro   0x00000000       0x1c ./SDK/startup/hardware.o
 .debug_macro   0x00000000       0x22 ./SDK/startup/hardware.o
 .debug_macro   0x00000000       0xdf ./SDK/startup/hardware.o
 .debug_macro   0x00000000      0xecf ./SDK/startup/hardware.o
 .debug_macro   0x00000000       0x48 ./SDK/startup/hardware.o
 .debug_macro   0x00000000     0xe07b ./SDK/startup/hardware.o
 .group         0x00000000        0xc ./SDK/startup/main.o
 .group         0x00000000        0xc ./SDK/startup/main.o
 .group         0x00000000        0xc ./SDK/startup/main.o
 .group         0x00000000        0xc ./SDK/startup/main.o
 .group         0x00000000        0xc ./SDK/startup/main.o
 .group         0x00000000        0xc ./SDK/startup/main.o
 .group         0x00000000        0xc ./SDK/startup/main.o
 .group         0x00000000        0xc ./SDK/startup/main.o
 .group         0x00000000        0xc ./SDK/startup/main.o
 .group         0x00000000        0xc ./SDK/startup/main.o
 .group         0x00000000        0xc ./SDK/startup/main.o
 .group         0x00000000        0xc ./SDK/startup/main.o
 .group         0x00000000        0xc ./SDK/startup/main.o
 .text          0x00000000        0x0 ./SDK/startup/main.o
 .data          0x00000000        0x0 ./SDK/startup/main.o
 .bss           0x00000000        0x0 ./SDK/startup/main.o
 .debug_macro   0x00000000      0xa5a ./SDK/startup/main.o
 .debug_macro   0x00000000      0x34e ./SDK/startup/main.o
 .debug_macro   0x00000000       0x22 ./SDK/startup/main.o
 .debug_macro   0x00000000       0x10 ./SDK/startup/main.o
 .debug_macro   0x00000000       0x5c ./SDK/startup/main.o
 .debug_macro   0x00000000       0x1c ./SDK/startup/main.o
 .debug_macro   0x00000000       0x22 ./SDK/startup/main.o
 .debug_macro   0x00000000       0xdf ./SDK/startup/main.o
 .debug_macro   0x00000000      0xecf ./SDK/startup/main.o
 .debug_macro   0x00000000       0x48 ./SDK/startup/main.o
 .debug_macro   0x00000000     0xe07b ./SDK/startup/main.o
 .debug_macro   0x00000000     0x122b ./SDK/startup/main.o
 .debug_macro   0x00000000       0x16 ./SDK/startup/main.o
 .group         0x00000000        0xc ./SDK/startup/semihost_hardfault.o
 .text          0x00000000        0x0 ./SDK/startup/semihost_hardfault.o
 .data          0x00000000        0x0 ./SDK/startup/semihost_hardfault.o
 .bss           0x00000000        0x0 ./SDK/startup/semihost_hardfault.o
 .debug_macro   0x00000000      0xa5a ./SDK/startup/semihost_hardfault.o
 .group         0x00000000        0xc ./SDK/startup/startup_mk64f12.o
 .text          0x00000000        0x0 ./SDK/startup/startup_mk64f12.o
 .data          0x00000000        0x0 ./SDK/startup/startup_mk64f12.o
 .bss           0x00000000        0x0 ./SDK/startup/startup_mk64f12.o
 .debug_macro   0x00000000      0xa5a ./SDK/startup/startup_mk64f12.o
 .group         0x00000000        0xc ./SDK/CMSIS/system_MK64F12.o
 .group         0x00000000        0xc ./SDK/CMSIS/system_MK64F12.o
 .group         0x00000000        0xc ./SDK/CMSIS/system_MK64F12.o
 .group         0x00000000        0xc ./SDK/CMSIS/system_MK64F12.o
 .group         0x00000000        0xc ./SDK/CMSIS/system_MK64F12.o
 .group         0x00000000        0xc ./SDK/CMSIS/system_MK64F12.o
 .group         0x00000000        0xc ./SDK/CMSIS/system_MK64F12.o
 .group         0x00000000        0xc ./SDK/CMSIS/system_MK64F12.o
 .group         0x00000000        0xc ./SDK/CMSIS/system_MK64F12.o
 .group         0x00000000        0xc ./SDK/CMSIS/system_MK64F12.o
 .group         0x00000000        0xc ./SDK/CMSIS/system_MK64F12.o
 .text          0x00000000        0x0 ./SDK/CMSIS/system_MK64F12.o
 .data          0x00000000        0x0 ./SDK/CMSIS/system_MK64F12.o
 .bss           0x00000000        0x0 ./SDK/CMSIS/system_MK64F12.o
 .text.SystemCoreClockUpdate
                0x00000000      0x188 ./SDK/CMSIS/system_MK64F12.o
 .data.SystemCoreClock
                0x00000000        0x4 ./SDK/CMSIS/system_MK64F12.o
 .debug_macro   0x00000000      0xa5a ./SDK/CMSIS/system_MK64F12.o
 .debug_macro   0x00000000      0x34e ./SDK/CMSIS/system_MK64F12.o
 .debug_macro   0x00000000       0x10 ./SDK/CMSIS/system_MK64F12.o
 .debug_macro   0x00000000       0x5c ./SDK/CMSIS/system_MK64F12.o
 .debug_macro   0x00000000       0x1c ./SDK/CMSIS/system_MK64F12.o
 .debug_macro   0x00000000       0x22 ./SDK/CMSIS/system_MK64F12.o
 .debug_macro   0x00000000       0xdf ./SDK/CMSIS/system_MK64F12.o
 .debug_macro   0x00000000      0xecf ./SDK/CMSIS/system_MK64F12.o
 .debug_macro   0x00000000       0x48 ./SDK/CMSIS/system_MK64F12.o
 .debug_macro   0x00000000     0xe07b ./SDK/CMSIS/system_MK64F12.o
 .debug_macro   0x00000000     0x122b ./SDK/CMSIS/system_MK64F12.o

Memory Configuration

Name             Origin             Length             Attributes
PROGRAM_FLASH    0x00000000         0x00100000         xr
SRAM_UPPER       0x20000000         0x00030000         xrw
SRAM_LOWER       0x1fff0000         0x00010000         xrw
FLEX_RAM         0x14000000         0x00001000         xrw
*default*        0x00000000         0xffffffff

Linker script and memory map

LOAD ./source/App.o
LOAD ./source/SysTick.o
LOAD ./source/display.o
LOAD ./source/gpio.o
LOAD ./source/timer.o
LOAD ./SDK/startup/hardware.o
LOAD ./SDK/startup/main.o
LOAD ./SDK/startup/semihost_hardfault.o
LOAD ./SDK/startup/startup_mk64f12.o
LOAD ./SDK/CMSIS/system_MK64F12.o
START GROUP
LOAD c:/nxp/mcuxpressoide_10.2.0_759/ide/tools/bin/../lib/gcc/arm-none-eabi/7.2.1/../../../../arm-none-eabi/lib/thumb/v7e-m/fpv4-sp/hard\libcr_c.a
LOAD c:/nxp/mcuxpressoide_10.2.0_759/ide/tools/bin/../lib/gcc/arm-none-eabi/7.2.1/thumb/v7e-m/fpv4-sp/hard\libcr_eabihelpers.a
END GROUP
                0x00000000                __base_PROGRAM_FLASH = 0x0
                0x00000000                __base_Flash = 0x0
                0x00100000                __top_PROGRAM_FLASH = 0x100000
                0x00100000                __top_Flash = 0x100000
                0x20000000                __base_SRAM_UPPER = 0x20000000
                0x20000000                __base_RAM = 0x20000000
                0x20030000                __top_SRAM_UPPER = 0x20030000
                0x20030000                __top_RAM = 0x20030000
                0x1fff0000                __base_SRAM_LOWER = 0x1fff0000
                0x1fff0000                __base_RAM2 = 0x1fff0000
                0x20000000                __top_SRAM_LOWER = 0x20000000
                0x20000000                __top_RAM2 = 0x20000000
                0x14000000                __base_FLEX_RAM = 0x14000000
                0x14000000                __base_RAM3 = 0x14000000
                0x14001000                __top_FLEX_RAM = 0x14001000
                0x14001000                __top_RAM3 = 0x14001000

.text           0x00000000      0xa60
 FILL mask 0xff
                0x00000000                __vectors_start__ = ABSOLUTE (.)
 *(SORT_BY_ALIGNMENT(.isr_vector))
 .isr_vector    0x00000000      0x198 ./SDK/startup/startup_mk64f12.o
                0x00000000                g_pfnVectors
                0x00000000                __Vectors
                0x00000198                . = ALIGN (0x4)
                0x00000198                __section_table_start = .
                0x00000198                __data_section_table = .
                0x00000198        0x4 LONG 0xa60 LOADADDR (.data)
                0x0000019c        0x4 LONG 0x20000000 ADDR (.data)
                0x000001a0        0x4 LONG 0x0 SIZEOF (.data)
                0x000001a4        0x4 LONG 0xa60 LOADADDR (.data_RAM2)
                0x000001a8        0x4 LONG 0x1fff0000 ADDR (.data_RAM2)
                0x000001ac        0x4 LONG 0x0 SIZEOF (.data_RAM2)
                0x000001b0        0x4 LONG 0xa60 LOADADDR (.data_RAM3)
                0x000001b4        0x4 LONG 0x14000000 ADDR (.data_RAM3)
                0x000001b8        0x4 LONG 0x0 SIZEOF (.data_RAM3)
                0x000001bc                __data_section_table_end = .
                0x000001bc                __bss_section_table = .
                0x000001bc        0x4 LONG 0x20000000 ADDR (.bss)
                0x000001c0        0x4 LONG 0x28 SIZEOF (.bss)
                0x000001c4        0x4 LONG 0x1fff0000 ADDR (.bss_RAM2)
                0x000001c8        0x4 LONG 0x0 SIZEOF (.bss_RAM2)
                0x000001cc        0x4 LONG 0x14000000 ADDR (.bss_RAM3)
                0x000001d0        0x4 LONG 0x0 SIZEOF (.bss_RAM3)
                0x000001d4                __bss_section_table_end = .
                0x000001d4                __section_table_end = .
 *(SORT_BY_ALIGNMENT(.after_vectors*))
 .after_vectors.reset
                0x000001d4       0x50 ./SDK/startup/startup_mk64f12.o
                0x000001d4                ResetISR
 .after_vectors
                0x00000224       0x14 ./SDK/startup/startup_mk64f12.o
                0x00000224                NMI_Handler
                0x00000228                MemManage_Handler
                0x0000022a                BusFault_Handler
                0x0000022c                UsageFault_Handler
                0x0000022e                SVC_Handler
                0x00000230                DebugMon_Handler
                0x00000232                PendSV_Handler
                0x00000236                DMA_Error_DriverIRQHandler
                0x00000236                LPTMR0_DriverIRQHandler
                0x00000236                FTM1_DriverIRQHandler
                0x00000236                FTM2_DriverIRQHandler
                0x00000236                PIT2_DriverIRQHandler
                0x00000236                SDHC_DriverIRQHandler
                0x00000236                I2S0_Tx_DriverIRQHandler
                0x00000236                RTC_Seconds_DriverIRQHandler
                0x00000236                DMA6_DriverIRQHandler
                0x00000236                LLWU_DriverIRQHandler
                0x00000236                MCM_DriverIRQHandler
                0x00000236                MCG_DriverIRQHandler
                0x00000236                ENET_1588_Timer_DriverIRQHandler
                0x00000236                I2C2_DriverIRQHandler
                0x00000236                DAC1_DriverIRQHandler
                0x00000236                SPI1_DriverIRQHandler
                0x00000236                CMP1_DriverIRQHandler
                0x00000236                UART5_RX_TX_DriverIRQHandler
                0x00000236                FTM0_DriverIRQHandler
                0x00000236                IntDefaultHandler
                0x00000236                USB0_DriverIRQHandler
                0x00000236                UART5_ERR_DriverIRQHandler
                0x00000236                PORTC_DriverIRQHandler
                0x00000236                DMA11_DriverIRQHandler
                0x00000236                DAC0_DriverIRQHandler
                0x00000236                DMA10_DriverIRQHandler
                0x00000236                CMP2_DriverIRQHandler
                0x00000236                UART2_ERR_DriverIRQHandler
                0x00000236                SPI2_DriverIRQHandler
                0x00000236                LVD_LVW_DriverIRQHandler
                0x00000236                PIT0_DriverIRQHandler
                0x00000236                RNG_DriverIRQHandler
                0x00000236                DMA5_DriverIRQHandler
                0x00000236                DMA12_DriverIRQHandler
                0x00000236                UART2_RX_TX_DriverIRQHandler
                0x00000236                USBDCD_DriverIRQHandler
                0x00000236                UART3_ERR_DriverIRQHandler
                0x00000236                DMA3_DriverIRQHandler
                0x00000236                DMA8_DriverIRQHandler
                0x00000236                DMA9_DriverIRQHandler
                0x00000236                UART0_ERR_DriverIRQHandler
                0x00000236                CMT_DriverIRQHandler
                0x00000236                Reserved71_DriverIRQHandler
                0x00000236                ADC1_DriverIRQHandler
                0x00000236                PORTA_DriverIRQHandler
                0x00000236                DMA14_DriverIRQHandler
                0x00000236                PIT3_DriverIRQHandler
                0x00000236                PIT1_DriverIRQHandler
                0x00000236                WDOG_EWM_DriverIRQHandler
                0x00000236                PDB0_DriverIRQHandler
                0x00000236                RTC_DriverIRQHandler
                0x00000236                I2S0_Rx_DriverIRQHandler
                0x00000236                Read_Collision_DriverIRQHandler
                0x00000236                SWI_DriverIRQHandler
                0x00000236                UART4_RX_TX_DriverIRQHandler
                0x00000236                UART4_ERR_DriverIRQHandler
                0x00000236                PORTB_DriverIRQHandler
                0x00000236                UART0_LON_DriverIRQHandler
                0x00000236                DMA0_DriverIRQHandler
                0x00000236                DMA1_DriverIRQHandler
                0x00000236                I2C1_DriverIRQHandler
                0x00000236                UART3_RX_TX_DriverIRQHandler
                0x00000236                ENET_Receive_DriverIRQHandler
                0x00000236                DMA13_DriverIRQHandler
                0x00000236                ENET_Error_DriverIRQHandler
                0x00000236                DMA15_DriverIRQHandler
                0x00000236                UART0_RX_TX_DriverIRQHandler
                0x00000236                SPI0_DriverIRQHandler
                0x00000236                ADC0_DriverIRQHandler
                0x00000236                CMP0_DriverIRQHandler
                0x00000236                CAN0_DriverIRQHandler
                0x00000236                FTM3_DriverIRQHandler
                0x00000236                DMA4_DriverIRQHandler
                0x00000236                UART1_ERR_DriverIRQHandler
                0x00000236                DMA2_DriverIRQHandler
                0x00000236                ENET_Transmit_DriverIRQHandler
                0x00000236                PORTD_DriverIRQHandler
                0x00000236                PORTE_DriverIRQHandler
                0x00000236                FTFE_DriverIRQHandler
                0x00000236                I2C0_DriverIRQHandler
                0x00000236                DMA7_DriverIRQHandler
                0x00000236                UART1_RX_TX_DriverIRQHandler
 .after_vectors.init_data
                0x00000238       0x1e ./SDK/startup/startup_mk64f12.o
                0x00000238                data_init
 .after_vectors.init_bss
                0x00000256       0x12 ./SDK/startup/startup_mk64f12.o
                0x00000256                bss_init
                0x00000400                . = 0x400
 *fill*         0x00000268      0x198 ff
                0x00000400                PROVIDE (__FLASH_CONFIG_START__, .)
 *(SORT_BY_ALIGNMENT(.FlashConfig))
 .FlashConfig   0x00000400       0x10 ./SDK/startup/startup_mk64f12.o
                0x00000400                Flash_Config
                0x00000410                PROVIDE (__FLASH_CONFIG_END__, .)
                0x00000001                ASSERT (! ((__FLASH_CONFIG_START__ == __FLASH_CONFIG_END__)), Linker Flash Config Support Enabled, but no .FlashConfig section provided within application)
 *(SORT_BY_ALIGNMENT(.text*))
 .text.sysTickCallback
                0x00000410       0x38 ./source/App.o
                0x00000410                sysTickCallback
 .text.RED_LED_callback
                0x00000448        0x8 ./source/App.o
                0x00000448                RED_LED_callback
 .text.GREEN_LED_callback
                0x00000450        0x8 ./source/App.o
                0x00000450                GREEN_LED_callback
 .text.App_Init
                0x00000458       0x50 ./source/App.o
                0x00000458                App_Init
 .text.App_Run  0x000004a8        0x4 ./source/App.o
                0x000004a8                App_Run
 .text.SysTick_Init
                0x000004ac       0x2c ./source/SysTick.o
                0x000004ac                SysTick_Init
 .text.SysTick_Handler
                0x000004d8        0xc ./source/SysTick.o
                0x000004d8                SysTick_Handler
 .text.gpioMode
                0x000004e4       0x90 ./source/gpio.o
                0x000004e4                gpioMode
 .text.gpioWrite
                0x00000574       0x4c ./source/gpio.o
                0x00000574                gpioWrite
 .text.gpioToggle
                0x000005c0       0x40 ./source/gpio.o
                0x000005c0                gpioToggle
 .text.SetTimer
                0x00000600       0x28 ./source/timer.o
                0x00000600                SetTimer
 .text.hw_Init  0x00000628       0xbc ./SDK/startup/hardware.o
                0x00000628                hw_Init
 .text.hw_EnableInterrupts
                0x000006e4       0x14 ./SDK/startup/hardware.o
                0x000006e4                hw_EnableInterrupts
 .text.hw_DisableInterrupts
                0x000006f8       0x10 ./SDK/startup/hardware.o
                0x000006f8                hw_DisableInterrupts
 .text.startup.main
                0x00000708       0x18 ./SDK/startup/main.o
                0x00000708                main
 .text.HardFault_Handler
                0x00000720       0x2c ./SDK/startup/semihost_hardfault.o
                0x00000720                HardFault_Handler
 .text.SystemInitHook
                0x0000074c        0x4 ./SDK/CMSIS/system_MK64F12.o
                0x0000074c                SystemInitHook
 .text.SystemInit
                0x00000750       0x34 ./SDK/CMSIS/system_MK64F12.o
                0x00000750                SystemInit
 .text.DMA0_IRQHandler
                0x00000784        0x8 ./SDK/startup/startup_mk64f12.o
                0x00000784                DMA0_IRQHandler
 .text.DMA1_IRQHandler
                0x0000078c        0x8 ./SDK/startup/startup_mk64f12.o
                0x0000078c                DMA1_IRQHandler
 .text.DMA2_IRQHandler
                0x00000794        0x8 ./SDK/startup/startup_mk64f12.o
                0x00000794                DMA2_IRQHandler
 .text.DMA3_IRQHandler
                0x0000079c        0x8 ./SDK/startup/startup_mk64f12.o
                0x0000079c                DMA3_IRQHandler
 .text.DMA4_IRQHandler
                0x000007a4        0x8 ./SDK/startup/startup_mk64f12.o
                0x000007a4                DMA4_IRQHandler
 .text.DMA5_IRQHandler
                0x000007ac        0x8 ./SDK/startup/startup_mk64f12.o
                0x000007ac                DMA5_IRQHandler
 .text.DMA6_IRQHandler
                0x000007b4        0x8 ./SDK/startup/startup_mk64f12.o
                0x000007b4                DMA6_IRQHandler
 .text.DMA7_IRQHandler
                0x000007bc        0x8 ./SDK/startup/startup_mk64f12.o
                0x000007bc                DMA7_IRQHandler
 .text.DMA8_IRQHandler
                0x000007c4        0x8 ./SDK/startup/startup_mk64f12.o
                0x000007c4                DMA8_IRQHandler
 .text.DMA9_IRQHandler
                0x000007cc        0x8 ./SDK/startup/startup_mk64f12.o
                0x000007cc                DMA9_IRQHandler
 .text.DMA10_IRQHandler
                0x000007d4        0x8 ./SDK/startup/startup_mk64f12.o
                0x000007d4                DMA10_IRQHandler
 .text.DMA11_IRQHandler
                0x000007dc        0x8 ./SDK/startup/startup_mk64f12.o
                0x000007dc                DMA11_IRQHandler
 .text.DMA12_IRQHandler
                0x000007e4        0x8 ./SDK/startup/startup_mk64f12.o
                0x000007e4                DMA12_IRQHandler
 .text.DMA13_IRQHandler
                0x000007ec        0x8 ./SDK/startup/startup_mk64f12.o
                0x000007ec                DMA13_IRQHandler
 .text.DMA14_IRQHandler
                0x000007f4        0x8 ./SDK/startup/startup_mk64f12.o
                0x000007f4                DMA14_IRQHandler
 .text.DMA15_IRQHandler
                0x000007fc        0x8 ./SDK/startup/startup_mk64f12.o
                0x000007fc                DMA15_IRQHandler
 .text.DMA_Error_IRQHandler
                0x00000804        0x8 ./SDK/startup/startup_mk64f12.o
                0x00000804                DMA_Error_IRQHandler
 .text.MCM_IRQHandler
                0x0000080c        0x8 ./SDK/startup/startup_mk64f12.o
                0x0000080c                MCM_IRQHandler
 .text.FTFE_IRQHandler
                0x00000814        0x8 ./SDK/startup/startup_mk64f12.o
                0x00000814                FTFE_IRQHandler
 .text.Read_Collision_IRQHandler
                0x0000081c        0x8 ./SDK/startup/startup_mk64f12.o
                0x0000081c                Read_Collision_IRQHandler
 .text.LVD_LVW_IRQHandler
                0x00000824        0x8 ./SDK/startup/startup_mk64f12.o
                0x00000824                LVD_LVW_IRQHandler
 .text.LLWU_IRQHandler
                0x0000082c        0x8 ./SDK/startup/startup_mk64f12.o
                0x0000082c                LLWU_IRQHandler
 .text.WDOG_EWM_IRQHandler
                0x00000834        0x8 ./SDK/startup/startup_mk64f12.o
                0x00000834                WDOG_EWM_IRQHandler
 .text.RNG_IRQHandler
                0x0000083c        0x8 ./SDK/startup/startup_mk64f12.o
                0x0000083c                RNG_IRQHandler
 .text.I2C0_IRQHandler
                0x00000844        0x8 ./SDK/startup/startup_mk64f12.o
                0x00000844                I2C0_IRQHandler
 .text.I2C1_IRQHandler
                0x0000084c        0x8 ./SDK/startup/startup_mk64f12.o
                0x0000084c                I2C1_IRQHandler
 .text.SPI0_IRQHandler
                0x00000854        0x8 ./SDK/startup/startup_mk64f12.o
                0x00000854                SPI0_IRQHandler
 .text.SPI1_IRQHandler
                0x0000085c        0x8 ./SDK/startup/startup_mk64f12.o
                0x0000085c                SPI1_IRQHandler
 .text.I2S0_Tx_IRQHandler
                0x00000864        0x8 ./SDK/startup/startup_mk64f12.o
                0x00000864                I2S0_Tx_IRQHandler
 .text.I2S0_Rx_IRQHandler
                0x0000086c        0x8 ./SDK/startup/startup_mk64f12.o
                0x0000086c                I2S0_Rx_IRQHandler
 .text.UART0_LON_IRQHandler
                0x00000874        0x8 ./SDK/startup/startup_mk64f12.o
                0x00000874                UART0_LON_IRQHandler
 .text.UART0_RX_TX_IRQHandler
                0x0000087c        0x8 ./SDK/startup/startup_mk64f12.o
                0x0000087c                UART0_RX_TX_IRQHandler
 .text.UART0_ERR_IRQHandler
                0x00000884        0x8 ./SDK/startup/startup_mk64f12.o
                0x00000884                UART0_ERR_IRQHandler
 .text.UART1_RX_TX_IRQHandler
                0x0000088c        0x8 ./SDK/startup/startup_mk64f12.o
                0x0000088c                UART1_RX_TX_IRQHandler
 .text.UART1_ERR_IRQHandler
                0x00000894        0x8 ./SDK/startup/startup_mk64f12.o
                0x00000894                UART1_ERR_IRQHandler
 .text.UART2_RX_TX_IRQHandler
                0x0000089c        0x8 ./SDK/startup/startup_mk64f12.o
                0x0000089c                UART2_RX_TX_IRQHandler
 .text.UART2_ERR_IRQHandler
                0x000008a4        0x8 ./SDK/startup/startup_mk64f12.o
                0x000008a4                UART2_ERR_IRQHandler
 .text.UART3_RX_TX_IRQHandler
                0x000008ac        0x8 ./SDK/startup/startup_mk64f12.o
                0x000008ac                UART3_RX_TX_IRQHandler
 .text.UART3_ERR_IRQHandler
                0x000008b4        0x8 ./SDK/startup/startup_mk64f12.o
                0x000008b4                UART3_ERR_IRQHandler
 .text.ADC0_IRQHandler
                0x000008bc        0x8 ./SDK/startup/startup_mk64f12.o
                0x000008bc                ADC0_IRQHandler
 .text.CMP0_IRQHandler
                0x000008c4        0x8 ./SDK/startup/startup_mk64f12.o
                0x000008c4                CMP0_IRQHandler
 .text.CMP1_IRQHandler
                0x000008cc        0x8 ./SDK/startup/startup_mk64f12.o
                0x000008cc                CMP1_IRQHandler
 .text.FTM0_IRQHandler
                0x000008d4        0x8 ./SDK/startup/startup_mk64f12.o
                0x000008d4                FTM0_IRQHandler
 .text.FTM1_IRQHandler
                0x000008dc        0x8 ./SDK/startup/startup_mk64f12.o
                0x000008dc                FTM1_IRQHandler
 .text.FTM2_IRQHandler
                0x000008e4        0x8 ./SDK/startup/startup_mk64f12.o
                0x000008e4                FTM2_IRQHandler
 .text.CMT_IRQHandler
                0x000008ec        0x8 ./SDK/startup/startup_mk64f12.o
                0x000008ec                CMT_IRQHandler
 .text.RTC_IRQHandler
                0x000008f4        0x8 ./SDK/startup/startup_mk64f12.o
                0x000008f4                RTC_IRQHandler
 .text.RTC_Seconds_IRQHandler
                0x000008fc        0x8 ./SDK/startup/startup_mk64f12.o
                0x000008fc                RTC_Seconds_IRQHandler
 .text.PIT0_IRQHandler
                0x00000904        0x8 ./SDK/startup/startup_mk64f12.o
                0x00000904                PIT0_IRQHandler
 .text.PIT1_IRQHandler
                0x0000090c        0x8 ./SDK/startup/startup_mk64f12.o
                0x0000090c                PIT1_IRQHandler
 .text.PIT2_IRQHandler
                0x00000914        0x8 ./SDK/startup/startup_mk64f12.o
                0x00000914                PIT2_IRQHandler
 .text.PIT3_IRQHandler
                0x0000091c        0x8 ./SDK/startup/startup_mk64f12.o
                0x0000091c                PIT3_IRQHandler
 .text.PDB0_IRQHandler
                0x00000924        0x8 ./SDK/startup/startup_mk64f12.o
                0x00000924                PDB0_IRQHandler
 .text.USB0_IRQHandler
                0x0000092c        0x8 ./SDK/startup/startup_mk64f12.o
                0x0000092c                USB0_IRQHandler
 .text.USBDCD_IRQHandler
                0x00000934        0x8 ./SDK/startup/startup_mk64f12.o
                0x00000934                USBDCD_IRQHandler
 .text.Reserved71_IRQHandler
                0x0000093c        0x8 ./SDK/startup/startup_mk64f12.o
                0x0000093c                Reserved71_IRQHandler
 .text.DAC0_IRQHandler
                0x00000944        0x8 ./SDK/startup/startup_mk64f12.o
                0x00000944                DAC0_IRQHandler
 .text.MCG_IRQHandler
                0x0000094c        0x8 ./SDK/startup/startup_mk64f12.o
                0x0000094c                MCG_IRQHandler
 .text.LPTMR0_IRQHandler
                0x00000954        0x8 ./SDK/startup/startup_mk64f12.o
                0x00000954                LPTMR0_IRQHandler
 .text.PORTA_IRQHandler
                0x0000095c        0x8 ./SDK/startup/startup_mk64f12.o
                0x0000095c                PORTA_IRQHandler
 .text.PORTB_IRQHandler
                0x00000964        0x8 ./SDK/startup/startup_mk64f12.o
                0x00000964                PORTB_IRQHandler
 .text.PORTC_IRQHandler
                0x0000096c        0x8 ./SDK/startup/startup_mk64f12.o
                0x0000096c                PORTC_IRQHandler
 .text.PORTD_IRQHandler
                0x00000974        0x8 ./SDK/startup/startup_mk64f12.o
                0x00000974                PORTD_IRQHandler
 .text.PORTE_IRQHandler
                0x0000097c        0x8 ./SDK/startup/startup_mk64f12.o
                0x0000097c                PORTE_IRQHandler
 .text.SWI_IRQHandler
                0x00000984        0x8 ./SDK/startup/startup_mk64f12.o
                0x00000984                SWI_IRQHandler
 .text.SPI2_IRQHandler
                0x0000098c        0x8 ./SDK/startup/startup_mk64f12.o
                0x0000098c                SPI2_IRQHandler
 .text.UART4_RX_TX_IRQHandler
                0x00000994        0x8 ./SDK/startup/startup_mk64f12.o
                0x00000994                UART4_RX_TX_IRQHandler
 .text.UART4_ERR_IRQHandler
                0x0000099c        0x8 ./SDK/startup/startup_mk64f12.o
                0x0000099c                UART4_ERR_IRQHandler
 .text.UART5_RX_TX_IRQHandler
                0x000009a4        0x8 ./SDK/startup/startup_mk64f12.o
                0x000009a4                UART5_RX_TX_IRQHandler
 .text.UART5_ERR_IRQHandler
                0x000009ac        0x8 ./SDK/startup/startup_mk64f12.o
                0x000009ac                UART5_ERR_IRQHandler
 .text.CMP2_IRQHandler
                0x000009b4        0x8 ./SDK/startup/startup_mk64f12.o
                0x000009b4                CMP2_IRQHandler
 .text.FTM3_IRQHandler
                0x000009bc        0x8 ./SDK/startup/startup_mk64f12.o
                0x000009bc                FTM3_IRQHandler
 .text.DAC1_IRQHandler
                0x000009c4        0x8 ./SDK/startup/startup_mk64f12.o
                0x000009c4                DAC1_IRQHandler
 .text.ADC1_IRQHandler
                0x000009cc        0x8 ./SDK/startup/startup_mk64f12.o
                0x000009cc                ADC1_IRQHandler
 .text.I2C2_IRQHandler
                0x000009d4        0x8 ./SDK/startup/startup_mk64f12.o
                0x000009d4                I2C2_IRQHandler
 .text.CAN0_ORed_Message_buffer_IRQHandler
                0x000009dc        0x8 ./SDK/startup/startup_mk64f12.o
                0x000009dc                CAN0_ORed_Message_buffer_IRQHandler
 .text.CAN0_Bus_Off_IRQHandler
                0x000009e4        0x8 ./SDK/startup/startup_mk64f12.o
                0x000009e4                CAN0_Bus_Off_IRQHandler
 .text.CAN0_Error_IRQHandler
                0x000009ec        0x8 ./SDK/startup/startup_mk64f12.o
                0x000009ec                CAN0_Error_IRQHandler
 .text.CAN0_Tx_Warning_IRQHandler
                0x000009f4        0x8 ./SDK/startup/startup_mk64f12.o
                0x000009f4                CAN0_Tx_Warning_IRQHandler
 .text.CAN0_Rx_Warning_IRQHandler
                0x000009fc        0x8 ./SDK/startup/startup_mk64f12.o
                0x000009fc                CAN0_Rx_Warning_IRQHandler
 .text.CAN0_Wake_Up_IRQHandler
                0x00000a04        0x8 ./SDK/startup/startup_mk64f12.o
                0x00000a04                CAN0_Wake_Up_IRQHandler
 .text.SDHC_IRQHandler
                0x00000a0c        0x8 ./SDK/startup/startup_mk64f12.o
                0x00000a0c                SDHC_IRQHandler
 .text.ENET_1588_Timer_IRQHandler
                0x00000a14        0x8 ./SDK/startup/startup_mk64f12.o
                0x00000a14                ENET_1588_Timer_IRQHandler
 .text.ENET_Transmit_IRQHandler
                0x00000a1c        0x8 ./SDK/startup/startup_mk64f12.o
                0x00000a1c                ENET_Transmit_IRQHandler
 .text.ENET_Receive_IRQHandler
                0x00000a24        0x8 ./SDK/startup/startup_mk64f12.o
                0x00000a24                ENET_Receive_IRQHandler
 .text.ENET_Error_IRQHandler
                0x00000a2c        0x8 ./SDK/startup/startup_mk64f12.o
                0x00000a2c                ENET_Error_IRQHandler
 *(SORT_BY_ALIGNMENT(.rodata) SORT_BY_ALIGNMENT(.rodata.*) SORT_BY_ALIGNMENT(.constdata) SORT_BY_ALIGNMENT(.constdata.*))
 .rodata        0x00000a34       0x28 ./source/gpio.o
                0x00000a60                . = ALIGN (0x8)
 *fill*         0x00000a5c        0x4 ff

.glue_7         0x00000a60        0x0
 .glue_7        0x00000a60        0x0 linker stubs

.glue_7t        0x00000a60        0x0
 .glue_7t       0x00000a60        0x0 linker stubs

.vfp11_veneer   0x00000a60        0x0
 .vfp11_veneer  0x00000a60        0x0 linker stubs

.v4_bx          0x00000a60        0x0
 .v4_bx         0x00000a60        0x0 linker stubs

.iplt           0x00000a60        0x0
 .iplt          0x00000a60        0x0 ./source/App.o

.rel.dyn        0x00000a60        0x0
 .rel.iplt      0x00000a60        0x0 ./source/App.o

.ARM.extab
 *(SORT_BY_ALIGNMENT(.ARM.extab*) SORT_BY_ALIGNMENT(.gnu.linkonce.armextab.*))
                0x00000a60                __exidx_start = .

.ARM.exidx
 *(SORT_BY_ALIGNMENT(.ARM.exidx*) SORT_BY_ALIGNMENT(.gnu.linkonce.armexidx.*))
                0x00000a60                __exidx_end = .
                0x00000a60                _etext = .

.m_usb_data
 *(SORT_BY_ALIGNMENT(m_usb_bdt))

.data_RAM2      0x1fff0000        0x0 load address 0x00000a60
 FILL mask 0xff
                [!provide]                PROVIDE (__start_data_RAM2, .)
 *(SORT_BY_ALIGNMENT(.ramfunc.$RAM2))
 *(SORT_BY_ALIGNMENT(.ramfunc.$SRAM_LOWER))
 *(SORT_BY_ALIGNMENT(.data.$RAM2*))
 *(SORT_BY_ALIGNMENT(.data.$SRAM_LOWER*))
                0x1fff0000                . = ALIGN (0x8)
                [!provide]                PROVIDE (__end_data_RAM2, .)

.data_RAM3      0x14000000        0x0 load address 0x00000a60
 FILL mask 0xff
                [!provide]                PROVIDE (__start_data_RAM3, .)
 *(SORT_BY_ALIGNMENT(.ramfunc.$RAM3))
 *(SORT_BY_ALIGNMENT(.ramfunc.$FLEX_RAM))
 *(SORT_BY_ALIGNMENT(.data.$RAM3*))
 *(SORT_BY_ALIGNMENT(.data.$FLEX_RAM*))
                0x14000000                . = ALIGN (0x8)
                [!provide]                PROVIDE (__end_data_RAM3, .)

.uninit_RESERVED
                0x20000000        0x0
 *(SORT_BY_ALIGNMENT(.bss.$RESERVED*))
                0x20000000                . = ALIGN (0x4)
                0x20000000                _end_uninit_RESERVED = .

.data           0x20000000        0x0 load address 0x00000a60
 FILL mask 0xff
                0x20000000                _data = .
 *(SORT_BY_ALIGNMENT(vtable))
 *(SORT_BY_ALIGNMENT(.ramfunc*))
 *(SORT_BY_ALIGNMENT(.data*))
                0x20000000                . = ALIGN (0x8)
                0x20000000                _edata = .

.igot.plt       0x20000000        0x0 load address 0x00000a60
 .igot.plt      0x20000000        0x0 ./source/App.o

.bss_RAM2       0x1fff0000        0x0
                [!provide]                PROVIDE (__start_bss_RAM2, .)
 *(SORT_BY_ALIGNMENT(.bss.$RAM2*))
 *(SORT_BY_ALIGNMENT(.bss.$SRAM_LOWER*))
                0x1fff0000                . = ALIGN ((. != 0x0)?0x8:0x1)
                [!provide]                PROVIDE (__end_bss_RAM2, .)

.bss_RAM3       0x14000000        0x0
                [!provide]                PROVIDE (__start_bss_RAM3, .)
 *(SORT_BY_ALIGNMENT(.bss.$RAM3*))
 *(SORT_BY_ALIGNMENT(.bss.$FLEX_RAM*))
                0x14000000                . = ALIGN ((. != 0x0)?0x8:0x1)
                [!provide]                PROVIDE (__end_bss_RAM3, .)

.bss            0x20000000       0x28
                0x20000000                _bss = .
 *(SORT_BY_ALIGNMENT(.bss*))
 .bss.timers    0x20000000       0x18 ./source/App.o
                0x20000000                timers
 .bss.timers_on_array
                0x20000018        0x4 ./source/App.o
                0x20000018                timers_on_array
 .bss.sysTickFun
                0x2000001c        0x4 ./source/SysTick.o
                0x2000001c                sysTickFun
 .bss.__LDM_interruptDisableCount
                0x20000020        0x4 ./SDK/startup/hardware.o
 *(SORT_BY_ALIGNMENT(COMMON))
                0x20000028                . = ALIGN (0x8)
 *fill*         0x20000024        0x4 
                0x20000028                _ebss = .
                [!provide]                PROVIDE (end, .)

.noinit_RAM2    0x1fff0000        0x0
 *(SORT_BY_ALIGNMENT(.noinit.$RAM2*))
 *(SORT_BY_ALIGNMENT(.noinit.$SRAM_LOWER*))
                0x1fff0000                . = ALIGN (0x8)

.noinit_RAM3    0x14000000        0x0
 *(SORT_BY_ALIGNMENT(.noinit.$RAM3*))
 *(SORT_BY_ALIGNMENT(.noinit.$FLEX_RAM*))
                0x14000000                . = ALIGN (0x8)

.noinit         0x20000028        0x0
                0x20000028                _noinit = .
 *(SORT_BY_ALIGNMENT(.noinit*))
                0x20000028                . = ALIGN (0x8)
                0x20000028                _end_noinit = .
                0x00001000                _HeapSize = 0x1000

.heap           0x20000028     0x1000
                0x20000028                _pvHeapStart = .
                0x20001028                . = (. + _HeapSize)
 *fill*         0x20000028     0x1000 
                0x20001028                . = ALIGN (0x8)
                0x20001028                _pvHeapLimit = .
                0x00001000                _StackSize = 0x1000

.heap2stackfill
                0x20001028     0x1000
                0x20002028                . = (. + _StackSize)
 *fill*         0x20001028     0x1000 

.stack          0x2002f000        0x0
                0x2002f000                _vStackBase = .
                0x2002f000                . = ALIGN (0x8)
                0x20030000                _vStackTop = (. + _StackSize)
                0x00000000                _image_start = LOADADDR (.text)
                0x00000a60                _image_end = (LOADADDR (.data) + SIZEOF (.data))
                0x00000a60                _image_size = (_image_end - _image_start)
OUTPUT(Baliza.axf elf32-littlearm)

.debug_info     0x00000000     0x2af8
 .debug_info    0x00000000      0x302 ./source/App.o
 .debug_info    0x00000302      0x518 ./source/SysTick.o
 .debug_info    0x0000081a      0x808 ./source/gpio.o
 .debug_info    0x00001022       0xf1 ./source/timer.o
 .debug_info    0x00001113      0x675 ./SDK/startup/hardware.o
 .debug_info    0x00001788      0x120 ./SDK/startup/main.o
 .debug_info    0x000018a8       0x3b ./SDK/startup/semihost_hardfault.o
 .debug_info    0x000018e3      0xc0d ./SDK/startup/startup_mk64f12.o
 .debug_info    0x000024f0      0x608 ./SDK/CMSIS/system_MK64F12.o

.debug_abbrev   0x00000000      0xa81
 .debug_abbrev  0x00000000      0x15b ./source/App.o
 .debug_abbrev  0x0000015b      0x199 ./source/SysTick.o
 .debug_abbrev  0x000002f4      0x243 ./source/gpio.o
 .debug_abbrev  0x00000537       0xb4 ./source/timer.o
 .debug_abbrev  0x000005eb      0x138 ./SDK/startup/hardware.o
 .debug_abbrev  0x00000723       0x9b ./SDK/startup/main.o
 .debug_abbrev  0x000007be       0x2f ./SDK/startup/semihost_hardfault.o
 .debug_abbrev  0x000007ed      0x14a ./SDK/startup/startup_mk64f12.o
 .debug_abbrev  0x00000937      0x14a ./SDK/CMSIS/system_MK64F12.o

.debug_loc      0x00000000      0x7e0
 .debug_loc     0x00000000       0x37 ./source/App.o
 .debug_loc     0x00000037       0x48 ./source/SysTick.o
 .debug_loc     0x0000007f      0x498 ./source/gpio.o
 .debug_loc     0x00000517       0x1c ./source/timer.o
 .debug_loc     0x00000533      0x1f2 ./SDK/startup/startup_mk64f12.o
 .debug_loc     0x00000725       0xbb ./SDK/CMSIS/system_MK64F12.o

.debug_aranges  0x00000000      0x4a0
 .debug_aranges
                0x00000000       0x40 ./source/App.o
 .debug_aranges
                0x00000040       0x28 ./source/SysTick.o
 .debug_aranges
                0x00000068       0x70 ./source/gpio.o
 .debug_aranges
                0x000000d8       0x20 ./source/timer.o
 .debug_aranges
                0x000000f8       0x30 ./SDK/startup/hardware.o
 .debug_aranges
                0x00000128       0x20 ./SDK/startup/main.o
 .debug_aranges
                0x00000148       0x20 ./SDK/startup/semihost_hardfault.o
 .debug_aranges
                0x00000168      0x308 ./SDK/startup/startup_mk64f12.o
 .debug_aranges
                0x00000470       0x30 ./SDK/CMSIS/system_MK64F12.o

.debug_ranges   0x00000000      0x458
 .debug_ranges  0x00000000       0x30 ./source/App.o
 .debug_ranges  0x00000030       0x18 ./source/SysTick.o
 .debug_ranges  0x00000048       0xa8 ./source/gpio.o
 .debug_ranges  0x000000f0       0x10 ./source/timer.o
 .debug_ranges  0x00000100       0x20 ./SDK/startup/hardware.o
 .debug_ranges  0x00000120       0x10 ./SDK/startup/main.o
 .debug_ranges  0x00000130       0x10 ./SDK/startup/semihost_hardfault.o
 .debug_ranges  0x00000140      0x2f8 ./SDK/startup/startup_mk64f12.o
 .debug_ranges  0x00000438       0x20 ./SDK/CMSIS/system_MK64F12.o

.debug_macro    0x00000000    0x11726
 .debug_macro   0x00000000       0x83 ./source/App.o
 .debug_macro   0x00000083      0xa5a ./source/App.o
 .debug_macro   0x00000add      0x34e ./source/App.o
 .debug_macro   0x00000e2b       0x22 ./source/App.o
 .debug_macro   0x00000e4d       0x3a ./source/App.o
 .debug_macro   0x00000e87       0x4c ./source/App.o
 .debug_macro   0x00000ed3       0x16 ./source/App.o
 .debug_macro   0x00000ee9       0x10 ./source/App.o
 .debug_macro   0x00000ef9       0x96 ./source/SysTick.o
 .debug_macro   0x00000f8f       0x5c ./source/SysTick.o
 .debug_macro   0x00000feb       0x1c ./source/SysTick.o
 .debug_macro   0x00001007       0x22 ./source/SysTick.o
 .debug_macro   0x00001029       0xdf ./source/SysTick.o
 .debug_macro   0x00001108      0xecf ./source/SysTick.o
 .debug_macro   0x00001fd7       0x48 ./source/SysTick.o
 .debug_macro   0x0000201f     0xe07b ./source/SysTick.o
 .debug_macro   0x0001009a      0x174 ./source/SysTick.o
 .debug_macro   0x0001020e       0x98 ./source/gpio.o
 .debug_macro   0x000102a6       0x33 ./source/timer.o
 .debug_macro   0x000102d9       0x10 ./source/timer.o
 .debug_macro   0x000102e9       0x9c ./SDK/startup/hardware.o
 .debug_macro   0x00010385       0x10 ./SDK/startup/hardware.o
 .debug_macro   0x00010395     0x122b ./SDK/startup/hardware.o
 .debug_macro   0x000115c0       0x16 ./SDK/startup/hardware.o
 .debug_macro   0x000115d6       0x9c ./SDK/startup/main.o
 .debug_macro   0x00011672       0x11 ./SDK/startup/semihost_hardfault.o
 .debug_macro   0x00011683       0x23 ./SDK/startup/startup_mk64f12.o
 .debug_macro   0x000116a6       0x80 ./SDK/CMSIS/system_MK64F12.o

.debug_line     0x00000000     0x11fa
 .debug_line    0x00000000      0x152 ./source/App.o
 .debug_line    0x00000152      0x163 ./source/SysTick.o
 .debug_line    0x000002b5      0x267 ./source/gpio.o
 .debug_line    0x0000051c       0xb4 ./source/timer.o
 .debug_line    0x000005d0      0x1ed ./SDK/startup/hardware.o
 .debug_line    0x000007bd      0x175 ./SDK/startup/main.o
 .debug_line    0x00000932       0x55 ./SDK/startup/semihost_hardfault.o
 .debug_line    0x00000987      0x680 ./SDK/startup/startup_mk64f12.o
 .debug_line    0x00001007      0x1f3 ./SDK/CMSIS/system_MK64F12.o

.debug_str      0x00000000    0x786f9
 .debug_str     0x00000000     0x3a75 ./source/App.o
                               0x3be3 (size before relaxing)
 .debug_str     0x00003a75    0x6d4b2 ./source/SysTick.o
                              0x70dd1 (size before relaxing)
 .debug_str     0x00070f27      0x190 ./source/gpio.o
                              0x706fb (size before relaxing)
 .debug_str     0x000710b7       0x1c ./source/timer.o
                               0x2e1b (size before relaxing)
 .debug_str     0x000710d3     0x6d58 ./SDK/startup/hardware.o
                              0x7721a (size before relaxing)
 .debug_str     0x00077e2b       0x1b ./SDK/startup/main.o
                              0x77030 (size before relaxing)
 .debug_str     0x00077e46       0x36 ./SDK/startup/semihost_hardfault.o
                               0x2d54 (size before relaxing)
 .debug_str     0x00077e7c      0x826 ./SDK/startup/startup_mk64f12.o
                               0x35c3 (size before relaxing)
 .debug_str     0x000786a2       0x57 ./SDK/CMSIS/system_MK64F12.o
                              0x77129 (size before relaxing)

.comment        0x00000000       0x7e
 .comment       0x00000000       0x7e ./source/App.o
                                 0x7f (size before relaxing)
 .comment       0x0000007e       0x7f ./source/SysTick.o
 .comment       0x0000007e       0x7f ./source/gpio.o
 .comment       0x0000007e       0x7f ./source/timer.o
 .comment       0x0000007e       0x7f ./SDK/startup/hardware.o
 .comment       0x0000007e       0x7f ./SDK/startup/main.o
 .comment       0x0000007e       0x7f ./SDK/startup/semihost_hardfault.o
 .comment       0x0000007e       0x7f ./SDK/startup/startup_mk64f12.o
 .comment       0x0000007e       0x7f ./SDK/CMSIS/system_MK64F12.o

.ARM.attributes
                0x00000000       0x39
 .ARM.attributes
                0x00000000       0x39 ./source/App.o
 .ARM.attributes
                0x00000039       0x39 ./source/SysTick.o
 .ARM.attributes
                0x00000072       0x39 ./source/gpio.o
 .ARM.attributes
                0x000000ab       0x39 ./source/timer.o
 .ARM.attributes
                0x000000e4       0x39 ./SDK/startup/hardware.o
 .ARM.attributes
                0x0000011d       0x39 ./SDK/startup/main.o
 .ARM.attributes
                0x00000156       0x39 ./SDK/startup/semihost_hardfault.o
 .ARM.attributes
                0x0000018f       0x39 ./SDK/startup/startup_mk64f12.o
 .ARM.attributes
                0x000001c8       0x39 ./SDK/CMSIS/system_MK64F12.o

.debug_frame    0x00000000      0xbf8
 .debug_frame   0x00000000       0x7c ./source/App.o
 .debug_frame   0x0000007c       0x3c ./source/SysTick.o
 .debug_frame   0x000000b8      0x12c ./source/gpio.o
 .debug_frame   0x000001e4       0x2c ./source/timer.o
 .debug_frame   0x00000210       0x50 ./SDK/startup/hardware.o
 .debug_frame   0x00000260       0x28 ./SDK/startup/main.o
 .debug_frame   0x00000288       0x20 ./SDK/startup/semihost_hardfault.o
 .debug_frame   0x000002a8      0x904 ./SDK/startup/startup_mk64f12.o
 .debug_frame   0x00000bac       0x4c ./SDK/CMSIS/system_MK64F12.o
