Archive member included to satisfy reference by file (symbol)

c:/nxp/mcuxpressoide_10.2.0_759/ide/tools/bin/../lib/gcc/arm-none-eabi/7.2.1/../../../../arm-none-eabi/lib/thumb/v7e-m/fpv4-sp/hard\libcr_c.a(memcpy.o)
                              ./source/magnetCardLector.o (memcpy)
c:/nxp/mcuxpressoide_10.2.0_759/ide/tools/bin/../lib/gcc/arm-none-eabi/7.2.1/thumb/v7e-m/fpv4-sp/hard\libcr_eabihelpers.a(memcpy.o)
                              c:/nxp/mcuxpressoide_10.2.0_759/ide/tools/bin/../lib/gcc/arm-none-eabi/7.2.1/../../../../arm-none-eabi/lib/thumb/v7e-m/fpv4-sp/hard\libcr_c.a(memcpy.o) (__aeabi_memcpy)

Discarded input sections

 .group         0x00000000        0xc ./source/App.o
 .group         0x00000000        0xc ./source/App.o
 .group         0x00000000        0xc ./source/App.o
 .group         0x00000000        0xc ./source/App.o
 .group         0x00000000        0xc ./source/App.o
 .group         0x00000000        0xc ./source/App.o
 .group         0x00000000        0xc ./source/App.o
 .group         0x00000000        0xc ./source/App.o
 .group         0x00000000        0xc ./source/App.o
 .group         0x00000000        0xc ./source/App.o
 .group         0x00000000        0xc ./source/App.o
 .text          0x00000000        0x0 ./source/App.o
 .data          0x00000000        0x0 ./source/App.o
 .bss           0x00000000        0x0 ./source/App.o
 .bss.newEvent  0x00000000        0x1 ./source/App.o
 .group         0x00000000        0xc ./source/FSM.o
 .group         0x00000000        0xc ./source/FSM.o
 .group         0x00000000        0xc ./source/FSM.o
 .group         0x00000000        0xc ./source/FSM.o
 .group         0x00000000        0xc ./source/FSM.o
 .group         0x00000000        0xc ./source/FSM.o
 .group         0x00000000        0xc ./source/FSM.o
 .group         0x00000000        0xc ./source/FSM.o
 .text          0x00000000        0x0 ./source/FSM.o
 .data          0x00000000        0x0 ./source/FSM.o
 .bss           0x00000000        0x0 ./source/FSM.o
 .debug_macro   0x00000000      0xa5a ./source/FSM.o
 .debug_macro   0x00000000       0x10 ./source/FSM.o
 .debug_macro   0x00000000       0x22 ./source/FSM.o
 .debug_macro   0x00000000      0x34e ./source/FSM.o
 .debug_macro   0x00000000       0x16 ./source/FSM.o
 .debug_macro   0x00000000       0x10 ./source/FSM.o
 .debug_macro   0x00000000       0x16 ./source/FSM.o
 .debug_macro   0x00000000       0x10 ./source/FSM.o
 .group         0x00000000        0xc ./source/SegmentDisplay.o
 .group         0x00000000        0xc ./source/SegmentDisplay.o
 .group         0x00000000        0xc ./source/SegmentDisplay.o
 .group         0x00000000        0xc ./source/SegmentDisplay.o
 .text          0x00000000        0x0 ./source/SegmentDisplay.o
 .data          0x00000000        0x0 ./source/SegmentDisplay.o
 .bss           0x00000000        0x0 ./source/SegmentDisplay.o
 .debug_macro   0x00000000      0xa5a ./source/SegmentDisplay.o
 .debug_macro   0x00000000      0x34e ./source/SegmentDisplay.o
 .debug_macro   0x00000000       0x22 ./source/SegmentDisplay.o
 .group         0x00000000        0xc ./source/SysTick.o
 .group         0x00000000        0xc ./source/SysTick.o
 .group         0x00000000        0xc ./source/SysTick.o
 .group         0x00000000        0xc ./source/SysTick.o
 .group         0x00000000        0xc ./source/SysTick.o
 .group         0x00000000        0xc ./source/SysTick.o
 .group         0x00000000        0xc ./source/SysTick.o
 .group         0x00000000        0xc ./source/SysTick.o
 .group         0x00000000        0xc ./source/SysTick.o
 .group         0x00000000        0xc ./source/SysTick.o
 .group         0x00000000        0xc ./source/SysTick.o
 .group         0x00000000        0xc ./source/SysTick.o
 .text          0x00000000        0x0 ./source/SysTick.o
 .data          0x00000000        0x0 ./source/SysTick.o
 .bss           0x00000000        0x0 ./source/SysTick.o
 .debug_macro   0x00000000      0xa5a ./source/SysTick.o
 .debug_macro   0x00000000       0x22 ./source/SysTick.o
 .debug_macro   0x00000000      0x34e ./source/SysTick.o
 .group         0x00000000        0xc ./source/dataBase.o
 .group         0x00000000        0xc ./source/dataBase.o
 .group         0x00000000        0xc ./source/dataBase.o
 .group         0x00000000        0xc ./source/dataBase.o
 .group         0x00000000        0xc ./source/dataBase.o
 .group         0x00000000        0xc ./source/dataBase.o
 .text          0x00000000        0x0 ./source/dataBase.o
 .data          0x00000000        0x0 ./source/dataBase.o
 .bss           0x00000000        0x0 ./source/dataBase.o
 .text.removeUser
                0x00000000       0xe8 ./source/dataBase.o
 .debug_macro   0x00000000       0x22 ./source/dataBase.o
 .debug_macro   0x00000000      0x34e ./source/dataBase.o
 .debug_macro   0x00000000       0x16 ./source/dataBase.o
 .debug_macro   0x00000000       0x10 ./source/dataBase.o
 .debug_macro   0x00000000       0x16 ./source/dataBase.o
[...]
Memory Configuration

Name             Origin             Length             Attributes
PROGRAM_FLASH    0x00000000         0x00100000         xr
SRAM_UPPER       0x20000000         0x00030000         xrw
SRAM_LOWER       0x1fff0000         0x00010000         xrw
FLEX_RAM         0x14000000         0x00001000         xrw
*default*        0x00000000         0xffffffff

Linker script and memory map

LOAD ./source/App.o
LOAD ./source/FSM.o
LOAD ./source/SegmentDisplay.o
LOAD ./source/SysTick.o
LOAD ./source/dataBase.o
LOAD ./source/display.o
LOAD ./source/doorManagement.o
LOAD ./source/encoder.o
LOAD ./source/encoderDecoder.o
LOAD ./source/encoderHAL.o
LOAD ./source/gpio.o
LOAD ./source/magnetCardDecode.o
LOAD ./source/magnetCardLector.o
LOAD ./source/magnetLectorHAL.o
LOAD ./source/queue.o
LOAD ./source/stateAddingUser.o
LOAD ./source/stateAddingUserPIN.o
LOAD ./source/stateAdminMode.o
LOAD ./source/stateBlocked.o
LOAD ./source/stateChangeIntensity.o
LOAD ./source/stateChangingPIN.o
LOAD ./source/stateMenu.o
LOAD ./source/stateReceivingID.o
LOAD ./source/stateReceivingPIN.o
LOAD ./source/stateRemovingUser.o
LOAD ./source/stateUserApproved.o
LOAD ./source/timer.o
LOAD ./source/timerHAL.o
LOAD ./source/timer_queue.o
LOAD ./SDK/startup/hardware.o
LOAD ./SDK/startup/main.o
LOAD ./SDK/startup/semihost_hardfault.o
LOAD ./SDK/startup/startup_mk64f12.o
LOAD ./SDK/CMSIS/system_MK64F12.o
START GROUP
LOAD c:/nxp/mcuxpressoide_10.2.0_759/ide/tools/bin/../lib/gcc/arm-none-eabi/7.2.1/../../../../arm-none-eabi/lib/thumb/v7e-m/fpv4-sp/hard\libcr_c.a
LOAD c:/nxp/mcuxpressoide_10.2.0_759/ide/tools/bin/../lib/gcc/arm-none-eabi/7.2.1/thumb/v7e-m/fpv4-sp/hard\libcr_eabihelpers.a
END GROUP
                0x00000000                __base_PROGRAM_FLASH = 0x0
                0x00000000                __base_Flash = 0x0
                0x00100000                __top_PROGRAM_FLASH = 0x100000
                0x00100000                __top_Flash = 0x100000
                0x20000000                __base_SRAM_UPPER = 0x20000000
                0x20000000                __base_RAM = 0x20000000
                0x20030000                __top_SRAM_UPPER = 0x20030000
                0x20030000                __top_RAM = 0x20030000
                0x1fff0000                __base_SRAM_LOWER = 0x1fff0000
                0x1fff0000                __base_RAM2 = 0x1fff0000
                0x20000000                __top_SRAM_LOWER = 0x20000000
                0x20000000                __top_RAM2 = 0x20000000
                0x14000000                __base_FLEX_RAM = 0x14000000
                0x14000000                __base_RAM3 = 0x14000000
                0x14001000                __top_FLEX_RAM = 0x14001000
                0x14001000                __top_RAM3 = 0x14001000

.text           0x00000000     0x3f80
 FILL mask 0xff
                0x00000000                __vectors_start__ = ABSOLUTE (.)
 *(SORT_BY_ALIGNMENT(.isr_vector))
 .isr_vector    0x00000000      0x198 ./SDK/startup/startup_mk64f12.o
                0x00000000                g_pfnVectors
                0x00000000                __Vectors
                0x00000198                . = ALIGN (0x4)
                0x00000198                __section_table_start = .
                0x00000198                __data_section_table = .
                0x00000198        0x4 LONG 0x3f80 LOADADDR (.data)
                0x0000019c        0x4 LONG 0x20000000 ADDR (.data)
                0x000001a0        0x4 LONG 0x28 SIZEOF (.data)
                0x000001a4        0x4 LONG 0x3f80 LOADADDR (.data_RAM2)
                0x000001a8        0x4 LONG 0x1fff0000 ADDR (.data_RAM2)
                0x000001ac        0x4 LONG 0x0 SIZEOF (.data_RAM2)
                0x000001b0        0x4 LONG 0x3f80 LOADADDR (.data_RAM3)
                0x000001b4        0x4 LONG 0x14000000 ADDR (.data_RAM3)
                0x000001b8        0x4 LONG 0x0 SIZEOF (.data_RAM3)
                0x000001bc                __data_section_table_end = .
                0x000001bc                __bss_section_table = .
                0x000001bc        0x4 LONG 0x20000028 ADDR (.bss)
                0x000001c0        0x4 LONG 0x10a0 SIZEOF (.bss)
                0x000001c4        0x4 LONG 0x1fff0000 ADDR (.bss_RAM2)
                0x000001c8        0x4 LONG 0x0 SIZEOF (.bss_RAM2)
                0x000001cc        0x4 LONG 0x14000000 ADDR (.bss_RAM3)
                0x000001d0        0x4 LONG 0x0 SIZEOF (.bss_RAM3)
                0x000001d4                __bss_section_table_end = .
                0x000001d4                __section_table_end = .
 *(SORT_BY_ALIGNMENT(.after_vectors*))
 .after_vectors.reset
                0x000001d4       0x4c ./SDK/startup/startup_mk64f12.o
                0x000001d4                ResetISR
 .after_vectors
                0x00000220       0x14 ./SDK/startup/startup_mk64f12.o
                0x00000220                NMI_Handler
                0x00000224                MemManage_Handler
                0x00000226                BusFault_Handler
                0x00000228                UsageFault_Handler
                0x0000022a                SVC_Handler
                0x0000022c                DebugMon_Handler
                0x0000022e                PendSV_Handler
                0x00000232                DMA_Error_DriverIRQHandler
                0x00000232                LPTMR0_DriverIRQHandler
                0x00000232                FTM1_DriverIRQHandler
                0x00000232                FTM2_DriverIRQHandler
                0x00000232                PIT2_DriverIRQHandler
                0x00000232                SDHC_DriverIRQHandler
                0x00000232                I2S0_Tx_DriverIRQHandler
                0x00000232                RTC_Seconds_DriverIRQHandler
                0x00000232                DMA6_DriverIRQHandler
                0x00000232                LLWU_DriverIRQHandler
                0x00000232                MCM_DriverIRQHandler
                0x00000232                MCG_DriverIRQHandler
                0x00000232                ENET_1588_Timer_DriverIRQHandler
                0x00000232                I2C2_DriverIRQHandler
                0x00000232                DAC1_DriverIRQHandler
                0x00000232                SPI1_DriverIRQHandler
                0x00000232                CMP1_DriverIRQHandler
                0x00000232                UART5_RX_TX_DriverIRQHandler
                0x00000232                FTM0_DriverIRQHandler
                0x00000232                IntDefaultHandler
                0x00000232                USB0_DriverIRQHandler
                0x00000232                UART5_ERR_DriverIRQHandler
                0x00000232                PORTC_DriverIRQHandler
                0x00000232                DMA11_DriverIRQHandler
                0x00000232                DAC0_DriverIRQHandler
                0x00000232                DMA10_DriverIRQHandler
                0x00000232                CMP2_DriverIRQHandler
                0x00000232                UART2_ERR_DriverIRQHandler
                0x00000232                SPI2_DriverIRQHandler
                0x00000232                LVD_LVW_DriverIRQHandler
                0x00000232                PIT0_DriverIRQHandler
                0x00000232                RNG_DriverIRQHandler
                0x00000232                DMA5_DriverIRQHandler
                0x00000232                DMA12_DriverIRQHandler
                0x00000232                UART2_RX_TX_DriverIRQHandler
                0x00000232                USBDCD_DriverIRQHandler
                0x00000232                UART3_ERR_DriverIRQHandler
                0x00000232                DMA3_DriverIRQHandler
                0x00000232                DMA8_DriverIRQHandler
                0x00000232                DMA9_DriverIRQHandler
                0x00000232                UART0_ERR_DriverIRQHandler
                0x00000232                CMT_DriverIRQHandler
                0x00000232                Reserved71_DriverIRQHandler
                0x00000232                ADC1_DriverIRQHandler
                0x00000232                PORTA_DriverIRQHandler
                0x00000232                DMA14_DriverIRQHandler
                0x00000232                PIT3_DriverIRQHandler
                0x00000232                PIT1_DriverIRQHandler
                0x00000232                WDOG_EWM_DriverIRQHandler
                0x00000232                PDB0_DriverIRQHandler
                0x00000232                RTC_DriverIRQHandler
                0x00000232                I2S0_Rx_DriverIRQHandler
                0x00000232                Read_Collision_DriverIRQHandler
                0x00000232                SWI_DriverIRQHandler
                0x00000232                UART4_RX_TX_DriverIRQHandler
                0x00000232                UART4_ERR_DriverIRQHandler
                0x00000232                PORTB_DriverIRQHandler
                0x00000232                UART0_LON_DriverIRQHandler
                0x00000232                DMA0_DriverIRQHandler
                0x00000232                DMA1_DriverIRQHandler
                0x00000232                I2C1_DriverIRQHandler
                0x00000232                UART3_RX_TX_DriverIRQHandler
                0x00000232                ENET_Receive_DriverIRQHandler
                0x00000232                DMA13_DriverIRQHandler
                0x00000232                ENET_Error_DriverIRQHandler
                0x00000232                DMA15_DriverIRQHandler
                0x00000232                UART0_RX_TX_DriverIRQHandler
                0x00000232                SPI0_DriverIRQHandler
                0x00000232                ADC0_DriverIRQHandler
                0x00000232                CMP0_DriverIRQHandler
                0x00000232                CAN0_DriverIRQHandler
                0x00000232                FTM3_DriverIRQHandler
                0x00000232                DMA4_DriverIRQHandler
                0x00000232                UART1_ERR_DriverIRQHandler
                0x00000232                DMA2_DriverIRQHandler
                0x00000232                ENET_Transmit_DriverIRQHandler
                0x00000232                PORTD_DriverIRQHandler
                0x00000232                PORTE_DriverIRQHandler
                0x00000232                FTFE_DriverIRQHandler
                0x00000232                I2C0_DriverIRQHandler
                0x00000232                DMA7_DriverIRQHandler
                0x00000232                UART1_RX_TX_DriverIRQHandler
 .after_vectors.init_data
                0x00000234       0x1e ./SDK/startup/startup_mk64f12.o
                0x00000234                data_init
 .after_vectors.init_bss
                0x00000252       0x12 ./SDK/startup/startup_mk64f12.o
                0x00000252                bss_init
                0x00000400                . = 0x400
 *fill*         0x00000264      0x19c ff
                0x00000400                PROVIDE (__FLASH_CONFIG_START__, .)
 *(SORT_BY_ALIGNMENT(.FlashConfig))
 .FlashConfig   0x00000400       0x10 ./SDK/startup/startup_mk64f12.o
                0x00000400                Flash_Config
                0x00000410                PROVIDE (__FLASH_CONFIG_END__, .)
                0x00000001                ASSERT (! ((__FLASH_CONFIG_START__ == __FLASH_CONFIG_END__)), Linker Flash Config Support Enabled, but no .FlashConfig section provided within application)
 *(SORT_BY_ALIGNMENT(.text*))
 .text.App_Init
                0x00000410       0x50 ./source/App.o
                0x00000410                App_Init
 .text.App_Run  0x00000460       0xac ./source/App.o
                0x00000460                App_Run
 .text.initFSM  0x0000050c       0x2c ./source/FSM.o
                0x0000050c                initFSM
 .text.InitializeSegmentDisplay
                0x00000538       0x68 ./source/SegmentDisplay.o
                0x00000538                InitializeSegmentDisplay
 .text.PrintChar
                0x000005a0       0x70 ./source/SegmentDisplay.o
                0x000005a0                PrintChar
 .text.SysTick_Init
                0x00000610       0x38 ./source/SysTick.o
                0x00000610                SysTick_Init
 .text.SysTick_Handler
                0x00000648       0x20 ./source/SysTick.o
                0x00000648                SysTick_Handler
 .text.initializeDataBase
                0x00000668       0x4c ./source/dataBase.o
                0x00000668                initializeDataBase
 .text.changePIN
                0x000006b4       0xac ./source/dataBase.o
                0x000006b4                changePIN
 .text.addUser  0x00000760       0x74 ./source/dataBase.o
                0x00000760                addUser
 .text.removeUserID
                0x000007d4       0xe0 ./source/dataBase.o
                0x000007d4                removeUserID
 .text.verifyID
                0x000008b4       0x80 ./source/dataBase.o
                0x000008b4                verifyID
 .text.verifyPIN
                0x00000934       0xbc ./source/dataBase.o
                0x00000934                verifyPIN
 .text.verifyCategory
                0x000009f0       0x8c ./source/dataBase.o
                0x000009f0                verifyCategory
 .text.ShiftLeft
                0x00000a7c       0x10 ./source/display.o
                0x00000a7c                ShiftLeft
 .text.ClearDisplay
                0x00000a8c       0x30 ./source/display.o
                0x00000a8c                ClearDisplay
 .text.InitializeDisplay
                0x00000abc       0x60 ./source/display.o
                0x00000abc                InitializeDisplay
 .text.SetBrightness
                0x00000b1c       0x14 ./source/display.o
                0x00000b1c                SetBrightness
 .text.UpdateDisplay
                0x00000b30       0xc8 ./source/display.o
                0x00000b30                UpdateDisplay
 .text.PrintMessage
                0x00000bf8       0x6c ./source/display.o
                0x00000bf8                PrintMessage
 .text.openDoorTemporally
                0x00000c64       0x18 ./source/doorManagement.o
                0x00000c64                openDoorTemporally
 .text.initializeEncoderQueue
                0x00000c7c       0x14 ./source/encoder.o
                0x00000c7c                initializeEncoderQueue
 .text.initializeEncoder
                0x00000c90       0x58 ./source/encoder.o
                0x00000c90                initializeEncoder
 .text.popEncoderEvent
                0x00000ce8       0x40 ./source/encoder.o
                0x00000ce8                popEncoderEvent
 .text.isEncEventValid
                0x00000d28       0x10 ./source/encoder.o
                0x00000d28                isEncEventValid
 .text.pushEncoderEvent
                0x00000d38       0x3c ./source/encoder.o
                0x00000d38                pushEncoderEvent
 .text.updateData
                0x00000d74       0x18 ./source/encoderDecoder.o
                0x00000d74                updateData
 .text.decodeEncoder
                0x00000d8c       0x50 ./source/encoderDecoder.o
                0x00000d8c                decodeEncoder
 .text.resetData
                0x00000ddc       0x14 ./source/encoderDecoder.o
                0x00000ddc                resetData
 .text.checkEnterRisingEdge
                0x00000df0       0x14 ./source/encoderDecoder.o
                0x00000df0                checkEnterRisingEdge
 .text.checkEnterFallingEdge
                0x00000e04       0x14 ./source/encoderDecoder.o
                0x00000e04                checkEnterFallingEdge
 .text.encTimerRoutine
                0x00000e18       0x18 ./source/encoderHAL.o
                0x00000e18                encTimerRoutine
 .text.initializeEncoderHAL
                0x00000e30       0x68 ./source/encoderHAL.o
                0x00000e30                initializeEncoderHAL
 .text.resetEncoderTimerCount
                0x00000e98       0x14 ./source/encoderHAL.o
                0x00000e98                resetEncoderTimerCount
 .text.getEncTimerCount
                0x00000eac        0xc ./source/encoderHAL.o
                0x00000eac                getEncTimerCount
 .text.PORTX_IRQHandler
                0x00000eb8       0x54 ./source/gpio.o
                0x00000eb8                PORTX_IRQHandler
 .text.gpioMode
                0x00000f0c       0x98 ./source/gpio.o
                0x00000f0c                gpioMode
 .text.gpioRead
                0x00000fa4       0x3c ./source/gpio.o
                0x00000fa4                gpioRead
 .text.setPassiveFilter
                0x00000fe0       0x38 ./source/gpio.o
                0x00000fe0                setPassiveFilter
 .text.gpioWrite
                0x00001018       0x40 ./source/gpio.o
                0x00001018                gpioWrite
 .text.gpioIRQ  0x00001058       0x98 ./source/gpio.o
                0x00001058                gpioIRQ
 .text.magnetDataParser
                0x000010f0       0x44 ./source/magnetCardDecode.o
                0x000010f0                magnetDataParser
 .text.enableRoutine
                0x00001134       0x78 ./source/magnetLectorHAL.o
                0x00001134                enableRoutine
 .text.clockRoutine
                0x000011ac       0x4c ./source/magnetLectorHAL.o
                0x000011ac                clockRoutine
 .text.getLectureEvent
                0x000011f8       0x44 ./source/magnetLectorHAL.o
                0x000011f8                getLectureEvent
 .text.isEventinLectorQueue
                0x0000123c       0x10 ./source/magnetLectorHAL.o
                0x0000123c                isEventinLectorQueue
 .text.initLectorQueue
                0x0000124c       0x14 ./source/magnetLectorHAL.o
                0x0000124c                initLectorQueue
 .text.hwLectorInit
                0x00001260       0x74 ./source/magnetLectorHAL.o
                0x00001260                hwLectorInit
 .text.createIDString
                0x000012d4       0x50 ./source/stateAddingUser.o
 .text.AUinputEvHandler
                0x00001324      0x1c0 ./source/stateAddingUser.o
                0x00001324                AUinputEvHandler
 .text.AUtimerEvHandler
                0x000014e4       0x58 ./source/stateAddingUser.o
                0x000014e4                AUtimerEvHandler
 .text.AUkeycardEvHandler
                0x0000153c       0xa4 ./source/stateAddingUser.o
                0x0000153c                AUkeycardEvHandler
 .text.createPINString
                0x000015e0       0x4c ./source/stateAddingUserPIN.o
 .text.AUPinputEvHandler
                0x0000162c      0x2a0 ./source/stateAddingUserPIN.o
                0x0000162c                AUPinputEvHandler
 .text.AUPtimerEvHandler
                0x000018cc       0x58 ./source/stateAddingUserPIN.o
                0x000018cc                AUPtimerEvHandler
 .text.AUPkeycardEvHandler
                0x00001924       0xa4 ./source/stateAddingUserPIN.o
                0x00001924                AUPkeycardEvHandler
 .text.AMinputEvHandler
                0x000019c8      0x114 ./source/stateAdminMode.o
                0x000019c8                AMinputEvHandler
 .text.AMtimerEvHandler
                0x00001adc       0x58 ./source/stateAdminMode.o
                0x00001adc                AMtimerEvHandler
 .text.AMkeycardEvHandler
                0x00001b34       0xa4 ./source/stateAdminMode.o
                0x00001b34                AMkeycardEvHandler
 .text.BtimerEvHandler
                0x00001bd8       0x5c ./source/stateBlocked.o
                0x00001bd8                BtimerEvHandler
 .text.CIinputEvHandler
                0x00001c34       0xe0 ./source/stateChangeIntensity.o
                0x00001c34                CIinputEvHandler
 .text.CIkeycardEvHandler
                0x00001d14       0xa4 ./source/stateChangeIntensity.o
                0x00001d14                CIkeycardEvHandler
 .text.createPINString
                0x00001db8       0x4c ./source/stateChangingPIN.o
 .text.CPinputEvHandler
                0x00001e04      0x1e8 ./source/stateChangingPIN.o
                0x00001e04                CPinputEvHandler
 .text.CPtimerEvHandler
                0x00001fec       0x58 ./source/stateChangingPIN.o
                0x00001fec                CPtimerEvHandler
 .text.CPkeycardEvHandler
                0x00002044       0xa4 ./source/stateChangingPIN.o
                0x00002044                CPkeycardEvHandler
 .text.MinputEvHandler
                0x000020e8       0xe0 ./source/stateMenu.o
                0x000020e8                MinputEvHandler
 .text.MkeycardEvHandler
                0x000021c8       0x98 ./source/stateMenu.o
                0x000021c8                MkeycardEvHandler
 .text.createIDString
                0x00002260       0x50 ./source/stateReceivingID.o
 .text.RIinputEvHandler
                0x000022b0      0x1cc ./source/stateReceivingID.o
                0x000022b0                RIinputEvHandler
 .text.RItimerEvHandler
                0x0000247c       0x58 ./source/stateReceivingID.o
                0x0000247c                RItimerEvHandler
 .text.RIkeycardEvHandler
                0x000024d4       0x98 ./source/stateReceivingID.o
                0x000024d4                RIkeycardEvHandler
 .text.createPINString
                0x0000256c       0x70 ./source/stateReceivingPIN.o
 .text.getBlockedTime
                0x000025dc       0x44 ./source/stateReceivingPIN.o
 .text.RPinputEvHandler
                0x00002620      0x370 ./source/stateReceivingPIN.o
                0x00002620                RPinputEvHandler
 .text.RPtimerEvHandler
                0x00002990       0x7c ./source/stateReceivingPIN.o
                0x00002990                RPtimerEvHandler
 .text.RPkeycardEvHandler
                0x00002a0c       0xf0 ./source/stateReceivingPIN.o
                0x00002a0c                RPkeycardEvHandler
 .text.createIDString
                0x00002afc       0x50 ./source/stateRemovingUser.o
 .text.RUinputEvHandler
                0x00002b4c      0x1a0 ./source/stateRemovingUser.o
                0x00002b4c                RUinputEvHandler
 .text.RUtimerEvHandler
                0x00002cec       0x58 ./source/stateRemovingUser.o
                0x00002cec                RUtimerEvHandler
 .text.RUkeycardEvHandler
                0x00002d44       0xa4 ./source/stateRemovingUser.o
                0x00002d44                RUkeycardEvHandler
 .text.UAinputEvHandler
                0x00002de8      0x168 ./source/stateUserApproved.o
                0x00002de8                UAinputEvHandler
 .text.UAtimerEvHandler
                0x00002f50       0x58 ./source/stateUserApproved.o
                0x00002f50                UAtimerEvHandler
 .text.UAkeycardEvHandler
                0x00002fa8       0xa4 ./source/stateUserApproved.o
                0x00002fa8                UAkeycardEvHandler
 .text.sysTickCallback
                0x0000304c       0x34 ./source/timer.o
                0x0000304c                sysTickCallback
 .text.InitializeTimers
                0x00003080       0x3c ./source/timer.o
                0x00003080                InitializeTimers
 .text.SetTimer
                0x000030bc       0x54 ./source/timer.o
                0x000030bc                SetTimer
 .text.EnableTimer
                0x00003110       0x10 ./source/timer.o
                0x00003110                EnableTimer
 .text.DisableTimer
                0x00003120       0x10 ./source/timer.o
                0x00003120                DisableTimer
 .text.RestartTimer
                0x00003130       0x10 ./source/timer.o
                0x00003130                RestartTimer
 .text.InitializeTimerQueue
                0x00003140        0xc ./source/timer_queue.o
                0x00003140                InitializeTimerQueue
 .text.PushTimerEv
                0x0000314c       0x24 ./source/timer_queue.o
                0x0000314c                PushTimerEv
 .text.PopTimerEv
                0x00003170       0x10 ./source/timer_queue.o
                0x00003170                PopTimerEv
 .text.IsTimerQueueEmpty
                0x00003180       0x10 ./source/timer_queue.o
                0x00003180                IsTimerQueueEmpty
 .text.hw_Init  0x00003190       0xc0 ./SDK/startup/hardware.o
                0x00003190                hw_Init
 .text.hw_EnableInterrupts
                0x00003250       0x18 ./SDK/startup/hardware.o
                0x00003250                hw_EnableInterrupts
 .text.hw_DisableInterrupts
                0x00003268       0x10 ./SDK/startup/hardware.o
                0x00003268                hw_DisableInterrupts
 .text.SystemInit
                0x00003278       0x34 ./SDK/CMSIS/system_MK64F12.o
                0x00003278                SystemInit
 .text.inactCallback
                0x000032ac        0xa ./source/App.o
                0x000032ac                inactCallback
 .text.SelectDigit
                0x000032b6       0x56 ./source/SegmentDisplay.o
                0x000032b6                SelectDigit
 .text.SetDigit
                0x0000330c       0x80 ./source/SegmentDisplay.o
                0x0000330c                SetDigit
 .text.GenerateDisplayEv
                0x0000338c        0xa ./source/display.o
                0x0000338c                GenerateDisplayEv
 .text.GetStringSize
                0x00003396       0x14 ./source/display.o
                0x00003396                GetStringSize
 .text.openDoor
                0x000033aa        0xc ./source/doorManagement.o
                0x000033aa                openDoor
 .text.closeDoor
                0x000033b6        0xc ./source/doorManagement.o
                0x000033b6                closeDoor
 .text.doorInit
                0x000033c2       0x14 ./source/doorManagement.o
                0x000033c2                doorInit
 .text.closeAfterTimeOut
                0x000033d6        0xe ./source/doorManagement.o
                0x000033d6                closeAfterTimeOut
 .text.rotationCallback
                0x000033e4       0x5a ./source/encoder.o
                0x000033e4                rotationCallback
 .text.buttonCallback
                0x0000343e       0x44 ./source/encoder.o
                0x0000343e                buttonCallback
 .text.readEncoderSignalX
                0x00003482       0x28 ./source/encoderHAL.o
                0x00003482                readEncoderSignalX
 .text.setButtonCallback
                0x000034aa        0xe ./source/encoderHAL.o
                0x000034aa                setButtonCallback
 .text.PORTA_IRQHandler
                0x000034b8        0xa ./source/gpio.o
                0x000034b8                PORTA_IRQHandler
 .text.PORTB_IRQHandler
                0x000034c2        0xa ./source/gpio.o
                0x000034c2                PORTB_IRQHandler
 .text.PORTC_IRQHandler
                0x000034cc        0xa ./source/gpio.o
                0x000034cc                PORTC_IRQHandler
 .text.PORTD_IRQHandler
                0x000034d6        0xa ./source/gpio.o
                0x000034d6                PORTD_IRQHandler
 .text.PORTE_IRQHandler
                0x000034e0        0xa ./source/gpio.o
                0x000034e0                PORTE_IRQHandler
 .text.setGPIOdataOut
                0x000034ea       0x1c ./source/gpio.o
                0x000034ea                setGPIOdataOut
 .text.setPCRirqc
                0x00003506       0x16 ./source/gpio.o
                0x00003506                setPCRirqc
 .text.identifyCardSymbol
                0x0000351c       0x68 ./source/magnetCardDecode.o
                0x0000351c                identifyCardSymbol
 .text.shapeMagnetTrack
                0x00003584       0x22 ./source/magnetCardDecode.o
                0x00003584                shapeMagnetTrack
 .text.getTrackShaped
                0x000035a6       0xd0 ./source/magnetCardDecode.o
                0x000035a6                getTrackShaped
 .text.decodeTrackX
                0x00003676      0x180 ./source/magnetCardDecode.o
                0x00003676                decodeTrackX
 .text.initMagnetCardLector
                0x000037f6       0x18 ./source/magnetCardLector.o
                0x000037f6                initMagnetCardLector
 .text.someMagnetCard2Read
                0x0000380e        0x8 ./source/magnetCardLector.o
                0x0000380e                someMagnetCard2Read
 .text.getLectureDecoded
                0x00003816       0x4a ./source/magnetCardLector.o
                0x00003816                getLectureDecoded
 .text.getEvent
                0x00003860       0x48 ./source/queue.o
                0x00003860                getEvent
 .text.userDataReset
                0x000038a8       0x58 ./source/queue.o
                0x000038a8                userDataReset
 .text.BinputEvHandler
                0x00003900        0x6 ./source/stateBlocked.o
                0x00003900                BinputEvHandler
 .text.BkeycardEvHandler
                0x00003906        0x6 ./source/stateBlocked.o
                0x00003906                BkeycardEvHandler
 .text.CItimerEvHandler
                0x0000390c       0x18 ./source/stateChangeIntensity.o
                0x0000390c                CItimerEvHandler
 .text.MtimerEvHandler
                0x00003924       0x18 ./source/stateMenu.o
                0x00003924                MtimerEvHandler
 .text.blockedCallback
                0x0000393c       0x14 ./source/stateReceivingPIN.o
                0x0000393c                blockedCallback
 .text.main     0x00003950       0x18 ./SDK/startup/main.o
                0x00003950                main
 .text.HardFault_Handler
                0x00003968       0x2a ./SDK/startup/semihost_hardfault.o
                0x00003968                HardFault_Handler
 .text.DMA0_IRQHandler
                0x00003992        0x8 ./SDK/startup/startup_mk64f12.o
                0x00003992                DMA0_IRQHandler
 .text.DMA1_IRQHandler
                0x0000399a        0x8 ./SDK/startup/startup_mk64f12.o
                0x0000399a                DMA1_IRQHandler
 .text.DMA2_IRQHandler
                0x000039a2        0x8 ./SDK/startup/startup_mk64f12.o
                0x000039a2                DMA2_IRQHandler
 .text.DMA3_IRQHandler
                0x000039aa        0x8 ./SDK/startup/startup_mk64f12.o
                0x000039aa                DMA3_IRQHandler
 .text.DMA4_IRQHandler
                0x000039b2        0x8 ./SDK/startup/startup_mk64f12.o
                0x000039b2                DMA4_IRQHandler
 .text.DMA5_IRQHandler
                0x000039ba        0x8 ./SDK/startup/startup_mk64f12.o
                0x000039ba                DMA5_IRQHandler
 .text.DMA6_IRQHandler
                0x000039c2        0x8 ./SDK/startup/startup_mk64f12.o
                0x000039c2                DMA6_IRQHandler
 .text.DMA7_IRQHandler
                0x000039ca        0x8 ./SDK/startup/startup_mk64f12.o
                0x000039ca                DMA7_IRQHandler
 .text.DMA8_IRQHandler
                0x000039d2        0x8 ./SDK/startup/startup_mk64f12.o
                0x000039d2                DMA8_IRQHandler
 .text.DMA9_IRQHandler
                0x000039da        0x8 ./SDK/startup/startup_mk64f12.o
                0x000039da                DMA9_IRQHandler
 .text.DMA10_IRQHandler
                0x000039e2        0x8 ./SDK/startup/startup_mk64f12.o
                0x000039e2                DMA10_IRQHandler
 .text.DMA11_IRQHandler
                0x000039ea        0x8 ./SDK/startup/startup_mk64f12.o
                0x000039ea                DMA11_IRQHandler
 .text.DMA12_IRQHandler
                0x000039f2        0x8 ./SDK/startup/startup_mk64f12.o
                0x000039f2                DMA12_IRQHandler
 .text.DMA13_IRQHandler
                0x000039fa        0x8 ./SDK/startup/startup_mk64f12.o
                0x000039fa                DMA13_IRQHandler
 .text.DMA14_IRQHandler
                0x00003a02        0x8 ./SDK/startup/startup_mk64f12.o
                0x00003a02                DMA14_IRQHandler
 .text.DMA15_IRQHandler
                0x00003a0a        0x8 ./SDK/startup/startup_mk64f12.o
                0x00003a0a                DMA15_IRQHandler
 .text.DMA_Error_IRQHandler
                0x00003a12        0x8 ./SDK/startup/startup_mk64f12.o
                0x00003a12                DMA_Error_IRQHandler
 .text.MCM_IRQHandler
                0x00003a1a        0x8 ./SDK/startup/startup_mk64f12.o
                0x00003a1a                MCM_IRQHandler
 .text.FTFE_IRQHandler
                0x00003a22        0x8 ./SDK/startup/startup_mk64f12.o
                0x00003a22                FTFE_IRQHandler
 .text.Read_Collision_IRQHandler
                0x00003a2a        0x8 ./SDK/startup/startup_mk64f12.o
                0x00003a2a                Read_Collision_IRQHandler
 .text.LVD_LVW_IRQHandler
                0x00003a32        0x8 ./SDK/startup/startup_mk64f12.o
                0x00003a32                LVD_LVW_IRQHandler
 .text.LLWU_IRQHandler
                0x00003a3a        0x8 ./SDK/startup/startup_mk64f12.o
                0x00003a3a                LLWU_IRQHandler
 .text.WDOG_EWM_IRQHandler
                0x00003a42        0x8 ./SDK/startup/startup_mk64f12.o
                0x00003a42                WDOG_EWM_IRQHandler
 .text.RNG_IRQHandler
                0x00003a4a        0x8 ./SDK/startup/startup_mk64f12.o
                0x00003a4a                RNG_IRQHandler
 .text.I2C0_IRQHandler
                0x00003a52        0x8 ./SDK/startup/startup_mk64f12.o
                0x00003a52                I2C0_IRQHandler
 .text.I2C1_IRQHandler
                0x00003a5a        0x8 ./SDK/startup/startup_mk64f12.o
                0x00003a5a                I2C1_IRQHandler
 .text.SPI0_IRQHandler
                0x00003a62        0x8 ./SDK/startup/startup_mk64f12.o
                0x00003a62                SPI0_IRQHandler
 .text.SPI1_IRQHandler
                0x00003a6a        0x8 ./SDK/startup/startup_mk64f12.o
                0x00003a6a                SPI1_IRQHandler
 .text.I2S0_Tx_IRQHandler
                0x00003a72        0x8 ./SDK/startup/startup_mk64f12.o
                0x00003a72                I2S0_Tx_IRQHandler
 .text.I2S0_Rx_IRQHandler
                0x00003a7a        0x8 ./SDK/startup/startup_mk64f12.o
                0x00003a7a                I2S0_Rx_IRQHandler
 .text.UART0_LON_IRQHandler
                0x00003a82        0x8 ./SDK/startup/startup_mk64f12.o
                0x00003a82                UART0_LON_IRQHandler
 .text.UART0_RX_TX_IRQHandler
                0x00003a8a        0x8 ./SDK/startup/startup_mk64f12.o
                0x00003a8a                UART0_RX_TX_IRQHandler
 .text.UART0_ERR_IRQHandler
                0x00003a92        0x8 ./SDK/startup/startup_mk64f12.o
                0x00003a92                UART0_ERR_IRQHandler
 .text.UART1_RX_TX_IRQHandler
                0x00003a9a        0x8 ./SDK/startup/startup_mk64f12.o
                0x00003a9a                UART1_RX_TX_IRQHandler
 .text.UART1_ERR_IRQHandler
                0x00003aa2        0x8 ./SDK/startup/startup_mk64f12.o
                0x00003aa2                UART1_ERR_IRQHandler
 .text.UART2_RX_TX_IRQHandler
                0x00003aaa        0x8 ./SDK/startup/startup_mk64f12.o
                0x00003aaa                UART2_RX_TX_IRQHandler
 .text.UART2_ERR_IRQHandler
                0x00003ab2        0x8 ./SDK/startup/startup_mk64f12.o
                0x00003ab2                UART2_ERR_IRQHandler
 .text.UART3_RX_TX_IRQHandler
                0x00003aba        0x8 ./SDK/startup/startup_mk64f12.o
                0x00003aba                UART3_RX_TX_IRQHandler
 .text.UART3_ERR_IRQHandler
                0x00003ac2        0x8 ./SDK/startup/startup_mk64f12.o
                0x00003ac2                UART3_ERR_IRQHandler
 .text.ADC0_IRQHandler
                0x00003aca        0x8 ./SDK/startup/startup_mk64f12.o
                0x00003aca                ADC0_IRQHandler
 .text.CMP0_IRQHandler
                0x00003ad2        0x8 ./SDK/startup/startup_mk64f12.o
                0x00003ad2                CMP0_IRQHandler
 .text.CMP1_IRQHandler
                0x00003ada        0x8 ./SDK/startup/startup_mk64f12.o
                0x00003ada                CMP1_IRQHandler
 .text.FTM0_IRQHandler
                0x00003ae2        0x8 ./SDK/startup/startup_mk64f12.o
                0x00003ae2                FTM0_IRQHandler
 .text.FTM1_IRQHandler
                0x00003aea        0x8 ./SDK/startup/startup_mk64f12.o
                0x00003aea                FTM1_IRQHandler
 .text.FTM2_IRQHandler
                0x00003af2        0x8 ./SDK/startup/startup_mk64f12.o
                0x00003af2                FTM2_IRQHandler
 .text.CMT_IRQHandler
                0x00003afa        0x8 ./SDK/startup/startup_mk64f12.o
                0x00003afa                CMT_IRQHandler
 .text.RTC_IRQHandler
                0x00003b02        0x8 ./SDK/startup/startup_mk64f12.o
                0x00003b02                RTC_IRQHandler
 .text.RTC_Seconds_IRQHandler
                0x00003b0a        0x8 ./SDK/startup/startup_mk64f12.o
                0x00003b0a                RTC_Seconds_IRQHandler
 .text.PIT0_IRQHandler
                0x00003b12        0x8 ./SDK/startup/startup_mk64f12.o
                0x00003b12                PIT0_IRQHandler
 .text.PIT1_IRQHandler
                0x00003b1a        0x8 ./SDK/startup/startup_mk64f12.o
                0x00003b1a                PIT1_IRQHandler
 .text.PIT2_IRQHandler
                0x00003b22        0x8 ./SDK/startup/startup_mk64f12.o
                0x00003b22                PIT2_IRQHandler
 .text.PIT3_IRQHandler
                0x00003b2a        0x8 ./SDK/startup/startup_mk64f12.o
                0x00003b2a                PIT3_IRQHandler
 .text.PDB0_IRQHandler
                0x00003b32        0x8 ./SDK/startup/startup_mk64f12.o
                0x00003b32                PDB0_IRQHandler
 .text.USB0_IRQHandler
                0x00003b3a        0x8 ./SDK/startup/startup_mk64f12.o
                0x00003b3a                USB0_IRQHandler
 .text.USBDCD_IRQHandler
                0x00003b42        0x8 ./SDK/startup/startup_mk64f12.o
                0x00003b42                USBDCD_IRQHandler
 .text.Reserved71_IRQHandler
                0x00003b4a        0x8 ./SDK/startup/startup_mk64f12.o
                0x00003b4a                Reserved71_IRQHandler
 .text.DAC0_IRQHandler
                0x00003b52        0x8 ./SDK/startup/startup_mk64f12.o
                0x00003b52                DAC0_IRQHandler
 .text.MCG_IRQHandler
                0x00003b5a        0x8 ./SDK/startup/startup_mk64f12.o
                0x00003b5a                MCG_IRQHandler
 .text.LPTMR0_IRQHandler
                0x00003b62        0x8 ./SDK/startup/startup_mk64f12.o
                0x00003b62                LPTMR0_IRQHandler
 .text.SWI_IRQHandler
                0x00003b6a        0x8 ./SDK/startup/startup_mk64f12.o
                0x00003b6a                SWI_IRQHandler
 .text.SPI2_IRQHandler
                0x00003b72        0x8 ./SDK/startup/startup_mk64f12.o
                0x00003b72                SPI2_IRQHandler
 .text.UART4_RX_TX_IRQHandler
                0x00003b7a        0x8 ./SDK/startup/startup_mk64f12.o
                0x00003b7a                UART4_RX_TX_IRQHandler
 .text.UART4_ERR_IRQHandler
                0x00003b82        0x8 ./SDK/startup/startup_mk64f12.o
                0x00003b82                UART4_ERR_IRQHandler
 .text.UART5_RX_TX_IRQHandler
                0x00003b8a        0x8 ./SDK/startup/startup_mk64f12.o
                0x00003b8a                UART5_RX_TX_IRQHandler
 .text.UART5_ERR_IRQHandler
                0x00003b92        0x8 ./SDK/startup/startup_mk64f12.o
                0x00003b92                UART5_ERR_IRQHandler
 .text.CMP2_IRQHandler
                0x00003b9a        0x8 ./SDK/startup/startup_mk64f12.o
                0x00003b9a                CMP2_IRQHandler
 .text.FTM3_IRQHandler
                0x00003ba2        0x8 ./SDK/startup/startup_mk64f12.o
                0x00003ba2                FTM3_IRQHandler
 .text.DAC1_IRQHandler
                0x00003baa        0x8 ./SDK/startup/startup_mk64f12.o
                0x00003baa                DAC1_IRQHandler
 .text.ADC1_IRQHandler
                0x00003bb2        0x8 ./SDK/startup/startup_mk64f12.o
                0x00003bb2                ADC1_IRQHandler
 .text.I2C2_IRQHandler
                0x00003bba        0x8 ./SDK/startup/startup_mk64f12.o
                0x00003bba                I2C2_IRQHandler
 .text.CAN0_ORed_Message_buffer_IRQHandler
                0x00003bc2        0x8 ./SDK/startup/startup_mk64f12.o
                0x00003bc2                CAN0_ORed_Message_buffer_IRQHandler
 .text.CAN0_Bus_Off_IRQHandler
                0x00003bca        0x8 ./SDK/startup/startup_mk64f12.o
                0x00003bca                CAN0_Bus_Off_IRQHandler
 .text.CAN0_Error_IRQHandler
                0x00003bd2        0x8 ./SDK/startup/startup_mk64f12.o
                0x00003bd2                CAN0_Error_IRQHandler
 .text.CAN0_Tx_Warning_IRQHandler
                0x00003bda        0x8 ./SDK/startup/startup_mk64f12.o
                0x00003bda                CAN0_Tx_Warning_IRQHandler
 .text.CAN0_Rx_Warning_IRQHandler
                0x00003be2        0x8 ./SDK/startup/startup_mk64f12.o
                0x00003be2                CAN0_Rx_Warning_IRQHandler
 .text.CAN0_Wake_Up_IRQHandler
                0x00003bea        0x8 ./SDK/startup/startup_mk64f12.o
                0x00003bea                CAN0_Wake_Up_IRQHandler
 .text.SDHC_IRQHandler
                0x00003bf2        0x8 ./SDK/startup/startup_mk64f12.o
                0x00003bf2                SDHC_IRQHandler
 .text.ENET_1588_Timer_IRQHandler
                0x00003bfa        0x8 ./SDK/startup/startup_mk64f12.o
                0x00003bfa                ENET_1588_Timer_IRQHandler
 .text.ENET_Transmit_IRQHandler
                0x00003c02        0x8 ./SDK/startup/startup_mk64f12.o
                0x00003c02                ENET_Transmit_IRQHandler
 .text.ENET_Receive_IRQHandler
                0x00003c0a        0x8 ./SDK/startup/startup_mk64f12.o
                0x00003c0a                ENET_Receive_IRQHandler
 .text.ENET_Error_IRQHandler
                0x00003c12        0x8 ./SDK/startup/startup_mk64f12.o
                0x00003c12                ENET_Error_IRQHandler
 .text.SystemInitHook
                0x00003c1a        0x2 ./SDK/CMSIS/system_MK64F12.o
                0x00003c1a                SystemInitHook
 .text.memcpy   0x00003c1c        0x4 c:/nxp/mcuxpressoide_10.2.0_759/ide/tools/bin/../lib/gcc/arm-none-eabi/7.2.1/../../../../arm-none-eabi/lib/thumb/v7e-m/fpv4-sp/hard\libcr_c.a(memcpy.o)
                0x00003c1c                memcpy
 .text.__aeabi_memcpy
                0x00003c20       0x34 c:/nxp/mcuxpressoide_10.2.0_759/ide/tools/bin/../lib/gcc/arm-none-eabi/7.2.1/thumb/v7e-m/fpv4-sp/hard\libcr_eabihelpers.a(memcpy.o)
                0x00003c20                __aeabi_memcpy
                0x00003c2a                __aeabi_memcpy8
                0x00003c2a                __aeabi_memcpy4
 *(SORT_BY_ALIGNMENT(.rodata) SORT_BY_ALIGNMENT(.rodata.*) SORT_BY_ALIGNMENT(.constdata) SORT_BY_ALIGNMENT(.constdata.*))
 .rodata.initFSM.str1.4
                0x00003c54        0x5 ./source/FSM.o
 *fill*         0x00003c59        0x3 ff
 .rodata.letters_segment_array
                0x00003c5c       0x1a ./source/SegmentDisplay.o
 *fill*         0x00003c76        0x2 ff
 .rodata.number_segment_array
                0x00003c78        0xa ./source/SegmentDisplay.o
 *fill*         0x00003c82        0x2 ff
 .rodata        0x00003c84       0x1e ./source/dataBase.o
 .rodata.ClearDisplay.str1.4
                0x00003ca2        0x5 ./source/display.o
                                  0x1 (size before relaxing)
 *fill*         0x00003ca2        0x2 ff
 .rodata        0x00003ca4       0x28 ./source/gpio.o
 .rodata.track1
                0x00003ccc       0x18 ./source/magnetCardDecode.o
                0x00003ccc                track1
 .rodata.track2
                0x00003ce4       0x18 ./source/magnetCardDecode.o
                0x00003ce4                track2
 .rodata.track3
                0x00003cfc       0x18 ./source/magnetCardDecode.o
                0x00003cfc                track3
 .rodata.AUinputEvHandler.str1.4
                0x00003d14       0x35 ./source/stateAddingUser.o
                                 0x3d (size before relaxing)
 *fill*         0x00003d49        0x3 ff
 .rodata.AUkeycardEvHandler.str1.4
                0x00003d4c       0x2f ./source/stateAddingUser.o
 *fill*         0x00003d7b        0x1 ff
 .rodata.idStrings
                0x00003d7c        0xc ./source/stateAddingUser.o
 .rodata.AUPinputEvHandler.str1.4
                0x00003d88       0x32 ./source/stateAddingUserPIN.o
                                 0x39 (size before relaxing)
 .rodata.AUPkeycardEvHandler.str1.4
                0x00003dba       0x2f ./source/stateAddingUserPIN.o
 *fill*         0x00003dba        0x2 ff
 .rodata.pinStrings
                0x00003dbc        0xd ./source/stateAddingUserPIN.o
 *fill*         0x00003dc9        0x3 ff
 .rodata.AMinputEvHandler.str1.4
                0x00003dcc       0x30 ./source/stateAdminMode.o
                                 0x35 (size before relaxing)
 .rodata.AMkeycardEvHandler.str1.4
                0x00003dfc       0x2f ./source/stateAdminMode.o
 .rodata.str1.4
                0x00003dfc        0x8 ./source/stateAdminMode.o
 .rodata.BtimerEvHandler.str1.4
                0x00003e04       0x12 ./source/stateBlocked.o
 *fill*         0x00003e16        0x2 ff
 .rodata.CIinputEvHandler.str1.4
                0x00003e18       0x1e ./source/stateChangeIntensity.o
                                 0x25 (size before relaxing)
 .rodata.CIkeycardEvHandler.str1.4
                0x00003e36       0x2f ./source/stateChangeIntensity.o
 *fill*         0x00003e36        0x2 ff
 .rodata.str1.4
                0x00003e38       0x10 ./source/stateChangeIntensity.o
 .rodata.CPinputEvHandler.str1.4
                0x00003e48        0xc ./source/stateChangingPIN.o
                                 0x11 (size before relaxing)
 .rodata.CPkeycardEvHandler.str1.4
                0x00003e54       0x2f ./source/stateChangingPIN.o
 .rodata.pinStrings
                0x00003e54        0xd ./source/stateChangingPIN.o
 *fill*         0x00003e61        0x3 ff
 .rodata.MinputEvHandler.str1.4
                0x00003e64       0x1d ./source/stateMenu.o
 .rodata.MkeycardEvHandler.str1.4
                0x00003e81       0x23 ./source/stateMenu.o
 *fill*         0x00003e81        0x3 ff
 .rodata.menuStrings
                0x00003e84        0x8 ./source/stateMenu.o
 .rodata.str1.4
                0x00003e8c        0x5 ./source/stateMenu.o
                                  0x9 (size before relaxing)
 .rodata.RIinputEvHandler.str1.4
                0x00003e91       0x29 ./source/stateReceivingID.o
 *fill*         0x00003e91        0x3 ff
 .rodata.idStrings
                0x00003e94        0xc ./source/stateReceivingID.o
 .rodata.pinStrings
                0x00003ea0        0xd ./source/stateReceivingPIN.o
 *fill*         0x00003ead        0x3 ff
 .rodata        0x00003eb0       0x5b ./source/stateReceivingPIN.o
 *fill*         0x00003f0b        0x1 ff
 .rodata.RUinputEvHandler.str1.4
                0x00003f0c       0x1f ./source/stateRemovingUser.o
                                 0x25 (size before relaxing)
 .rodata.RUkeycardEvHandler.str1.4
                0x00003f2b       0x2f ./source/stateRemovingUser.o
 *fill*         0x00003f2b        0x1 ff
 .rodata.idStrings
                0x00003f2c        0xc ./source/stateRemovingUser.o
 .rodata.UAinputEvHandler.str1.4
                0x00003f38       0x2b ./source/stateUserApproved.o
                                 0x43 (size before relaxing)
 .rodata.UAkeycardEvHandler.str1.4
                0x00003f63       0x2f ./source/stateUserApproved.o
 *fill*         0x00003f63        0x1 ff
 .rodata.menuStrings
                0x00003f64        0xc ./source/stateUserApproved.o
 .rodata.str1.4
                0x00003f70       0x10 ./source/stateUserApproved.o
                0x00003f80                . = ALIGN (0x8)

.glue_7         0x00003f80        0x0
 .glue_7        0x00003f80        0x0 linker stubs

.glue_7t        0x00003f80        0x0
 .glue_7t       0x00003f80        0x0 linker stubs

.vfp11_veneer   0x00003f80        0x0
 .vfp11_veneer  0x00003f80        0x0 linker stubs

.v4_bx          0x00003f80        0x0
 .v4_bx         0x00003f80        0x0 linker stubs

.iplt           0x00003f80        0x0
 .iplt          0x00003f80        0x0 ./source/App.o

.rel.dyn        0x00003f80        0x0
 .rel.iplt      0x00003f80        0x0 ./source/App.o

.ARM.extab
 *(SORT_BY_ALIGNMENT(.ARM.extab*) SORT_BY_ALIGNMENT(.gnu.linkonce.armextab.*))
                0x00003f80                __exidx_start = .

.ARM.exidx
 *(SORT_BY_ALIGNMENT(.ARM.exidx*) SORT_BY_ALIGNMENT(.gnu.linkonce.armexidx.*))
                0x00003f80                __exidx_end = .
                0x00003f80                _etext = .

.m_usb_data
 *(SORT_BY_ALIGNMENT(m_usb_bdt))

.data_RAM2      0x1fff0000        0x0 load address 0x00003f80
 FILL mask 0xff
                [!provide]                PROVIDE (__start_data_RAM2, .)
 *(SORT_BY_ALIGNMENT(.ramfunc.$RAM2))
 *(SORT_BY_ALIGNMENT(.ramfunc.$SRAM_LOWER))
 *(SORT_BY_ALIGNMENT(.data.$RAM2*))
 *(SORT_BY_ALIGNMENT(.data.$SRAM_LOWER*))
                0x1fff0000                . = ALIGN (0x8)
                [!provide]                PROVIDE (__end_data_RAM2, .)

.data_RAM3      0x14000000        0x0 load address 0x00003f80
 FILL mask 0xff
                [!provide]                PROVIDE (__start_data_RAM3, .)
 *(SORT_BY_ALIGNMENT(.ramfunc.$RAM3))
 *(SORT_BY_ALIGNMENT(.ramfunc.$FLEX_RAM))
 *(SORT_BY_ALIGNMENT(.data.$RAM3*))
 *(SORT_BY_ALIGNMENT(.data.$FLEX_RAM*))
                0x14000000                . = ALIGN (0x8)
                [!provide]                PROVIDE (__end_data_RAM3, .)

.uninit_RESERVED
                0x20000000        0x0
 *(SORT_BY_ALIGNMENT(.bss.$RESERVED*))
                0x20000000                . = ALIGN (0x4)
                0x20000000                _end_uninit_RESERVED = .

.data           0x20000000       0x28 load address 0x00003f80
 FILL mask 0xff
                0x20000000                _data = .
 *(SORT_BY_ALIGNMENT(vtable))
 *(SORT_BY_ALIGNMENT(.ramfunc*))
 *(SORT_BY_ALIGNMENT(.data*))
 .data.array2Tracks
                0x20000000        0xc ./source/magnetCardDecode.o
                0x20000000                array2Tracks
 .data.menuStrings
                0x2000000c        0x8 ./source/stateAdminMode.o
                0x2000000c                menuStrings
 .data.intStrings
                0x20000014       0x10 ./source/stateChangeIntensity.o
                0x20000014                intStrings
 .data.f2       0x20000024        0x4 ./source/stateReceivingPIN.o
                0x20000028                . = ALIGN (0x8)
                0x20000028                _edata = .

.igot.plt       0x20000028        0x0 load address 0x00003fa8
 .igot.plt      0x20000028        0x0 ./source/App.o

.bss_RAM2       0x1fff0000        0x0
                [!provide]                PROVIDE (__start_bss_RAM2, .)
 *(SORT_BY_ALIGNMENT(.bss.$RAM2*))
 *(SORT_BY_ALIGNMENT(.bss.$SRAM_LOWER*))
                0x1fff0000                . = ALIGN ((. != 0x0)?0x8:0x1)
                [!provide]                PROVIDE (__end_bss_RAM2, .)

.bss_RAM3       0x14000000        0x0
                [!provide]                PROVIDE (__start_bss_RAM3, .)
 *(SORT_BY_ALIGNMENT(.bss.$RAM3*))
 *(SORT_BY_ALIGNMENT(.bss.$FLEX_RAM*))
                0x14000000                . = ALIGN ((. != 0x0)?0x8:0x1)
                [!provide]                PROVIDE (__end_bss_RAM3, .)

.bss            0x20000028     0x10a0
                0x20000028                _bss = .
 *(SORT_BY_ALIGNMENT(.bss*))
 .bss.fsm       0x20000028       0x14 ./source/App.o
                0x20000028                fsm
 .bss.nextState
                0x2000003c       0x10 ./source/App.o
                0x2000003c                nextState
 .bss.userData  0x2000004c       0xec ./source/App.o
                0x2000004c                userData
 .bss.sysTickFun
                0x20000138        0x4 ./source/SysTick.o
                0x20000138                sysTickFun
 .bss.dataBase  0x2000013c       0x90 ./source/dataBase.o
 .bss.brigthness
                0x200001cc        0x4 ./source/display.o
 .bss.current_string
                0x200001d0        0x4 ./source/display.o
 .bss.display_position
                0x200001d4        0x4 ./source/display.o
 .bss.string_position
                0x200001d8        0x4 ./source/display.o
 .bss.string_size
                0x200001dc        0x4 ./source/display.o
 .bss.encoderQueue
                0x200001e0      0x640 ./source/encoder.o
 .bss.encoder   0x20000820        0x6 ./source/encoderDecoder.o
 *fill*         0x20000826        0x2 
 .bss.p2irqFunctions
                0x20000828      0x280 ./source/gpio.o
                0x20000828                p2irqFunctions
 .bss.counterDataIn
                0x20000aa8        0x4 ./source/magnetLectorHAL.o
                0x20000aa8                counterDataIn
 .bss.queue     0x20000aac      0x508 ./source/magnetLectorHAL.o
 .bss.IDstring  0x20000fb4        0x9 ./source/stateAddingUser.o
 *fill*         0x20000fbd        0x3 
 .bss.PINstring
                0x20000fc0        0x6 ./source/stateAddingUserPIN.o
 *fill*         0x20000fc6        0x2 
 .bss.PINstring
                0x20000fc8        0x6 ./source/stateChangingPIN.o
 *fill*         0x20000fce        0x2 
 .bss.IDstring  0x20000fd0        0x9 ./source/stateReceivingID.o
 *fill*         0x20000fd9        0x3 
 .bss.PINstring
                0x20000fdc        0x6 ./source/stateReceivingPIN.o
 *fill*         0x20000fe2        0x2 
 .bss.tryNro    0x20000fe4        0x4 ./source/stateReceivingPIN.o
 .bss.f1        0x20000fe8        0x4 ./source/stateReceivingPIN.o
 .bss.f3.5155   0x20000fec        0x4 ./source/stateReceivingPIN.o
 .bss.IDstring  0x20000ff0        0x9 ./source/stateRemovingUser.o
 *fill*         0x20000ff9        0x3 
 .bss.timers    0x20000ffc       0x80 ./source/timer.o
 .bss.queue     0x2000107c       0x38 ./source/timer_queue.o
 .bss.__LDM_interruptDisableCount
                0x200010b4        0x4 ./SDK/startup/hardware.o
 .bss.changingState
                0x200010b8        0x1 ./source/App.o
                0x200010b8                changingState
 .bss.nameEvent
                0x200010b9        0x1 ./source/App.o
                0x200010b9                nameEvent
 .bss.initialized
                0x200010ba        0x1 ./source/SegmentDisplay.o
 .bss.display_counter
                0x200010bb        0x1 ./source/display.o
 .bss.initialized
                0x200010bc        0x1 ./source/display.o
 .bss.initialized_enc
                0x200010bd        0x1 ./source/encoder.o
 .bss.encoder_timer_count
                0x200010be        0x1 ./source/encoderHAL.o
 .bss.initialized_enc_low
                0x200010bf        0x1 ./source/encoderHAL.o
 .bss.enable    0x200010c0        0x1 ./source/magnetLectorHAL.o
                0x200010c0                enable
 .bss.hwLectorIsInit
                0x200010c1        0x1 ./source/magnetLectorHAL.o
                0x200010c1                hwLectorIsInit
 .bss.raw2save  0x200010c2        0x1 ./source/magnetLectorHAL.o
                0x200010c2                raw2save
 .bss.initialized
                0x200010c3        0x1 ./source/timer.o
 *(SORT_BY_ALIGNMENT(COMMON))
                0x200010c8                . = ALIGN (0x8)
 *fill*         0x200010c4        0x4 
                0x200010c8                _ebss = .
                [!provide]                PROVIDE (end, .)

.noinit_RAM2    0x1fff0000        0x0
 *(SORT_BY_ALIGNMENT(.noinit.$RAM2*))
 *(SORT_BY_ALIGNMENT(.noinit.$SRAM_LOWER*))
                0x1fff0000                . = ALIGN (0x8)

.noinit_RAM3    0x14000000        0x0
 *(SORT_BY_ALIGNMENT(.noinit.$RAM3*))
 *(SORT_BY_ALIGNMENT(.noinit.$FLEX_RAM*))
                0x14000000                . = ALIGN (0x8)

.noinit         0x200010c8        0x0
                0x200010c8                _noinit = .
 *(SORT_BY_ALIGNMENT(.noinit*))
                0x200010c8                . = ALIGN (0x8)
                0x200010c8                _end_noinit = .
                0x00001000                _HeapSize = 0x1000

.heap           0x200010c8     0x1000
                0x200010c8                _pvHeapStart = .
                0x200020c8                . = (. + _HeapSize)
 *fill*         0x200010c8     0x1000 
                0x200020c8                . = ALIGN (0x8)
                0x200020c8                _pvHeapLimit = .
                0x00001000                _StackSize = 0x1000

.heap2stackfill
                0x200020c8     0x1000
                0x200030c8                . = (. + _StackSize)
 *fill*         0x200020c8     0x1000 

.stack          0x2002f000        0x0
                0x2002f000                _vStackBase = .
                0x2002f000                . = ALIGN (0x8)
                0x20030000                _vStackTop = (. + _StackSize)
                0x00000000                _image_start = LOADADDR (.text)
                0x00003fa8                _image_end = (LOADADDR (.data) + SIZEOF (.data))
                0x00003fa8                _image_size = (_image_end - _image_start)
OUTPUT(ControlDeAcceso.axf elf32-littlearm)

.debug_info     0x00000000     0xb5b5
 .debug_info    0x00000000      0x5b1 ./source/App.o
 .debug_info    0x000005b1      0x39d ./source/FSM.o
 .debug_info    0x0000094e      0x4a0 ./source/SegmentDisplay.o
 .debug_info    0x00000dee      0x5a1 ./source/SysTick.o
 .debug_info    0x0000138f      0x47f ./source/dataBase.o
 .debug_info    0x0000180e      0x3a9 ./source/display.o
 .debug_info    0x00001bb7      0x246 ./source/doorManagement.o
 .debug_info    0x00001dfd      0x45c ./source/encoder.o
 .debug_info    0x00002259      0x225 ./source/encoderDecoder.o
 .debug_info    0x0000247e      0x3c7 ./source/encoderHAL.o
 .debug_info    0x00002845     0x1086 ./source/gpio.o
 .debug_info    0x000038cb      0x62f ./source/magnetCardDecode.o
 .debug_info    0x00003efa      0x252 ./source/magnetCardLector.o
 .debug_info    0x0000414c      0x45e ./source/magnetLectorHAL.o
 .debug_info    0x000045aa      0x3b9 ./source/queue.o
 .debug_info    0x00004963      0x82b ./source/stateAddingUser.o
 .debug_info    0x0000518e      0x986 ./source/stateAddingUserPIN.o
 .debug_info    0x00005b14      0x66b ./source/stateAdminMode.o
 .debug_info    0x0000617f      0x42f ./source/stateBlocked.o
 .debug_info    0x000065ae      0x5f2 ./source/stateChangeIntensity.o
 .debug_info    0x00006ba0      0x8e1 ./source/stateChangingPIN.o
 .debug_info    0x00007481      0x5c8 ./source/stateMenu.o
 .debug_info    0x00007a49      0x831 ./source/stateReceivingID.o
 .debug_info    0x0000827a      0x55d ./source/stateReceivingPIN.o
 .debug_info    0x000087d7      0x85c ./source/stateRemovingUser.o
 .debug_info    0x00009033      0x707 ./source/stateUserApproved.o
 .debug_info    0x0000973a      0x288 ./source/timer.o
 .debug_info    0x000099c2      0x1aa ./source/timer_queue.o
 .debug_info    0x00009b6c      0x675 ./SDK/startup/hardware.o
 .debug_info    0x0000a1e1      0x120 ./SDK/startup/main.o
 .debug_info    0x0000a301       0x3b ./SDK/startup/semihost_hardfault.o
 .debug_info    0x0000a33c      0xc71 ./SDK/startup/startup_mk64f12.o
 .debug_info    0x0000afad      0x608 ./SDK/CMSIS/system_MK64F12.o

.debug_abbrev   0x00000000     0x2b81
 .debug_abbrev  0x00000000      0x15d ./source/App.o
 .debug_abbrev  0x0000015d      0x106 ./source/FSM.o
 .debug_abbrev  0x00000263       0xf0 ./source/SegmentDisplay.o
 .debug_abbrev  0x00000353      0x1ef ./source/SysTick.o
 .debug_abbrev  0x00000542      0x14c ./source/dataBase.o
 .debug_abbrev  0x0000068e      0x130 ./source/display.o
 .debug_abbrev  0x000007be       0xaa ./source/doorManagement.o
 .debug_abbrev  0x00000868      0x187 ./source/encoder.o
 .debug_abbrev  0x000009ef      0x125 ./source/encoderDecoder.o
 .debug_abbrev  0x00000b14      0x12a ./source/encoderHAL.o
 .debug_abbrev  0x00000c3e      0x368 ./source/gpio.o
 .debug_abbrev  0x00000fa6      0x11f ./source/magnetCardDecode.o
 .debug_abbrev  0x000010c5      0x11a ./source/magnetCardLector.o
 .debug_abbrev  0x000011df      0x190 ./source/magnetLectorHAL.o
 .debug_abbrev  0x0000136f      0x159 ./source/queue.o
 .debug_abbrev  0x000014c8      0x186 ./source/stateAddingUser.o
 .debug_abbrev  0x0000164e      0x18f ./source/stateAddingUserPIN.o
 .debug_abbrev  0x000017dd      0x170 ./source/stateAdminMode.o
 .debug_abbrev  0x0000194d      0x13e ./source/stateBlocked.o
 .debug_abbrev  0x00001a8b      0x170 ./source/stateChangeIntensity.o
 .debug_abbrev  0x00001bfb      0x186 ./source/stateChangingPIN.o
 .debug_abbrev  0x00001d81      0x15f ./source/stateMenu.o
 .debug_abbrev  0x00001ee0      0x186 ./source/stateReceivingID.o
 .debug_abbrev  0x00002066      0x158 ./source/stateReceivingPIN.o
 .debug_abbrev  0x000021be      0x186 ./source/stateRemovingUser.o
 .debug_abbrev  0x00002344      0x15f ./source/stateUserApproved.o
 .debug_abbrev  0x000024a3      0x14d ./source/timer.o
 .debug_abbrev  0x000025f0      0x10a ./source/timer_queue.o
 .debug_abbrev  0x000026fa      0x138 ./SDK/startup/hardware.o
 .debug_abbrev  0x00002832       0x9b ./SDK/startup/main.o
 .debug_abbrev  0x000028cd       0x2f ./SDK/startup/semihost_hardfault.o
 .debug_abbrev  0x000028fc      0x13b ./SDK/startup/startup_mk64f12.o
 .debug_abbrev  0x00002a37      0x14a ./SDK/CMSIS/system_MK64F12.o

.debug_aranges  0x00000000      0xad0
 .debug_aranges
                0x00000000       0x30 ./source/App.o
 .debug_aranges
                0x00000030       0x20 ./source/FSM.o
 .debug_aranges
                0x00000050       0x38 ./source/SegmentDisplay.o
 .debug_aranges
                0x00000088       0x28 ./source/SysTick.o
 .debug_aranges
                0x000000b0       0x58 ./source/dataBase.o
 .debug_aranges
                0x00000108       0x58 ./source/display.o
 .debug_aranges
                0x00000160       0x48 ./source/doorManagement.o
 .debug_aranges
                0x000001a8       0x50 ./source/encoder.o
 .debug_aranges
                0x000001f8       0x48 ./source/encoderDecoder.o
 .debug_aranges
                0x00000240       0x48 ./source/encoderHAL.o
 .debug_aranges
                0x00000288       0xc0 ./source/gpio.o
 .debug_aranges
                0x00000348       0x40 ./source/magnetCardDecode.o
 .debug_aranges
                0x00000388       0x30 ./source/magnetCardLector.o
 .debug_aranges
                0x000003b8       0x48 ./source/magnetLectorHAL.o
 .debug_aranges
                0x00000400       0x28 ./source/queue.o
 .debug_aranges
                0x00000428       0x38 ./source/stateAddingUser.o
 .debug_aranges
                0x00000460       0x38 ./source/stateAddingUserPIN.o
 .debug_aranges
                0x00000498       0x30 ./source/stateAdminMode.o
 .debug_aranges
                0x000004c8       0x30 ./source/stateBlocked.o
 .debug_aranges
                0x000004f8       0x30 ./source/stateChangeIntensity.o
 .debug_aranges
                0x00000528       0x38 ./source/stateChangingPIN.o
 .debug_aranges
                0x00000560       0x30 ./source/stateMenu.o
 .debug_aranges
                0x00000590       0x38 ./source/stateReceivingID.o
 .debug_aranges
                0x000005c8       0x48 ./source/stateReceivingPIN.o
 .debug_aranges
                0x00000610       0x38 ./source/stateRemovingUser.o
 .debug_aranges
                0x00000648       0x30 ./source/stateUserApproved.o
 .debug_aranges
                0x00000678       0x50 ./source/timer.o
 .debug_aranges
                0x000006c8       0x38 ./source/timer_queue.o
 .debug_aranges
                0x00000700       0x30 ./SDK/startup/hardware.o
 .debug_aranges
                0x00000730       0x20 ./SDK/startup/main.o
 .debug_aranges
                0x00000750       0x20 ./SDK/startup/semihost_hardfault.o
 .debug_aranges
                0x00000770      0x330 ./SDK/startup/startup_mk64f12.o
 .debug_aranges
                0x00000aa0       0x30 ./SDK/CMSIS/system_MK64F12.o

.debug_ranges   0x00000000      0x938
 .debug_ranges  0x00000000       0x20 ./source/App.o
 .debug_ranges  0x00000020       0x10 ./source/FSM.o
 .debug_ranges  0x00000030       0x28 ./source/SegmentDisplay.o
 .debug_ranges  0x00000058       0x18 ./source/SysTick.o
 .debug_ranges  0x00000070       0x90 ./source/dataBase.o
 .debug_ranges  0x00000100       0x48 ./source/display.o
 .debug_ranges  0x00000148       0x38 ./source/doorManagement.o
 .debug_ranges  0x00000180       0x40 ./source/encoder.o
 .debug_ranges  0x000001c0       0x38 ./source/encoderDecoder.o
 .debug_ranges  0x000001f8       0x38 ./source/encoderHAL.o
 .debug_ranges  0x00000230       0xb0 ./source/gpio.o
 .debug_ranges  0x000002e0       0x30 ./source/magnetCardDecode.o
 .debug_ranges  0x00000310       0x20 ./source/magnetCardLector.o
 .debug_ranges  0x00000330       0x38 ./source/magnetLectorHAL.o
 .debug_ranges  0x00000368       0x18 ./source/queue.o
 .debug_ranges  0x00000380       0x28 ./source/stateAddingUser.o
 .debug_ranges  0x000003a8       0x58 ./source/stateAddingUserPIN.o
 .debug_ranges  0x00000400       0x20 ./source/stateAdminMode.o
 .debug_ranges  0x00000420       0x20 ./source/stateBlocked.o
 .debug_ranges  0x00000440       0x20 ./source/stateChangeIntensity.o
 .debug_ranges  0x00000460       0x28 ./source/stateChangingPIN.o
 .debug_ranges  0x00000488       0x20 ./source/stateMenu.o
 .debug_ranges  0x000004a8       0x28 ./source/stateReceivingID.o
 .debug_ranges  0x000004d0       0x38 ./source/stateReceivingPIN.o
 .debug_ranges  0x00000508       0x28 ./source/stateRemovingUser.o
 .debug_ranges  0x00000530       0x20 ./source/stateUserApproved.o
 .debug_ranges  0x00000550       0x40 ./source/timer.o
 .debug_ranges  0x00000590       0x28 ./source/timer_queue.o
 .debug_ranges  0x000005b8       0x20 ./SDK/startup/hardware.o
 .debug_ranges  0x000005d8       0x10 ./SDK/startup/main.o
 .debug_ranges  0x000005e8       0x10 ./SDK/startup/semihost_hardfault.o
 .debug_ranges  0x000005f8      0x320 ./SDK/startup/startup_mk64f12.o
 .debug_ranges  0x00000918       0x20 ./SDK/CMSIS/system_MK64F12.o

.debug_macro    0x00000000    0x13158
 .debug_macro   0x00000000       0x95 ./source/App.o
 .debug_macro   0x00000095      0xa5a ./source/App.o
 .debug_macro   0x00000aef       0x22 ./source/App.o
 .debug_macro   0x00000b11       0x10 ./source/App.o
 .debug_macro   0x00000b21      0x34e ./source/App.o
 .debug_macro   0x00000e6f       0x16 ./source/App.o
 .debug_macro   0x00000e85       0x10 ./source/App.o
 .debug_macro   0x00000e95       0x16 ./source/App.o
 .debug_macro   0x00000eab       0x10 ./source/App.o
 .debug_macro   0x00000ebb       0x10 ./source/App.o
 .debug_macro   0x00000ecb       0x10 ./source/App.o
 .debug_macro   0x00000edb       0x10 ./source/App.o
 .debug_macro   0x00000eeb       0x7e ./source/FSM.o
 .debug_macro   0x00000f69       0xb2 ./source/SegmentDisplay.o
 .debug_macro   0x0000101b       0x3a ./source/SegmentDisplay.o
 .debug_macro   0x00001055       0xa5 ./source/SysTick.o
 .debug_macro   0x000010fa       0x5c ./source/SysTick.o
 .debug_macro   0x00001156       0x1c ./source/SysTick.o
 .debug_macro   0x00001172       0x22 ./source/SysTick.o
 .debug_macro   0x00001194       0xdf ./source/SysTick.o
 .debug_macro   0x00001273      0xecf ./source/SysTick.o
 .debug_macro   0x00002142       0x48 ./source/SysTick.o
 .debug_macro   0x0000218a     0xe07b ./source/SysTick.o
 .debug_macro   0x00010205       0x40 ./source/SysTick.o
 .debug_macro   0x00010245      0x174 ./source/SysTick.o
 .debug_macro   0x000103b9       0x68 ./source/dataBase.o
 .debug_macro   0x00010421      0xa5a ./source/dataBase.o
 .debug_macro   0x00010e7b       0x78 ./source/display.o
 .debug_macro   0x00010ef3       0x61 ./source/doorManagement.o
 .debug_macro   0x00010f54       0x67 ./source/encoder.o
 .debug_macro   0x00010fbb       0x10 ./source/encoder.o
 .debug_macro   0x00010fcb       0x1c ./source/encoder.o
 .debug_macro   0x00010fe7       0x3c ./source/encoderDecoder.o
 .debug_macro   0x00011023       0x68 ./source/encoderHAL.o
 .debug_macro   0x0001108b       0xa4 ./source/gpio.o
 .debug_macro   0x0001112f       0x72 ./source/magnetCardDecode.o
 .debug_macro   0x000111a1       0x22 ./source/magnetCardDecode.o
 .debug_macro   0x000111c3       0xf4 ./source/magnetCardDecode.o
 .debug_macro   0x000112b7       0x57 ./source/magnetCardLector.o
 .debug_macro   0x0001130e       0x34 ./source/magnetCardLector.o
 .debug_macro   0x00011342       0x28 ./source/magnetCardLector.o
 .debug_macro   0x0001136a       0x72 ./source/magnetLectorHAL.o
 .debug_macro   0x000113dc       0x6a ./source/queue.o
 .debug_macro   0x00011446       0xc9 ./source/stateAddingUser.o
 .debug_macro   0x0001150f       0xcb ./source/stateAddingUserPIN.o
 .debug_macro   0x000115da       0xbb ./source/stateAdminMode.o
 .debug_macro   0x00011695       0x88 ./source/stateBlocked.o
 .debug_macro   0x0001171d       0xb3 ./source/stateChangeIntensity.o
 .debug_macro   0x000117d0       0xc5 ./source/stateChangingPIN.o
 .debug_macro   0x00011895       0xb1 ./source/stateMenu.o
 .debug_macro   0x00011946       0xbf ./source/stateReceivingID.o
 .debug_macro   0x00011a05       0xe4 ./source/stateReceivingPIN.o
 .debug_macro   0x00011ae9       0xbf ./source/stateRemovingUser.o
 .debug_macro   0x00011ba8       0xc4 ./source/stateUserApproved.o
 .debug_macro   0x00011c6c       0x58 ./source/timer.o
 .debug_macro   0x00011cc4       0x10 ./source/timer.o
 .debug_macro   0x00011cd4       0x47 ./source/timer_queue.o
 .debug_macro   0x00011d1b       0x9c ./SDK/startup/hardware.o
 .debug_macro   0x00011db7       0x10 ./SDK/startup/hardware.o
 .debug_macro   0x00011dc7     0x122b ./SDK/startup/hardware.o
 .debug_macro   0x00012ff2       0x16 ./SDK/startup/hardware.o
 .debug_macro   0x00013008       0x9c ./SDK/startup/main.o
 .debug_macro   0x000130a4       0x11 ./SDK/startup/semihost_hardfault.o
 .debug_macro   0x000130b5       0x23 ./SDK/startup/startup_mk64f12.o
 .debug_macro   0x000130d8       0x80 ./SDK/CMSIS/system_MK64F12.o

.debug_line     0x00000000     0x3f86
 .debug_line    0x00000000      0x187 ./source/App.o
 .debug_line    0x00000187      0x128 ./source/FSM.o
 .debug_line    0x000002af      0x15e ./source/SegmentDisplay.o
 .debug_line    0x0000040d      0x172 ./source/SysTick.o
 .debug_line    0x0000057f      0x29f ./source/dataBase.o
 .debug_line    0x0000081e      0x1c2 ./source/display.o
 .debug_line    0x000009e0      0x145 ./source/doorManagement.o
 .debug_line    0x00000b25      0x1a4 ./source/encoder.o
 .debug_line    0x00000cc9      0x19a ./source/encoderDecoder.o
 .debug_line    0x00000e63      0x154 ./source/encoderHAL.o
 .debug_line    0x00000fb7      0x320 ./source/gpio.o
 .debug_line    0x000012d7      0x274 ./source/magnetCardDecode.o
 .debug_line    0x0000154b      0x14c ./source/magnetCardLector.o
 .debug_line    0x00001697      0x17d ./source/magnetLectorHAL.o
 .debug_line    0x00001814      0x14a ./source/queue.o
 .debug_line    0x0000195e      0x23e ./source/stateAddingUser.o
 .debug_line    0x00001b9c      0x26a ./source/stateAddingUserPIN.o
 .debug_line    0x00001e06      0x20d ./source/stateAdminMode.o
 .debug_line    0x00002013      0x174 ./source/stateBlocked.o
 .debug_line    0x00002187      0x1d7 ./source/stateChangeIntensity.o
 .debug_line    0x0000235e      0x247 ./source/stateChangingPIN.o
 .debug_line    0x000025a5      0x1eb ./source/stateMenu.o
 .debug_line    0x00002790      0x22b ./source/stateReceivingID.o
 .debug_line    0x000029bb      0x2b0 ./source/stateReceivingPIN.o
 .debug_line    0x00002c6b      0x225 ./source/stateRemovingUser.o
 .debug_line    0x00002e90      0x233 ./source/stateUserApproved.o
 .debug_line    0x000030c3      0x16c ./source/timer.o
 .debug_line    0x0000322f      0x11c ./source/timer_queue.o
 .debug_line    0x0000334b      0x1d1 ./SDK/startup/hardware.o
 .debug_line    0x0000351c      0x175 ./SDK/startup/main.o
 .debug_line    0x00003691       0x55 ./SDK/startup/semihost_hardfault.o
 .debug_line    0x000036e6      0x6d8 ./SDK/startup/startup_mk64f12.o
 .debug_line    0x00003dbe      0x1c8 ./SDK/CMSIS/system_MK64F12.o

.debug_str      0x00000000    0x7a823
 .debug_str     0x00000000     0x3b49 ./source/App.o
                               0x3cdf (size before relaxing)
 .debug_str     0x00003b49       0x26 ./source/FSM.o
                               0x3b7c (size before relaxing)
 .debug_str     0x00003b6f      0x2f5 ./source/SegmentDisplay.o
                               0x3b28 (size before relaxing)
 .debug_str     0x00003e64    0x6d4fa ./source/SysTick.o
                              0x70e9e (size before relaxing)
 .debug_str     0x0007135e      0x218 ./source/dataBase.o
                               0x3a36 (size before relaxing)
 .debug_str     0x00071576      0x176 ./source/display.o
                               0x3ae1 (size before relaxing)
 .debug_str     0x000716ec       0xab ./source/doorManagement.o
                               0x3a42 (size before relaxing)
 .debug_str     0x00071797      0x291 ./source/encoder.o
                               0x3ac1 (size before relaxing)
 .debug_str     0x00071a28       0x67 ./source/encoderDecoder.o
                               0x396b (size before relaxing)
 .debug_str     0x00071a8f      0x186 ./source/encoderHAL.o
                               0x3b8d (size before relaxing)
 .debug_str     0x00071c15      0x312 ./source/gpio.o
                              0x70e85 (size before relaxing)
 .debug_str     0x00071f27      0x934 ./source/magnetCardDecode.o
                               0x44ba (size before relaxing)
 .debug_str     0x0007285b      0x11b ./source/magnetCardLector.o
                               0x3ad9 (size before relaxing)
 .debug_str     0x00072976      0x16d ./source/magnetLectorHAL.o
                               0x3ed1 (size before relaxing)
 .debug_str     0x00072ae3       0x5a ./source/queue.o
                               0x3b41 (size before relaxing)
 .debug_str     0x00072b3d      0x16e ./source/stateAddingUser.o
                               0x3d17 (size before relaxing)
 .debug_str     0x00072cab       0xe7 ./source/stateAddingUserPIN.o
                               0x3d8e (size before relaxing)
 .debug_str     0x00072d92       0x9f ./source/stateAdminMode.o
                               0x3c90 (size before relaxing)
 .debug_str     0x00072e31       0x57 ./source/stateBlocked.o
                               0x3bd2 (size before relaxing)
 .debug_str     0x00072e88       0xac ./source/stateChangeIntensity.o
                               0x3c9b (size before relaxing)
 .debug_str     0x00072f34       0x63 ./source/stateChangingPIN.o
                               0x3d20 (size before relaxing)
 .debug_str     0x00072f97       0x38 ./source/stateMenu.o
                               0x3c83 (size before relaxing)
 .debug_str     0x00072fcf       0x5a ./source/stateReceivingID.o
                               0x3d02 (size before relaxing)
 .debug_str     0x00073029       0xad ./source/stateReceivingPIN.o
                               0x3d5c (size before relaxing)
 .debug_str     0x000730d6       0x53 ./source/stateRemovingUser.o
                               0x3d42 (size before relaxing)
 .debug_str     0x00073129       0x78 ./source/stateUserApproved.o
                               0x3cd9 (size before relaxing)
 .debug_str     0x000731a1       0xfb ./source/timer.o
                               0x3a10 (size before relaxing)
 .debug_str     0x0007329c       0x5d ./source/timer_queue.o
                               0x395b (size before relaxing)
 .debug_str     0x000732f9     0x6cb1 ./SDK/startup/hardware.o
                              0x77212 (size before relaxing)
 .debug_str     0x00079faa       0x1b ./SDK/startup/main.o
                              0x77028 (size before relaxing)
 .debug_str     0x00079fc5       0x36 ./SDK/startup/semihost_hardfault.o
                               0x2d4c (size before relaxing)
 .debug_str     0x00079ffb      0x7d1 ./SDK/startup/startup_mk64f12.o
                               0x35bb (size before relaxing)
 .debug_str     0x0007a7cc       0x57 ./SDK/CMSIS/system_MK64F12.o
                              0x77121 (size before relaxing)

.comment        0x00000000       0x7e
 .comment       0x00000000       0x7e ./source/App.o
                                 0x7f (size before relaxing)
 .comment       0x0000007e       0x7f ./source/FSM.o
 .comment       0x0000007e       0x7f ./source/SegmentDisplay.o
 .comment       0x0000007e       0x7f ./source/SysTick.o
 .comment       0x0000007e       0x7f ./source/dataBase.o
 .comment       0x0000007e       0x7f ./source/display.o
 .comment       0x0000007e       0x7f ./source/doorManagement.o
 .comment       0x0000007e       0x7f ./source/encoder.o
 .comment       0x0000007e       0x7f ./source/encoderDecoder.o
 .comment       0x0000007e       0x7f ./source/encoderHAL.o
 .comment       0x0000007e       0x7f ./source/gpio.o
 .comment       0x0000007e       0x7f ./source/magnetCardDecode.o
 .comment       0x0000007e       0x7f ./source/magnetCardLector.o
 .comment       0x0000007e       0x7f ./source/magnetLectorHAL.o
 .comment       0x0000007e       0x7f ./source/queue.o
 .comment       0x0000007e       0x7f ./source/stateAddingUser.o
 .comment       0x0000007e       0x7f ./source/stateAddingUserPIN.o
 .comment       0x0000007e       0x7f ./source/stateAdminMode.o
 .comment       0x0000007e       0x7f ./source/stateBlocked.o
 .comment       0x0000007e       0x7f ./source/stateChangeIntensity.o
 .comment       0x0000007e       0x7f ./source/stateChangingPIN.o
 .comment       0x0000007e       0x7f ./source/stateMenu.o
 .comment       0x0000007e       0x7f ./source/stateReceivingID.o
 .comment       0x0000007e       0x7f ./source/stateReceivingPIN.o
 .comment       0x0000007e       0x7f ./source/stateRemovingUser.o
 .comment       0x0000007e       0x7f ./source/stateUserApproved.o
 .comment       0x0000007e       0x7f ./source/timer.o
 .comment       0x0000007e       0x7f ./source/timer_queue.o
 .comment       0x0000007e       0x7f ./SDK/startup/hardware.o
 .comment       0x0000007e       0x7f ./SDK/startup/main.o
 .comment       0x0000007e       0x7f ./SDK/startup/semihost_hardfault.o
 .comment       0x0000007e       0x7f ./SDK/startup/startup_mk64f12.o
 .comment       0x0000007e       0x7f ./SDK/CMSIS/system_MK64F12.o
 .comment       0x0000007e       0x7f c:/nxp/mcuxpressoide_10.2.0_759/ide/tools/bin/../lib/gcc/arm-none-eabi/7.2.1/../../../../arm-none-eabi/lib/thumb/v7e-m/fpv4-sp/hard\libcr_c.a(memcpy.o)

.ARM.attributes
                0x00000000       0x37
 .ARM.attributes
                0x00000000       0x39 ./source/App.o
 .ARM.attributes
                0x00000039       0x39 ./source/FSM.o
 .ARM.attributes
                0x00000072       0x39 ./source/SegmentDisplay.o
 .ARM.attributes
                0x000000ab       0x39 ./source/SysTick.o
 .ARM.attributes
                0x000000e4       0x39 ./source/dataBase.o
 .ARM.attributes
                0x0000011d       0x39 ./source/display.o
 .ARM.attributes
                0x00000156       0x39 ./source/doorManagement.o
 .ARM.attributes
                0x0000018f       0x39 ./source/encoder.o
 .ARM.attributes
                0x000001c8       0x39 ./source/encoderDecoder.o
 .ARM.attributes
                0x00000201       0x39 ./source/encoderHAL.o
 .ARM.attributes
                0x0000023a       0x39 ./source/gpio.o
 .ARM.attributes
                0x00000273       0x39 ./source/magnetCardDecode.o
 .ARM.attributes
                0x000002ac       0x39 ./source/magnetCardLector.o
 .ARM.attributes
                0x000002e5       0x39 ./source/magnetLectorHAL.o
 .ARM.attributes
                0x0000031e       0x39 ./source/queue.o
 .ARM.attributes
                0x00000357       0x39 ./source/stateAddingUser.o
 .ARM.attributes
                0x00000390       0x39 ./source/stateAddingUserPIN.o
 .ARM.attributes
                0x000003c9       0x39 ./source/stateAdminMode.o
 .ARM.attributes
                0x00000402       0x39 ./source/stateBlocked.o
 .ARM.attributes
                0x0000043b       0x39 ./source/stateChangeIntensity.o
 .ARM.attributes
                0x00000474       0x39 ./source/stateChangingPIN.o
 .ARM.attributes
                0x000004ad       0x39 ./source/stateMenu.o
 .ARM.attributes
                0x000004e6       0x39 ./source/stateReceivingID.o
 .ARM.attributes
                0x0000051f       0x39 ./source/stateReceivingPIN.o
 .ARM.attributes
                0x00000558       0x39 ./source/stateRemovingUser.o
 .ARM.attributes
                0x00000591       0x39 ./source/stateUserApproved.o
 .ARM.attributes
                0x000005ca       0x39 ./source/timer.o
 .ARM.attributes
                0x00000603       0x39 ./source/timer_queue.o
 .ARM.attributes
                0x0000063c       0x39 ./SDK/startup/hardware.o
 .ARM.attributes
                0x00000675       0x39 ./SDK/startup/main.o
 .ARM.attributes
                0x000006ae       0x39 ./SDK/startup/semihost_hardfault.o
 .ARM.attributes
                0x000006e7       0x39 ./SDK/startup/startup_mk64f12.o
 .ARM.attributes
                0x00000720       0x39 ./SDK/CMSIS/system_MK64F12.o
 .ARM.attributes
                0x00000759       0x39 c:/nxp/mcuxpressoide_10.2.0_759/ide/tools/bin/../lib/gcc/arm-none-eabi/7.2.1/../../../../arm-none-eabi/lib/thumb/v7e-m/fpv4-sp/hard\libcr_c.a(memcpy.o)
 .ARM.attributes
                0x00000792       0x25 c:/nxp/mcuxpressoide_10.2.0_759/ide/tools/bin/../lib/gcc/arm-none-eabi/7.2.1/thumb/v7e-m/fpv4-sp/hard\libcr_eabihelpers.a(memcpy.o)

.debug_frame    0x00000000     0x1b00
 .debug_frame   0x00000000       0x68 ./source/App.o
 .debug_frame   0x00000068       0x28 ./source/FSM.o
 .debug_frame   0x00000090       0x78 ./source/SegmentDisplay.o
 .debug_frame   0x00000108       0x44 ./source/SysTick.o
 .debug_frame   0x0000014c      0x158 ./source/dataBase.o
 .debug_frame   0x000002a4       0xb4 ./source/display.o
 .debug_frame   0x00000358       0xa0 ./source/doorManagement.o
 .debug_frame   0x000003f8       0xbc ./source/encoder.o
 .debug_frame   0x000004b4       0x7c ./source/encoderDecoder.o
 .debug_frame   0x00000530       0x98 ./source/encoderHAL.o
 .debug_frame   0x000005c8      0x238 ./source/gpio.o
 .debug_frame   0x00000800       0xc4 ./source/magnetCardDecode.o
 .debug_frame   0x000008c4       0x64 ./source/magnetCardLector.o
 .debug_frame   0x00000928       0x88 ./source/magnetLectorHAL.o
 .debug_frame   0x000009b0       0x50 ./source/queue.o
 .debug_frame   0x00000a00       0xa0 ./source/stateAddingUser.o
 .debug_frame   0x00000aa0       0x9c ./source/stateAddingUserPIN.o
 .debug_frame   0x00000b3c       0x80 ./source/stateAdminMode.o
 .debug_frame   0x00000bbc       0x54 ./source/stateBlocked.o
 .debug_frame   0x00000c10       0x70 ./source/stateChangeIntensity.o
 .debug_frame   0x00000c80       0xa0 ./source/stateChangingPIN.o
 .debug_frame   0x00000d20       0x74 ./source/stateMenu.o
 .debug_frame   0x00000d94       0xa0 ./source/stateReceivingID.o
 .debug_frame   0x00000e34       0xec ./source/stateReceivingPIN.o
 .debug_frame   0x00000f20       0x98 ./source/stateRemovingUser.o
 .debug_frame   0x00000fb8       0x80 ./source/stateUserApproved.o
 .debug_frame   0x00001038       0xa4 ./source/timer.o
 .debug_frame   0x000010dc       0x50 ./source/timer_queue.o
 .debug_frame   0x0000112c       0x40 ./SDK/startup/hardware.o
 .debug_frame   0x0000116c       0x28 ./SDK/startup/main.o
 .debug_frame   0x00001194       0x20 ./SDK/startup/semihost_hardfault.o
 .debug_frame   0x000011b4      0x904 ./SDK/startup/startup_mk64f12.o
 .debug_frame   0x00001ab8       0x48 ./SDK/CMSIS/system_MK64F12.o

.debug_loc      0x00000000     0x3890
 .debug_loc     0x00000000       0x21 ./source/FSM.o
 .debug_loc     0x00000021      0x1cb ./source/SegmentDisplay.o
 .debug_loc     0x000001ec       0x87 ./source/SysTick.o
 .debug_loc     0x00000273       0xa2 ./source/display.o
 .debug_loc     0x00000315       0xd9 ./source/encoder.o
 .debug_loc     0x000003ee       0xc2 ./source/encoderDecoder.o
 .debug_loc     0x000004b0      0x111 ./source/encoderHAL.o
 .debug_loc     0x000005c1      0x750 ./source/gpio.o
 .debug_loc     0x00000d11      0x9fa ./source/magnetCardDecode.o
 .debug_loc     0x0000170b       0xa0 ./source/magnetLectorHAL.o
 .debug_loc     0x000017ab      0x1cd ./source/queue.o
 .debug_loc     0x00001978      0x2e1 ./source/stateAddingUser.o
 .debug_loc     0x00001c59      0x437 ./source/stateAddingUserPIN.o
 .debug_loc     0x00002090      0x29e ./source/stateAdminMode.o
 .debug_loc     0x0000232e       0xbb ./source/stateBlocked.o
 .debug_loc     0x000023e9      0x1d6 ./source/stateChangeIntensity.o
 .debug_loc     0x000025bf      0x398 ./source/stateChangingPIN.o
 .debug_loc     0x00002957      0x235 ./source/stateMenu.o
 .debug_loc     0x00002b8c      0x333 ./source/stateReceivingID.o
 .debug_loc     0x00002ebf      0x2d8 ./source/stateRemovingUser.o
 .debug_loc     0x00003197      0x2bf ./source/stateUserApproved.o
 .debug_loc     0x00003456      0x11d ./source/timer.o
 .debug_loc     0x00003573       0x72 ./source/timer_queue.o
 .debug_loc     0x000035e5      0x1e7 ./SDK/startup/startup_mk64f12.o
 .debug_loc     0x000037cc       0xc4 ./SDK/CMSIS/system_MK64F12.o
