Archive member included to satisfy reference by file (symbol)

c:/nxp/mcuxpressoide_10.2.0_759/ide/tools/bin/../lib/gcc/arm-none-eabi/7.2.1/../../../../arm-none-eabi/lib/thumb/v7e-m/fpv4-sp/hard\libcr_c.a(memcpy.o)
                              ./source/magnetCardLector.o (memcpy)
c:/nxp/mcuxpressoide_10.2.0_759/ide/tools/bin/../lib/gcc/arm-none-eabi/7.2.1/thumb/v7e-m/fpv4-sp/hard\libcr_eabihelpers.a(memcpy.o)
                              c:/nxp/mcuxpressoide_10.2.0_759/ide/tools/bin/../lib/gcc/arm-none-eabi/7.2.1/../../../../arm-none-eabi/lib/thumb/v7e-m/fpv4-sp/hard\libcr_c.a(memcpy.o) (__aeabi_memcpy)

Discarded input sections

 .group         0x00000000        0xc ./source/App.o
 .group         0x00000000        0xc ./source/App.o
 .group         0x00000000        0xc ./source/App.o
 .group         0x00000000        0xc ./source/App.o
 .group         0x00000000        0xc ./source/App.o
 .group         0x00000000        0xc ./source/App.o
 .group         0x00000000        0xc ./source/App.o
 .group         0x00000000        0xc ./source/App.o
 .group         0x00000000        0xc ./source/App.o
 .text          0x00000000        0x0 ./source/App.o
 .data          0x00000000        0x0 ./source/App.o
 .bss           0x00000000        0x0 ./source/App.o
 .bss.newEvent  0x00000000        0x1 ./source/App.o
 .group         0x00000000        0xc ./source/FSM.o
 .group         0x00000000        0xc ./source/FSM.o
 .group         0x00000000        0xc ./source/FSM.o
 .group         0x00000000        0xc ./source/FSM.o
 .group         0x00000000        0xc ./source/FSM.o
 .group         0x00000000        0xc ./source/FSM.o
 .group         0x00000000        0xc ./source/FSM.o
 .text          0x00000000        0x0 ./source/FSM.o
 .data          0x00000000        0x0 ./source/FSM.o
 .bss           0x00000000        0x0 ./source/FSM.o
 .debug_macro   0x00000000      0xa5a ./source/FSM.o
 .debug_macro   0x00000000       0x10 ./source/FSM.o
 .debug_macro   0x00000000       0x22 ./source/FSM.o
 .debug_macro   0x00000000      0x34e ./source/FSM.o
 .debug_macro   0x00000000       0x16 ./source/FSM.o
 .debug_macro   0x00000000       0x10 ./source/FSM.o
 .debug_macro   0x00000000       0x16 ./source/FSM.o
 .group         0x00000000        0xc ./source/SegmentDisplay.o
 .group         0x00000000        0xc ./source/SegmentDisplay.o
 .group         0x00000000        0xc ./source/SegmentDisplay.o
 .group         0x00000000        0xc ./source/SegmentDisplay.o
 .text          0x00000000        0x0 ./source/SegmentDisplay.o
 .data          0x00000000        0x0 ./source/SegmentDisplay.o
 .bss           0x00000000        0x0 ./source/SegmentDisplay.o
 .debug_macro   0x00000000      0xa5a ./source/SegmentDisplay.o
 .debug_macro   0x00000000      0x34e ./source/SegmentDisplay.o
 .debug_macro   0x00000000       0x22 ./source/SegmentDisplay.o
 .group         0x00000000        0xc ./source/SysTick.o
 .group         0x00000000        0xc ./source/SysTick.o
 .group         0x00000000        0xc ./source/SysTick.o
 .group         0x00000000        0xc ./source/SysTick.o
 .group         0x00000000        0xc ./source/SysTick.o
 .group         0x00000000        0xc ./source/SysTick.o
 .group         0x00000000        0xc ./source/SysTick.o
 .group         0x00000000        0xc ./source/SysTick.o
 .group         0x00000000        0xc ./source/SysTick.o
 .group         0x00000000        0xc ./source/SysTick.o
 .group         0x00000000        0xc ./source/SysTick.o
 .text          0x00000000        0x0 ./source/SysTick.o
 .data          0x00000000        0x0 ./source/SysTick.o
 .bss           0x00000000        0x0 ./source/SysTick.o
 .debug_macro   0x00000000      0xa5a ./source/SysTick.o
 .debug_macro   0x00000000       0x22 ./source/SysTick.o
 .debug_macro   0x00000000      0x34e ./source/SysTick.o
 .group         0x00000000        0xc ./source/dataBase.o
 .group         0x00000000        0xc ./source/dataBase.o
 .group         0x00000000        0xc ./source/dataBase.o
 .group         0x00000000        0xc ./source/dataBase.o
 .group         0x00000000        0xc ./source/dataBase.o
 .group         0x00000000        0xc ./source/dataBase.o
 .text          0x00000000        0x0 ./source/dataBase.o
 .data          0x00000000        0x0 ./source/dataBase.o
 .bss           0x00000000        0x0 ./source/dataBase.o
 .text.changePIN
                0x00000000       0x58 ./source/dataBase.o
 .text.removeUser
                0x00000000       0x90 ./source/dataBase.o
 .text.verifyPIN
                0x00000000       0x60 ./source/dataBase.o
 .text.verifyCategory
                0x00000000       0x48 ./source/dataBase.o
 .debug_macro   0x00000000      0xa5a ./source/dataBase.o
 .debug_macro   0x00000000       0x22 ./source/dataBase.o
 .debug_macro   0x00000000      0x34e ./source/dataBase.o
 .debug_macro   0x00000000       0x16 ./source/dataBase.o
 .debug_macro   0x00000000       0x10 ./source/dataBase.o
[...]
Memory Configuration

Name             Origin             Length             Attributes
PROGRAM_FLASH    0x00000000         0x00100000         xr
SRAM_UPPER       0x20000000         0x00030000         xrw
SRAM_LOWER       0x1fff0000         0x00010000         xrw
FLEX_RAM         0x14000000         0x00001000         xrw
*default*        0x00000000         0xffffffff

Linker script and memory map

LOAD ./source/App.o
LOAD ./source/FSM.o
LOAD ./source/SegmentDisplay.o
LOAD ./source/SysTick.o
LOAD ./source/dataBase.o
LOAD ./source/display.o
LOAD ./source/doorManagement.o
LOAD ./source/encoder.o
LOAD ./source/encoderDecoder.o
LOAD ./source/encoderHAL.o
LOAD ./source/gpio.o
LOAD ./source/magnetCardDecode.o
LOAD ./source/magnetCardLector.o
LOAD ./source/magnetLectorHAL.o
LOAD ./source/queue.o
LOAD ./source/stateAddingUser.o
LOAD ./source/stateAdminMode.o
LOAD ./source/stateBlocked.o
LOAD ./source/stateChangeIntensity.o
LOAD ./source/stateChangingPIN.o
LOAD ./source/stateMenu.o
LOAD ./source/stateReceivingID.o
LOAD ./source/stateReceivingPIN.o
LOAD ./source/stateRemovingUser.o
LOAD ./source/stateUserApproved.o
LOAD ./source/timer.o
LOAD ./source/timer_queue.o
LOAD ./SDK/startup/hardware.o
LOAD ./SDK/startup/main.o
LOAD ./SDK/startup/semihost_hardfault.o
LOAD ./SDK/startup/startup_mk64f12.o
LOAD ./SDK/CMSIS/system_MK64F12.o
START GROUP
LOAD c:/nxp/mcuxpressoide_10.2.0_759/ide/tools/bin/../lib/gcc/arm-none-eabi/7.2.1/../../../../arm-none-eabi/lib/thumb/v7e-m/fpv4-sp/hard\libcr_c.a
LOAD c:/nxp/mcuxpressoide_10.2.0_759/ide/tools/bin/../lib/gcc/arm-none-eabi/7.2.1/thumb/v7e-m/fpv4-sp/hard\libcr_eabihelpers.a
END GROUP
                0x00000000                __base_PROGRAM_FLASH = 0x0
                0x00000000                __base_Flash = 0x0
                0x00100000                __top_PROGRAM_FLASH = 0x100000
                0x00100000                __top_Flash = 0x100000
                0x20000000                __base_SRAM_UPPER = 0x20000000
                0x20000000                __base_RAM = 0x20000000
                0x20030000                __top_SRAM_UPPER = 0x20030000
                0x20030000                __top_RAM = 0x20030000
                0x1fff0000                __base_SRAM_LOWER = 0x1fff0000
                0x1fff0000                __base_RAM2 = 0x1fff0000
                0x20000000                __top_SRAM_LOWER = 0x20000000
                0x20000000                __top_RAM2 = 0x20000000
                0x14000000                __base_FLEX_RAM = 0x14000000
                0x14000000                __base_RAM3 = 0x14000000
                0x14001000                __top_FLEX_RAM = 0x14001000
                0x14001000                __top_RAM3 = 0x14001000

.text           0x00000000     0x2108
 FILL mask 0xff
                0x00000000                __vectors_start__ = ABSOLUTE (.)
 *(SORT_BY_ALIGNMENT(.isr_vector))
 .isr_vector    0x00000000      0x198 ./SDK/startup/startup_mk64f12.o
                0x00000000                g_pfnVectors
                0x00000000                __Vectors
                0x00000198                . = ALIGN (0x4)
                0x00000198                __section_table_start = .
                0x00000198                __data_section_table = .
                0x00000198        0x4 LONG 0x2108 LOADADDR (.data)
                0x0000019c        0x4 LONG 0x20000000 ADDR (.data)
                0x000001a0        0x4 LONG 0x38 SIZEOF (.data)
                0x000001a4        0x4 LONG 0x2108 LOADADDR (.data_RAM2)
                0x000001a8        0x4 LONG 0x1fff0000 ADDR (.data_RAM2)
                0x000001ac        0x4 LONG 0x0 SIZEOF (.data_RAM2)
                0x000001b0        0x4 LONG 0x2108 LOADADDR (.data_RAM3)
                0x000001b4        0x4 LONG 0x14000000 ADDR (.data_RAM3)
                0x000001b8        0x4 LONG 0x0 SIZEOF (.data_RAM3)
                0x000001bc                __data_section_table_end = .
                0x000001bc                __bss_section_table = .
                0x000001bc        0x4 LONG 0x20000038 ADDR (.bss)
                0x000001c0        0x4 LONG 0x23288 SIZEOF (.bss)
                0x000001c4        0x4 LONG 0x1fff0000 ADDR (.bss_RAM2)
                0x000001c8        0x4 LONG 0x0 SIZEOF (.bss_RAM2)
                0x000001cc        0x4 LONG 0x14000000 ADDR (.bss_RAM3)
                0x000001d0        0x4 LONG 0x0 SIZEOF (.bss_RAM3)
                0x000001d4                __bss_section_table_end = .
                0x000001d4                __section_table_end = .
 *(SORT_BY_ALIGNMENT(.after_vectors*))
 .after_vectors.reset
                0x000001d4       0x50 ./SDK/startup/startup_mk64f12.o
                0x000001d4                ResetISR
 .after_vectors
                0x00000224       0x14 ./SDK/startup/startup_mk64f12.o
                0x00000224                NMI_Handler
                0x00000228                MemManage_Handler
                0x0000022a                BusFault_Handler
                0x0000022c                UsageFault_Handler
                0x0000022e                SVC_Handler
                0x00000230                DebugMon_Handler
                0x00000232                PendSV_Handler
                0x00000236                DMA_Error_DriverIRQHandler
                0x00000236                LPTMR0_DriverIRQHandler
                0x00000236                FTM1_DriverIRQHandler
                0x00000236                FTM2_DriverIRQHandler
                0x00000236                PIT2_DriverIRQHandler
                0x00000236                SDHC_DriverIRQHandler
                0x00000236                I2S0_Tx_DriverIRQHandler
                0x00000236                RTC_Seconds_DriverIRQHandler
                0x00000236                DMA6_DriverIRQHandler
                0x00000236                LLWU_DriverIRQHandler
                0x00000236                MCM_DriverIRQHandler
                0x00000236                MCG_DriverIRQHandler
                0x00000236                ENET_1588_Timer_DriverIRQHandler
                0x00000236                I2C2_DriverIRQHandler
                0x00000236                DAC1_DriverIRQHandler
                0x00000236                SPI1_DriverIRQHandler
                0x00000236                CMP1_DriverIRQHandler
                0x00000236                UART5_RX_TX_DriverIRQHandler
                0x00000236                FTM0_DriverIRQHandler
                0x00000236                IntDefaultHandler
                0x00000236                USB0_DriverIRQHandler
                0x00000236                UART5_ERR_DriverIRQHandler
                0x00000236                PORTC_DriverIRQHandler
                0x00000236                DMA11_DriverIRQHandler
                0x00000236                DAC0_DriverIRQHandler
                0x00000236                DMA10_DriverIRQHandler
                0x00000236                CMP2_DriverIRQHandler
                0x00000236                UART2_ERR_DriverIRQHandler
                0x00000236                SPI2_DriverIRQHandler
                0x00000236                LVD_LVW_DriverIRQHandler
                0x00000236                PIT0_DriverIRQHandler
                0x00000236                RNG_DriverIRQHandler
                0x00000236                DMA5_DriverIRQHandler
                0x00000236                DMA12_DriverIRQHandler
                0x00000236                UART2_RX_TX_DriverIRQHandler
                0x00000236                USBDCD_DriverIRQHandler
                0x00000236                UART3_ERR_DriverIRQHandler
                0x00000236                DMA3_DriverIRQHandler
                0x00000236                DMA8_DriverIRQHandler
                0x00000236                DMA9_DriverIRQHandler
                0x00000236                UART0_ERR_DriverIRQHandler
                0x00000236                CMT_DriverIRQHandler
                0x00000236                Reserved71_DriverIRQHandler
                0x00000236                ADC1_DriverIRQHandler
                0x00000236                PORTA_DriverIRQHandler
                0x00000236                DMA14_DriverIRQHandler
                0x00000236                PIT3_DriverIRQHandler
                0x00000236                PIT1_DriverIRQHandler
                0x00000236                WDOG_EWM_DriverIRQHandler
                0x00000236                PDB0_DriverIRQHandler
                0x00000236                RTC_DriverIRQHandler
                0x00000236                I2S0_Rx_DriverIRQHandler
                0x00000236                Read_Collision_DriverIRQHandler
                0x00000236                SWI_DriverIRQHandler
                0x00000236                UART4_RX_TX_DriverIRQHandler
                0x00000236                UART4_ERR_DriverIRQHandler
                0x00000236                PORTB_DriverIRQHandler
                0x00000236                UART0_LON_DriverIRQHandler
                0x00000236                DMA0_DriverIRQHandler
                0x00000236                DMA1_DriverIRQHandler
                0x00000236                I2C1_DriverIRQHandler
                0x00000236                UART3_RX_TX_DriverIRQHandler
                0x00000236                ENET_Receive_DriverIRQHandler
                0x00000236                DMA13_DriverIRQHandler
                0x00000236                ENET_Error_DriverIRQHandler
                0x00000236                DMA15_DriverIRQHandler
                0x00000236                UART0_RX_TX_DriverIRQHandler
                0x00000236                SPI0_DriverIRQHandler
                0x00000236                ADC0_DriverIRQHandler
                0x00000236                CMP0_DriverIRQHandler
                0x00000236                CAN0_DriverIRQHandler
                0x00000236                FTM3_DriverIRQHandler
                0x00000236                DMA4_DriverIRQHandler
                0x00000236                UART1_ERR_DriverIRQHandler
                0x00000236                DMA2_DriverIRQHandler
                0x00000236                ENET_Transmit_DriverIRQHandler
                0x00000236                PORTD_DriverIRQHandler
                0x00000236                PORTE_DriverIRQHandler
                0x00000236                FTFE_DriverIRQHandler
                0x00000236                I2C0_DriverIRQHandler
                0x00000236                DMA7_DriverIRQHandler
                0x00000236                UART1_RX_TX_DriverIRQHandler
 .after_vectors.init_data
                0x00000238       0x1e ./SDK/startup/startup_mk64f12.o
                0x00000238                data_init
 .after_vectors.init_bss
                0x00000256       0x12 ./SDK/startup/startup_mk64f12.o
                0x00000256                bss_init
                0x00000400                . = 0x400
 *fill*         0x00000268      0x198 ff
                0x00000400                PROVIDE (__FLASH_CONFIG_START__, .)
 *(SORT_BY_ALIGNMENT(.FlashConfig))
 .FlashConfig   0x00000400       0x10 ./SDK/startup/startup_mk64f12.o
                0x00000400                Flash_Config
                0x00000410                PROVIDE (__FLASH_CONFIG_END__, .)
                0x00000001                ASSERT (! ((__FLASH_CONFIG_START__ == __FLASH_CONFIG_END__)), Linker Flash Config Support Enabled, but no .FlashConfig section provided within application)
 *(SORT_BY_ALIGNMENT(.text*))
 .text.App_Init
                0x00000410       0x3c ./source/App.o
                0x00000410                App_Init
 .text.App_Run  0x0000044c       0x78 ./source/App.o
                0x0000044c                App_Run
 .text.initFSM  0x000004c4       0x24 ./source/FSM.o
                0x000004c4                initFSM
 .text.InitializeSegmentDisplay
                0x000004e8       0x64 ./source/SegmentDisplay.o
                0x000004e8                InitializeSegmentDisplay
 .text.SelectDigit
                0x0000054c       0x40 ./source/SegmentDisplay.o
                0x0000054c                SelectDigit
 .text.SetDigit
                0x0000058c       0x78 ./source/SegmentDisplay.o
                0x0000058c                SetDigit
 .text.PrintChar
                0x00000604       0x60 ./source/SegmentDisplay.o
                0x00000604                PrintChar
 .text.SysTick_Init
                0x00000664       0x2c ./source/SysTick.o
                0x00000664                SysTick_Init
 .text.SysTick_Handler
                0x00000690        0xc ./source/SysTick.o
                0x00000690                SysTick_Handler
 .text.addUser  0x0000069c       0x8c ./source/dataBase.o
                0x0000069c                addUser
 .text.initializeDataBase
                0x00000728       0x30 ./source/dataBase.o
                0x00000728                initializeDataBase
 .text.verifyID
                0x00000758       0x48 ./source/dataBase.o
                0x00000758                verifyID
 .text.ShiftLeft
                0x000007a0       0x10 ./source/display.o
                0x000007a0                ShiftLeft
 .text.GenerateDisplayEv
                0x000007b0        0x8 ./source/display.o
                0x000007b0                GenerateDisplayEv
 .text.GenerateBrightnessEv
                0x000007b8       0x14 ./source/display.o
                0x000007b8                GenerateBrightnessEv
 .text.InitializeDisplay
                0x000007cc       0x84 ./source/display.o
                0x000007cc                InitializeDisplay
 .text.PrintMessage
                0x00000850       0x88 ./source/display.o
                0x00000850                PrintMessage
 .text.SetBrightness
                0x000008d8       0x10 ./source/display.o
                0x000008d8                SetBrightness
 .text.UpdateDisplay
                0x000008e8       0xb8 ./source/display.o
                0x000008e8                UpdateDisplay
 .text.signalACallback
                0x000009a0       0x70 ./source/encoder.o
                0x000009a0                signalACallback
 .text.signalBCallback
                0x00000a10       0x70 ./source/encoder.o
                0x00000a10                signalBCallback
 .text.signalCCallback
                0x00000a80       0xa4 ./source/encoder.o
                0x00000a80                signalCCallback
 .text.setEncCallbacks
                0x00000b24       0x2c ./source/encoder.o
                0x00000b24                setEncCallbacks
 .text.initializeEncoder
                0x00000b50       0x58 ./source/encoder.o
                0x00000b50                initializeEncoder
 .text.popEncoderEvent
                0x00000ba8       0x3c ./source/encoder.o
                0x00000ba8                popEncoderEvent
 .text.isEncEventValid
                0x00000be4       0x10 ./source/encoder.o
                0x00000be4                isEncEventValid
 .text.resetEdgeFlag
                0x00000bf4       0x10 ./source/encoderDecoder.o
                0x00000bf4                resetEdgeFlag
 .text.updateData
                0x00000c04       0x18 ./source/encoderDecoder.o
                0x00000c04                updateData
 .text.decodeEncoder
                0x00000c1c       0x30 ./source/encoderDecoder.o
                0x00000c1c                decodeEncoder
 .text.resetData
                0x00000c4c       0x14 ./source/encoderDecoder.o
                0x00000c4c                resetData
 .text.checkEnterRisingEdge
                0x00000c60        0xc ./source/encoderDecoder.o
                0x00000c60                checkEnterRisingEdge
 .text.checkEnterFallingEdge
                0x00000c6c       0x10 ./source/encoderDecoder.o
                0x00000c6c                checkEnterFallingEdge
 .text.encTimerRoutine
                0x00000c7c       0x18 ./source/encoderHAL.o
                0x00000c7c                encTimerRoutine
 .text.initializeEncoderHAL
                0x00000c94       0x5c ./source/encoderHAL.o
                0x00000c94                initializeEncoderHAL
 .text.resetEncoderTimerCount
                0x00000cf0        0xc ./source/encoderHAL.o
                0x00000cf0                resetEncoderTimerCount
 .text.readEncoderSignalX
                0x00000cfc       0x20 ./source/encoderHAL.o
                0x00000cfc                readEncoderSignalX
 .text.setSignalCallback
                0x00000d1c       0x2c ./source/encoderHAL.o
                0x00000d1c                setSignalCallback
 .text.getEncTimerCount
                0x00000d48        0xc ./source/encoderHAL.o
                0x00000d48                getEncTimerCount
 .text.gpioIRQ  0x00000d54       0xac ./source/gpio.o
                0x00000d54                gpioIRQ
 .text.PORTX_IRQHandler
                0x00000e00       0x54 ./source/gpio.o
                0x00000e00                PORTX_IRQHandler
 .text.PORTA_IRQHandler
                0x00000e54        0x8 ./source/gpio.o
                0x00000e54                PORTA_IRQHandler
 .text.PORTB_IRQHandler
                0x00000e5c        0x8 ./source/gpio.o
                0x00000e5c                PORTB_IRQHandler
 .text.PORTC_IRQHandler
                0x00000e64        0x8 ./source/gpio.o
                0x00000e64                PORTC_IRQHandler
 .text.PORTD_IRQHandler
                0x00000e6c        0x8 ./source/gpio.o
                0x00000e6c                PORTD_IRQHandler
 .text.PORTE_IRQHandler
                0x00000e74        0x8 ./source/gpio.o
                0x00000e74                PORTE_IRQHandler
 .text.gpioMode
                0x00000e7c       0x90 ./source/gpio.o
                0x00000e7c                gpioMode
 .text.gpioWrite
                0x00000f0c       0x4c ./source/gpio.o
                0x00000f0c                gpioWrite
 .text.gpioRead
                0x00000f58       0x3c ./source/gpio.o
                0x00000f58                gpioRead
 .text.setPassiveFilter
                0x00000f94       0x38 ./source/gpio.o
                0x00000f94                setPassiveFilter
 .text.getTrackShaped
                0x00000fcc      0x120 ./source/magnetCardDecode.o
                0x00000fcc                getTrackShaped
 .text.decodeTrackX
                0x000010ec      0x1f4 ./source/magnetCardDecode.o
                0x000010ec                decodeTrackX
 .text.magnetDataParser
                0x000012e0       0x4c ./source/magnetCardDecode.o
                0x000012e0                magnetDataParser
 .text.initMagnetCardLector
                0x0000132c        0x4 ./source/magnetCardLector.o
                0x0000132c                initMagnetCardLector
 .text.someMagnetCard2Read
                0x00001330        0x4 ./source/magnetCardLector.o
                0x00001330                someMagnetCard2Read
 .text.getLectureDecoded
                0x00001334       0x3c ./source/magnetCardLector.o
                0x00001334                getLectureDecoded
 .text.enableRoutine
                0x00001370       0x58 ./source/magnetLectorHAL.o
                0x00001370                enableRoutine
 .text.clockRoutine
                0x000013c8       0x38 ./source/magnetLectorHAL.o
                0x000013c8                clockRoutine
 .text.hwLectorInit
                0x00001400       0x4c ./source/magnetLectorHAL.o
                0x00001400                hwLectorInit
 .text.getLectureEvent
                0x0000144c       0x40 ./source/magnetLectorHAL.o
                0x0000144c                getLectureEvent
 .text.isEventinLectorQueue
                0x0000148c       0x10 ./source/magnetLectorHAL.o
                0x0000148c                isEventinLectorQueue
 .text.getEvent
                0x0000149c       0x58 ./source/queue.o
                0x0000149c                getEvent
 .text.userDataReset
                0x000014f4       0x44 ./source/queue.o
                0x000014f4                userDataReset
 .text.CIinputEvHandler
                0x00001538       0xac ./source/stateChangeIntensity.o
                0x00001538                CIinputEvHandler
 .text.CItimerEvHandler
                0x000015e4       0x24 ./source/stateChangeIntensity.o
                0x000015e4                CItimerEvHandler
 .text.CIkeycardEvHandler
                0x00001608       0x88 ./source/stateChangeIntensity.o
                0x00001608                CIkeycardEvHandler
 .text.MinputEvHandler
                0x00001690       0xd0 ./source/stateMenu.o
                0x00001690                MinputEvHandler
 .text.MtimerEvHandler
                0x00001760       0x24 ./source/stateMenu.o
                0x00001760                MtimerEvHandler
 .text.MkeycardEvHandler
                0x00001784       0x88 ./source/stateMenu.o
                0x00001784                MkeycardEvHandler
 .text.createIDString
                0x0000180c        0x4 ./source/stateReceivingID.o
                0x0000180c                createIDString
 .text.RIinputEvHandler
                0x00001810       0x78 ./source/stateReceivingID.o
                0x00001810                RIinputEvHandler
 .text.RItimerEvHandler
                0x00001888       0x4c ./source/stateReceivingID.o
                0x00001888                RItimerEvHandler
 .text.RIkeycardEvHandler
                0x000018d4       0x88 ./source/stateReceivingID.o
                0x000018d4                RIkeycardEvHandler
 .text.RPtimerEvHandler
                0x0000195c       0x4c ./source/stateReceivingPIN.o
                0x0000195c                RPtimerEvHandler
 .text.RPkeycardEvHandler
                0x000019a8       0x88 ./source/stateReceivingPIN.o
                0x000019a8                RPkeycardEvHandler
 .text.createPINString
                0x00001a30        0x4 ./source/stateReceivingPIN.o
                0x00001a30                createPINString
 .text.RPinputEvHandler
                0x00001a34       0x80 ./source/stateReceivingPIN.o
                0x00001a34                RPinputEvHandler
 .text.sysTickCallback
                0x00001ab4       0x2c ./source/timer.o
                0x00001ab4                sysTickCallback
 .text.InitializeTimers
                0x00001ae0       0x38 ./source/timer.o
                0x00001ae0                InitializeTimers
 .text.SetTimer
                0x00001b18       0x30 ./source/timer.o
                0x00001b18                SetTimer
 .text.EnableTimer
                0x00001b48       0x10 ./source/timer.o
                0x00001b48                EnableTimer
 .text.DisableTimer
                0x00001b58       0x10 ./source/timer.o
                0x00001b58                DisableTimer
 .text.InitializeTimerQueue
                0x00001b68        0xc ./source/timer_queue.o
                0x00001b68                InitializeTimerQueue
 .text.PushTimerEv
                0x00001b74       0x20 ./source/timer_queue.o
                0x00001b74                PushTimerEv
 .text.PopTimerEv
                0x00001b94       0x10 ./source/timer_queue.o
                0x00001b94                PopTimerEv
 .text.IsTimerQueueEmpty
                0x00001ba4       0x10 ./source/timer_queue.o
                0x00001ba4                IsTimerQueueEmpty
 .text.hw_Init  0x00001bb4       0xbc ./SDK/startup/hardware.o
                0x00001bb4                hw_Init
 .text.hw_EnableInterrupts
                0x00001c70       0x14 ./SDK/startup/hardware.o
                0x00001c70                hw_EnableInterrupts
 .text.hw_DisableInterrupts
                0x00001c84       0x10 ./SDK/startup/hardware.o
                0x00001c84                hw_DisableInterrupts
 .text.startup.main
                0x00001c94       0x18 ./SDK/startup/main.o
                0x00001c94                main
 .text.HardFault_Handler
                0x00001cac       0x2c ./SDK/startup/semihost_hardfault.o
                0x00001cac                HardFault_Handler
 .text.SystemInitHook
                0x00001cd8        0x4 ./SDK/CMSIS/system_MK64F12.o
                0x00001cd8                SystemInitHook
 .text.SystemInit
                0x00001cdc       0x34 ./SDK/CMSIS/system_MK64F12.o
                0x00001cdc                SystemInit
 .text.DMA0_IRQHandler
                0x00001d10        0x8 ./SDK/startup/startup_mk64f12.o
                0x00001d10                DMA0_IRQHandler
 .text.DMA1_IRQHandler
                0x00001d18        0x8 ./SDK/startup/startup_mk64f12.o
                0x00001d18                DMA1_IRQHandler
 .text.DMA2_IRQHandler
                0x00001d20        0x8 ./SDK/startup/startup_mk64f12.o
                0x00001d20                DMA2_IRQHandler
 .text.DMA3_IRQHandler
                0x00001d28        0x8 ./SDK/startup/startup_mk64f12.o
                0x00001d28                DMA3_IRQHandler
 .text.DMA4_IRQHandler
                0x00001d30        0x8 ./SDK/startup/startup_mk64f12.o
                0x00001d30                DMA4_IRQHandler
 .text.DMA5_IRQHandler
                0x00001d38        0x8 ./SDK/startup/startup_mk64f12.o
                0x00001d38                DMA5_IRQHandler
 .text.DMA6_IRQHandler
                0x00001d40        0x8 ./SDK/startup/startup_mk64f12.o
                0x00001d40                DMA6_IRQHandler
 .text.DMA7_IRQHandler
                0x00001d48        0x8 ./SDK/startup/startup_mk64f12.o
                0x00001d48                DMA7_IRQHandler
 .text.DMA8_IRQHandler
                0x00001d50        0x8 ./SDK/startup/startup_mk64f12.o
                0x00001d50                DMA8_IRQHandler
 .text.DMA9_IRQHandler
                0x00001d58        0x8 ./SDK/startup/startup_mk64f12.o
                0x00001d58                DMA9_IRQHandler
 .text.DMA10_IRQHandler
                0x00001d60        0x8 ./SDK/startup/startup_mk64f12.o
                0x00001d60                DMA10_IRQHandler
 .text.DMA11_IRQHandler
                0x00001d68        0x8 ./SDK/startup/startup_mk64f12.o
                0x00001d68                DMA11_IRQHandler
 .text.DMA12_IRQHandler
                0x00001d70        0x8 ./SDK/startup/startup_mk64f12.o
                0x00001d70                DMA12_IRQHandler
 .text.DMA13_IRQHandler
                0x00001d78        0x8 ./SDK/startup/startup_mk64f12.o
                0x00001d78                DMA13_IRQHandler
 .text.DMA14_IRQHandler
                0x00001d80        0x8 ./SDK/startup/startup_mk64f12.o
                0x00001d80                DMA14_IRQHandler
 .text.DMA15_IRQHandler
                0x00001d88        0x8 ./SDK/startup/startup_mk64f12.o
                0x00001d88                DMA15_IRQHandler
 .text.DMA_Error_IRQHandler
                0x00001d90        0x8 ./SDK/startup/startup_mk64f12.o
                0x00001d90                DMA_Error_IRQHandler
 .text.MCM_IRQHandler
                0x00001d98        0x8 ./SDK/startup/startup_mk64f12.o
                0x00001d98                MCM_IRQHandler
 .text.FTFE_IRQHandler
                0x00001da0        0x8 ./SDK/startup/startup_mk64f12.o
                0x00001da0                FTFE_IRQHandler
 .text.Read_Collision_IRQHandler
                0x00001da8        0x8 ./SDK/startup/startup_mk64f12.o
                0x00001da8                Read_Collision_IRQHandler
 .text.LVD_LVW_IRQHandler
                0x00001db0        0x8 ./SDK/startup/startup_mk64f12.o
                0x00001db0                LVD_LVW_IRQHandler
 .text.LLWU_IRQHandler
                0x00001db8        0x8 ./SDK/startup/startup_mk64f12.o
                0x00001db8                LLWU_IRQHandler
 .text.WDOG_EWM_IRQHandler
                0x00001dc0        0x8 ./SDK/startup/startup_mk64f12.o
                0x00001dc0                WDOG_EWM_IRQHandler
 .text.RNG_IRQHandler
                0x00001dc8        0x8 ./SDK/startup/startup_mk64f12.o
                0x00001dc8                RNG_IRQHandler
 .text.I2C0_IRQHandler
                0x00001dd0        0x8 ./SDK/startup/startup_mk64f12.o
                0x00001dd0                I2C0_IRQHandler
 .text.I2C1_IRQHandler
                0x00001dd8        0x8 ./SDK/startup/startup_mk64f12.o
                0x00001dd8                I2C1_IRQHandler
 .text.SPI0_IRQHandler
                0x00001de0        0x8 ./SDK/startup/startup_mk64f12.o
                0x00001de0                SPI0_IRQHandler
 .text.SPI1_IRQHandler
                0x00001de8        0x8 ./SDK/startup/startup_mk64f12.o
                0x00001de8                SPI1_IRQHandler
 .text.I2S0_Tx_IRQHandler
                0x00001df0        0x8 ./SDK/startup/startup_mk64f12.o
                0x00001df0                I2S0_Tx_IRQHandler
 .text.I2S0_Rx_IRQHandler
                0x00001df8        0x8 ./SDK/startup/startup_mk64f12.o
                0x00001df8                I2S0_Rx_IRQHandler
 .text.UART0_LON_IRQHandler
                0x00001e00        0x8 ./SDK/startup/startup_mk64f12.o
                0x00001e00                UART0_LON_IRQHandler
 .text.UART0_RX_TX_IRQHandler
                0x00001e08        0x8 ./SDK/startup/startup_mk64f12.o
                0x00001e08                UART0_RX_TX_IRQHandler
 .text.UART0_ERR_IRQHandler
                0x00001e10        0x8 ./SDK/startup/startup_mk64f12.o
                0x00001e10                UART0_ERR_IRQHandler
 .text.UART1_RX_TX_IRQHandler
                0x00001e18        0x8 ./SDK/startup/startup_mk64f12.o
                0x00001e18                UART1_RX_TX_IRQHandler
 .text.UART1_ERR_IRQHandler
                0x00001e20        0x8 ./SDK/startup/startup_mk64f12.o
                0x00001e20                UART1_ERR_IRQHandler
 .text.UART2_RX_TX_IRQHandler
                0x00001e28        0x8 ./SDK/startup/startup_mk64f12.o
                0x00001e28                UART2_RX_TX_IRQHandler
 .text.UART2_ERR_IRQHandler
                0x00001e30        0x8 ./SDK/startup/startup_mk64f12.o
                0x00001e30                UART2_ERR_IRQHandler
 .text.UART3_RX_TX_IRQHandler
                0x00001e38        0x8 ./SDK/startup/startup_mk64f12.o
                0x00001e38                UART3_RX_TX_IRQHandler
 .text.UART3_ERR_IRQHandler
                0x00001e40        0x8 ./SDK/startup/startup_mk64f12.o
                0x00001e40                UART3_ERR_IRQHandler
 .text.ADC0_IRQHandler
                0x00001e48        0x8 ./SDK/startup/startup_mk64f12.o
                0x00001e48                ADC0_IRQHandler
 .text.CMP0_IRQHandler
                0x00001e50        0x8 ./SDK/startup/startup_mk64f12.o
                0x00001e50                CMP0_IRQHandler
 .text.CMP1_IRQHandler
                0x00001e58        0x8 ./SDK/startup/startup_mk64f12.o
                0x00001e58                CMP1_IRQHandler
 .text.FTM0_IRQHandler
                0x00001e60        0x8 ./SDK/startup/startup_mk64f12.o
                0x00001e60                FTM0_IRQHandler
 .text.FTM1_IRQHandler
                0x00001e68        0x8 ./SDK/startup/startup_mk64f12.o
                0x00001e68                FTM1_IRQHandler
 .text.FTM2_IRQHandler
                0x00001e70        0x8 ./SDK/startup/startup_mk64f12.o
                0x00001e70                FTM2_IRQHandler
 .text.CMT_IRQHandler
                0x00001e78        0x8 ./SDK/startup/startup_mk64f12.o
                0x00001e78                CMT_IRQHandler
 .text.RTC_IRQHandler
                0x00001e80        0x8 ./SDK/startup/startup_mk64f12.o
                0x00001e80                RTC_IRQHandler
 .text.RTC_Seconds_IRQHandler
                0x00001e88        0x8 ./SDK/startup/startup_mk64f12.o
                0x00001e88                RTC_Seconds_IRQHandler
 .text.PIT0_IRQHandler
                0x00001e90        0x8 ./SDK/startup/startup_mk64f12.o
                0x00001e90                PIT0_IRQHandler
 .text.PIT1_IRQHandler
                0x00001e98        0x8 ./SDK/startup/startup_mk64f12.o
                0x00001e98                PIT1_IRQHandler
 .text.PIT2_IRQHandler
                0x00001ea0        0x8 ./SDK/startup/startup_mk64f12.o
                0x00001ea0                PIT2_IRQHandler
 .text.PIT3_IRQHandler
                0x00001ea8        0x8 ./SDK/startup/startup_mk64f12.o
                0x00001ea8                PIT3_IRQHandler
 .text.PDB0_IRQHandler
                0x00001eb0        0x8 ./SDK/startup/startup_mk64f12.o
                0x00001eb0                PDB0_IRQHandler
 .text.USB0_IRQHandler
                0x00001eb8        0x8 ./SDK/startup/startup_mk64f12.o
                0x00001eb8                USB0_IRQHandler
 .text.USBDCD_IRQHandler
                0x00001ec0        0x8 ./SDK/startup/startup_mk64f12.o
                0x00001ec0                USBDCD_IRQHandler
 .text.Reserved71_IRQHandler
                0x00001ec8        0x8 ./SDK/startup/startup_mk64f12.o
                0x00001ec8                Reserved71_IRQHandler
 .text.DAC0_IRQHandler
                0x00001ed0        0x8 ./SDK/startup/startup_mk64f12.o
                0x00001ed0                DAC0_IRQHandler
 .text.MCG_IRQHandler
                0x00001ed8        0x8 ./SDK/startup/startup_mk64f12.o
                0x00001ed8                MCG_IRQHandler
 .text.LPTMR0_IRQHandler
                0x00001ee0        0x8 ./SDK/startup/startup_mk64f12.o
                0x00001ee0                LPTMR0_IRQHandler
 .text.SWI_IRQHandler
                0x00001ee8        0x8 ./SDK/startup/startup_mk64f12.o
                0x00001ee8                SWI_IRQHandler
 .text.SPI2_IRQHandler
                0x00001ef0        0x8 ./SDK/startup/startup_mk64f12.o
                0x00001ef0                SPI2_IRQHandler
 .text.UART4_RX_TX_IRQHandler
                0x00001ef8        0x8 ./SDK/startup/startup_mk64f12.o
                0x00001ef8                UART4_RX_TX_IRQHandler
 .text.UART4_ERR_IRQHandler
                0x00001f00        0x8 ./SDK/startup/startup_mk64f12.o
                0x00001f00                UART4_ERR_IRQHandler
 .text.UART5_RX_TX_IRQHandler
                0x00001f08        0x8 ./SDK/startup/startup_mk64f12.o
                0x00001f08                UART5_RX_TX_IRQHandler
 .text.UART5_ERR_IRQHandler
                0x00001f10        0x8 ./SDK/startup/startup_mk64f12.o
                0x00001f10                UART5_ERR_IRQHandler
 .text.CMP2_IRQHandler
                0x00001f18        0x8 ./SDK/startup/startup_mk64f12.o
                0x00001f18                CMP2_IRQHandler
 .text.FTM3_IRQHandler
                0x00001f20        0x8 ./SDK/startup/startup_mk64f12.o
                0x00001f20                FTM3_IRQHandler
 .text.DAC1_IRQHandler
                0x00001f28        0x8 ./SDK/startup/startup_mk64f12.o
                0x00001f28                DAC1_IRQHandler
 .text.ADC1_IRQHandler
                0x00001f30        0x8 ./SDK/startup/startup_mk64f12.o
                0x00001f30                ADC1_IRQHandler
 .text.I2C2_IRQHandler
                0x00001f38        0x8 ./SDK/startup/startup_mk64f12.o
                0x00001f38                I2C2_IRQHandler
 .text.CAN0_ORed_Message_buffer_IRQHandler
                0x00001f40        0x8 ./SDK/startup/startup_mk64f12.o
                0x00001f40                CAN0_ORed_Message_buffer_IRQHandler
 .text.CAN0_Bus_Off_IRQHandler
                0x00001f48        0x8 ./SDK/startup/startup_mk64f12.o
                0x00001f48                CAN0_Bus_Off_IRQHandler
 .text.CAN0_Error_IRQHandler
                0x00001f50        0x8 ./SDK/startup/startup_mk64f12.o
                0x00001f50                CAN0_Error_IRQHandler
 .text.CAN0_Tx_Warning_IRQHandler
                0x00001f58        0x8 ./SDK/startup/startup_mk64f12.o
                0x00001f58                CAN0_Tx_Warning_IRQHandler
 .text.CAN0_Rx_Warning_IRQHandler
                0x00001f60        0x8 ./SDK/startup/startup_mk64f12.o
                0x00001f60                CAN0_Rx_Warning_IRQHandler
 .text.CAN0_Wake_Up_IRQHandler
                0x00001f68        0x8 ./SDK/startup/startup_mk64f12.o
                0x00001f68                CAN0_Wake_Up_IRQHandler
 .text.SDHC_IRQHandler
                0x00001f70        0x8 ./SDK/startup/startup_mk64f12.o
                0x00001f70                SDHC_IRQHandler
 .text.ENET_1588_Timer_IRQHandler
                0x00001f78        0x8 ./SDK/startup/startup_mk64f12.o
                0x00001f78                ENET_1588_Timer_IRQHandler
 .text.ENET_Transmit_IRQHandler
                0x00001f80        0x8 ./SDK/startup/startup_mk64f12.o
                0x00001f80                ENET_Transmit_IRQHandler
 .text.ENET_Receive_IRQHandler
                0x00001f88        0x8 ./SDK/startup/startup_mk64f12.o
                0x00001f88                ENET_Receive_IRQHandler
 .text.ENET_Error_IRQHandler
                0x00001f90        0x8 ./SDK/startup/startup_mk64f12.o
                0x00001f90                ENET_Error_IRQHandler
 .text.memcpy   0x00001f98        0x4 c:/nxp/mcuxpressoide_10.2.0_759/ide/tools/bin/../lib/gcc/arm-none-eabi/7.2.1/../../../../arm-none-eabi/lib/thumb/v7e-m/fpv4-sp/hard\libcr_c.a(memcpy.o)
                0x00001f98                memcpy
 .text.__aeabi_memcpy
                0x00001f9c       0x34 c:/nxp/mcuxpressoide_10.2.0_759/ide/tools/bin/../lib/gcc/arm-none-eabi/7.2.1/thumb/v7e-m/fpv4-sp/hard\libcr_eabihelpers.a(memcpy.o)
                0x00001f9c                __aeabi_memcpy
                0x00001fa6                __aeabi_memcpy8
                0x00001fa6                __aeabi_memcpy4
 *(SORT_BY_ALIGNMENT(.rodata) SORT_BY_ALIGNMENT(.rodata.*) SORT_BY_ALIGNMENT(.constdata) SORT_BY_ALIGNMENT(.constdata.*))
 .rodata.letters_segment_array
                0x00001fd0       0x1a ./source/SegmentDisplay.o
 *fill*         0x00001fea        0x2 ff
 .rodata.number_segment_array
                0x00001fec        0xa ./source/SegmentDisplay.o
 *fill*         0x00001ff6        0x2 ff
 .rodata        0x00001ff8        0xe ./source/dataBase.o
 .rodata.InitializeDisplay.str1.4
                0x00002006        0x0 ./source/display.o
                                  0x1 (size before relaxing)
 *fill*         0x00002006        0x2 ff
 .rodata        0x00002008       0x28 ./source/gpio.o
 .rodata.track1
                0x00002030       0x18 ./source/magnetCardDecode.o
                0x00002030                track1
 .rodata.track2
                0x00002048       0x18 ./source/magnetCardDecode.o
                0x00002048                track2
 .rodata.track3
                0x00002060       0x18 ./source/magnetCardDecode.o
                0x00002060                track3
 .rodata.CIinputEvHandler.str1.4
                0x00002078       0x32 ./source/stateChangeIntensity.o
 *fill*         0x000020aa        0x2 ff
 .rodata.CIkeycardEvHandler.str1.4
                0x000020ac       0x23 ./source/stateChangeIntensity.o
 *fill*         0x000020cf        0x1 ff
 .rodata.str1.4
                0x000020d0       0x28 ./source/stateChangeIntensity.o
 .rodata.MinputEvHandler.str1.4
                0x000020f8       0x28 ./source/stateMenu.o
                                  0x3 (size before relaxing)
 .rodata.MkeycardEvHandler.str1.4
                0x000020f8       0x23 ./source/stateMenu.o
 .rodata.menuStrings
                0x000020f8        0x8 ./source/stateMenu.o
 .rodata.str1.4
                0x00002100        0x8 ./source/stateMenu.o
                                  0x5 (size before relaxing)
 .rodata.RIkeycardEvHandler.str1.4
                0x00002108       0x23 ./source/stateReceivingID.o
 .rodata.RPkeycardEvHandler.str1.4
                0x00002108       0x23 ./source/stateReceivingPIN.o
                0x00002130                . = ALIGN (0x8)

.glue_7         0x00002108        0x0
 .glue_7        0x00002108        0x0 linker stubs

.glue_7t        0x00002108        0x0
 .glue_7t       0x00002108        0x0 linker stubs

.vfp11_veneer   0x00002108        0x0
 .vfp11_veneer  0x00002108        0x0 linker stubs

.v4_bx          0x00002108        0x0
 .v4_bx         0x00002108        0x0 linker stubs

.iplt           0x00002108        0x0
 .iplt          0x00002108        0x0 ./source/App.o

.rel.dyn        0x00002108        0x0
 .rel.iplt      0x00002108        0x0 ./source/App.o

.ARM.extab
 *(SORT_BY_ALIGNMENT(.ARM.extab*) SORT_BY_ALIGNMENT(.gnu.linkonce.armextab.*))
                0x00002108                __exidx_start = .

.ARM.exidx
 *(SORT_BY_ALIGNMENT(.ARM.exidx*) SORT_BY_ALIGNMENT(.gnu.linkonce.armexidx.*))
                0x00002108                __exidx_end = .
                0x00002108                _etext = .

.m_usb_data
 *(SORT_BY_ALIGNMENT(m_usb_bdt))

.data_RAM2      0x1fff0000        0x0 load address 0x00002108
 FILL mask 0xff
                [!provide]                PROVIDE (__start_data_RAM2, .)
 *(SORT_BY_ALIGNMENT(.ramfunc.$RAM2))
 *(SORT_BY_ALIGNMENT(.ramfunc.$SRAM_LOWER))
 *(SORT_BY_ALIGNMENT(.data.$RAM2*))
 *(SORT_BY_ALIGNMENT(.data.$SRAM_LOWER*))
                0x1fff0000                . = ALIGN (0x8)
                [!provide]                PROVIDE (__end_data_RAM2, .)

.data_RAM3      0x14000000        0x0 load address 0x00002108
 FILL mask 0xff
                [!provide]                PROVIDE (__start_data_RAM3, .)
 *(SORT_BY_ALIGNMENT(.ramfunc.$RAM3))
 *(SORT_BY_ALIGNMENT(.ramfunc.$FLEX_RAM))
 *(SORT_BY_ALIGNMENT(.data.$RAM3*))
 *(SORT_BY_ALIGNMENT(.data.$FLEX_RAM*))
                0x14000000                . = ALIGN (0x8)
                [!provide]                PROVIDE (__end_data_RAM3, .)

.uninit_RESERVED
                0x20000000        0x0
 *(SORT_BY_ALIGNMENT(.bss.$RESERVED*))
                0x20000000                . = ALIGN (0x4)
                0x20000000                _end_uninit_RESERVED = .

.data           0x20000000       0x38 load address 0x00002108
 FILL mask 0xff
                0x20000000                _data = .
 *(SORT_BY_ALIGNMENT(vtable))
 *(SORT_BY_ALIGNMENT(.ramfunc*))
 *(SORT_BY_ALIGNMENT(.data*))
 .data.array2Tracks
                0x20000000        0xc ./source/magnetCardDecode.o
                0x20000000                array2Tracks
 .data.intStrings
                0x2000000c       0x28 ./source/stateChangeIntensity.o
                0x2000000c                intStrings
                0x20000038                . = ALIGN (0x8)
 *fill*         0x20000034        0x4 ff
                0x20000038                _edata = .

.igot.plt       0x20000038        0x0 load address 0x00002140
 .igot.plt      0x20000038        0x0 ./source/App.o

.bss_RAM2       0x1fff0000        0x0
                [!provide]                PROVIDE (__start_bss_RAM2, .)
 *(SORT_BY_ALIGNMENT(.bss.$RAM2*))
 *(SORT_BY_ALIGNMENT(.bss.$SRAM_LOWER*))
                0x1fff0000                . = ALIGN ((. != 0x0)?0x8:0x1)
                [!provide]                PROVIDE (__end_bss_RAM2, .)

.bss_RAM3       0x14000000        0x0
                [!provide]                PROVIDE (__start_bss_RAM3, .)
 *(SORT_BY_ALIGNMENT(.bss.$RAM3*))
 *(SORT_BY_ALIGNMENT(.bss.$FLEX_RAM*))
                0x14000000                . = ALIGN ((. != 0x0)?0x8:0x1)
                [!provide]                PROVIDE (__end_bss_RAM3, .)

.bss            0x20000038    0x23288
                0x20000038                _bss = .
 *(SORT_BY_ALIGNMENT(.bss*))
 .bss.fsm       0x20000038       0x14 ./source/App.o
                0x20000038                fsm
 .bss.nextState
                0x2000004c       0x10 ./source/App.o
                0x2000004c                nextState
 .bss.userData  0x2000005c       0xe8 ./source/App.o
                0x2000005c                userData
 .bss.sysTickFun
                0x20000144        0x4 ./source/SysTick.o
                0x20000144                sysTickFun
 .bss.dataBase  0x20000148    0x222e4 ./source/dataBase.o
 .bss.brigthness
                0x2002242c        0x4 ./source/display.o
 .bss.current_string
                0x20022430        0x4 ./source/display.o
 .bss.display_position
                0x20022434        0x4 ./source/display.o
 .bss.string_position
                0x20022438        0x4 ./source/display.o
 .bss.string_size
                0x2002243c        0x4 ./source/display.o
 .bss.encoderQueue
                0x20022440      0x640 ./source/encoder.o
 .bss.encoder   0x20022a80        0x8 ./source/encoderDecoder.o
 .bss.p2irqFunctions
                0x20022a88      0x280 ./source/gpio.o
                0x20022a88                p2irqFunctions
 .bss.counterDataIn
                0x20022d08        0x4 ./source/magnetLectorHAL.o
                0x20022d08                counterDataIn
 .bss.queue     0x20022d0c      0x508 ./source/magnetLectorHAL.o
 .bss.timers    0x20023214       0x60 ./source/timer.o
 .bss.queue     0x20023274       0x38 ./source/timer_queue.o
 .bss.__LDM_interruptDisableCount
                0x200232ac        0x4 ./SDK/startup/hardware.o
 .bss.changingState
                0x200232b0        0x1 ./source/App.o
                0x200232b0                changingState
 .bss.nameEvent
                0x200232b1        0x1 ./source/App.o
                0x200232b1                nameEvent
 .bss.initialized
                0x200232b2        0x1 ./source/SegmentDisplay.o
 .bss.brightness_ev
                0x200232b3        0x1 ./source/display.o
 .bss.initialized
                0x200232b4        0x1 ./source/display.o
 .bss.initialized_enc
                0x200232b5        0x1 ./source/encoder.o
 .bss.encoder_timer_count
                0x200232b6        0x1 ./source/encoderHAL.o
 .bss.initialized_enc_low
                0x200232b7        0x1 ./source/encoderHAL.o
 .bss.enable    0x200232b8        0x1 ./source/magnetLectorHAL.o
                0x200232b8                enable
 .bss.hwLectorIsInit
                0x200232b9        0x1 ./source/magnetLectorHAL.o
                0x200232b9                hwLectorIsInit
 .bss.raw2save  0x200232ba        0x1 ./source/magnetLectorHAL.o
                0x200232ba                raw2save
 .bss.tryNro    0x200232bb        0x1 ./source/stateReceivingPIN.o
                0x200232bb                tryNro
 .bss.initialized
                0x200232bc        0x1 ./source/timer.o
 *(SORT_BY_ALIGNMENT(COMMON))
                0x200232c0                . = ALIGN (0x8)
 *fill*         0x200232bd        0x3 
                0x200232c0                _ebss = .
                [!provide]                PROVIDE (end, .)

.noinit_RAM2    0x1fff0000        0x0
 *(SORT_BY_ALIGNMENT(.noinit.$RAM2*))
 *(SORT_BY_ALIGNMENT(.noinit.$SRAM_LOWER*))
                0x1fff0000                . = ALIGN (0x8)

.noinit_RAM3    0x14000000        0x0
 *(SORT_BY_ALIGNMENT(.noinit.$RAM3*))
 *(SORT_BY_ALIGNMENT(.noinit.$FLEX_RAM*))
                0x14000000                . = ALIGN (0x8)

.noinit         0x200232c0        0x0
                0x200232c0                _noinit = .
 *(SORT_BY_ALIGNMENT(.noinit*))
                0x200232c0                . = ALIGN (0x8)
                0x200232c0                _end_noinit = .
                0x00001000                _HeapSize = 0x1000

.heap           0x200232c0     0x1000
                0x200232c0                _pvHeapStart = .
                0x200242c0                . = (. + _HeapSize)
 *fill*         0x200232c0     0x1000 
                0x200242c0                . = ALIGN (0x8)
                0x200242c0                _pvHeapLimit = .
                0x00001000                _StackSize = 0x1000

.heap2stackfill
                0x200242c0     0x1000
                0x200252c0                . = (. + _StackSize)
 *fill*         0x200242c0     0x1000 

.stack          0x2002f000        0x0
                0x2002f000                _vStackBase = .
                0x2002f000                . = ALIGN (0x8)
                0x20030000                _vStackTop = (. + _StackSize)
                0x00000000                _image_start = LOADADDR (.text)
                0x00002140                _image_end = (LOADADDR (.data) + SIZEOF (.data))
                0x00002140                _image_size = (_image_end - _image_start)
OUTPUT(ControlDeAcceso.axf elf32-littlearm)

.debug_info     0x00000000     0x7e75
 .debug_info    0x00000000      0x4bb ./source/App.o
 .debug_info    0x000004bb      0x360 ./source/FSM.o
 .debug_info    0x0000081b      0x4c8 ./source/SegmentDisplay.o
 .debug_info    0x00000ce3      0x518 ./source/SysTick.o
 .debug_info    0x000011fb      0x47f ./source/dataBase.o
 .debug_info    0x0000167a      0x41f ./source/display.o
 .debug_info    0x00001a99      0x5f4 ./source/encoder.o
 .debug_info    0x0000208d      0x356 ./source/encoderDecoder.o
 .debug_info    0x000023e3      0x3c3 ./source/encoderHAL.o
 .debug_info    0x000027a6     0x1138 ./source/gpio.o
 .debug_info    0x000038de      0x838 ./source/magnetCardDecode.o
 .debug_info    0x00004116      0x1b5 ./source/magnetCardLector.o
 .debug_info    0x000042cb      0x33c ./source/magnetLectorHAL.o
 .debug_info    0x00004607      0x3a7 ./source/queue.o
 .debug_info    0x000049ae      0x53e ./source/stateChangeIntensity.o
 .debug_info    0x00004eec      0x541 ./source/stateMenu.o
 .debug_info    0x0000542d      0x5f9 ./source/stateReceivingID.o
 .debug_info    0x00005a26      0x652 ./source/stateReceivingPIN.o
 .debug_info    0x00006078      0x27a ./source/timer.o
 .debug_info    0x000062f2      0x19e ./source/timer_queue.o
 .debug_info    0x00006490      0x675 ./SDK/startup/hardware.o
 .debug_info    0x00006b05      0x120 ./SDK/startup/main.o
 .debug_info    0x00006c25       0x3b ./SDK/startup/semihost_hardfault.o
 .debug_info    0x00006c60      0xc0d ./SDK/startup/startup_mk64f12.o
 .debug_info    0x0000786d      0x608 ./SDK/CMSIS/system_MK64F12.o

.debug_abbrev   0x00000000     0x2567
 .debug_abbrev  0x00000000      0x13a ./source/App.o
 .debug_abbrev  0x0000013a       0xde ./source/FSM.o
 .debug_abbrev  0x00000218      0x159 ./source/SegmentDisplay.o
 .debug_abbrev  0x00000371      0x199 ./source/SysTick.o
 .debug_abbrev  0x0000050a      0x1ee ./source/dataBase.o
 .debug_abbrev  0x000006f8      0x1c0 ./source/display.o
 .debug_abbrev  0x000008b8      0x229 ./source/encoder.o
 .debug_abbrev  0x00000ae1      0x20e ./source/encoderDecoder.o
 .debug_abbrev  0x00000cef      0x181 ./source/encoderHAL.o
 .debug_abbrev  0x00000e70      0x37c ./source/gpio.o
 .debug_abbrev  0x000011ec      0x1dd ./source/magnetCardDecode.o
 .debug_abbrev  0x000013c9      0x10e ./source/magnetCardLector.o
 .debug_abbrev  0x000014d7      0x1bd ./source/magnetLectorHAL.o
 .debug_abbrev  0x00001694      0x159 ./source/queue.o
 .debug_abbrev  0x000017ed      0x16e ./source/stateChangeIntensity.o
 .debug_abbrev  0x0000195b      0x15d ./source/stateMenu.o
 .debug_abbrev  0x00001ab8      0x1ab ./source/stateReceivingID.o
 .debug_abbrev  0x00001c63      0x208 ./source/stateReceivingPIN.o
 .debug_abbrev  0x00001e6b      0x15c ./source/timer.o
 .debug_abbrev  0x00001fc7      0x10a ./source/timer_queue.o
 .debug_abbrev  0x000020d1      0x138 ./SDK/startup/hardware.o
 .debug_abbrev  0x00002209       0x9b ./SDK/startup/main.o
 .debug_abbrev  0x000022a4       0x2f ./SDK/startup/semihost_hardfault.o
 .debug_abbrev  0x000022d3      0x14a ./SDK/startup/startup_mk64f12.o
 .debug_abbrev  0x0000241d      0x14a ./SDK/CMSIS/system_MK64F12.o

.debug_aranges  0x00000000      0x908
 .debug_aranges
                0x00000000       0x28 ./source/App.o
 .debug_aranges
                0x00000028       0x20 ./source/FSM.o
 .debug_aranges
                0x00000048       0x38 ./source/SegmentDisplay.o
 .debug_aranges
                0x00000080       0x28 ./source/SysTick.o
 .debug_aranges
                0x000000a8       0x50 ./source/dataBase.o
 .debug_aranges
                0x000000f8       0x60 ./source/display.o
 .debug_aranges
                0x00000158       0x60 ./source/encoder.o
 .debug_aranges
                0x000001b8       0x68 ./source/encoderDecoder.o
 .debug_aranges
                0x00000220       0x48 ./source/encoderHAL.o
 .debug_aranges
                0x00000268       0xc0 ./source/gpio.o
 .debug_aranges
                0x00000328       0x40 ./source/magnetCardDecode.o
 .debug_aranges
                0x00000368       0x30 ./source/magnetCardLector.o
 .debug_aranges
                0x00000398       0x48 ./source/magnetLectorHAL.o
 .debug_aranges
                0x000003e0       0x28 ./source/queue.o
 .debug_aranges
                0x00000408       0x30 ./source/stateChangeIntensity.o
 .debug_aranges
                0x00000438       0x30 ./source/stateMenu.o
 .debug_aranges
                0x00000468       0x38 ./source/stateReceivingID.o
 .debug_aranges
                0x000004a0       0x38 ./source/stateReceivingPIN.o
 .debug_aranges
                0x000004d8       0x50 ./source/timer.o
 .debug_aranges
                0x00000528       0x38 ./source/timer_queue.o
 .debug_aranges
                0x00000560       0x30 ./SDK/startup/hardware.o
 .debug_aranges
                0x00000590       0x20 ./SDK/startup/main.o
 .debug_aranges
                0x000005b0       0x20 ./SDK/startup/semihost_hardfault.o
 .debug_aranges
                0x000005d0      0x308 ./SDK/startup/startup_mk64f12.o
 .debug_aranges
                0x000008d8       0x30 ./SDK/CMSIS/system_MK64F12.o

.debug_ranges   0x00000000      0xa20
 .debug_ranges  0x00000000       0x18 ./source/App.o
 .debug_ranges  0x00000018       0x10 ./source/FSM.o
 .debug_ranges  0x00000028       0x28 ./source/SegmentDisplay.o
 .debug_ranges  0x00000050       0x18 ./source/SysTick.o
 .debug_ranges  0x00000068       0x70 ./source/dataBase.o
 .debug_ranges  0x000000d8       0x88 ./source/display.o
 .debug_ranges  0x00000160      0x110 ./source/encoder.o
 .debug_ranges  0x00000270       0x70 ./source/encoderDecoder.o
 .debug_ranges  0x000002e0       0x38 ./source/encoderHAL.o
 .debug_ranges  0x00000318      0x128 ./source/gpio.o
 .debug_ranges  0x00000440       0xc0 ./source/magnetCardDecode.o
 .debug_ranges  0x00000500       0x20 ./source/magnetCardLector.o
 .debug_ranges  0x00000520       0x38 ./source/magnetLectorHAL.o
 .debug_ranges  0x00000558       0x18 ./source/queue.o
 .debug_ranges  0x00000570       0x38 ./source/stateChangeIntensity.o
 .debug_ranges  0x000005a8       0x38 ./source/stateMenu.o
 .debug_ranges  0x000005e0       0x40 ./source/stateReceivingID.o
 .debug_ranges  0x00000620       0x40 ./source/stateReceivingPIN.o
 .debug_ranges  0x00000660       0x40 ./source/timer.o
 .debug_ranges  0x000006a0       0x28 ./source/timer_queue.o
 .debug_ranges  0x000006c8       0x20 ./SDK/startup/hardware.o
 .debug_ranges  0x000006e8       0x10 ./SDK/startup/main.o
 .debug_ranges  0x000006f8       0x10 ./SDK/startup/semihost_hardfault.o
 .debug_ranges  0x00000708      0x2f8 ./SDK/startup/startup_mk64f12.o
 .debug_ranges  0x00000a00       0x20 ./SDK/CMSIS/system_MK64F12.o

.debug_macro    0x00000000    0x120e1
 .debug_macro   0x00000000       0x7d ./source/App.o
 .debug_macro   0x0000007d      0xa5a ./source/App.o
 .debug_macro   0x00000ad7       0x22 ./source/App.o
 .debug_macro   0x00000af9       0x10 ./source/App.o
 .debug_macro   0x00000b09      0x34e ./source/App.o
 .debug_macro   0x00000e57       0x16 ./source/App.o
 .debug_macro   0x00000e6d       0x10 ./source/App.o
 .debug_macro   0x00000e7d       0x16 ./source/App.o
 .debug_macro   0x00000e93       0x10 ./source/App.o
 .debug_macro   0x00000ea3       0x10 ./source/App.o
 .debug_macro   0x00000eb3       0x75 ./source/FSM.o
 .debug_macro   0x00000f28       0xb2 ./source/SegmentDisplay.o
 .debug_macro   0x00000fda       0x3a ./source/SegmentDisplay.o
 .debug_macro   0x00001014       0x96 ./source/SysTick.o
 .debug_macro   0x000010aa       0x5c ./source/SysTick.o
 .debug_macro   0x00001106       0x1c ./source/SysTick.o
 .debug_macro   0x00001122       0x22 ./source/SysTick.o
 .debug_macro   0x00001144       0xdf ./source/SysTick.o
 .debug_macro   0x00001223      0xecf ./source/SysTick.o
 .debug_macro   0x000020f2       0x48 ./source/SysTick.o
 .debug_macro   0x0000213a     0xe07b ./source/SysTick.o
 .debug_macro   0x000101b5      0x174 ./source/SysTick.o
 .debug_macro   0x00010329       0x68 ./source/dataBase.o
 .debug_macro   0x00010391       0x78 ./source/display.o
 .debug_macro   0x00010409       0x10 ./source/display.o
 .debug_macro   0x00010419       0x67 ./source/encoder.o
 .debug_macro   0x00010480       0x10 ./source/encoder.o
 .debug_macro   0x00010490       0x16 ./source/encoder.o
 .debug_macro   0x000104a6       0x3c ./source/encoderDecoder.o
 .debug_macro   0x000104e2       0x6b ./source/encoderHAL.o
 .debug_macro   0x0001054d       0x40 ./source/encoderHAL.o
 .debug_macro   0x0001058d       0xa4 ./source/gpio.o
 .debug_macro   0x00010631       0x72 ./source/magnetCardDecode.o
 .debug_macro   0x000106a3       0x22 ./source/magnetCardDecode.o
 .debug_macro   0x000106c5       0xf4 ./source/magnetCardDecode.o
 .debug_macro   0x000107b9       0x48 ./source/magnetCardLector.o
 .debug_macro   0x00010801       0x2e ./source/magnetCardLector.o
 .debug_macro   0x0001082f       0x28 ./source/magnetCardLector.o
 .debug_macro   0x00010857       0x60 ./source/magnetLectorHAL.o
 .debug_macro   0x000108b7       0x6a ./source/queue.o
 .debug_macro   0x00010921       0xad ./source/stateChangeIntensity.o
 .debug_macro   0x000109ce       0xb1 ./source/stateMenu.o
 .debug_macro   0x00010a7f       0xb9 ./source/stateReceivingID.o
 .debug_macro   0x00010b38       0xc9 ./source/stateReceivingPIN.o
 .debug_macro   0x00010c01       0x4c ./source/timer.o
 .debug_macro   0x00010c4d       0x10 ./source/timer.o
 .debug_macro   0x00010c5d       0x47 ./source/timer_queue.o
 .debug_macro   0x00010ca4       0x9c ./SDK/startup/hardware.o
 .debug_macro   0x00010d40       0x10 ./SDK/startup/hardware.o
 .debug_macro   0x00010d50     0x122b ./SDK/startup/hardware.o
 .debug_macro   0x00011f7b       0x16 ./SDK/startup/hardware.o
 .debug_macro   0x00011f91       0x9c ./SDK/startup/main.o
 .debug_macro   0x0001202d       0x11 ./SDK/startup/semihost_hardfault.o
 .debug_macro   0x0001203e       0x23 ./SDK/startup/startup_mk64f12.o
 .debug_macro   0x00012061       0x80 ./SDK/CMSIS/system_MK64F12.o

.debug_line     0x00000000     0x3000
 .debug_line    0x00000000      0x14b ./source/App.o
 .debug_line    0x0000014b      0x11c ./source/FSM.o
 .debug_line    0x00000267      0x162 ./source/SegmentDisplay.o
 .debug_line    0x000003c9      0x163 ./source/SysTick.o
 .debug_line    0x0000052c      0x206 ./source/dataBase.o
 .debug_line    0x00000732      0x215 ./source/display.o
 .debug_line    0x00000947      0x261 ./source/encoder.o
 .debug_line    0x00000ba8      0x1b6 ./source/encoderDecoder.o
 .debug_line    0x00000d5e      0x16f ./source/encoderHAL.o
 .debug_line    0x00000ecd      0x36f ./source/gpio.o
 .debug_line    0x0000123c      0x337 ./source/magnetCardDecode.o
 .debug_line    0x00001573      0x13f ./source/magnetCardLector.o
 .debug_line    0x000016b2      0x196 ./source/magnetLectorHAL.o
 .debug_line    0x00001848      0x150 ./source/queue.o
 .debug_line    0x00001998      0x1e2 ./source/stateChangeIntensity.o
 .debug_line    0x00001b7a      0x1f7 ./source/stateMenu.o
 .debug_line    0x00001d71      0x1e6 ./source/stateReceivingID.o
 .debug_line    0x00001f57      0x1f9 ./source/stateReceivingPIN.o
 .debug_line    0x00002150      0x169 ./source/timer.o
 .debug_line    0x000022b9      0x11d ./source/timer_queue.o
 .debug_line    0x000023d6      0x1ed ./SDK/startup/hardware.o
 .debug_line    0x000025c3      0x175 ./SDK/startup/main.o
 .debug_line    0x00002738       0x55 ./SDK/startup/semihost_hardfault.o
 .debug_line    0x0000278d      0x680 ./SDK/startup/startup_mk64f12.o
 .debug_line    0x00002e0d      0x1f3 ./SDK/CMSIS/system_MK64F12.o

.debug_str      0x00000000    0x7a210
 .debug_str     0x00000000     0x3a78 ./source/App.o
                               0x3c06 (size before relaxing)
 .debug_str     0x00003a78       0x19 ./source/FSM.o
                               0x3b11 (size before relaxing)
 .debug_str     0x00003a91      0x346 ./source/SegmentDisplay.o
                               0x3b0e (size before relaxing)
 .debug_str     0x00003dd7    0x6d4df ./source/SysTick.o
                              0x70dc8 (size before relaxing)
 .debug_str     0x000712b6      0x111 ./source/dataBase.o
                               0x3a03 (size before relaxing)
 .debug_str     0x000713c7      0x1e7 ./source/display.o
                               0x3ad4 (size before relaxing)
 .debug_str     0x000715ae      0x250 ./source/encoder.o
                               0x3ad6 (size before relaxing)
 .debug_str     0x000717fe       0x81 ./source/encoderDecoder.o
                               0x3989 (size before relaxing)
 .debug_str     0x0007187f      0x19e ./source/encoderHAL.o
                               0x3b72 (size before relaxing)
 .debug_str     0x00071a1d      0x31d ./source/gpio.o
                              0x70e7d (size before relaxing)
 .debug_str     0x00071d3a      0x934 ./source/magnetCardDecode.o
                               0x44b2 (size before relaxing)
 .debug_str     0x0007266e       0xf4 ./source/magnetCardLector.o
                               0x39f7 (size before relaxing)
 .debug_str     0x00072762       0xf2 ./source/magnetLectorHAL.o
                               0x3e44 (size before relaxing)
 .debug_str     0x00072854       0x5a ./source/queue.o
                               0x3b0e (size before relaxing)
 .debug_str     0x000728ae       0xc3 ./source/stateChangeIntensity.o
                               0x3c2b (size before relaxing)
 .debug_str     0x00072971       0x8d ./source/stateMenu.o
                               0x3c34 (size before relaxing)
 .debug_str     0x000729fe       0xef ./source/stateReceivingID.o
                               0x3c99 (size before relaxing)
 .debug_str     0x00072aed       0xe4 ./source/stateReceivingPIN.o
                               0x3cc8 (size before relaxing)
 .debug_str     0x00072bd1       0xc6 ./source/timer.o
                               0x39a9 (size before relaxing)
 .debug_str     0x00072c97       0x4f ./source/timer_queue.o
                               0x393b (size before relaxing)
 .debug_str     0x00072ce6     0x6cb1 ./SDK/startup/hardware.o
                              0x77212 (size before relaxing)
 .debug_str     0x00079997       0x1b ./SDK/startup/main.o
                              0x77028 (size before relaxing)
 .debug_str     0x000799b2       0x36 ./SDK/startup/semihost_hardfault.o
                               0x2d4c (size before relaxing)
 .debug_str     0x000799e8      0x7d1 ./SDK/startup/startup_mk64f12.o
                               0x35bb (size before relaxing)
 .debug_str     0x0007a1b9       0x57 ./SDK/CMSIS/system_MK64F12.o
                              0x77121 (size before relaxing)

.comment        0x00000000       0x7e
 .comment       0x00000000       0x7e ./source/App.o
                                 0x7f (size before relaxing)
 .comment       0x0000007e       0x7f ./source/FSM.o
 .comment       0x0000007e       0x7f ./source/SegmentDisplay.o
 .comment       0x0000007e       0x7f ./source/SysTick.o
 .comment       0x0000007e       0x7f ./source/dataBase.o
 .comment       0x0000007e       0x7f ./source/display.o
 .comment       0x0000007e       0x7f ./source/encoder.o
 .comment       0x0000007e       0x7f ./source/encoderDecoder.o
 .comment       0x0000007e       0x7f ./source/encoderHAL.o
 .comment       0x0000007e       0x7f ./source/gpio.o
 .comment       0x0000007e       0x7f ./source/magnetCardDecode.o
 .comment       0x0000007e       0x7f ./source/magnetCardLector.o
 .comment       0x0000007e       0x7f ./source/magnetLectorHAL.o
 .comment       0x0000007e       0x7f ./source/queue.o
 .comment       0x0000007e       0x7f ./source/stateChangeIntensity.o
 .comment       0x0000007e       0x7f ./source/stateMenu.o
 .comment       0x0000007e       0x7f ./source/stateReceivingID.o
 .comment       0x0000007e       0x7f ./source/stateReceivingPIN.o
 .comment       0x0000007e       0x7f ./source/timer.o
 .comment       0x0000007e       0x7f ./source/timer_queue.o
 .comment       0x0000007e       0x7f ./SDK/startup/hardware.o
 .comment       0x0000007e       0x7f ./SDK/startup/main.o
 .comment       0x0000007e       0x7f ./SDK/startup/semihost_hardfault.o
 .comment       0x0000007e       0x7f ./SDK/startup/startup_mk64f12.o
 .comment       0x0000007e       0x7f ./SDK/CMSIS/system_MK64F12.o
 .comment       0x0000007e       0x7f c:/nxp/mcuxpressoide_10.2.0_759/ide/tools/bin/../lib/gcc/arm-none-eabi/7.2.1/../../../../arm-none-eabi/lib/thumb/v7e-m/fpv4-sp/hard\libcr_c.a(memcpy.o)

.ARM.attributes
                0x00000000       0x37
 .ARM.attributes
                0x00000000       0x39 ./source/App.o
 .ARM.attributes
                0x00000039       0x39 ./source/FSM.o
 .ARM.attributes
                0x00000072       0x39 ./source/SegmentDisplay.o
 .ARM.attributes
                0x000000ab       0x39 ./source/SysTick.o
 .ARM.attributes
                0x000000e4       0x39 ./source/dataBase.o
 .ARM.attributes
                0x0000011d       0x39 ./source/display.o
 .ARM.attributes
                0x00000156       0x39 ./source/encoder.o
 .ARM.attributes
                0x0000018f       0x39 ./source/encoderDecoder.o
 .ARM.attributes
                0x000001c8       0x39 ./source/encoderHAL.o
 .ARM.attributes
                0x00000201       0x39 ./source/gpio.o
 .ARM.attributes
                0x0000023a       0x39 ./source/magnetCardDecode.o
 .ARM.attributes
                0x00000273       0x39 ./source/magnetCardLector.o
 .ARM.attributes
                0x000002ac       0x39 ./source/magnetLectorHAL.o
 .ARM.attributes
                0x000002e5       0x39 ./source/queue.o
 .ARM.attributes
                0x0000031e       0x39 ./source/stateChangeIntensity.o
 .ARM.attributes
                0x00000357       0x39 ./source/stateMenu.o
 .ARM.attributes
                0x00000390       0x39 ./source/stateReceivingID.o
 .ARM.attributes
                0x000003c9       0x39 ./source/stateReceivingPIN.o
 .ARM.attributes
                0x00000402       0x39 ./source/timer.o
 .ARM.attributes
                0x0000043b       0x39 ./source/timer_queue.o
 .ARM.attributes
                0x00000474       0x39 ./SDK/startup/hardware.o
 .ARM.attributes
                0x000004ad       0x39 ./SDK/startup/main.o
 .ARM.attributes
                0x000004e6       0x39 ./SDK/startup/semihost_hardfault.o
 .ARM.attributes
                0x0000051f       0x39 ./SDK/startup/startup_mk64f12.o
 .ARM.attributes
                0x00000558       0x39 ./SDK/CMSIS/system_MK64F12.o
 .ARM.attributes
                0x00000591       0x39 c:/nxp/mcuxpressoide_10.2.0_759/ide/tools/bin/../lib/gcc/arm-none-eabi/7.2.1/../../../../arm-none-eabi/lib/thumb/v7e-m/fpv4-sp/hard\libcr_c.a(memcpy.o)
 .ARM.attributes
                0x000005ca       0x25 c:/nxp/mcuxpressoide_10.2.0_759/ide/tools/bin/../lib/gcc/arm-none-eabi/7.2.1/thumb/v7e-m/fpv4-sp/hard\libcr_eabihelpers.a(memcpy.o)

.debug_frame    0x00000000     0x16e4
 .debug_frame   0x00000000       0x50 ./source/App.o
 .debug_frame   0x00000050       0x2c ./source/FSM.o
 .debug_frame   0x0000007c       0x84 ./source/SegmentDisplay.o
 .debug_frame   0x00000100       0x3c ./source/SysTick.o
 .debug_frame   0x0000013c      0x134 ./source/dataBase.o
 .debug_frame   0x00000270      0x100 ./source/display.o
 .debug_frame   0x00000370      0x104 ./source/encoder.o
 .debug_frame   0x00000474       0xcc ./source/encoderDecoder.o
 .debug_frame   0x00000540       0x84 ./source/encoderHAL.o
 .debug_frame   0x000005c4      0x224 ./source/gpio.o
 .debug_frame   0x000007e8       0xdc ./source/magnetCardDecode.o
 .debug_frame   0x000008c4       0x54 ./source/magnetCardLector.o
 .debug_frame   0x00000918       0x98 ./source/magnetLectorHAL.o
 .debug_frame   0x000009b0       0x60 ./source/queue.o
 .debug_frame   0x00000a10       0x74 ./source/stateChangeIntensity.o
 .debug_frame   0x00000a84       0x78 ./source/stateMenu.o
 .debug_frame   0x00000afc       0x88 ./source/stateReceivingID.o
 .debug_frame   0x00000b84       0x88 ./source/stateReceivingPIN.o
 .debug_frame   0x00000c0c       0xa0 ./source/timer.o
 .debug_frame   0x00000cac       0x50 ./source/timer_queue.o
 .debug_frame   0x00000cfc       0x50 ./SDK/startup/hardware.o
 .debug_frame   0x00000d4c       0x28 ./SDK/startup/main.o
 .debug_frame   0x00000d74       0x20 ./SDK/startup/semihost_hardfault.o
 .debug_frame   0x00000d94      0x904 ./SDK/startup/startup_mk64f12.o
 .debug_frame   0x00001698       0x4c ./SDK/CMSIS/system_MK64F12.o

.debug_loc      0x00000000     0x2fbf
 .debug_loc     0x00000000      0x1bb ./source/SegmentDisplay.o
 .debug_loc     0x000001bb       0x48 ./source/SysTick.o
 .debug_loc     0x00000203      0x3a7 ./source/dataBase.o
 .debug_loc     0x000005aa      0x166 ./source/display.o
 .debug_loc     0x00000710      0x2ce ./source/encoder.o
 .debug_loc     0x000009de      0x143 ./source/encoderDecoder.o
 .debug_loc     0x00000b21      0x133 ./source/encoderHAL.o
 .debug_loc     0x00000c54      0x77d ./source/gpio.o
 .debug_loc     0x000013d1      0xe8d ./source/magnetCardDecode.o
 .debug_loc     0x0000225e       0x6c ./source/magnetLectorHAL.o
 .debug_loc     0x000022ca      0x152 ./source/queue.o
 .debug_loc     0x0000241c      0x1bb ./source/stateChangeIntensity.o
 .debug_loc     0x000025d7      0x1fe ./source/stateMenu.o
 .debug_loc     0x000027d5      0x1cc ./source/stateReceivingID.o
 .debug_loc     0x000029a1      0x227 ./source/stateReceivingPIN.o
 .debug_loc     0x00002bc8       0xda ./source/timer.o
 .debug_loc     0x00002ca2       0x70 ./source/timer_queue.o
 .debug_loc     0x00002d12      0x1f2 ./SDK/startup/startup_mk64f12.o
 .debug_loc     0x00002f04       0xbb ./SDK/CMSIS/system_MK64F12.o
