Archive member included to satisfy reference by file (symbol)

c:/nxp/mcuxpressoide_10.2.0_759/ide/tools/bin/../lib/gcc/arm-none-eabi/7.2.1/../../../../arm-none-eabi/lib/thumb/v7e-m/fpv4-sp/hard\libcr_c.a(memcpy.o)
                              ./source/magnetCardLector.o (memcpy)
c:/nxp/mcuxpressoide_10.2.0_759/ide/tools/bin/../lib/gcc/arm-none-eabi/7.2.1/thumb/v7e-m/fpv4-sp/hard\libcr_eabihelpers.a(memcpy.o)
                              c:/nxp/mcuxpressoide_10.2.0_759/ide/tools/bin/../lib/gcc/arm-none-eabi/7.2.1/../../../../arm-none-eabi/lib/thumb/v7e-m/fpv4-sp/hard\libcr_c.a(memcpy.o) (__aeabi_memcpy)

Discarded input sections

 .group         0x00000000        0xc ./source/App.o
 .group         0x00000000        0xc ./source/App.o
 .group         0x00000000        0xc ./source/App.o
 .group         0x00000000        0xc ./source/App.o
 .group         0x00000000        0xc ./source/App.o
 .group         0x00000000        0xc ./source/App.o
 .group         0x00000000        0xc ./source/App.o
 .group         0x00000000        0xc ./source/App.o
 .group         0x00000000        0xc ./source/App.o
 .text          0x00000000        0x0 ./source/App.o
 .data          0x00000000        0x0 ./source/App.o
 .bss           0x00000000        0x0 ./source/App.o
 .bss.newEvent  0x00000000        0x1 ./source/App.o
 .group         0x00000000        0xc ./source/FSM.o
 .group         0x00000000        0xc ./source/FSM.o
 .group         0x00000000        0xc ./source/FSM.o
 .group         0x00000000        0xc ./source/FSM.o
 .group         0x00000000        0xc ./source/FSM.o
 .group         0x00000000        0xc ./source/FSM.o
 .group         0x00000000        0xc ./source/FSM.o
 .text          0x00000000        0x0 ./source/FSM.o
 .data          0x00000000        0x0 ./source/FSM.o
 .bss           0x00000000        0x0 ./source/FSM.o
 .debug_macro   0x00000000      0xa5a ./source/FSM.o
 .debug_macro   0x00000000       0x10 ./source/FSM.o
 .debug_macro   0x00000000       0x22 ./source/FSM.o
 .debug_macro   0x00000000      0x34e ./source/FSM.o
 .debug_macro   0x00000000       0x16 ./source/FSM.o
 .debug_macro   0x00000000       0x10 ./source/FSM.o
 .debug_macro   0x00000000       0x16 ./source/FSM.o
 .group         0x00000000        0xc ./source/SegmentDisplay.o
 .group         0x00000000        0xc ./source/SegmentDisplay.o
 .group         0x00000000        0xc ./source/SegmentDisplay.o
 .group         0x00000000        0xc ./source/SegmentDisplay.o
 .text          0x00000000        0x0 ./source/SegmentDisplay.o
 .data          0x00000000        0x0 ./source/SegmentDisplay.o
 .bss           0x00000000        0x0 ./source/SegmentDisplay.o
 .debug_macro   0x00000000      0xa5a ./source/SegmentDisplay.o
 .debug_macro   0x00000000      0x34e ./source/SegmentDisplay.o
 .debug_macro   0x00000000       0x22 ./source/SegmentDisplay.o
 .group         0x00000000        0xc ./source/SysTick.o
 .group         0x00000000        0xc ./source/SysTick.o
 .group         0x00000000        0xc ./source/SysTick.o
 .group         0x00000000        0xc ./source/SysTick.o
 .group         0x00000000        0xc ./source/SysTick.o
 .group         0x00000000        0xc ./source/SysTick.o
 .group         0x00000000        0xc ./source/SysTick.o
 .group         0x00000000        0xc ./source/SysTick.o
 .group         0x00000000        0xc ./source/SysTick.o
 .group         0x00000000        0xc ./source/SysTick.o
 .group         0x00000000        0xc ./source/SysTick.o
 .text          0x00000000        0x0 ./source/SysTick.o
 .data          0x00000000        0x0 ./source/SysTick.o
 .bss           0x00000000        0x0 ./source/SysTick.o
 .debug_macro   0x00000000      0xa5a ./source/SysTick.o
 .debug_macro   0x00000000       0x22 ./source/SysTick.o
 .debug_macro   0x00000000      0x34e ./source/SysTick.o
 .group         0x00000000        0xc ./source/dataBase.o
 .group         0x00000000        0xc ./source/dataBase.o
 .group         0x00000000        0xc ./source/dataBase.o
 .group         0x00000000        0xc ./source/dataBase.o
 .group         0x00000000        0xc ./source/dataBase.o
 .group         0x00000000        0xc ./source/dataBase.o
 .text          0x00000000        0x0 ./source/dataBase.o
 .data          0x00000000        0x0 ./source/dataBase.o
 .bss           0x00000000        0x0 ./source/dataBase.o
 .text.changePIN
                0x00000000       0x70 ./source/dataBase.o
 .text.removeUser
                0x00000000       0xa0 ./source/dataBase.o
 .debug_macro   0x00000000      0xa5a ./source/dataBase.o
 .debug_macro   0x00000000       0x22 ./source/dataBase.o
 .debug_macro   0x00000000      0x34e ./source/dataBase.o
 .debug_macro   0x00000000       0x16 ./source/dataBase.o
 .debug_macro   0x00000000       0x10 ./source/dataBase.o
 .debug_macro   0x00000000       0x16 ./source/dataBase.o
 .group         0x00000000        0xc ./source/display.o
 .group         0x00000000        0xc ./source/display.o
[...]
Memory Configuration

Name             Origin             Length             Attributes
PROGRAM_FLASH    0x00000000         0x00100000         xr
SRAM_UPPER       0x20000000         0x00030000         xrw
SRAM_LOWER       0x1fff0000         0x00010000         xrw
FLEX_RAM         0x14000000         0x00001000         xrw
*default*        0x00000000         0xffffffff

Linker script and memory map

LOAD ./source/App.o
LOAD ./source/FSM.o
LOAD ./source/SegmentDisplay.o
LOAD ./source/SysTick.o
LOAD ./source/dataBase.o
LOAD ./source/display.o
LOAD ./source/doorManagement.o
LOAD ./source/encoder.o
LOAD ./source/encoderDecoder.o
LOAD ./source/encoderHAL.o
LOAD ./source/gpio.o
LOAD ./source/magnetCardDecode.o
LOAD ./source/magnetCardLector.o
LOAD ./source/magnetLectorHAL.o
LOAD ./source/queue.o
LOAD ./source/stateAddingUser.o
LOAD ./source/stateAdminMode.o
LOAD ./source/stateBlocked.o
LOAD ./source/stateChangeIntensity.o
LOAD ./source/stateChangingPIN.o
LOAD ./source/stateMenu.o
LOAD ./source/stateReceivingID.o
LOAD ./source/stateReceivingPIN.o
LOAD ./source/stateRemovingUser.o
LOAD ./source/stateUserApproved.o
LOAD ./source/timer.o
LOAD ./source/timer_queue.o
LOAD ./SDK/startup/hardware.o
LOAD ./SDK/startup/main.o
LOAD ./SDK/startup/semihost_hardfault.o
LOAD ./SDK/startup/startup_mk64f12.o
LOAD ./SDK/CMSIS/system_MK64F12.o
START GROUP
LOAD c:/nxp/mcuxpressoide_10.2.0_759/ide/tools/bin/../lib/gcc/arm-none-eabi/7.2.1/../../../../arm-none-eabi/lib/thumb/v7e-m/fpv4-sp/hard\libcr_c.a
LOAD c:/nxp/mcuxpressoide_10.2.0_759/ide/tools/bin/../lib/gcc/arm-none-eabi/7.2.1/thumb/v7e-m/fpv4-sp/hard\libcr_eabihelpers.a
END GROUP
                0x00000000                __base_PROGRAM_FLASH = 0x0
                0x00000000                __base_Flash = 0x0
                0x00100000                __top_PROGRAM_FLASH = 0x100000
                0x00100000                __top_Flash = 0x100000
                0x20000000                __base_SRAM_UPPER = 0x20000000
                0x20000000                __base_RAM = 0x20000000
                0x20030000                __top_SRAM_UPPER = 0x20030000
                0x20030000                __top_RAM = 0x20030000
                0x1fff0000                __base_SRAM_LOWER = 0x1fff0000
                0x1fff0000                __base_RAM2 = 0x1fff0000
                0x20000000                __top_SRAM_LOWER = 0x20000000
                0x20000000                __top_RAM2 = 0x20000000
                0x14000000                __base_FLEX_RAM = 0x14000000
                0x14000000                __base_RAM3 = 0x14000000
                0x14001000                __top_FLEX_RAM = 0x14001000
                0x14001000                __top_RAM3 = 0x14001000

.text           0x00000000     0x2cd8
 FILL mask 0xff
                0x00000000                __vectors_start__ = ABSOLUTE (.)
 *(SORT_BY_ALIGNMENT(.isr_vector))
 .isr_vector    0x00000000      0x198 ./SDK/startup/startup_mk64f12.o
                0x00000000                g_pfnVectors
                0x00000000                __Vectors
                0x00000198                . = ALIGN (0x4)
                0x00000198                __section_table_start = .
                0x00000198                __data_section_table = .
                0x00000198        0x4 LONG 0x2cd8 LOADADDR (.data)
                0x0000019c        0x4 LONG 0x20000000 ADDR (.data)
                0x000001a0        0x4 LONG 0x40 SIZEOF (.data)
                0x000001a4        0x4 LONG 0x2cd8 LOADADDR (.data_RAM2)
                0x000001a8        0x4 LONG 0x1fff0000 ADDR (.data_RAM2)
                0x000001ac        0x4 LONG 0x0 SIZEOF (.data_RAM2)
                0x000001b0        0x4 LONG 0x2cd8 LOADADDR (.data_RAM3)
                0x000001b4        0x4 LONG 0x14000000 ADDR (.data_RAM3)
                0x000001b8        0x4 LONG 0x0 SIZEOF (.data_RAM3)
                0x000001bc                __data_section_table_end = .
                0x000001bc                __bss_section_table = .
                0x000001bc        0x4 LONG 0x20000040 ADDR (.bss)
                0x000001c0        0x4 LONG 0x232b0 SIZEOF (.bss)
                0x000001c4        0x4 LONG 0x1fff0000 ADDR (.bss_RAM2)
                0x000001c8        0x4 LONG 0x0 SIZEOF (.bss_RAM2)
                0x000001cc        0x4 LONG 0x14000000 ADDR (.bss_RAM3)
                0x000001d0        0x4 LONG 0x0 SIZEOF (.bss_RAM3)
                0x000001d4                __bss_section_table_end = .
                0x000001d4                __section_table_end = .
 *(SORT_BY_ALIGNMENT(.after_vectors*))
 .after_vectors.reset
                0x000001d4       0x4c ./SDK/startup/startup_mk64f12.o
                0x000001d4                ResetISR
 .after_vectors
                0x00000220       0x14 ./SDK/startup/startup_mk64f12.o
                0x00000220                NMI_Handler
                0x00000224                MemManage_Handler
                0x00000226                BusFault_Handler
                0x00000228                UsageFault_Handler
                0x0000022a                SVC_Handler
                0x0000022c                DebugMon_Handler
                0x0000022e                PendSV_Handler
                0x00000232                DMA_Error_DriverIRQHandler
                0x00000232                LPTMR0_DriverIRQHandler
                0x00000232                FTM1_DriverIRQHandler
                0x00000232                FTM2_DriverIRQHandler
                0x00000232                PIT2_DriverIRQHandler
                0x00000232                SDHC_DriverIRQHandler
                0x00000232                I2S0_Tx_DriverIRQHandler
                0x00000232                RTC_Seconds_DriverIRQHandler
                0x00000232                DMA6_DriverIRQHandler
                0x00000232                LLWU_DriverIRQHandler
                0x00000232                MCM_DriverIRQHandler
                0x00000232                MCG_DriverIRQHandler
                0x00000232                ENET_1588_Timer_DriverIRQHandler
                0x00000232                I2C2_DriverIRQHandler
                0x00000232                DAC1_DriverIRQHandler
                0x00000232                SPI1_DriverIRQHandler
                0x00000232                CMP1_DriverIRQHandler
                0x00000232                UART5_RX_TX_DriverIRQHandler
                0x00000232                FTM0_DriverIRQHandler
                0x00000232                IntDefaultHandler
                0x00000232                USB0_DriverIRQHandler
                0x00000232                UART5_ERR_DriverIRQHandler
                0x00000232                PORTC_DriverIRQHandler
                0x00000232                DMA11_DriverIRQHandler
                0x00000232                DAC0_DriverIRQHandler
                0x00000232                DMA10_DriverIRQHandler
                0x00000232                CMP2_DriverIRQHandler
                0x00000232                UART2_ERR_DriverIRQHandler
                0x00000232                SPI2_DriverIRQHandler
                0x00000232                LVD_LVW_DriverIRQHandler
                0x00000232                PIT0_DriverIRQHandler
                0x00000232                RNG_DriverIRQHandler
                0x00000232                DMA5_DriverIRQHandler
                0x00000232                DMA12_DriverIRQHandler
                0x00000232                UART2_RX_TX_DriverIRQHandler
                0x00000232                USBDCD_DriverIRQHandler
                0x00000232                UART3_ERR_DriverIRQHandler
                0x00000232                DMA3_DriverIRQHandler
                0x00000232                DMA8_DriverIRQHandler
                0x00000232                DMA9_DriverIRQHandler
                0x00000232                UART0_ERR_DriverIRQHandler
                0x00000232                CMT_DriverIRQHandler
                0x00000232                Reserved71_DriverIRQHandler
                0x00000232                ADC1_DriverIRQHandler
                0x00000232                PORTA_DriverIRQHandler
                0x00000232                DMA14_DriverIRQHandler
                0x00000232                PIT3_DriverIRQHandler
                0x00000232                PIT1_DriverIRQHandler
                0x00000232                WDOG_EWM_DriverIRQHandler
                0x00000232                PDB0_DriverIRQHandler
                0x00000232                RTC_DriverIRQHandler
                0x00000232                I2S0_Rx_DriverIRQHandler
                0x00000232                Read_Collision_DriverIRQHandler
                0x00000232                SWI_DriverIRQHandler
                0x00000232                UART4_RX_TX_DriverIRQHandler
                0x00000232                UART4_ERR_DriverIRQHandler
                0x00000232                PORTB_DriverIRQHandler
                0x00000232                UART0_LON_DriverIRQHandler
                0x00000232                DMA0_DriverIRQHandler
                0x00000232                DMA1_DriverIRQHandler
                0x00000232                I2C1_DriverIRQHandler
                0x00000232                UART3_RX_TX_DriverIRQHandler
                0x00000232                ENET_Receive_DriverIRQHandler
                0x00000232                DMA13_DriverIRQHandler
                0x00000232                ENET_Error_DriverIRQHandler
                0x00000232                DMA15_DriverIRQHandler
                0x00000232                UART0_RX_TX_DriverIRQHandler
                0x00000232                SPI0_DriverIRQHandler
                0x00000232                ADC0_DriverIRQHandler
                0x00000232                CMP0_DriverIRQHandler
                0x00000232                CAN0_DriverIRQHandler
                0x00000232                FTM3_DriverIRQHandler
                0x00000232                DMA4_DriverIRQHandler
                0x00000232                UART1_ERR_DriverIRQHandler
                0x00000232                DMA2_DriverIRQHandler
                0x00000232                ENET_Transmit_DriverIRQHandler
                0x00000232                PORTD_DriverIRQHandler
                0x00000232                PORTE_DriverIRQHandler
                0x00000232                FTFE_DriverIRQHandler
                0x00000232                I2C0_DriverIRQHandler
                0x00000232                DMA7_DriverIRQHandler
                0x00000232                UART1_RX_TX_DriverIRQHandler
 .after_vectors.init_data
                0x00000234       0x1e ./SDK/startup/startup_mk64f12.o
                0x00000234                data_init
 .after_vectors.init_bss
                0x00000252       0x12 ./SDK/startup/startup_mk64f12.o
                0x00000252                bss_init
                0x00000400                . = 0x400
 *fill*         0x00000264      0x19c ff
                0x00000400                PROVIDE (__FLASH_CONFIG_START__, .)
 *(SORT_BY_ALIGNMENT(.FlashConfig))
 .FlashConfig   0x00000400       0x10 ./SDK/startup/startup_mk64f12.o
                0x00000400                Flash_Config
                0x00000410                PROVIDE (__FLASH_CONFIG_END__, .)
                0x00000001                ASSERT (! ((__FLASH_CONFIG_START__ == __FLASH_CONFIG_END__)), Linker Flash Config Support Enabled, but no .FlashConfig section provided within application)
 *(SORT_BY_ALIGNMENT(.text*))
 .text.App_Init
                0x00000410       0x3c ./source/App.o
                0x00000410                App_Init
 .text.App_Run  0x0000044c       0xa0 ./source/App.o
                0x0000044c                App_Run
 .text.initFSM  0x000004ec       0x2c ./source/FSM.o
                0x000004ec                initFSM
 .text.InitializeSegmentDisplay
                0x00000518       0x68 ./source/SegmentDisplay.o
                0x00000518                InitializeSegmentDisplay
 .text.PrintChar
                0x00000580       0x70 ./source/SegmentDisplay.o
                0x00000580                PrintChar
 .text.SysTick_Init
                0x000005f0       0x2c ./source/SysTick.o
                0x000005f0                SysTick_Init
 .text.SysTick_Handler
                0x0000061c       0x10 ./source/SysTick.o
                0x0000061c                SysTick_Handler
 .text.verifyID
                0x0000062c       0x5c ./source/dataBase.o
                0x0000062c                verifyID
 .text.addUser  0x00000688       0x58 ./source/dataBase.o
                0x00000688                addUser
 .text.initializeDataBase
                0x000006e0       0x30 ./source/dataBase.o
                0x000006e0                initializeDataBase
 .text.verifyPIN
                0x00000710       0x7c ./source/dataBase.o
                0x00000710                verifyPIN
 .text.verifyCategory
                0x0000078c       0x58 ./source/dataBase.o
                0x0000078c                verifyCategory
 .text.ShiftLeft
                0x000007e4       0x10 ./source/display.o
                0x000007e4                ShiftLeft
 .text.ClearDisplay
                0x000007f4       0x30 ./source/display.o
                0x000007f4                ClearDisplay
 .text.InitializeDisplay
                0x00000824       0x64 ./source/display.o
                0x00000824                InitializeDisplay
 .text.SetBrightness
                0x00000888       0x14 ./source/display.o
                0x00000888                SetBrightness
 .text.UpdateDisplay
                0x0000089c       0xe8 ./source/display.o
                0x0000089c                UpdateDisplay
 .text.PrintMessage
                0x00000984       0x6c ./source/display.o
                0x00000984                PrintMessage
 .text.openDoorTemporally
                0x000009f0       0x1c ./source/doorManagement.o
                0x000009f0                openDoorTemporally
 .text.initializeEncoderQueue
                0x00000a0c       0x14 ./source/encoder.o
                0x00000a0c                initializeEncoderQueue
 .text.initializeEncoder
                0x00000a20       0x58 ./source/encoder.o
                0x00000a20                initializeEncoder
 .text.popEncoderEvent
                0x00000a78       0x40 ./source/encoder.o
                0x00000a78                popEncoderEvent
 .text.isEncEventValid
                0x00000ab8       0x10 ./source/encoder.o
                0x00000ab8                isEncEventValid
 .text.pushEncoderEvent
                0x00000ac8       0x3c ./source/encoder.o
                0x00000ac8                pushEncoderEvent
 .text.updateData
                0x00000b04       0x18 ./source/encoderDecoder.o
                0x00000b04                updateData
 .text.resetData
                0x00000b1c       0x14 ./source/encoderDecoder.o
                0x00000b1c                resetData
 .text.decodeEncoder
                0x00000b30       0x38 ./source/encoderDecoder.o
                0x00000b30                decodeEncoder
 .text.checkEnterRisingEdge
                0x00000b68        0xc ./source/encoderDecoder.o
                0x00000b68                checkEnterRisingEdge
 .text.checkEnterFallingEdge
                0x00000b74       0x10 ./source/encoderDecoder.o
                0x00000b74                checkEnterFallingEdge
 .text.encTimerRoutine
                0x00000b84       0x18 ./source/encoderHAL.o
                0x00000b84                encTimerRoutine
 .text.initializeEncoderHAL
                0x00000b9c       0x6c ./source/encoderHAL.o
                0x00000b9c                initializeEncoderHAL
 .text.resetEncoderTimerCount
                0x00000c08        0xc ./source/encoderHAL.o
                0x00000c08                resetEncoderTimerCount
 .text.getEncTimerCount
                0x00000c14        0xc ./source/encoderHAL.o
                0x00000c14                getEncTimerCount
 .text.PORTX_IRQHandler
                0x00000c20       0x54 ./source/gpio.o
                0x00000c20                PORTX_IRQHandler
 .text.gpioMode
                0x00000c74       0x98 ./source/gpio.o
                0x00000c74                gpioMode
 .text.gpioRead
                0x00000d0c       0x3c ./source/gpio.o
                0x00000d0c                gpioRead
 .text.setPassiveFilter
                0x00000d48       0x38 ./source/gpio.o
                0x00000d48                setPassiveFilter
 .text.gpioWrite
                0x00000d80       0x40 ./source/gpio.o
                0x00000d80                gpioWrite
 .text.gpioIRQ  0x00000dc0       0x98 ./source/gpio.o
                0x00000dc0                gpioIRQ
 .text.magnetDataParser
                0x00000e58       0x44 ./source/magnetCardDecode.o
                0x00000e58                magnetDataParser
 .text.enableRoutine
                0x00000e9c       0x58 ./source/magnetLectorHAL.o
                0x00000e9c                enableRoutine
 .text.clockRoutine
                0x00000ef4       0x3c ./source/magnetLectorHAL.o
                0x00000ef4                clockRoutine
 .text.getLectureEvent
                0x00000f30       0x44 ./source/magnetLectorHAL.o
                0x00000f30                getLectureEvent
 .text.isEventinLectorQueue
                0x00000f74       0x10 ./source/magnetLectorHAL.o
                0x00000f74                isEventinLectorQueue
 .text.initLectorQueue
                0x00000f84       0x14 ./source/magnetLectorHAL.o
                0x00000f84                initLectorQueue
 .text.hwLectorInit
                0x00000f98       0x44 ./source/magnetLectorHAL.o
                0x00000f98                hwLectorInit
 .text.AMinputEvHandler
                0x00000fdc      0x110 ./source/stateAdminMode.o
                0x00000fdc                AMinputEvHandler
 .text.AMtimerEvHandler
                0x000010ec       0x58 ./source/stateAdminMode.o
                0x000010ec                AMtimerEvHandler
 .text.AMkeycardEvHandler
                0x00001144       0x98 ./source/stateAdminMode.o
                0x00001144                AMkeycardEvHandler
 .text.CIinputEvHandler
                0x000011dc       0xe0 ./source/stateChangeIntensity.o
                0x000011dc                CIinputEvHandler
 .text.CIkeycardEvHandler
                0x000012bc       0x98 ./source/stateChangeIntensity.o
                0x000012bc                CIkeycardEvHandler
 .text.MinputEvHandler
                0x00001354       0xe0 ./source/stateMenu.o
                0x00001354                MinputEvHandler
 .text.MkeycardEvHandler
                0x00001434       0x8c ./source/stateMenu.o
                0x00001434                MkeycardEvHandler
 .text.createIDString
                0x000014c0       0x50 ./source/stateReceivingID.o
                0x000014c0                createIDString
 .text.RIinputEvHandler
                0x00001510      0x1c0 ./source/stateReceivingID.o
                0x00001510                RIinputEvHandler
 .text.RItimerEvHandler
                0x000016d0       0x58 ./source/stateReceivingID.o
                0x000016d0                RItimerEvHandler
 .text.RIkeycardEvHandler
                0x00001728       0x98 ./source/stateReceivingID.o
                0x00001728                RIkeycardEvHandler
 .text.createPINString
                0x000017c0       0x70 ./source/stateReceivingPIN.o
                0x000017c0                createPINString
 .text.RPinputEvHandler
                0x00001830      0x2ac ./source/stateReceivingPIN.o
                0x00001830                RPinputEvHandler
 .text.RPtimerEvHandler
                0x00001adc       0x70 ./source/stateReceivingPIN.o
                0x00001adc                RPtimerEvHandler
 .text.RPkeycardEvHandler
                0x00001b4c       0xe0 ./source/stateReceivingPIN.o
                0x00001b4c                RPkeycardEvHandler
 .text.UAinputEvHandler
                0x00001c2c      0x168 ./source/stateUserApproved.o
                0x00001c2c                UAinputEvHandler
 .text.UAtimerEvHandler
                0x00001d94       0x58 ./source/stateUserApproved.o
                0x00001d94                UAtimerEvHandler
 .text.UAkeycardEvHandler
                0x00001dec       0x98 ./source/stateUserApproved.o
                0x00001dec                UAkeycardEvHandler
 .text.sysTickCallback
                0x00001e84       0x34 ./source/timer.o
                0x00001e84                sysTickCallback
 .text.InitializeTimers
                0x00001eb8       0x3c ./source/timer.o
                0x00001eb8                InitializeTimers
 .text.SetTimer
                0x00001ef4       0x38 ./source/timer.o
                0x00001ef4                SetTimer
 .text.EnableTimer
                0x00001f2c       0x10 ./source/timer.o
                0x00001f2c                EnableTimer
 .text.DisableTimer
                0x00001f3c       0x10 ./source/timer.o
                0x00001f3c                DisableTimer
 .text.InitializeTimerQueue
                0x00001f4c        0xc ./source/timer_queue.o
                0x00001f4c                InitializeTimerQueue
 .text.PushTimerEv
                0x00001f58       0x24 ./source/timer_queue.o
                0x00001f58                PushTimerEv
 .text.PopTimerEv
                0x00001f7c       0x10 ./source/timer_queue.o
                0x00001f7c                PopTimerEv
 .text.IsTimerQueueEmpty
                0x00001f8c       0x10 ./source/timer_queue.o
                0x00001f8c                IsTimerQueueEmpty
 .text.hw_Init  0x00001f9c       0xc0 ./SDK/startup/hardware.o
                0x00001f9c                hw_Init
 .text.hw_EnableInterrupts
                0x0000205c       0x18 ./SDK/startup/hardware.o
                0x0000205c                hw_EnableInterrupts
 .text.hw_DisableInterrupts
                0x00002074       0x10 ./SDK/startup/hardware.o
                0x00002074                hw_DisableInterrupts
 .text.SystemInit
                0x00002084       0x34 ./SDK/CMSIS/system_MK64F12.o
                0x00002084                SystemInit
 .text.SelectDigit
                0x000020b8       0x56 ./source/SegmentDisplay.o
                0x000020b8                SelectDigit
 .text.SetDigit
                0x0000210e       0x80 ./source/SegmentDisplay.o
                0x0000210e                SetDigit
 .text.GenerateDisplayEv
                0x0000218e        0xa ./source/display.o
                0x0000218e                GenerateDisplayEv
 .text.GenerateBrightnessEv
                0x00002198       0x10 ./source/display.o
                0x00002198                GenerateBrightnessEv
 .text.GetStringSize
                0x000021a8       0x14 ./source/display.o
                0x000021a8                GetStringSize
 .text.openDoor
                0x000021bc        0xc ./source/doorManagement.o
                0x000021bc                openDoor
 .text.closeDoor
                0x000021c8        0xc ./source/doorManagement.o
                0x000021c8                closeDoor
 .text.closeAfterTimeOut
                0x000021d4        0xe ./source/doorManagement.o
                0x000021d4                closeAfterTimeOut
 .text.rotationCallback
                0x000021e2       0x58 ./source/encoder.o
                0x000021e2                rotationCallback
 .text.buttonCallback
                0x0000223a       0x5a ./source/encoder.o
                0x0000223a                buttonCallback
 .text.readEncoderSignalX
                0x00002294       0x28 ./source/encoderHAL.o
                0x00002294                readEncoderSignalX
 .text.setButtonCallback
                0x000022bc        0xe ./source/encoderHAL.o
                0x000022bc                setButtonCallback
 .text.PORTA_IRQHandler
                0x000022ca        0xa ./source/gpio.o
                0x000022ca                PORTA_IRQHandler
 .text.PORTB_IRQHandler
                0x000022d4        0xa ./source/gpio.o
                0x000022d4                PORTB_IRQHandler
 .text.PORTC_IRQHandler
                0x000022de        0xa ./source/gpio.o
                0x000022de                PORTC_IRQHandler
 .text.PORTD_IRQHandler
                0x000022e8        0xa ./source/gpio.o
                0x000022e8                PORTD_IRQHandler
 .text.PORTE_IRQHandler
                0x000022f2        0xa ./source/gpio.o
                0x000022f2                PORTE_IRQHandler
 .text.setGPIOdataOut
                0x000022fc       0x1c ./source/gpio.o
                0x000022fc                setGPIOdataOut
 .text.setPCRirqc
                0x00002318       0x16 ./source/gpio.o
                0x00002318                setPCRirqc
 .text.identifyCardSymbol
                0x0000232e       0x68 ./source/magnetCardDecode.o
                0x0000232e                identifyCardSymbol
 .text.shapeMagnetTrack
                0x00002396       0x22 ./source/magnetCardDecode.o
                0x00002396                shapeMagnetTrack
 .text.getTrackShaped
                0x000023b8       0xd0 ./source/magnetCardDecode.o
                0x000023b8                getTrackShaped
 .text.decodeTrackX
                0x00002488      0x180 ./source/magnetCardDecode.o
                0x00002488                decodeTrackX
 .text.initMagnetCardLector
                0x00002608        0x8 ./source/magnetCardLector.o
                0x00002608                initMagnetCardLector
 .text.someMagnetCard2Read
                0x00002610        0x8 ./source/magnetCardLector.o
                0x00002610                someMagnetCard2Read
 .text.getLectureDecoded
                0x00002618       0x3a ./source/magnetCardLector.o
                0x00002618                getLectureDecoded
 .text.getEvent
                0x00002652       0x48 ./source/queue.o
                0x00002652                getEvent
 .text.userDataReset
                0x0000269a       0x58 ./source/queue.o
                0x0000269a                userDataReset
 .text.AUinputEvHandler
                0x000026f2        0x6 ./source/stateAddingUser.o
                0x000026f2                AUinputEvHandler
 .text.AUtimerEvHandler
                0x000026f8        0x6 ./source/stateAddingUser.o
                0x000026f8                AUtimerEvHandler
 .text.AUkeycardEvHandler
                0x000026fe        0x6 ./source/stateAddingUser.o
                0x000026fe                AUkeycardEvHandler
 .text.BinputEvHandler
                0x00002704        0x6 ./source/stateBlocked.o
                0x00002704                BinputEvHandler
 .text.BtimerEvHandler
                0x0000270a        0x6 ./source/stateBlocked.o
                0x0000270a                BtimerEvHandler
 .text.BkeycardEvHandler
                0x00002710        0x6 ./source/stateBlocked.o
                0x00002710                BkeycardEvHandler
 .text.CItimerEvHandler
                0x00002716       0x18 ./source/stateChangeIntensity.o
                0x00002716                CItimerEvHandler
 .text.CPinputEvHandler
                0x0000272e        0x6 ./source/stateChangingPIN.o
                0x0000272e                CPinputEvHandler
 .text.CPtimerEvHandler
                0x00002734        0x6 ./source/stateChangingPIN.o
                0x00002734                CPtimerEvHandler
 .text.CPkeycardEvHandler
                0x0000273a        0x6 ./source/stateChangingPIN.o
                0x0000273a                CPkeycardEvHandler
 .text.MtimerEvHandler
                0x00002740       0x18 ./source/stateMenu.o
                0x00002740                MtimerEvHandler
 .text.RUinputEvHandler
                0x00002758        0x6 ./source/stateRemovingUser.o
                0x00002758                RUinputEvHandler
 .text.RUtimerEvHandler
                0x0000275e        0x6 ./source/stateRemovingUser.o
                0x0000275e                RUtimerEvHandler
 .text.RUkeycardEvHandler
                0x00002764        0x6 ./source/stateRemovingUser.o
                0x00002764                RUkeycardEvHandler
 .text.main     0x0000276a       0x18 ./SDK/startup/main.o
                0x0000276a                main
 .text.HardFault_Handler
                0x00002782       0x2a ./SDK/startup/semihost_hardfault.o
                0x00002782                HardFault_Handler
 .text.DMA0_IRQHandler
                0x000027ac        0x8 ./SDK/startup/startup_mk64f12.o
                0x000027ac                DMA0_IRQHandler
 .text.DMA1_IRQHandler
                0x000027b4        0x8 ./SDK/startup/startup_mk64f12.o
                0x000027b4                DMA1_IRQHandler
 .text.DMA2_IRQHandler
                0x000027bc        0x8 ./SDK/startup/startup_mk64f12.o
                0x000027bc                DMA2_IRQHandler
 .text.DMA3_IRQHandler
                0x000027c4        0x8 ./SDK/startup/startup_mk64f12.o
                0x000027c4                DMA3_IRQHandler
 .text.DMA4_IRQHandler
                0x000027cc        0x8 ./SDK/startup/startup_mk64f12.o
                0x000027cc                DMA4_IRQHandler
 .text.DMA5_IRQHandler
                0x000027d4        0x8 ./SDK/startup/startup_mk64f12.o
                0x000027d4                DMA5_IRQHandler
 .text.DMA6_IRQHandler
                0x000027dc        0x8 ./SDK/startup/startup_mk64f12.o
                0x000027dc                DMA6_IRQHandler
 .text.DMA7_IRQHandler
                0x000027e4        0x8 ./SDK/startup/startup_mk64f12.o
                0x000027e4                DMA7_IRQHandler
 .text.DMA8_IRQHandler
                0x000027ec        0x8 ./SDK/startup/startup_mk64f12.o
                0x000027ec                DMA8_IRQHandler
 .text.DMA9_IRQHandler
                0x000027f4        0x8 ./SDK/startup/startup_mk64f12.o
                0x000027f4                DMA9_IRQHandler
 .text.DMA10_IRQHandler
                0x000027fc        0x8 ./SDK/startup/startup_mk64f12.o
                0x000027fc                DMA10_IRQHandler
 .text.DMA11_IRQHandler
                0x00002804        0x8 ./SDK/startup/startup_mk64f12.o
                0x00002804                DMA11_IRQHandler
 .text.DMA12_IRQHandler
                0x0000280c        0x8 ./SDK/startup/startup_mk64f12.o
                0x0000280c                DMA12_IRQHandler
 .text.DMA13_IRQHandler
                0x00002814        0x8 ./SDK/startup/startup_mk64f12.o
                0x00002814                DMA13_IRQHandler
 .text.DMA14_IRQHandler
                0x0000281c        0x8 ./SDK/startup/startup_mk64f12.o
                0x0000281c                DMA14_IRQHandler
 .text.DMA15_IRQHandler
                0x00002824        0x8 ./SDK/startup/startup_mk64f12.o
                0x00002824                DMA15_IRQHandler
 .text.DMA_Error_IRQHandler
                0x0000282c        0x8 ./SDK/startup/startup_mk64f12.o
                0x0000282c                DMA_Error_IRQHandler
 .text.MCM_IRQHandler
                0x00002834        0x8 ./SDK/startup/startup_mk64f12.o
                0x00002834                MCM_IRQHandler
 .text.FTFE_IRQHandler
                0x0000283c        0x8 ./SDK/startup/startup_mk64f12.o
                0x0000283c                FTFE_IRQHandler
 .text.Read_Collision_IRQHandler
                0x00002844        0x8 ./SDK/startup/startup_mk64f12.o
                0x00002844                Read_Collision_IRQHandler
 .text.LVD_LVW_IRQHandler
                0x0000284c        0x8 ./SDK/startup/startup_mk64f12.o
                0x0000284c                LVD_LVW_IRQHandler
 .text.LLWU_IRQHandler
                0x00002854        0x8 ./SDK/startup/startup_mk64f12.o
                0x00002854                LLWU_IRQHandler
 .text.WDOG_EWM_IRQHandler
                0x0000285c        0x8 ./SDK/startup/startup_mk64f12.o
                0x0000285c                WDOG_EWM_IRQHandler
 .text.RNG_IRQHandler
                0x00002864        0x8 ./SDK/startup/startup_mk64f12.o
                0x00002864                RNG_IRQHandler
 .text.I2C0_IRQHandler
                0x0000286c        0x8 ./SDK/startup/startup_mk64f12.o
                0x0000286c                I2C0_IRQHandler
 .text.I2C1_IRQHandler
                0x00002874        0x8 ./SDK/startup/startup_mk64f12.o
                0x00002874                I2C1_IRQHandler
 .text.SPI0_IRQHandler
                0x0000287c        0x8 ./SDK/startup/startup_mk64f12.o
                0x0000287c                SPI0_IRQHandler
 .text.SPI1_IRQHandler
                0x00002884        0x8 ./SDK/startup/startup_mk64f12.o
                0x00002884                SPI1_IRQHandler
 .text.I2S0_Tx_IRQHandler
                0x0000288c        0x8 ./SDK/startup/startup_mk64f12.o
                0x0000288c                I2S0_Tx_IRQHandler
 .text.I2S0_Rx_IRQHandler
                0x00002894        0x8 ./SDK/startup/startup_mk64f12.o
                0x00002894                I2S0_Rx_IRQHandler
 .text.UART0_LON_IRQHandler
                0x0000289c        0x8 ./SDK/startup/startup_mk64f12.o
                0x0000289c                UART0_LON_IRQHandler
 .text.UART0_RX_TX_IRQHandler
                0x000028a4        0x8 ./SDK/startup/startup_mk64f12.o
                0x000028a4                UART0_RX_TX_IRQHandler
 .text.UART0_ERR_IRQHandler
                0x000028ac        0x8 ./SDK/startup/startup_mk64f12.o
                0x000028ac                UART0_ERR_IRQHandler
 .text.UART1_RX_TX_IRQHandler
                0x000028b4        0x8 ./SDK/startup/startup_mk64f12.o
                0x000028b4                UART1_RX_TX_IRQHandler
 .text.UART1_ERR_IRQHandler
                0x000028bc        0x8 ./SDK/startup/startup_mk64f12.o
                0x000028bc                UART1_ERR_IRQHandler
 .text.UART2_RX_TX_IRQHandler
                0x000028c4        0x8 ./SDK/startup/startup_mk64f12.o
                0x000028c4                UART2_RX_TX_IRQHandler
 .text.UART2_ERR_IRQHandler
                0x000028cc        0x8 ./SDK/startup/startup_mk64f12.o
                0x000028cc                UART2_ERR_IRQHandler
 .text.UART3_RX_TX_IRQHandler
                0x000028d4        0x8 ./SDK/startup/startup_mk64f12.o
                0x000028d4                UART3_RX_TX_IRQHandler
 .text.UART3_ERR_IRQHandler
                0x000028dc        0x8 ./SDK/startup/startup_mk64f12.o
                0x000028dc                UART3_ERR_IRQHandler
 .text.ADC0_IRQHandler
                0x000028e4        0x8 ./SDK/startup/startup_mk64f12.o
                0x000028e4                ADC0_IRQHandler
 .text.CMP0_IRQHandler
                0x000028ec        0x8 ./SDK/startup/startup_mk64f12.o
                0x000028ec                CMP0_IRQHandler
 .text.CMP1_IRQHandler
                0x000028f4        0x8 ./SDK/startup/startup_mk64f12.o
                0x000028f4                CMP1_IRQHandler
 .text.FTM0_IRQHandler
                0x000028fc        0x8 ./SDK/startup/startup_mk64f12.o
                0x000028fc                FTM0_IRQHandler
 .text.FTM1_IRQHandler
                0x00002904        0x8 ./SDK/startup/startup_mk64f12.o
                0x00002904                FTM1_IRQHandler
 .text.FTM2_IRQHandler
                0x0000290c        0x8 ./SDK/startup/startup_mk64f12.o
                0x0000290c                FTM2_IRQHandler
 .text.CMT_IRQHandler
                0x00002914        0x8 ./SDK/startup/startup_mk64f12.o
                0x00002914                CMT_IRQHandler
 .text.RTC_IRQHandler
                0x0000291c        0x8 ./SDK/startup/startup_mk64f12.o
                0x0000291c                RTC_IRQHandler
 .text.RTC_Seconds_IRQHandler
                0x00002924        0x8 ./SDK/startup/startup_mk64f12.o
                0x00002924                RTC_Seconds_IRQHandler
 .text.PIT0_IRQHandler
                0x0000292c        0x8 ./SDK/startup/startup_mk64f12.o
                0x0000292c                PIT0_IRQHandler
 .text.PIT1_IRQHandler
                0x00002934        0x8 ./SDK/startup/startup_mk64f12.o
                0x00002934                PIT1_IRQHandler
 .text.PIT2_IRQHandler
                0x0000293c        0x8 ./SDK/startup/startup_mk64f12.o
                0x0000293c                PIT2_IRQHandler
 .text.PIT3_IRQHandler
                0x00002944        0x8 ./SDK/startup/startup_mk64f12.o
                0x00002944                PIT3_IRQHandler
 .text.PDB0_IRQHandler
                0x0000294c        0x8 ./SDK/startup/startup_mk64f12.o
                0x0000294c                PDB0_IRQHandler
 .text.USB0_IRQHandler
                0x00002954        0x8 ./SDK/startup/startup_mk64f12.o
                0x00002954                USB0_IRQHandler
 .text.USBDCD_IRQHandler
                0x0000295c        0x8 ./SDK/startup/startup_mk64f12.o
                0x0000295c                USBDCD_IRQHandler
 .text.Reserved71_IRQHandler
                0x00002964        0x8 ./SDK/startup/startup_mk64f12.o
                0x00002964                Reserved71_IRQHandler
 .text.DAC0_IRQHandler
                0x0000296c        0x8 ./SDK/startup/startup_mk64f12.o
                0x0000296c                DAC0_IRQHandler
 .text.MCG_IRQHandler
                0x00002974        0x8 ./SDK/startup/startup_mk64f12.o
                0x00002974                MCG_IRQHandler
 .text.LPTMR0_IRQHandler
                0x0000297c        0x8 ./SDK/startup/startup_mk64f12.o
                0x0000297c                LPTMR0_IRQHandler
 .text.SWI_IRQHandler
                0x00002984        0x8 ./SDK/startup/startup_mk64f12.o
                0x00002984                SWI_IRQHandler
 .text.SPI2_IRQHandler
                0x0000298c        0x8 ./SDK/startup/startup_mk64f12.o
                0x0000298c                SPI2_IRQHandler
 .text.UART4_RX_TX_IRQHandler
                0x00002994        0x8 ./SDK/startup/startup_mk64f12.o
                0x00002994                UART4_RX_TX_IRQHandler
 .text.UART4_ERR_IRQHandler
                0x0000299c        0x8 ./SDK/startup/startup_mk64f12.o
                0x0000299c                UART4_ERR_IRQHandler
 .text.UART5_RX_TX_IRQHandler
                0x000029a4        0x8 ./SDK/startup/startup_mk64f12.o
                0x000029a4                UART5_RX_TX_IRQHandler
 .text.UART5_ERR_IRQHandler
                0x000029ac        0x8 ./SDK/startup/startup_mk64f12.o
                0x000029ac                UART5_ERR_IRQHandler
 .text.CMP2_IRQHandler
                0x000029b4        0x8 ./SDK/startup/startup_mk64f12.o
                0x000029b4                CMP2_IRQHandler
 .text.FTM3_IRQHandler
                0x000029bc        0x8 ./SDK/startup/startup_mk64f12.o
                0x000029bc                FTM3_IRQHandler
 .text.DAC1_IRQHandler
                0x000029c4        0x8 ./SDK/startup/startup_mk64f12.o
                0x000029c4                DAC1_IRQHandler
 .text.ADC1_IRQHandler
                0x000029cc        0x8 ./SDK/startup/startup_mk64f12.o
                0x000029cc                ADC1_IRQHandler
 .text.I2C2_IRQHandler
                0x000029d4        0x8 ./SDK/startup/startup_mk64f12.o
                0x000029d4                I2C2_IRQHandler
 .text.CAN0_ORed_Message_buffer_IRQHandler
                0x000029dc        0x8 ./SDK/startup/startup_mk64f12.o
                0x000029dc                CAN0_ORed_Message_buffer_IRQHandler
 .text.CAN0_Bus_Off_IRQHandler
                0x000029e4        0x8 ./SDK/startup/startup_mk64f12.o
                0x000029e4                CAN0_Bus_Off_IRQHandler
 .text.CAN0_Error_IRQHandler
                0x000029ec        0x8 ./SDK/startup/startup_mk64f12.o
                0x000029ec                CAN0_Error_IRQHandler
 .text.CAN0_Tx_Warning_IRQHandler
                0x000029f4        0x8 ./SDK/startup/startup_mk64f12.o
                0x000029f4                CAN0_Tx_Warning_IRQHandler
 .text.CAN0_Rx_Warning_IRQHandler
                0x000029fc        0x8 ./SDK/startup/startup_mk64f12.o
                0x000029fc                CAN0_Rx_Warning_IRQHandler
 .text.CAN0_Wake_Up_IRQHandler
                0x00002a04        0x8 ./SDK/startup/startup_mk64f12.o
                0x00002a04                CAN0_Wake_Up_IRQHandler
 .text.SDHC_IRQHandler
                0x00002a0c        0x8 ./SDK/startup/startup_mk64f12.o
                0x00002a0c                SDHC_IRQHandler
 .text.ENET_1588_Timer_IRQHandler
                0x00002a14        0x8 ./SDK/startup/startup_mk64f12.o
                0x00002a14                ENET_1588_Timer_IRQHandler
 .text.ENET_Transmit_IRQHandler
                0x00002a1c        0x8 ./SDK/startup/startup_mk64f12.o
                0x00002a1c                ENET_Transmit_IRQHandler
 .text.ENET_Receive_IRQHandler
                0x00002a24        0x8 ./SDK/startup/startup_mk64f12.o
                0x00002a24                ENET_Receive_IRQHandler
 .text.ENET_Error_IRQHandler
                0x00002a2c        0x8 ./SDK/startup/startup_mk64f12.o
                0x00002a2c                ENET_Error_IRQHandler
 .text.SystemInitHook
                0x00002a34        0x2 ./SDK/CMSIS/system_MK64F12.o
                0x00002a34                SystemInitHook
 .text.memcpy   0x00002a36        0x4 c:/nxp/mcuxpressoide_10.2.0_759/ide/tools/bin/../lib/gcc/arm-none-eabi/7.2.1/../../../../arm-none-eabi/lib/thumb/v7e-m/fpv4-sp/hard\libcr_c.a(memcpy.o)
                0x00002a36                memcpy
 .text.__aeabi_memcpy
                0x00002a3a       0x34 c:/nxp/mcuxpressoide_10.2.0_759/ide/tools/bin/../lib/gcc/arm-none-eabi/7.2.1/thumb/v7e-m/fpv4-sp/hard\libcr_eabihelpers.a(memcpy.o)
                0x00002a3a                __aeabi_memcpy
                0x00002a44                __aeabi_memcpy8
                0x00002a44                __aeabi_memcpy4
 *(SORT_BY_ALIGNMENT(.rodata) SORT_BY_ALIGNMENT(.rodata.*) SORT_BY_ALIGNMENT(.constdata) SORT_BY_ALIGNMENT(.constdata.*))
 *fill*         0x00002a6e        0x2 ff
 .rodata.initFSM.str1.4
                0x00002a70        0x5 ./source/FSM.o
 *fill*         0x00002a75        0x3 ff
 .rodata.letters_segment_array
                0x00002a78       0x1a ./source/SegmentDisplay.o
 *fill*         0x00002a92        0x2 ff
 .rodata.number_segment_array
                0x00002a94        0xa ./source/SegmentDisplay.o
 *fill*         0x00002a9e        0x2 ff
 .rodata        0x00002aa0        0xe ./source/dataBase.o
 .rodata.ClearDisplay.str1.4
                0x00002aae        0x5 ./source/display.o
                                  0x1 (size before relaxing)
 *fill*         0x00002aae        0x2 ff
 .rodata        0x00002ab0       0x28 ./source/gpio.o
 .rodata.track1
                0x00002ad8       0x18 ./source/magnetCardDecode.o
                0x00002ad8                track1
 .rodata.track2
                0x00002af0       0x18 ./source/magnetCardDecode.o
                0x00002af0                track2
 .rodata.track3
                0x00002b08       0x18 ./source/magnetCardDecode.o
                0x00002b08                track3
 .rodata.AMinputEvHandler.str1.4
                0x00002b20       0x30 ./source/stateAdminMode.o
                                 0x35 (size before relaxing)
 .rodata.AMkeycardEvHandler.str1.4
                0x00002b50       0x2f ./source/stateAdminMode.o
 *fill*         0x00002b7f        0x1 ff
 .rodata.str1.4
                0x00002b80        0x8 ./source/stateAdminMode.o
 .rodata.CIinputEvHandler.str1.4
                0x00002b88       0x1e ./source/stateChangeIntensity.o
                                 0x25 (size before relaxing)
 .rodata.CIkeycardEvHandler.str1.4
                0x00002ba6       0x2f ./source/stateChangeIntensity.o
 *fill*         0x00002ba6        0x2 ff
 .rodata.str1.4
                0x00002ba8       0x28 ./source/stateChangeIntensity.o
 .rodata.MinputEvHandler.str1.4
                0x00002bd0       0x1d ./source/stateMenu.o
 .rodata.MkeycardEvHandler.str1.4
                0x00002bed       0x23 ./source/stateMenu.o
 *fill*         0x00002bed        0x3 ff
 .rodata.menuStrings
                0x00002bf0        0x8 ./source/stateMenu.o
 .rodata.str1.4
                0x00002bf8        0x5 ./source/stateMenu.o
                                  0x9 (size before relaxing)
 .rodata.RIinputEvHandler.str1.4
                0x00002bfd       0x1d ./source/stateReceivingID.o
 .rodata.RIkeycardEvHandler.str1.4
                0x00002bfd       0x15 ./source/stateReceivingID.o
 *fill*         0x00002bfd        0x3 ff
 .rodata.idStrings
                0x00002c00        0xc ./source/stateReceivingID.o
 .rodata.pinStrings
                0x00002c0c        0xc ./source/stateReceivingPIN.o
 .rodata        0x00002c18       0x67 ./source/stateReceivingPIN.o
 *fill*         0x00002c7f        0x1 ff
 .rodata.UAinputEvHandler.str1.4
                0x00002c80       0x3b ./source/stateUserApproved.o
                                 0x43 (size before relaxing)
 .rodata.UAkeycardEvHandler.str1.4
                0x00002cbb       0x2f ./source/stateUserApproved.o
 *fill*         0x00002cbb        0x1 ff
 .rodata.menuStrings
                0x00002cbc        0xc ./source/stateUserApproved.o
 .rodata.str1.4
                0x00002cc8       0x10 ./source/stateUserApproved.o
                0x00002cd8                . = ALIGN (0x8)

.glue_7         0x00002cd8        0x0
 .glue_7        0x00002cd8        0x0 linker stubs

.glue_7t        0x00002cd8        0x0
 .glue_7t       0x00002cd8        0x0 linker stubs

.vfp11_veneer   0x00002cd8        0x0
 .vfp11_veneer  0x00002cd8        0x0 linker stubs

.v4_bx          0x00002cd8        0x0
 .v4_bx         0x00002cd8        0x0 linker stubs

.iplt           0x00002cd8        0x0
 .iplt          0x00002cd8        0x0 ./source/App.o

.rel.dyn        0x00002cd8        0x0
 .rel.iplt      0x00002cd8        0x0 ./source/App.o

.ARM.extab
 *(SORT_BY_ALIGNMENT(.ARM.extab*) SORT_BY_ALIGNMENT(.gnu.linkonce.armextab.*))
                0x00002cd8                __exidx_start = .

.ARM.exidx
 *(SORT_BY_ALIGNMENT(.ARM.exidx*) SORT_BY_ALIGNMENT(.gnu.linkonce.armexidx.*))
                0x00002cd8                __exidx_end = .
                0x00002cd8                _etext = .

.m_usb_data
 *(SORT_BY_ALIGNMENT(m_usb_bdt))

.data_RAM2      0x1fff0000        0x0 load address 0x00002cd8
 FILL mask 0xff
                [!provide]                PROVIDE (__start_data_RAM2, .)
 *(SORT_BY_ALIGNMENT(.ramfunc.$RAM2))
 *(SORT_BY_ALIGNMENT(.ramfunc.$SRAM_LOWER))
 *(SORT_BY_ALIGNMENT(.data.$RAM2*))
 *(SORT_BY_ALIGNMENT(.data.$SRAM_LOWER*))
                0x1fff0000                . = ALIGN (0x8)
                [!provide]                PROVIDE (__end_data_RAM2, .)

.data_RAM3      0x14000000        0x0 load address 0x00002cd8
 FILL mask 0xff
                [!provide]                PROVIDE (__start_data_RAM3, .)
 *(SORT_BY_ALIGNMENT(.ramfunc.$RAM3))
 *(SORT_BY_ALIGNMENT(.ramfunc.$FLEX_RAM))
 *(SORT_BY_ALIGNMENT(.data.$RAM3*))
 *(SORT_BY_ALIGNMENT(.data.$FLEX_RAM*))
                0x14000000                . = ALIGN (0x8)
                [!provide]                PROVIDE (__end_data_RAM3, .)

.uninit_RESERVED
                0x20000000        0x0
 *(SORT_BY_ALIGNMENT(.bss.$RESERVED*))
                0x20000000                . = ALIGN (0x4)
                0x20000000                _end_uninit_RESERVED = .

.data           0x20000000       0x40 load address 0x00002cd8
 FILL mask 0xff
                0x20000000                _data = .
 *(SORT_BY_ALIGNMENT(vtable))
 *(SORT_BY_ALIGNMENT(.ramfunc*))
 *(SORT_BY_ALIGNMENT(.data*))
 .data.array2Tracks
                0x20000000        0xc ./source/magnetCardDecode.o
                0x20000000                array2Tracks
 .data.menuStrings
                0x2000000c        0x8 ./source/stateAdminMode.o
                0x2000000c                menuStrings
 .data.intStrings
                0x20000014       0x28 ./source/stateChangeIntensity.o
                0x20000014                intStrings
                0x20000040                . = ALIGN (0x8)
 *fill*         0x2000003c        0x4 ff
                0x20000040                _edata = .

.igot.plt       0x20000040        0x0 load address 0x00002d18
 .igot.plt      0x20000040        0x0 ./source/App.o

.bss_RAM2       0x1fff0000        0x0
                [!provide]                PROVIDE (__start_bss_RAM2, .)
 *(SORT_BY_ALIGNMENT(.bss.$RAM2*))
 *(SORT_BY_ALIGNMENT(.bss.$SRAM_LOWER*))
                0x1fff0000                . = ALIGN ((. != 0x0)?0x8:0x1)
                [!provide]                PROVIDE (__end_bss_RAM2, .)

.bss_RAM3       0x14000000        0x0
                [!provide]                PROVIDE (__start_bss_RAM3, .)
 *(SORT_BY_ALIGNMENT(.bss.$RAM3*))
 *(SORT_BY_ALIGNMENT(.bss.$FLEX_RAM*))
                0x14000000                . = ALIGN ((. != 0x0)?0x8:0x1)
                [!provide]                PROVIDE (__end_bss_RAM3, .)

.bss            0x20000040    0x232b0
                0x20000040                _bss = .
 *(SORT_BY_ALIGNMENT(.bss*))
 .bss.fsm       0x20000040       0x14 ./source/App.o
                0x20000040                fsm
 .bss.nextState
                0x20000054       0x10 ./source/App.o
                0x20000054                nextState
 .bss.userData  0x20000064       0xec ./source/App.o
                0x20000064                userData
 .bss.sysTickFun
                0x20000150        0x4 ./source/SysTick.o
                0x20000150                sysTickFun
 .bss.dataBase  0x20000154    0x222e4 ./source/dataBase.o
 .bss.brigthness
                0x20022438        0x4 ./source/display.o
 .bss.current_string
                0x2002243c        0x4 ./source/display.o
 .bss.display_position
                0x20022440        0x4 ./source/display.o
 .bss.string_position
                0x20022444        0x4 ./source/display.o
 .bss.string_size
                0x20022448        0x4 ./source/display.o
 .bss.encoderQueue
                0x2002244c      0x640 ./source/encoder.o
 .bss.encoder   0x20022a8c        0x6 ./source/encoderDecoder.o
 *fill*         0x20022a92        0x2 
 .bss.p2irqFunctions
                0x20022a94      0x280 ./source/gpio.o
                0x20022a94                p2irqFunctions
 .bss.counterDataIn
                0x20022d14        0x4 ./source/magnetLectorHAL.o
                0x20022d14                counterDataIn
 .bss.queue     0x20022d18      0x508 ./source/magnetLectorHAL.o
 .bss.IDstring  0x20023220        0x9 ./source/stateReceivingID.o
 *fill*         0x20023229        0x3 
 .bss.PINstring
                0x2002322c        0x6 ./source/stateReceivingPIN.o
 *fill*         0x20023232        0x2 
 .bss.tryNro    0x20023234        0x4 ./source/stateReceivingPIN.o
                0x20023234                tryNro
 .bss.timers    0x20023238       0x70 ./source/timer.o
 .bss.queue     0x200232a8       0x38 ./source/timer_queue.o
 .bss.__LDM_interruptDisableCount
                0x200232e0        0x4 ./SDK/startup/hardware.o
 .bss.changingState
                0x200232e4        0x1 ./source/App.o
                0x200232e4                changingState
 .bss.nameEvent
                0x200232e5        0x1 ./source/App.o
                0x200232e5                nameEvent
 .bss.initialized
                0x200232e6        0x1 ./source/SegmentDisplay.o
 .bss.brightness_ev
                0x200232e7        0x1 ./source/display.o
 .bss.initialized
                0x200232e8        0x1 ./source/display.o
 .bss.initialized_enc
                0x200232e9        0x1 ./source/encoder.o
 .bss.encoder_timer_count
                0x200232ea        0x1 ./source/encoderHAL.o
 .bss.initialized_enc_low
                0x200232eb        0x1 ./source/encoderHAL.o
 .bss.enable    0x200232ec        0x1 ./source/magnetLectorHAL.o
                0x200232ec                enable
 .bss.hwLectorIsInit
                0x200232ed        0x1 ./source/magnetLectorHAL.o
                0x200232ed                hwLectorIsInit
 .bss.raw2save  0x200232ee        0x1 ./source/magnetLectorHAL.o
                0x200232ee                raw2save
 .bss.initialized
                0x200232ef        0x1 ./source/timer.o
 *(SORT_BY_ALIGNMENT(COMMON))
                0x200232f0                . = ALIGN (0x8)
                0x200232f0                _ebss = .
                [!provide]                PROVIDE (end, .)

.noinit_RAM2    0x1fff0000        0x0
 *(SORT_BY_ALIGNMENT(.noinit.$RAM2*))
 *(SORT_BY_ALIGNMENT(.noinit.$SRAM_LOWER*))
                0x1fff0000                . = ALIGN (0x8)

.noinit_RAM3    0x14000000        0x0
 *(SORT_BY_ALIGNMENT(.noinit.$RAM3*))
 *(SORT_BY_ALIGNMENT(.noinit.$FLEX_RAM*))
                0x14000000                . = ALIGN (0x8)

.noinit         0x200232f0        0x0
                0x200232f0                _noinit = .
 *(SORT_BY_ALIGNMENT(.noinit*))
                0x200232f0                . = ALIGN (0x8)
                0x200232f0                _end_noinit = .
                0x00001000                _HeapSize = 0x1000

.heap           0x200232f0     0x1000
                0x200232f0                _pvHeapStart = .
                0x200242f0                . = (. + _HeapSize)
 *fill*         0x200232f0     0x1000 
                0x200242f0                . = ALIGN (0x8)
                0x200242f0                _pvHeapLimit = .
                0x00001000                _StackSize = 0x1000

.heap2stackfill
                0x200242f0     0x1000
                0x200252f0                . = (. + _StackSize)
 *fill*         0x200242f0     0x1000 

.stack          0x2002f000        0x0
                0x2002f000                _vStackBase = .
                0x2002f000                . = ALIGN (0x8)
                0x20030000                _vStackTop = (. + _StackSize)
                0x00000000                _image_start = LOADADDR (.text)
                0x00002d18                _image_end = (LOADADDR (.data) + SIZEOF (.data))
                0x00002d18                _image_size = (_image_end - _image_start)
OUTPUT(ControlDeAcceso.axf elf32-littlearm)

.debug_info     0x00000000     0x971e
 .debug_info    0x00000000      0x4fc ./source/App.o
 .debug_info    0x000004fc      0x39c ./source/FSM.o
 .debug_info    0x00000898      0x4a0 ./source/SegmentDisplay.o
 .debug_info    0x00000d38      0x518 ./source/SysTick.o
 .debug_info    0x00001250      0x411 ./source/dataBase.o
 .debug_info    0x00001661      0x40a ./source/display.o
 .debug_info    0x00001a6b      0x25c ./source/doorManagement.o
 .debug_info    0x00001cc7      0x47a ./source/encoder.o
 .debug_info    0x00002141      0x1dd ./source/encoderDecoder.o
 .debug_info    0x0000231e      0x395 ./source/encoderHAL.o
 .debug_info    0x000026b3     0x1086 ./source/gpio.o
 .debug_info    0x00003739      0x62f ./source/magnetCardDecode.o
 .debug_info    0x00003d68      0x1b5 ./source/magnetCardLector.o
 .debug_info    0x00003f1d      0x323 ./source/magnetLectorHAL.o
 .debug_info    0x00004240      0x3ad ./source/queue.o
 .debug_info    0x000045ed      0x359 ./source/stateAddingUser.o
 .debug_info    0x00004946      0x63a ./source/stateAdminMode.o
 .debug_info    0x00004f80      0x359 ./source/stateBlocked.o
 .debug_info    0x000052d9      0x5c1 ./source/stateChangeIntensity.o
 .debug_info    0x0000589a      0x359 ./source/stateChangingPIN.o
 .debug_info    0x00005bf3      0x597 ./source/stateMenu.o
 .debug_info    0x0000618a      0x7fb ./source/stateReceivingID.o
 .debug_info    0x00006985      0x4f2 ./source/stateReceivingPIN.o
 .debug_info    0x00006e77      0x359 ./source/stateRemovingUser.o
 .debug_info    0x000071d0      0x6e1 ./source/stateUserApproved.o
 .debug_info    0x000078b1      0x280 ./source/timer.o
 .debug_info    0x00007b31      0x1a4 ./source/timer_queue.o
 .debug_info    0x00007cd5      0x675 ./SDK/startup/hardware.o
 .debug_info    0x0000834a      0x120 ./SDK/startup/main.o
 .debug_info    0x0000846a       0x3b ./SDK/startup/semihost_hardfault.o
 .debug_info    0x000084a5      0xc71 ./SDK/startup/startup_mk64f12.o
 .debug_info    0x00009116      0x608 ./SDK/CMSIS/system_MK64F12.o

.debug_abbrev   0x00000000     0x2852
 .debug_abbrev  0x00000000      0x145 ./source/App.o
 .debug_abbrev  0x00000145      0x11e ./source/FSM.o
 .debug_abbrev  0x00000263       0xf0 ./source/SegmentDisplay.o
 .debug_abbrev  0x00000353      0x19c ./source/SysTick.o
 .debug_abbrev  0x000004ef      0x1a0 ./source/dataBase.o
 .debug_abbrev  0x0000068f      0x130 ./source/display.o
 .debug_abbrev  0x000007bf       0xc6 ./source/doorManagement.o
 .debug_abbrev  0x00000885      0x187 ./source/encoder.o
 .debug_abbrev  0x00000a0c      0x162 ./source/encoderDecoder.o
 .debug_abbrev  0x00000b6e      0x142 ./source/encoderHAL.o
 .debug_abbrev  0x00000cb0      0x368 ./source/gpio.o
 .debug_abbrev  0x00001018      0x11f ./source/magnetCardDecode.o
 .debug_abbrev  0x00001137      0x100 ./source/magnetCardLector.o
 .debug_abbrev  0x00001237      0x190 ./source/magnetLectorHAL.o
 .debug_abbrev  0x000013c7      0x159 ./source/queue.o
 .debug_abbrev  0x00001520       0xfa ./source/stateAddingUser.o
 .debug_abbrev  0x0000161a      0x170 ./source/stateAdminMode.o
 .debug_abbrev  0x0000178a       0xfa ./source/stateBlocked.o
 .debug_abbrev  0x00001884      0x170 ./source/stateChangeIntensity.o
 .debug_abbrev  0x000019f4       0xfa ./source/stateChangingPIN.o
 .debug_abbrev  0x00001aee      0x15f ./source/stateMenu.o
 .debug_abbrev  0x00001c4d      0x188 ./source/stateReceivingID.o
 .debug_abbrev  0x00001dd5      0x137 ./source/stateReceivingPIN.o
 .debug_abbrev  0x00001f0c       0xfa ./source/stateRemovingUser.o
 .debug_abbrev  0x00002006      0x15f ./source/stateUserApproved.o
 .debug_abbrev  0x00002165      0x15c ./source/timer.o
 .debug_abbrev  0x000022c1      0x10a ./source/timer_queue.o
 .debug_abbrev  0x000023cb      0x138 ./SDK/startup/hardware.o
 .debug_abbrev  0x00002503       0x9b ./SDK/startup/main.o
 .debug_abbrev  0x0000259e       0x2f ./SDK/startup/semihost_hardfault.o
 .debug_abbrev  0x000025cd      0x13b ./SDK/startup/startup_mk64f12.o
 .debug_abbrev  0x00002708      0x14a ./SDK/CMSIS/system_MK64F12.o

.debug_aranges  0x00000000      0xa60
 .debug_aranges
                0x00000000       0x28 ./source/App.o
 .debug_aranges
                0x00000028       0x20 ./source/FSM.o
 .debug_aranges
                0x00000048       0x38 ./source/SegmentDisplay.o
 .debug_aranges
                0x00000080       0x28 ./source/SysTick.o
 .debug_aranges
                0x000000a8       0x50 ./source/dataBase.o
 .debug_aranges
                0x000000f8       0x60 ./source/display.o
 .debug_aranges
                0x00000158       0x48 ./source/doorManagement.o
 .debug_aranges
                0x000001a0       0x50 ./source/encoder.o
 .debug_aranges
                0x000001f0       0x40 ./source/encoderDecoder.o
 .debug_aranges
                0x00000230       0x48 ./source/encoderHAL.o
 .debug_aranges
                0x00000278       0xc0 ./source/gpio.o
 .debug_aranges
                0x00000338       0x40 ./source/magnetCardDecode.o
 .debug_aranges
                0x00000378       0x30 ./source/magnetCardLector.o
 .debug_aranges
                0x000003a8       0x48 ./source/magnetLectorHAL.o
 .debug_aranges
                0x000003f0       0x28 ./source/queue.o
 .debug_aranges
                0x00000418       0x30 ./source/stateAddingUser.o
 .debug_aranges
                0x00000448       0x30 ./source/stateAdminMode.o
 .debug_aranges
                0x00000478       0x30 ./source/stateBlocked.o
 .debug_aranges
                0x000004a8       0x30 ./source/stateChangeIntensity.o
 .debug_aranges
                0x000004d8       0x30 ./source/stateChangingPIN.o
 .debug_aranges
                0x00000508       0x30 ./source/stateMenu.o
 .debug_aranges
                0x00000538       0x38 ./source/stateReceivingID.o
 .debug_aranges
                0x00000570       0x38 ./source/stateReceivingPIN.o
 .debug_aranges
                0x000005a8       0x30 ./source/stateRemovingUser.o
 .debug_aranges
                0x000005d8       0x30 ./source/stateUserApproved.o
 .debug_aranges
                0x00000608       0x50 ./source/timer.o
 .debug_aranges
                0x00000658       0x38 ./source/timer_queue.o
 .debug_aranges
                0x00000690       0x30 ./SDK/startup/hardware.o
 .debug_aranges
                0x000006c0       0x20 ./SDK/startup/main.o
 .debug_aranges
                0x000006e0       0x20 ./SDK/startup/semihost_hardfault.o
 .debug_aranges
                0x00000700      0x330 ./SDK/startup/startup_mk64f12.o
 .debug_aranges
                0x00000a30       0x30 ./SDK/CMSIS/system_MK64F12.o

.debug_ranges   0x00000000      0x8d0
 .debug_ranges  0x00000000       0x18 ./source/App.o
 .debug_ranges  0x00000018       0x10 ./source/FSM.o
 .debug_ranges  0x00000028       0x28 ./source/SegmentDisplay.o
 .debug_ranges  0x00000050       0x18 ./source/SysTick.o
 .debug_ranges  0x00000068       0xb0 ./source/dataBase.o
 .debug_ranges  0x00000118       0x50 ./source/display.o
 .debug_ranges  0x00000168       0x38 ./source/doorManagement.o
 .debug_ranges  0x000001a0       0x40 ./source/encoder.o
 .debug_ranges  0x000001e0       0x30 ./source/encoderDecoder.o
 .debug_ranges  0x00000210       0x38 ./source/encoderHAL.o
 .debug_ranges  0x00000248       0xb0 ./source/gpio.o
 .debug_ranges  0x000002f8       0x30 ./source/magnetCardDecode.o
 .debug_ranges  0x00000328       0x20 ./source/magnetCardLector.o
 .debug_ranges  0x00000348       0x38 ./source/magnetLectorHAL.o
 .debug_ranges  0x00000380       0x18 ./source/queue.o
 .debug_ranges  0x00000398       0x20 ./source/stateAddingUser.o
 .debug_ranges  0x000003b8       0x20 ./source/stateAdminMode.o
 .debug_ranges  0x000003d8       0x20 ./source/stateBlocked.o
 .debug_ranges  0x000003f8       0x20 ./source/stateChangeIntensity.o
 .debug_ranges  0x00000418       0x20 ./source/stateChangingPIN.o
 .debug_ranges  0x00000438       0x20 ./source/stateMenu.o
 .debug_ranges  0x00000458       0x28 ./source/stateReceivingID.o
 .debug_ranges  0x00000480       0x28 ./source/stateReceivingPIN.o
 .debug_ranges  0x000004a8       0x20 ./source/stateRemovingUser.o
 .debug_ranges  0x000004c8       0x20 ./source/stateUserApproved.o
 .debug_ranges  0x000004e8       0x40 ./source/timer.o
 .debug_ranges  0x00000528       0x28 ./source/timer_queue.o
 .debug_ranges  0x00000550       0x20 ./SDK/startup/hardware.o
 .debug_ranges  0x00000570       0x10 ./SDK/startup/main.o
 .debug_ranges  0x00000580       0x10 ./SDK/startup/semihost_hardfault.o
 .debug_ranges  0x00000590      0x320 ./SDK/startup/startup_mk64f12.o
 .debug_ranges  0x000008b0       0x20 ./SDK/CMSIS/system_MK64F12.o

.debug_macro    0x00000000    0x12f38
 .debug_macro   0x00000000       0x7d ./source/App.o
 .debug_macro   0x0000007d      0xa5a ./source/App.o
 .debug_macro   0x00000ad7       0x22 ./source/App.o
 .debug_macro   0x00000af9       0x10 ./source/App.o
 .debug_macro   0x00000b09      0x34e ./source/App.o
 .debug_macro   0x00000e57       0x16 ./source/App.o
 .debug_macro   0x00000e6d       0x10 ./source/App.o
 .debug_macro   0x00000e7d       0x16 ./source/App.o
 .debug_macro   0x00000e93       0x10 ./source/App.o
 .debug_macro   0x00000ea3       0x10 ./source/App.o
 .debug_macro   0x00000eb3       0x75 ./source/FSM.o
 .debug_macro   0x00000f28       0xb2 ./source/SegmentDisplay.o
 .debug_macro   0x00000fda       0x3a ./source/SegmentDisplay.o
 .debug_macro   0x00001014       0x96 ./source/SysTick.o
 .debug_macro   0x000010aa       0x5c ./source/SysTick.o
 .debug_macro   0x00001106       0x1c ./source/SysTick.o
 .debug_macro   0x00001122       0x22 ./source/SysTick.o
 .debug_macro   0x00001144       0xdf ./source/SysTick.o
 .debug_macro   0x00001223      0xecf ./source/SysTick.o
 .debug_macro   0x000020f2       0x48 ./source/SysTick.o
 .debug_macro   0x0000213a     0xe07b ./source/SysTick.o
 .debug_macro   0x000101b5      0x174 ./source/SysTick.o
 .debug_macro   0x00010329       0x68 ./source/dataBase.o
 .debug_macro   0x00010391       0x78 ./source/display.o
 .debug_macro   0x00010409       0x10 ./source/display.o
 .debug_macro   0x00010419       0x5b ./source/doorManagement.o
 .debug_macro   0x00010474       0x10 ./source/doorManagement.o
 .debug_macro   0x00010484       0x67 ./source/encoder.o
 .debug_macro   0x000104eb       0x10 ./source/encoder.o
 .debug_macro   0x000104fb       0x1c ./source/encoder.o
 .debug_macro   0x00010517       0x3c ./source/encoderDecoder.o
 .debug_macro   0x00010553       0x68 ./source/encoderHAL.o
 .debug_macro   0x000105bb       0x40 ./source/encoderHAL.o
 .debug_macro   0x000105fb       0xa4 ./source/gpio.o
 .debug_macro   0x0001069f       0x72 ./source/magnetCardDecode.o
 .debug_macro   0x00010711       0x22 ./source/magnetCardDecode.o
 .debug_macro   0x00010733       0xf4 ./source/magnetCardDecode.o
 .debug_macro   0x00010827       0x48 ./source/magnetCardLector.o
 .debug_macro   0x0001086f       0x2e ./source/magnetCardLector.o
 .debug_macro   0x0001089d       0x28 ./source/magnetCardLector.o
 .debug_macro   0x000108c5       0x60 ./source/magnetLectorHAL.o
 .debug_macro   0x00010925       0x6a ./source/queue.o
 .debug_macro   0x0001098f       0x7e ./source/stateAddingUser.o
 .debug_macro   0x00010a0d       0xbb ./source/stateAdminMode.o
 .debug_macro   0x00010ac8       0x7e ./source/stateBlocked.o
 .debug_macro   0x00010b46       0xb3 ./source/stateChangeIntensity.o
 .debug_macro   0x00010bf9       0x7e ./source/stateChangingPIN.o
 .debug_macro   0x00010c77       0xb1 ./source/stateMenu.o
 .debug_macro   0x00010d28       0xbf ./source/stateReceivingID.o
 .debug_macro   0x00010de7       0xd5 ./source/stateReceivingPIN.o
 .debug_macro   0x00010ebc      0xa5a ./source/stateReceivingPIN.o
 .debug_macro   0x00011916       0x7e ./source/stateRemovingUser.o
 .debug_macro   0x00011994       0xc4 ./source/stateUserApproved.o
 .debug_macro   0x00011a58       0x4c ./source/timer.o
 .debug_macro   0x00011aa4       0x10 ./source/timer.o
 .debug_macro   0x00011ab4       0x47 ./source/timer_queue.o
 .debug_macro   0x00011afb       0x9c ./SDK/startup/hardware.o
 .debug_macro   0x00011b97       0x10 ./SDK/startup/hardware.o
 .debug_macro   0x00011ba7     0x122b ./SDK/startup/hardware.o
 .debug_macro   0x00012dd2       0x16 ./SDK/startup/hardware.o
 .debug_macro   0x00012de8       0x9c ./SDK/startup/main.o
 .debug_macro   0x00012e84       0x11 ./SDK/startup/semihost_hardfault.o
 .debug_macro   0x00012e95       0x23 ./SDK/startup/startup_mk64f12.o
 .debug_macro   0x00012eb8       0x80 ./SDK/CMSIS/system_MK64F12.o

.debug_line     0x00000000     0x3871
 .debug_line    0x00000000      0x14d ./source/App.o
 .debug_line    0x0000014d      0x11b ./source/FSM.o
 .debug_line    0x00000268      0x15e ./source/SegmentDisplay.o
 .debug_line    0x000003c6      0x163 ./source/SysTick.o
 .debug_line    0x00000529      0x1f1 ./source/dataBase.o
 .debug_line    0x0000071a      0x1d5 ./source/display.o
 .debug_line    0x000008ef      0x145 ./source/doorManagement.o
 .debug_line    0x00000a34      0x1a6 ./source/encoder.o
 .debug_line    0x00000bda      0x12e ./source/encoderDecoder.o
 .debug_line    0x00000d08      0x152 ./source/encoderHAL.o
 .debug_line    0x00000e5a      0x320 ./source/gpio.o
 .debug_line    0x0000117a      0x274 ./source/magnetCardDecode.o
 .debug_line    0x000013ee      0x13e ./source/magnetCardLector.o
 .debug_line    0x0000152c      0x170 ./source/magnetLectorHAL.o
 .debug_line    0x0000169c      0x14a ./source/queue.o
 .debug_line    0x000017e6      0x155 ./source/stateAddingUser.o
 .debug_line    0x0000193b      0x20d ./source/stateAdminMode.o
 .debug_line    0x00001b48      0x14f ./source/stateBlocked.o
 .debug_line    0x00001c97      0x1d6 ./source/stateChangeIntensity.o
 .debug_line    0x00001e6d      0x157 ./source/stateChangingPIN.o
 .debug_line    0x00001fc4      0x1ea ./source/stateMenu.o
 .debug_line    0x000021ae      0x22c ./source/stateReceivingID.o
 .debug_line    0x000023da      0x254 ./source/stateReceivingPIN.o
 .debug_line    0x0000262e      0x159 ./source/stateRemovingUser.o
 .debug_line    0x00002787      0x22a ./source/stateUserApproved.o
 .debug_line    0x000029b1      0x169 ./source/timer.o
 .debug_line    0x00002b1a      0x11c ./source/timer_queue.o
 .debug_line    0x00002c36      0x1d1 ./SDK/startup/hardware.o
 .debug_line    0x00002e07      0x175 ./SDK/startup/main.o
 .debug_line    0x00002f7c       0x55 ./SDK/startup/semihost_hardfault.o
 .debug_line    0x00002fd1      0x6d8 ./SDK/startup/startup_mk64f12.o
 .debug_line    0x000036a9      0x1c8 ./SDK/CMSIS/system_MK64F12.o

.debug_str      0x00000000    0x7a5b5
 .debug_str     0x00000000     0x3a8c ./source/App.o
                               0x3c1a (size before relaxing)
 .debug_str     0x00003a8c       0x26 ./source/FSM.o
                               0x3b32 (size before relaxing)
 .debug_str     0x00003ab2      0x2f5 ./source/SegmentDisplay.o
                               0x3b20 (size before relaxing)
 .debug_str     0x00003da7    0x6d4de ./source/SysTick.o
                              0x70dc7 (size before relaxing)
 .debug_str     0x00071285      0x111 ./source/dataBase.o
                               0x3a03 (size before relaxing)
 .debug_str     0x00071396      0x1da ./source/display.o
                               0x3afa (size before relaxing)
 .debug_str     0x00071570       0xd3 ./source/doorManagement.o
                               0x3a32 (size before relaxing)
 .debug_str     0x00071643      0x22c ./source/encoder.o
                               0x3ab2 (size before relaxing)
 .debug_str     0x0007186f       0x41 ./source/encoderDecoder.o
                               0x393d (size before relaxing)
 .debug_str     0x000718b0      0x18d ./source/encoderHAL.o
                               0x3b75 (size before relaxing)
 .debug_str     0x00071a3d      0x312 ./source/gpio.o
                              0x70e7d (size before relaxing)
 .debug_str     0x00071d4f      0x934 ./source/magnetCardDecode.o
                               0x44b2 (size before relaxing)
 .debug_str     0x00072683       0xf4 ./source/magnetCardLector.o
                               0x39f7 (size before relaxing)
 .debug_str     0x00072777       0xf2 ./source/magnetLectorHAL.o
                               0x3e44 (size before relaxing)
 .debug_str     0x00072869       0x5a ./source/queue.o
                               0x3b22 (size before relaxing)
 .debug_str     0x000728c3       0x61 ./source/stateAddingUser.o
                               0x3b40 (size before relaxing)
 .debug_str     0x00072924       0xd7 ./source/stateAdminMode.o
                               0x3c55 (size before relaxing)
 .debug_str     0x000729fb       0x57 ./source/stateBlocked.o
                               0x3b36 (size before relaxing)
 .debug_str     0x00072a52       0xad ./source/stateChangeIntensity.o
                               0x3c61 (size before relaxing)
 .debug_str     0x00072aff       0x63 ./source/stateChangingPIN.o
                               0x3b42 (size before relaxing)
 .debug_str     0x00072b62       0x38 ./source/stateMenu.o
                               0x3c48 (size before relaxing)
 .debug_str     0x00072b9a      0x118 ./source/stateReceivingID.o
                               0x3cde (size before relaxing)
 .debug_str     0x00072cb2      0x1eb ./source/stateReceivingPIN.o
                               0x3cda (size before relaxing)
 .debug_str     0x00072e9d       0x53 ./source/stateRemovingUser.o
                               0x3b44 (size before relaxing)
 .debug_str     0x00072ef0       0x78 ./source/stateUserApproved.o
                               0x3cb8 (size before relaxing)
 .debug_str     0x00072f68       0xc6 ./source/timer.o
                               0x39bc (size before relaxing)
 .debug_str     0x0007302e       0x5d ./source/timer_queue.o
                               0x3951 (size before relaxing)
 .debug_str     0x0007308b     0x6cb1 ./SDK/startup/hardware.o
                              0x77212 (size before relaxing)
 .debug_str     0x00079d3c       0x1b ./SDK/startup/main.o
                              0x77028 (size before relaxing)
 .debug_str     0x00079d57       0x36 ./SDK/startup/semihost_hardfault.o
                               0x2d4c (size before relaxing)
 .debug_str     0x00079d8d      0x7d1 ./SDK/startup/startup_mk64f12.o
                               0x35bb (size before relaxing)
 .debug_str     0x0007a55e       0x57 ./SDK/CMSIS/system_MK64F12.o
                              0x77121 (size before relaxing)

.comment        0x00000000       0x7e
 .comment       0x00000000       0x7e ./source/App.o
                                 0x7f (size before relaxing)
 .comment       0x0000007e       0x7f ./source/FSM.o
 .comment       0x0000007e       0x7f ./source/SegmentDisplay.o
 .comment       0x0000007e       0x7f ./source/SysTick.o
 .comment       0x0000007e       0x7f ./source/dataBase.o
 .comment       0x0000007e       0x7f ./source/display.o
 .comment       0x0000007e       0x7f ./source/doorManagement.o
 .comment       0x0000007e       0x7f ./source/encoder.o
 .comment       0x0000007e       0x7f ./source/encoderDecoder.o
 .comment       0x0000007e       0x7f ./source/encoderHAL.o
 .comment       0x0000007e       0x7f ./source/gpio.o
 .comment       0x0000007e       0x7f ./source/magnetCardDecode.o
 .comment       0x0000007e       0x7f ./source/magnetCardLector.o
 .comment       0x0000007e       0x7f ./source/magnetLectorHAL.o
 .comment       0x0000007e       0x7f ./source/queue.o
 .comment       0x0000007e       0x7f ./source/stateAddingUser.o
 .comment       0x0000007e       0x7f ./source/stateAdminMode.o
 .comment       0x0000007e       0x7f ./source/stateBlocked.o
 .comment       0x0000007e       0x7f ./source/stateChangeIntensity.o
 .comment       0x0000007e       0x7f ./source/stateChangingPIN.o
 .comment       0x0000007e       0x7f ./source/stateMenu.o
 .comment       0x0000007e       0x7f ./source/stateReceivingID.o
 .comment       0x0000007e       0x7f ./source/stateReceivingPIN.o
 .comment       0x0000007e       0x7f ./source/stateRemovingUser.o
 .comment       0x0000007e       0x7f ./source/stateUserApproved.o
 .comment       0x0000007e       0x7f ./source/timer.o
 .comment       0x0000007e       0x7f ./source/timer_queue.o
 .comment       0x0000007e       0x7f ./SDK/startup/hardware.o
 .comment       0x0000007e       0x7f ./SDK/startup/main.o
 .comment       0x0000007e       0x7f ./SDK/startup/semihost_hardfault.o
 .comment       0x0000007e       0x7f ./SDK/startup/startup_mk64f12.o
 .comment       0x0000007e       0x7f ./SDK/CMSIS/system_MK64F12.o
 .comment       0x0000007e       0x7f c:/nxp/mcuxpressoide_10.2.0_759/ide/tools/bin/../lib/gcc/arm-none-eabi/7.2.1/../../../../arm-none-eabi/lib/thumb/v7e-m/fpv4-sp/hard\libcr_c.a(memcpy.o)

.ARM.attributes
                0x00000000       0x37
 .ARM.attributes
                0x00000000       0x39 ./source/App.o
 .ARM.attributes
                0x00000039       0x39 ./source/FSM.o
 .ARM.attributes
                0x00000072       0x39 ./source/SegmentDisplay.o
 .ARM.attributes
                0x000000ab       0x39 ./source/SysTick.o
 .ARM.attributes
                0x000000e4       0x39 ./source/dataBase.o
 .ARM.attributes
                0x0000011d       0x39 ./source/display.o
 .ARM.attributes
                0x00000156       0x39 ./source/doorManagement.o
 .ARM.attributes
                0x0000018f       0x39 ./source/encoder.o
 .ARM.attributes
                0x000001c8       0x39 ./source/encoderDecoder.o
 .ARM.attributes
                0x00000201       0x39 ./source/encoderHAL.o
 .ARM.attributes
                0x0000023a       0x39 ./source/gpio.o
 .ARM.attributes
                0x00000273       0x39 ./source/magnetCardDecode.o
 .ARM.attributes
                0x000002ac       0x39 ./source/magnetCardLector.o
 .ARM.attributes
                0x000002e5       0x39 ./source/magnetLectorHAL.o
 .ARM.attributes
                0x0000031e       0x39 ./source/queue.o
 .ARM.attributes
                0x00000357       0x39 ./source/stateAddingUser.o
 .ARM.attributes
                0x00000390       0x39 ./source/stateAdminMode.o
 .ARM.attributes
                0x000003c9       0x39 ./source/stateBlocked.o
 .ARM.attributes
                0x00000402       0x39 ./source/stateChangeIntensity.o
 .ARM.attributes
                0x0000043b       0x39 ./source/stateChangingPIN.o
 .ARM.attributes
                0x00000474       0x39 ./source/stateMenu.o
 .ARM.attributes
                0x000004ad       0x39 ./source/stateReceivingID.o
 .ARM.attributes
                0x000004e6       0x39 ./source/stateReceivingPIN.o
 .ARM.attributes
                0x0000051f       0x39 ./source/stateRemovingUser.o
 .ARM.attributes
                0x00000558       0x39 ./source/stateUserApproved.o
 .ARM.attributes
                0x00000591       0x39 ./source/timer.o
 .ARM.attributes
                0x000005ca       0x39 ./source/timer_queue.o
 .ARM.attributes
                0x00000603       0x39 ./SDK/startup/hardware.o
 .ARM.attributes
                0x0000063c       0x39 ./SDK/startup/main.o
 .ARM.attributes
                0x00000675       0x39 ./SDK/startup/semihost_hardfault.o
 .ARM.attributes
                0x000006ae       0x39 ./SDK/startup/startup_mk64f12.o
 .ARM.attributes
                0x000006e7       0x39 ./SDK/CMSIS/system_MK64F12.o
 .ARM.attributes
                0x00000720       0x39 c:/nxp/mcuxpressoide_10.2.0_759/ide/tools/bin/../lib/gcc/arm-none-eabi/7.2.1/../../../../arm-none-eabi/lib/thumb/v7e-m/fpv4-sp/hard\libcr_c.a(memcpy.o)
 .ARM.attributes
                0x00000759       0x25 c:/nxp/mcuxpressoide_10.2.0_759/ide/tools/bin/../lib/gcc/arm-none-eabi/7.2.1/thumb/v7e-m/fpv4-sp/hard\libcr_eabihelpers.a(memcpy.o)

.debug_frame    0x00000000     0x1898
 .debug_frame   0x00000000       0x50 ./source/App.o
 .debug_frame   0x00000050       0x28 ./source/FSM.o
 .debug_frame   0x00000078       0x78 ./source/SegmentDisplay.o
 .debug_frame   0x000000f0       0x38 ./source/SysTick.o
 .debug_frame   0x00000128      0x110 ./source/dataBase.o
 .debug_frame   0x00000238       0xcc ./source/display.o
 .debug_frame   0x00000304       0xa0 ./source/doorManagement.o
 .debug_frame   0x000003a4       0xc0 ./source/encoder.o
 .debug_frame   0x00000464       0x74 ./source/encoderDecoder.o
 .debug_frame   0x000004d8       0x90 ./source/encoderHAL.o
 .debug_frame   0x00000568      0x238 ./source/gpio.o
 .debug_frame   0x000007a0       0xc4 ./source/magnetCardDecode.o
 .debug_frame   0x00000864       0x64 ./source/magnetCardLector.o
 .debug_frame   0x000008c8       0x88 ./source/magnetLectorHAL.o
 .debug_frame   0x00000950       0x50 ./source/queue.o
 .debug_frame   0x000009a0       0x40 ./source/stateAddingUser.o
 .debug_frame   0x000009e0       0x80 ./source/stateAdminMode.o
 .debug_frame   0x00000a60       0x40 ./source/stateBlocked.o
 .debug_frame   0x00000aa0       0x70 ./source/stateChangeIntensity.o
 .debug_frame   0x00000b10       0x40 ./source/stateChangingPIN.o
 .debug_frame   0x00000b50       0x74 ./source/stateMenu.o
 .debug_frame   0x00000bc4       0xa0 ./source/stateReceivingID.o
 .debug_frame   0x00000c64       0xb0 ./source/stateReceivingPIN.o
 .debug_frame   0x00000d14       0x40 ./source/stateRemovingUser.o
 .debug_frame   0x00000d54       0x80 ./source/stateUserApproved.o
 .debug_frame   0x00000dd4       0xa0 ./source/timer.o
 .debug_frame   0x00000e74       0x50 ./source/timer_queue.o
 .debug_frame   0x00000ec4       0x40 ./SDK/startup/hardware.o
 .debug_frame   0x00000f04       0x28 ./SDK/startup/main.o
 .debug_frame   0x00000f2c       0x20 ./SDK/startup/semihost_hardfault.o
 .debug_frame   0x00000f4c      0x904 ./SDK/startup/startup_mk64f12.o
 .debug_frame   0x00001850       0x48 ./SDK/CMSIS/system_MK64F12.o

.debug_loc      0x00000000     0x2d6e
 .debug_loc     0x00000000       0x21 ./source/FSM.o
 .debug_loc     0x00000021      0x1cb ./source/SegmentDisplay.o
 .debug_loc     0x000001ec       0x6b ./source/SysTick.o
 .debug_loc     0x00000257      0x41f ./source/dataBase.o
 .debug_loc     0x00000676       0xc7 ./source/display.o
 .debug_loc     0x0000073d       0xce ./source/encoder.o
 .debug_loc     0x0000080b       0x2b ./source/encoderDecoder.o
 .debug_loc     0x00000836      0x111 ./source/encoderHAL.o
 .debug_loc     0x00000947      0x750 ./source/gpio.o
 .debug_loc     0x00001097      0x9fa ./source/magnetCardDecode.o
 .debug_loc     0x00001a91       0xa0 ./source/magnetLectorHAL.o
 .debug_loc     0x00001b31      0x1cd ./source/queue.o
 .debug_loc     0x00001cfe      0x29e ./source/stateAdminMode.o
 .debug_loc     0x00001f9c      0x1d6 ./source/stateChangeIntensity.o
 .debug_loc     0x00002172      0x235 ./source/stateMenu.o
 .debug_loc     0x000023a7      0x38a ./source/stateReceivingID.o
 .debug_loc     0x00002731      0x246 ./source/stateUserApproved.o
 .debug_loc     0x00002977       0xda ./source/timer.o
 .debug_loc     0x00002a51       0x72 ./source/timer_queue.o
 .debug_loc     0x00002ac3      0x1e7 ./SDK/startup/startup_mk64f12.o
 .debug_loc     0x00002caa       0xc4 ./SDK/CMSIS/system_MK64F12.o
