Archive member included to satisfy reference by file (symbol)

c:/nxp/mcuxpressoide_10.2.0_759/ide/tools/bin/../lib/gcc/arm-none-eabi/7.2.1/../../../../arm-none-eabi/lib/thumb/v7e-m/fpv4-sp/hard\libcr_c.a(memcpy.o)
                              ./source/magnetCardLector.o (memcpy)
c:/nxp/mcuxpressoide_10.2.0_759/ide/tools/bin/../lib/gcc/arm-none-eabi/7.2.1/thumb/v7e-m/fpv4-sp/hard\libcr_eabihelpers.a(memcpy.o)
                              c:/nxp/mcuxpressoide_10.2.0_759/ide/tools/bin/../lib/gcc/arm-none-eabi/7.2.1/../../../../arm-none-eabi/lib/thumb/v7e-m/fpv4-sp/hard\libcr_c.a(memcpy.o) (__aeabi_memcpy)

Discarded input sections

 .group         0x00000000        0xc ./source/App.o
 .group         0x00000000        0xc ./source/App.o
 .group         0x00000000        0xc ./source/App.o
 .group         0x00000000        0xc ./source/App.o
 .group         0x00000000        0xc ./source/App.o
 .group         0x00000000        0xc ./source/App.o
 .group         0x00000000        0xc ./source/App.o
 .group         0x00000000        0xc ./source/App.o
 .group         0x00000000        0xc ./source/App.o
 .group         0x00000000        0xc ./source/App.o
 .group         0x00000000        0xc ./source/App.o
 .text          0x00000000        0x0 ./source/App.o
 .data          0x00000000        0x0 ./source/App.o
 .bss           0x00000000        0x0 ./source/App.o
 .bss.newEvent  0x00000000        0x1 ./source/App.o
 .group         0x00000000        0xc ./source/FSM.o
 .group         0x00000000        0xc ./source/FSM.o
 .group         0x00000000        0xc ./source/FSM.o
 .group         0x00000000        0xc ./source/FSM.o
 .group         0x00000000        0xc ./source/FSM.o
 .group         0x00000000        0xc ./source/FSM.o
 .group         0x00000000        0xc ./source/FSM.o
 .group         0x00000000        0xc ./source/FSM.o
 .text          0x00000000        0x0 ./source/FSM.o
 .data          0x00000000        0x0 ./source/FSM.o
 .bss           0x00000000        0x0 ./source/FSM.o
 .debug_macro   0x00000000      0xa5a ./source/FSM.o
 .debug_macro   0x00000000       0x10 ./source/FSM.o
 .debug_macro   0x00000000       0x22 ./source/FSM.o
 .debug_macro   0x00000000      0x34e ./source/FSM.o
 .debug_macro   0x00000000       0x16 ./source/FSM.o
 .debug_macro   0x00000000       0x10 ./source/FSM.o
 .debug_macro   0x00000000       0x16 ./source/FSM.o
 .debug_macro   0x00000000       0x10 ./source/FSM.o
 .group         0x00000000        0xc ./source/SegmentDisplay.o
 .group         0x00000000        0xc ./source/SegmentDisplay.o
 .group         0x00000000        0xc ./source/SegmentDisplay.o
 .group         0x00000000        0xc ./source/SegmentDisplay.o
 .text          0x00000000        0x0 ./source/SegmentDisplay.o
 .data          0x00000000        0x0 ./source/SegmentDisplay.o
 .bss           0x00000000        0x0 ./source/SegmentDisplay.o
 .debug_macro   0x00000000      0xa5a ./source/SegmentDisplay.o
 .debug_macro   0x00000000      0x34e ./source/SegmentDisplay.o
 .debug_macro   0x00000000       0x22 ./source/SegmentDisplay.o
 .group         0x00000000        0xc ./source/SysTick.o
 .group         0x00000000        0xc ./source/SysTick.o
 .group         0x00000000        0xc ./source/SysTick.o
 .group         0x00000000        0xc ./source/SysTick.o
 .group         0x00000000        0xc ./source/SysTick.o
 .group         0x00000000        0xc ./source/SysTick.o
 .group         0x00000000        0xc ./source/SysTick.o
 .group         0x00000000        0xc ./source/SysTick.o
 .group         0x00000000        0xc ./source/SysTick.o
 .group         0x00000000        0xc ./source/SysTick.o
 .group         0x00000000        0xc ./source/SysTick.o
 .group         0x00000000        0xc ./source/SysTick.o
 .text          0x00000000        0x0 ./source/SysTick.o
 .data          0x00000000        0x0 ./source/SysTick.o
 .bss           0x00000000        0x0 ./source/SysTick.o
 .debug_macro   0x00000000      0xa5a ./source/SysTick.o
 .debug_macro   0x00000000       0x22 ./source/SysTick.o
 .debug_macro   0x00000000      0x34e ./source/SysTick.o
 .group         0x00000000        0xc ./source/dataBase.o
 .group         0x00000000        0xc ./source/dataBase.o
 .group         0x00000000        0xc ./source/dataBase.o
 .group         0x00000000        0xc ./source/dataBase.o
 .group         0x00000000        0xc ./source/dataBase.o
 .group         0x00000000        0xc ./source/dataBase.o
 .text          0x00000000        0x0 ./source/dataBase.o
 .data          0x00000000        0x0 ./source/dataBase.o
 .bss           0x00000000        0x0 ./source/dataBase.o
 .text.removeUser
                0x00000000       0xe8 ./source/dataBase.o
 .debug_macro   0x00000000       0x22 ./source/dataBase.o
 .debug_macro   0x00000000      0x34e ./source/dataBase.o
 .debug_macro   0x00000000       0x16 ./source/dataBase.o
 .debug_macro   0x00000000       0x10 ./source/dataBase.o
 .debug_macro   0x00000000       0x16 ./source/dataBase.o
[...]
Memory Configuration

Name             Origin             Length             Attributes
PROGRAM_FLASH    0x00000000         0x00100000         xr
SRAM_UPPER       0x20000000         0x00030000         xrw
SRAM_LOWER       0x1fff0000         0x00010000         xrw
FLEX_RAM         0x14000000         0x00001000         xrw
*default*        0x00000000         0xffffffff

Linker script and memory map

LOAD ./source/App.o
LOAD ./source/FSM.o
LOAD ./source/SegmentDisplay.o
LOAD ./source/SysTick.o
LOAD ./source/dataBase.o
LOAD ./source/display.o
LOAD ./source/doorManagement.o
LOAD ./source/encoder.o
LOAD ./source/encoderDecoder.o
LOAD ./source/encoderHAL.o
LOAD ./source/gpio.o
LOAD ./source/magnetCardDecode.o
LOAD ./source/magnetCardLector.o
LOAD ./source/magnetLectorHAL.o
LOAD ./source/queue.o
LOAD ./source/stateAddingUser.o
LOAD ./source/stateAddingUserPIN.o
LOAD ./source/stateAdminMode.o
LOAD ./source/stateBlocked.o
LOAD ./source/stateChangeIntensity.o
LOAD ./source/stateChangingPIN.o
LOAD ./source/stateMenu.o
LOAD ./source/stateReceivingID.o
LOAD ./source/stateReceivingPIN.o
LOAD ./source/stateRemovingUser.o
LOAD ./source/stateUserApproved.o
LOAD ./source/timer.o
LOAD ./source/timer_queue.o
LOAD ./SDK/startup/hardware.o
LOAD ./SDK/startup/main.o
LOAD ./SDK/startup/semihost_hardfault.o
LOAD ./SDK/startup/startup_mk64f12.o
LOAD ./SDK/CMSIS/system_MK64F12.o
START GROUP
LOAD c:/nxp/mcuxpressoide_10.2.0_759/ide/tools/bin/../lib/gcc/arm-none-eabi/7.2.1/../../../../arm-none-eabi/lib/thumb/v7e-m/fpv4-sp/hard\libcr_c.a
LOAD c:/nxp/mcuxpressoide_10.2.0_759/ide/tools/bin/../lib/gcc/arm-none-eabi/7.2.1/thumb/v7e-m/fpv4-sp/hard\libcr_eabihelpers.a
END GROUP
                0x00000000                __base_PROGRAM_FLASH = 0x0
                0x00000000                __base_Flash = 0x0
                0x00100000                __top_PROGRAM_FLASH = 0x100000
                0x00100000                __top_Flash = 0x100000
                0x20000000                __base_SRAM_UPPER = 0x20000000
                0x20000000                __base_RAM = 0x20000000
                0x20030000                __top_SRAM_UPPER = 0x20030000
                0x20030000                __top_RAM = 0x20030000
                0x1fff0000                __base_SRAM_LOWER = 0x1fff0000
                0x1fff0000                __base_RAM2 = 0x1fff0000
                0x20000000                __top_SRAM_LOWER = 0x20000000
                0x20000000                __top_RAM2 = 0x20000000
                0x14000000                __base_FLEX_RAM = 0x14000000
                0x14000000                __base_RAM3 = 0x14000000
                0x14001000                __top_FLEX_RAM = 0x14001000
                0x14001000                __top_RAM3 = 0x14001000

.text           0x00000000     0x3c48
 FILL mask 0xff
                0x00000000                __vectors_start__ = ABSOLUTE (.)
 *(SORT_BY_ALIGNMENT(.isr_vector))
 .isr_vector    0x00000000      0x198 ./SDK/startup/startup_mk64f12.o
                0x00000000                g_pfnVectors
                0x00000000                __Vectors
                0x00000198                . = ALIGN (0x4)
                0x00000198                __section_table_start = .
                0x00000198                __data_section_table = .
                0x00000198        0x4 LONG 0x3c48 LOADADDR (.data)
                0x0000019c        0x4 LONG 0x20000000 ADDR (.data)
                0x000001a0        0x4 LONG 0x40 SIZEOF (.data)
                0x000001a4        0x4 LONG 0x3c48 LOADADDR (.data_RAM2)
                0x000001a8        0x4 LONG 0x1fff0000 ADDR (.data_RAM2)
                0x000001ac        0x4 LONG 0x0 SIZEOF (.data_RAM2)
                0x000001b0        0x4 LONG 0x3c48 LOADADDR (.data_RAM3)
                0x000001b4        0x4 LONG 0x14000000 ADDR (.data_RAM3)
                0x000001b8        0x4 LONG 0x0 SIZEOF (.data_RAM3)
                0x000001bc                __data_section_table_end = .
                0x000001bc                __bss_section_table = .
                0x000001bc        0x4 LONG 0x20000040 ADDR (.bss)
                0x000001c0        0x4 LONG 0x1098 SIZEOF (.bss)
                0x000001c4        0x4 LONG 0x1fff0000 ADDR (.bss_RAM2)
                0x000001c8        0x4 LONG 0x0 SIZEOF (.bss_RAM2)
                0x000001cc        0x4 LONG 0x14000000 ADDR (.bss_RAM3)
                0x000001d0        0x4 LONG 0x0 SIZEOF (.bss_RAM3)
                0x000001d4                __bss_section_table_end = .
                0x000001d4                __section_table_end = .
 *(SORT_BY_ALIGNMENT(.after_vectors*))
 .after_vectors.reset
                0x000001d4       0x4c ./SDK/startup/startup_mk64f12.o
                0x000001d4                ResetISR
 .after_vectors
                0x00000220       0x14 ./SDK/startup/startup_mk64f12.o
                0x00000220                NMI_Handler
                0x00000224                MemManage_Handler
                0x00000226                BusFault_Handler
                0x00000228                UsageFault_Handler
                0x0000022a                SVC_Handler
                0x0000022c                DebugMon_Handler
                0x0000022e                PendSV_Handler
                0x00000232                DMA_Error_DriverIRQHandler
                0x00000232                LPTMR0_DriverIRQHandler
                0x00000232                FTM1_DriverIRQHandler
                0x00000232                FTM2_DriverIRQHandler
                0x00000232                PIT2_DriverIRQHandler
                0x00000232                SDHC_DriverIRQHandler
                0x00000232                I2S0_Tx_DriverIRQHandler
                0x00000232                RTC_Seconds_DriverIRQHandler
                0x00000232                DMA6_DriverIRQHandler
                0x00000232                LLWU_DriverIRQHandler
                0x00000232                MCM_DriverIRQHandler
                0x00000232                MCG_DriverIRQHandler
                0x00000232                ENET_1588_Timer_DriverIRQHandler
                0x00000232                I2C2_DriverIRQHandler
                0x00000232                DAC1_DriverIRQHandler
                0x00000232                SPI1_DriverIRQHandler
                0x00000232                CMP1_DriverIRQHandler
                0x00000232                UART5_RX_TX_DriverIRQHandler
                0x00000232                FTM0_DriverIRQHandler
                0x00000232                IntDefaultHandler
                0x00000232                USB0_DriverIRQHandler
                0x00000232                UART5_ERR_DriverIRQHandler
                0x00000232                PORTC_DriverIRQHandler
                0x00000232                DMA11_DriverIRQHandler
                0x00000232                DAC0_DriverIRQHandler
                0x00000232                DMA10_DriverIRQHandler
                0x00000232                CMP2_DriverIRQHandler
                0x00000232                UART2_ERR_DriverIRQHandler
                0x00000232                SPI2_DriverIRQHandler
                0x00000232                LVD_LVW_DriverIRQHandler
                0x00000232                PIT0_DriverIRQHandler
                0x00000232                RNG_DriverIRQHandler
                0x00000232                DMA5_DriverIRQHandler
                0x00000232                DMA12_DriverIRQHandler
                0x00000232                UART2_RX_TX_DriverIRQHandler
                0x00000232                USBDCD_DriverIRQHandler
                0x00000232                UART3_ERR_DriverIRQHandler
                0x00000232                DMA3_DriverIRQHandler
                0x00000232                DMA8_DriverIRQHandler
                0x00000232                DMA9_DriverIRQHandler
                0x00000232                UART0_ERR_DriverIRQHandler
                0x00000232                CMT_DriverIRQHandler
                0x00000232                Reserved71_DriverIRQHandler
                0x00000232                ADC1_DriverIRQHandler
                0x00000232                PORTA_DriverIRQHandler
                0x00000232                DMA14_DriverIRQHandler
                0x00000232                PIT3_DriverIRQHandler
                0x00000232                PIT1_DriverIRQHandler
                0x00000232                WDOG_EWM_DriverIRQHandler
                0x00000232                PDB0_DriverIRQHandler
                0x00000232                RTC_DriverIRQHandler
                0x00000232                I2S0_Rx_DriverIRQHandler
                0x00000232                Read_Collision_DriverIRQHandler
                0x00000232                SWI_DriverIRQHandler
                0x00000232                UART4_RX_TX_DriverIRQHandler
                0x00000232                UART4_ERR_DriverIRQHandler
                0x00000232                PORTB_DriverIRQHandler
                0x00000232                UART0_LON_DriverIRQHandler
                0x00000232                DMA0_DriverIRQHandler
                0x00000232                DMA1_DriverIRQHandler
                0x00000232                I2C1_DriverIRQHandler
                0x00000232                UART3_RX_TX_DriverIRQHandler
                0x00000232                ENET_Receive_DriverIRQHandler
                0x00000232                DMA13_DriverIRQHandler
                0x00000232                ENET_Error_DriverIRQHandler
                0x00000232                DMA15_DriverIRQHandler
                0x00000232                UART0_RX_TX_DriverIRQHandler
                0x00000232                SPI0_DriverIRQHandler
                0x00000232                ADC0_DriverIRQHandler
                0x00000232                CMP0_DriverIRQHandler
                0x00000232                CAN0_DriverIRQHandler
                0x00000232                FTM3_DriverIRQHandler
                0x00000232                DMA4_DriverIRQHandler
                0x00000232                UART1_ERR_DriverIRQHandler
                0x00000232                DMA2_DriverIRQHandler
                0x00000232                ENET_Transmit_DriverIRQHandler
                0x00000232                PORTD_DriverIRQHandler
                0x00000232                PORTE_DriverIRQHandler
                0x00000232                FTFE_DriverIRQHandler
                0x00000232                I2C0_DriverIRQHandler
                0x00000232                DMA7_DriverIRQHandler
                0x00000232                UART1_RX_TX_DriverIRQHandler
 .after_vectors.init_data
                0x00000234       0x1e ./SDK/startup/startup_mk64f12.o
                0x00000234                data_init
 .after_vectors.init_bss
                0x00000252       0x12 ./SDK/startup/startup_mk64f12.o
                0x00000252                bss_init
                0x00000400                . = 0x400
 *fill*         0x00000264      0x19c ff
                0x00000400                PROVIDE (__FLASH_CONFIG_START__, .)
 *(SORT_BY_ALIGNMENT(.FlashConfig))
 .FlashConfig   0x00000400       0x10 ./SDK/startup/startup_mk64f12.o
                0x00000400                Flash_Config
                0x00000410                PROVIDE (__FLASH_CONFIG_END__, .)
                0x00000001                ASSERT (! ((__FLASH_CONFIG_START__ == __FLASH_CONFIG_END__)), Linker Flash Config Support Enabled, but no .FlashConfig section provided within application)
 *(SORT_BY_ALIGNMENT(.text*))
 .text.App_Init
                0x00000410       0x54 ./source/App.o
                0x00000410                App_Init
 .text.App_Run  0x00000464       0xac ./source/App.o
                0x00000464                App_Run
 .text.initFSM  0x00000510       0x2c ./source/FSM.o
                0x00000510                initFSM
 .text.InitializeSegmentDisplay
                0x0000053c       0x68 ./source/SegmentDisplay.o
                0x0000053c                InitializeSegmentDisplay
 .text.PrintChar
                0x000005a4       0x70 ./source/SegmentDisplay.o
                0x000005a4                PrintChar
 .text.SysTick_Init
                0x00000614       0x38 ./source/SysTick.o
                0x00000614                SysTick_Init
 .text.SysTick_Handler
                0x0000064c       0x20 ./source/SysTick.o
                0x0000064c                SysTick_Handler
 .text.initializeDataBase
                0x0000066c       0x34 ./source/dataBase.o
                0x0000066c                initializeDataBase
 .text.changePIN
                0x000006a0       0xac ./source/dataBase.o
                0x000006a0                changePIN
 .text.addUser  0x0000074c       0x74 ./source/dataBase.o
                0x0000074c                addUser
 .text.removeUserID
                0x000007c0       0xe0 ./source/dataBase.o
                0x000007c0                removeUserID
 .text.verifyID
                0x000008a0       0x80 ./source/dataBase.o
                0x000008a0                verifyID
 .text.verifyPIN
                0x00000920       0xb8 ./source/dataBase.o
                0x00000920                verifyPIN
 .text.verifyCategory
                0x000009d8       0x88 ./source/dataBase.o
                0x000009d8                verifyCategory
 .text.ShiftLeft
                0x00000a60       0x10 ./source/display.o
                0x00000a60                ShiftLeft
 .text.ClearDisplay
                0x00000a70       0x30 ./source/display.o
                0x00000a70                ClearDisplay
 .text.InitializeDisplay
                0x00000aa0       0x64 ./source/display.o
                0x00000aa0                InitializeDisplay
 .text.SetBrightness
                0x00000b04       0x14 ./source/display.o
                0x00000b04                SetBrightness
 .text.UpdateDisplay
                0x00000b18       0xc8 ./source/display.o
                0x00000b18                UpdateDisplay
 .text.PrintMessage
                0x00000be0       0x6c ./source/display.o
                0x00000be0                PrintMessage
 .text.openDoorTemporally
                0x00000c4c       0x1c ./source/doorManagement.o
                0x00000c4c                openDoorTemporally
 .text.initializeEncoderQueue
                0x00000c68       0x14 ./source/encoder.o
                0x00000c68                initializeEncoderQueue
 .text.initializeEncoder
                0x00000c7c       0x58 ./source/encoder.o
                0x00000c7c                initializeEncoder
 .text.popEncoderEvent
                0x00000cd4       0x40 ./source/encoder.o
                0x00000cd4                popEncoderEvent
 .text.isEncEventValid
                0x00000d14       0x10 ./source/encoder.o
                0x00000d14                isEncEventValid
 .text.pushEncoderEvent
                0x00000d24       0x3c ./source/encoder.o
                0x00000d24                pushEncoderEvent
 .text.updateData
                0x00000d60       0x18 ./source/encoderDecoder.o
                0x00000d60                updateData
 .text.decodeEncoder
                0x00000d78       0x50 ./source/encoderDecoder.o
                0x00000d78                decodeEncoder
 .text.resetData
                0x00000dc8       0x14 ./source/encoderDecoder.o
                0x00000dc8                resetData
 .text.checkEnterRisingEdge
                0x00000ddc        0xc ./source/encoderDecoder.o
                0x00000ddc                checkEnterRisingEdge
 .text.checkEnterFallingEdge
                0x00000de8       0x10 ./source/encoderDecoder.o
                0x00000de8                checkEnterFallingEdge
 .text.encTimerRoutine
                0x00000df8       0x18 ./source/encoderHAL.o
                0x00000df8                encTimerRoutine
 .text.initializeEncoderHAL
                0x00000e10       0x70 ./source/encoderHAL.o
                0x00000e10                initializeEncoderHAL
 .text.resetEncoderTimerCount
                0x00000e80       0x14 ./source/encoderHAL.o
                0x00000e80                resetEncoderTimerCount
 .text.getEncTimerCount
                0x00000e94        0xc ./source/encoderHAL.o
                0x00000e94                getEncTimerCount
 .text.PORTX_IRQHandler
                0x00000ea0       0x54 ./source/gpio.o
                0x00000ea0                PORTX_IRQHandler
 .text.gpioMode
                0x00000ef4       0x98 ./source/gpio.o
                0x00000ef4                gpioMode
 .text.gpioRead
                0x00000f8c       0x3c ./source/gpio.o
                0x00000f8c                gpioRead
 .text.setPassiveFilter
                0x00000fc8       0x38 ./source/gpio.o
                0x00000fc8                setPassiveFilter
 .text.gpioWrite
                0x00001000       0x40 ./source/gpio.o
                0x00001000                gpioWrite
 .text.gpioIRQ  0x00001040       0x98 ./source/gpio.o
                0x00001040                gpioIRQ
 .text.magnetDataParser
                0x000010d8       0x44 ./source/magnetCardDecode.o
                0x000010d8                magnetDataParser
 .text.enableRoutine
                0x0000111c       0x58 ./source/magnetLectorHAL.o
                0x0000111c                enableRoutine
 .text.clockRoutine
                0x00001174       0x3c ./source/magnetLectorHAL.o
                0x00001174                clockRoutine
 .text.getLectureEvent
                0x000011b0       0x44 ./source/magnetLectorHAL.o
                0x000011b0                getLectureEvent
 .text.isEventinLectorQueue
                0x000011f4       0x10 ./source/magnetLectorHAL.o
                0x000011f4                isEventinLectorQueue
 .text.initLectorQueue
                0x00001204       0x14 ./source/magnetLectorHAL.o
                0x00001204                initLectorQueue
 .text.hwLectorInit
                0x00001218       0x44 ./source/magnetLectorHAL.o
                0x00001218                hwLectorInit
 .text.createIDString
                0x0000125c       0x50 ./source/stateAddingUser.o
 .text.AUinputEvHandler
                0x000012ac      0x1c0 ./source/stateAddingUser.o
                0x000012ac                AUinputEvHandler
 .text.AUtimerEvHandler
                0x0000146c       0x58 ./source/stateAddingUser.o
                0x0000146c                AUtimerEvHandler
 .text.AUkeycardEvHandler
                0x000014c4       0xa4 ./source/stateAddingUser.o
                0x000014c4                AUkeycardEvHandler
 .text.createPINString
                0x00001568       0x4c ./source/stateAddingUserPIN.o
 .text.AUPinputEvHandler
                0x000015b4      0x178 ./source/stateAddingUserPIN.o
                0x000015b4                AUPinputEvHandler
 .text.AUPtimerEvHandler
                0x0000172c       0x58 ./source/stateAddingUserPIN.o
                0x0000172c                AUPtimerEvHandler
 .text.AUPkeycardEvHandler
                0x00001784       0xa4 ./source/stateAddingUserPIN.o
                0x00001784                AUPkeycardEvHandler
 .text.AMinputEvHandler
                0x00001828      0x114 ./source/stateAdminMode.o
                0x00001828                AMinputEvHandler
 .text.AMtimerEvHandler
                0x0000193c       0x58 ./source/stateAdminMode.o
                0x0000193c                AMtimerEvHandler
 .text.AMkeycardEvHandler
                0x00001994       0xa4 ./source/stateAdminMode.o
                0x00001994                AMkeycardEvHandler
 .text.BtimerEvHandler
                0x00001a38       0x5c ./source/stateBlocked.o
                0x00001a38                BtimerEvHandler
 .text.CIinputEvHandler
                0x00001a94       0xe0 ./source/stateChangeIntensity.o
                0x00001a94                CIinputEvHandler
 .text.CIkeycardEvHandler
                0x00001b74       0xa4 ./source/stateChangeIntensity.o
                0x00001b74                CIkeycardEvHandler
 .text.createPINString
                0x00001c18       0x4c ./source/stateChangingPIN.o
 .text.CPinputEvHandler
                0x00001c64      0x1a4 ./source/stateChangingPIN.o
                0x00001c64                CPinputEvHandler
 .text.CPtimerEvHandler
                0x00001e08       0x58 ./source/stateChangingPIN.o
                0x00001e08                CPtimerEvHandler
 .text.CPkeycardEvHandler
                0x00001e60       0xa4 ./source/stateChangingPIN.o
                0x00001e60                CPkeycardEvHandler
 .text.MinputEvHandler
                0x00001f04       0xe0 ./source/stateMenu.o
                0x00001f04                MinputEvHandler
 .text.MkeycardEvHandler
                0x00001fe4       0x98 ./source/stateMenu.o
                0x00001fe4                MkeycardEvHandler
 .text.createIDString
                0x0000207c       0x50 ./source/stateReceivingID.o
 .text.RIinputEvHandler
                0x000020cc      0x1cc ./source/stateReceivingID.o
                0x000020cc                RIinputEvHandler
 .text.RItimerEvHandler
                0x00002298       0x58 ./source/stateReceivingID.o
                0x00002298                RItimerEvHandler
 .text.RIkeycardEvHandler
                0x000022f0       0x98 ./source/stateReceivingID.o
                0x000022f0                RIkeycardEvHandler
 .text.createPINString
                0x00002388       0x70 ./source/stateReceivingPIN.o
 .text.RPinputEvHandler
                0x000023f8      0x2a8 ./source/stateReceivingPIN.o
                0x000023f8                RPinputEvHandler
 .text.RPtimerEvHandler
                0x000026a0       0x7c ./source/stateReceivingPIN.o
                0x000026a0                RPtimerEvHandler
 .text.RPkeycardEvHandler
                0x0000271c       0xfc ./source/stateReceivingPIN.o
                0x0000271c                RPkeycardEvHandler
 .text.createIDString
                0x00002818       0x50 ./source/stateRemovingUser.o
 .text.RUinputEvHandler
                0x00002868      0x1a0 ./source/stateRemovingUser.o
                0x00002868                RUinputEvHandler
 .text.RUtimerEvHandler
                0x00002a08       0x58 ./source/stateRemovingUser.o
                0x00002a08                RUtimerEvHandler
 .text.RUkeycardEvHandler
                0x00002a60       0xa4 ./source/stateRemovingUser.o
                0x00002a60                RUkeycardEvHandler
 .text.UAinputEvHandler
                0x00002b04      0x168 ./source/stateUserApproved.o
                0x00002b04                UAinputEvHandler
 .text.UAtimerEvHandler
                0x00002c6c       0x58 ./source/stateUserApproved.o
                0x00002c6c                UAtimerEvHandler
 .text.UAkeycardEvHandler
                0x00002cc4       0xa4 ./source/stateUserApproved.o
                0x00002cc4                UAkeycardEvHandler
 .text.sysTickCallback
                0x00002d68       0x34 ./source/timer.o
                0x00002d68                sysTickCallback
 .text.InitializeTimers
                0x00002d9c       0x3c ./source/timer.o
                0x00002d9c                InitializeTimers
 .text.SetTimer
                0x00002dd8       0x5c ./source/timer.o
                0x00002dd8                SetTimer
 .text.EnableTimer
                0x00002e34       0x10 ./source/timer.o
                0x00002e34                EnableTimer
 .text.DisableTimer
                0x00002e44       0x10 ./source/timer.o
                0x00002e44                DisableTimer
 .text.RestartTimer
                0x00002e54       0x10 ./source/timer.o
                0x00002e54                RestartTimer
 .text.InitializeTimerQueue
                0x00002e64        0xc ./source/timer_queue.o
                0x00002e64                InitializeTimerQueue
 .text.PushTimerEv
                0x00002e70       0x24 ./source/timer_queue.o
                0x00002e70                PushTimerEv
 .text.PopTimerEv
                0x00002e94       0x10 ./source/timer_queue.o
                0x00002e94                PopTimerEv
 .text.IsTimerQueueEmpty
                0x00002ea4       0x10 ./source/timer_queue.o
                0x00002ea4                IsTimerQueueEmpty
 .text.hw_Init  0x00002eb4       0xc0 ./SDK/startup/hardware.o
                0x00002eb4                hw_Init
 .text.hw_EnableInterrupts
                0x00002f74       0x18 ./SDK/startup/hardware.o
                0x00002f74                hw_EnableInterrupts
 .text.hw_DisableInterrupts
                0x00002f8c       0x10 ./SDK/startup/hardware.o
                0x00002f8c                hw_DisableInterrupts
 .text.SystemInit
                0x00002f9c       0x34 ./SDK/CMSIS/system_MK64F12.o
                0x00002f9c                SystemInit
 .text.inactCallback
                0x00002fd0        0xa ./source/App.o
                0x00002fd0                inactCallback
 .text.SelectDigit
                0x00002fda       0x56 ./source/SegmentDisplay.o
                0x00002fda                SelectDigit
 .text.SetDigit
                0x00003030       0x80 ./source/SegmentDisplay.o
                0x00003030                SetDigit
 .text.GenerateDisplayEv
                0x000030b0        0xa ./source/display.o
                0x000030b0                GenerateDisplayEv
 .text.GetStringSize
                0x000030ba       0x14 ./source/display.o
                0x000030ba                GetStringSize
 .text.openDoor
                0x000030ce        0xc ./source/doorManagement.o
                0x000030ce                openDoor
 .text.closeDoor
                0x000030da        0xc ./source/doorManagement.o
                0x000030da                closeDoor
 .text.doorInit
                0x000030e6       0x14 ./source/doorManagement.o
                0x000030e6                doorInit
 .text.closeAfterTimeOut
                0x000030fa        0xe ./source/doorManagement.o
                0x000030fa                closeAfterTimeOut
 .text.rotationCallback
                0x00003108       0x5a ./source/encoder.o
                0x00003108                rotationCallback
 .text.buttonCallback
                0x00003162       0x44 ./source/encoder.o
                0x00003162                buttonCallback
 .text.readEncoderSignalX
                0x000031a6       0x28 ./source/encoderHAL.o
                0x000031a6                readEncoderSignalX
 .text.setButtonCallback
                0x000031ce        0xe ./source/encoderHAL.o
                0x000031ce                setButtonCallback
 .text.PORTA_IRQHandler
                0x000031dc        0xa ./source/gpio.o
                0x000031dc                PORTA_IRQHandler
 .text.PORTB_IRQHandler
                0x000031e6        0xa ./source/gpio.o
                0x000031e6                PORTB_IRQHandler
 .text.PORTC_IRQHandler
                0x000031f0        0xa ./source/gpio.o
                0x000031f0                PORTC_IRQHandler
 .text.PORTD_IRQHandler
                0x000031fa        0xa ./source/gpio.o
                0x000031fa                PORTD_IRQHandler
 .text.PORTE_IRQHandler
                0x00003204        0xa ./source/gpio.o
                0x00003204                PORTE_IRQHandler
 .text.setGPIOdataOut
                0x0000320e       0x1c ./source/gpio.o
                0x0000320e                setGPIOdataOut
 .text.setPCRirqc
                0x0000322a       0x16 ./source/gpio.o
                0x0000322a                setPCRirqc
 .text.identifyCardSymbol
                0x00003240       0x68 ./source/magnetCardDecode.o
                0x00003240                identifyCardSymbol
 .text.shapeMagnetTrack
                0x000032a8       0x22 ./source/magnetCardDecode.o
                0x000032a8                shapeMagnetTrack
 .text.getTrackShaped
                0x000032ca       0xd0 ./source/magnetCardDecode.o
                0x000032ca                getTrackShaped
 .text.decodeTrackX
                0x0000339a      0x180 ./source/magnetCardDecode.o
                0x0000339a                decodeTrackX
 .text.initMagnetCardLector
                0x0000351a        0x8 ./source/magnetCardLector.o
                0x0000351a                initMagnetCardLector
 .text.someMagnetCard2Read
                0x00003522        0x8 ./source/magnetCardLector.o
                0x00003522                someMagnetCard2Read
 .text.getLectureDecoded
                0x0000352a       0x3a ./source/magnetCardLector.o
                0x0000352a                getLectureDecoded
 .text.getEvent
                0x00003564       0x48 ./source/queue.o
                0x00003564                getEvent
 .text.userDataReset
                0x000035ac       0x58 ./source/queue.o
                0x000035ac                userDataReset
 .text.BinputEvHandler
                0x00003604        0x6 ./source/stateBlocked.o
                0x00003604                BinputEvHandler
 .text.BkeycardEvHandler
                0x0000360a        0x6 ./source/stateBlocked.o
                0x0000360a                BkeycardEvHandler
 .text.CItimerEvHandler
                0x00003610       0x18 ./source/stateChangeIntensity.o
                0x00003610                CItimerEvHandler
 .text.MtimerEvHandler
                0x00003628       0x18 ./source/stateMenu.o
                0x00003628                MtimerEvHandler
 .text.main     0x00003640       0x18 ./SDK/startup/main.o
                0x00003640                main
 .text.HardFault_Handler
                0x00003658       0x2a ./SDK/startup/semihost_hardfault.o
                0x00003658                HardFault_Handler
 .text.DMA0_IRQHandler
                0x00003682        0x8 ./SDK/startup/startup_mk64f12.o
                0x00003682                DMA0_IRQHandler
 .text.DMA1_IRQHandler
                0x0000368a        0x8 ./SDK/startup/startup_mk64f12.o
                0x0000368a                DMA1_IRQHandler
 .text.DMA2_IRQHandler
                0x00003692        0x8 ./SDK/startup/startup_mk64f12.o
                0x00003692                DMA2_IRQHandler
 .text.DMA3_IRQHandler
                0x0000369a        0x8 ./SDK/startup/startup_mk64f12.o
                0x0000369a                DMA3_IRQHandler
 .text.DMA4_IRQHandler
                0x000036a2        0x8 ./SDK/startup/startup_mk64f12.o
                0x000036a2                DMA4_IRQHandler
 .text.DMA5_IRQHandler
                0x000036aa        0x8 ./SDK/startup/startup_mk64f12.o
                0x000036aa                DMA5_IRQHandler
 .text.DMA6_IRQHandler
                0x000036b2        0x8 ./SDK/startup/startup_mk64f12.o
                0x000036b2                DMA6_IRQHandler
 .text.DMA7_IRQHandler
                0x000036ba        0x8 ./SDK/startup/startup_mk64f12.o
                0x000036ba                DMA7_IRQHandler
 .text.DMA8_IRQHandler
                0x000036c2        0x8 ./SDK/startup/startup_mk64f12.o
                0x000036c2                DMA8_IRQHandler
 .text.DMA9_IRQHandler
                0x000036ca        0x8 ./SDK/startup/startup_mk64f12.o
                0x000036ca                DMA9_IRQHandler
 .text.DMA10_IRQHandler
                0x000036d2        0x8 ./SDK/startup/startup_mk64f12.o
                0x000036d2                DMA10_IRQHandler
 .text.DMA11_IRQHandler
                0x000036da        0x8 ./SDK/startup/startup_mk64f12.o
                0x000036da                DMA11_IRQHandler
 .text.DMA12_IRQHandler
                0x000036e2        0x8 ./SDK/startup/startup_mk64f12.o
                0x000036e2                DMA12_IRQHandler
 .text.DMA13_IRQHandler
                0x000036ea        0x8 ./SDK/startup/startup_mk64f12.o
                0x000036ea                DMA13_IRQHandler
 .text.DMA14_IRQHandler
                0x000036f2        0x8 ./SDK/startup/startup_mk64f12.o
                0x000036f2                DMA14_IRQHandler
 .text.DMA15_IRQHandler
                0x000036fa        0x8 ./SDK/startup/startup_mk64f12.o
                0x000036fa                DMA15_IRQHandler
 .text.DMA_Error_IRQHandler
                0x00003702        0x8 ./SDK/startup/startup_mk64f12.o
                0x00003702                DMA_Error_IRQHandler
 .text.MCM_IRQHandler
                0x0000370a        0x8 ./SDK/startup/startup_mk64f12.o
                0x0000370a                MCM_IRQHandler
 .text.FTFE_IRQHandler
                0x00003712        0x8 ./SDK/startup/startup_mk64f12.o
                0x00003712                FTFE_IRQHandler
 .text.Read_Collision_IRQHandler
                0x0000371a        0x8 ./SDK/startup/startup_mk64f12.o
                0x0000371a                Read_Collision_IRQHandler
 .text.LVD_LVW_IRQHandler
                0x00003722        0x8 ./SDK/startup/startup_mk64f12.o
                0x00003722                LVD_LVW_IRQHandler
 .text.LLWU_IRQHandler
                0x0000372a        0x8 ./SDK/startup/startup_mk64f12.o
                0x0000372a                LLWU_IRQHandler
 .text.WDOG_EWM_IRQHandler
                0x00003732        0x8 ./SDK/startup/startup_mk64f12.o
                0x00003732                WDOG_EWM_IRQHandler
 .text.RNG_IRQHandler
                0x0000373a        0x8 ./SDK/startup/startup_mk64f12.o
                0x0000373a                RNG_IRQHandler
 .text.I2C0_IRQHandler
                0x00003742        0x8 ./SDK/startup/startup_mk64f12.o
                0x00003742                I2C0_IRQHandler
 .text.I2C1_IRQHandler
                0x0000374a        0x8 ./SDK/startup/startup_mk64f12.o
                0x0000374a                I2C1_IRQHandler
 .text.SPI0_IRQHandler
                0x00003752        0x8 ./SDK/startup/startup_mk64f12.o
                0x00003752                SPI0_IRQHandler
 .text.SPI1_IRQHandler
                0x0000375a        0x8 ./SDK/startup/startup_mk64f12.o
                0x0000375a                SPI1_IRQHandler
 .text.I2S0_Tx_IRQHandler
                0x00003762        0x8 ./SDK/startup/startup_mk64f12.o
                0x00003762                I2S0_Tx_IRQHandler
 .text.I2S0_Rx_IRQHandler
                0x0000376a        0x8 ./SDK/startup/startup_mk64f12.o
                0x0000376a                I2S0_Rx_IRQHandler
 .text.UART0_LON_IRQHandler
                0x00003772        0x8 ./SDK/startup/startup_mk64f12.o
                0x00003772                UART0_LON_IRQHandler
 .text.UART0_RX_TX_IRQHandler
                0x0000377a        0x8 ./SDK/startup/startup_mk64f12.o
                0x0000377a                UART0_RX_TX_IRQHandler
 .text.UART0_ERR_IRQHandler
                0x00003782        0x8 ./SDK/startup/startup_mk64f12.o
                0x00003782                UART0_ERR_IRQHandler
 .text.UART1_RX_TX_IRQHandler
                0x0000378a        0x8 ./SDK/startup/startup_mk64f12.o
                0x0000378a                UART1_RX_TX_IRQHandler
 .text.UART1_ERR_IRQHandler
                0x00003792        0x8 ./SDK/startup/startup_mk64f12.o
                0x00003792                UART1_ERR_IRQHandler
 .text.UART2_RX_TX_IRQHandler
                0x0000379a        0x8 ./SDK/startup/startup_mk64f12.o
                0x0000379a                UART2_RX_TX_IRQHandler
 .text.UART2_ERR_IRQHandler
                0x000037a2        0x8 ./SDK/startup/startup_mk64f12.o
                0x000037a2                UART2_ERR_IRQHandler
 .text.UART3_RX_TX_IRQHandler
                0x000037aa        0x8 ./SDK/startup/startup_mk64f12.o
                0x000037aa                UART3_RX_TX_IRQHandler
 .text.UART3_ERR_IRQHandler
                0x000037b2        0x8 ./SDK/startup/startup_mk64f12.o
                0x000037b2                UART3_ERR_IRQHandler
 .text.ADC0_IRQHandler
                0x000037ba        0x8 ./SDK/startup/startup_mk64f12.o
                0x000037ba                ADC0_IRQHandler
 .text.CMP0_IRQHandler
                0x000037c2        0x8 ./SDK/startup/startup_mk64f12.o
                0x000037c2                CMP0_IRQHandler
 .text.CMP1_IRQHandler
                0x000037ca        0x8 ./SDK/startup/startup_mk64f12.o
                0x000037ca                CMP1_IRQHandler
 .text.FTM0_IRQHandler
                0x000037d2        0x8 ./SDK/startup/startup_mk64f12.o
                0x000037d2                FTM0_IRQHandler
 .text.FTM1_IRQHandler
                0x000037da        0x8 ./SDK/startup/startup_mk64f12.o
                0x000037da                FTM1_IRQHandler
 .text.FTM2_IRQHandler
                0x000037e2        0x8 ./SDK/startup/startup_mk64f12.o
                0x000037e2                FTM2_IRQHandler
 .text.CMT_IRQHandler
                0x000037ea        0x8 ./SDK/startup/startup_mk64f12.o
                0x000037ea                CMT_IRQHandler
 .text.RTC_IRQHandler
                0x000037f2        0x8 ./SDK/startup/startup_mk64f12.o
                0x000037f2                RTC_IRQHandler
 .text.RTC_Seconds_IRQHandler
                0x000037fa        0x8 ./SDK/startup/startup_mk64f12.o
                0x000037fa                RTC_Seconds_IRQHandler
 .text.PIT0_IRQHandler
                0x00003802        0x8 ./SDK/startup/startup_mk64f12.o
                0x00003802                PIT0_IRQHandler
 .text.PIT1_IRQHandler
                0x0000380a        0x8 ./SDK/startup/startup_mk64f12.o
                0x0000380a                PIT1_IRQHandler
 .text.PIT2_IRQHandler
                0x00003812        0x8 ./SDK/startup/startup_mk64f12.o
                0x00003812                PIT2_IRQHandler
 .text.PIT3_IRQHandler
                0x0000381a        0x8 ./SDK/startup/startup_mk64f12.o
                0x0000381a                PIT3_IRQHandler
 .text.PDB0_IRQHandler
                0x00003822        0x8 ./SDK/startup/startup_mk64f12.o
                0x00003822                PDB0_IRQHandler
 .text.USB0_IRQHandler
                0x0000382a        0x8 ./SDK/startup/startup_mk64f12.o
                0x0000382a                USB0_IRQHandler
 .text.USBDCD_IRQHandler
                0x00003832        0x8 ./SDK/startup/startup_mk64f12.o
                0x00003832                USBDCD_IRQHandler
 .text.Reserved71_IRQHandler
                0x0000383a        0x8 ./SDK/startup/startup_mk64f12.o
                0x0000383a                Reserved71_IRQHandler
 .text.DAC0_IRQHandler
                0x00003842        0x8 ./SDK/startup/startup_mk64f12.o
                0x00003842                DAC0_IRQHandler
 .text.MCG_IRQHandler
                0x0000384a        0x8 ./SDK/startup/startup_mk64f12.o
                0x0000384a                MCG_IRQHandler
 .text.LPTMR0_IRQHandler
                0x00003852        0x8 ./SDK/startup/startup_mk64f12.o
                0x00003852                LPTMR0_IRQHandler
 .text.SWI_IRQHandler
                0x0000385a        0x8 ./SDK/startup/startup_mk64f12.o
                0x0000385a                SWI_IRQHandler
 .text.SPI2_IRQHandler
                0x00003862        0x8 ./SDK/startup/startup_mk64f12.o
                0x00003862                SPI2_IRQHandler
 .text.UART4_RX_TX_IRQHandler
                0x0000386a        0x8 ./SDK/startup/startup_mk64f12.o
                0x0000386a                UART4_RX_TX_IRQHandler
 .text.UART4_ERR_IRQHandler
                0x00003872        0x8 ./SDK/startup/startup_mk64f12.o
                0x00003872                UART4_ERR_IRQHandler
 .text.UART5_RX_TX_IRQHandler
                0x0000387a        0x8 ./SDK/startup/startup_mk64f12.o
                0x0000387a                UART5_RX_TX_IRQHandler
 .text.UART5_ERR_IRQHandler
                0x00003882        0x8 ./SDK/startup/startup_mk64f12.o
                0x00003882                UART5_ERR_IRQHandler
 .text.CMP2_IRQHandler
                0x0000388a        0x8 ./SDK/startup/startup_mk64f12.o
                0x0000388a                CMP2_IRQHandler
 .text.FTM3_IRQHandler
                0x00003892        0x8 ./SDK/startup/startup_mk64f12.o
                0x00003892                FTM3_IRQHandler
 .text.DAC1_IRQHandler
                0x0000389a        0x8 ./SDK/startup/startup_mk64f12.o
                0x0000389a                DAC1_IRQHandler
 .text.ADC1_IRQHandler
                0x000038a2        0x8 ./SDK/startup/startup_mk64f12.o
                0x000038a2                ADC1_IRQHandler
 .text.I2C2_IRQHandler
                0x000038aa        0x8 ./SDK/startup/startup_mk64f12.o
                0x000038aa                I2C2_IRQHandler
 .text.CAN0_ORed_Message_buffer_IRQHandler
                0x000038b2        0x8 ./SDK/startup/startup_mk64f12.o
                0x000038b2                CAN0_ORed_Message_buffer_IRQHandler
 .text.CAN0_Bus_Off_IRQHandler
                0x000038ba        0x8 ./SDK/startup/startup_mk64f12.o
                0x000038ba                CAN0_Bus_Off_IRQHandler
 .text.CAN0_Error_IRQHandler
                0x000038c2        0x8 ./SDK/startup/startup_mk64f12.o
                0x000038c2                CAN0_Error_IRQHandler
 .text.CAN0_Tx_Warning_IRQHandler
                0x000038ca        0x8 ./SDK/startup/startup_mk64f12.o
                0x000038ca                CAN0_Tx_Warning_IRQHandler
 .text.CAN0_Rx_Warning_IRQHandler
                0x000038d2        0x8 ./SDK/startup/startup_mk64f12.o
                0x000038d2                CAN0_Rx_Warning_IRQHandler
 .text.CAN0_Wake_Up_IRQHandler
                0x000038da        0x8 ./SDK/startup/startup_mk64f12.o
                0x000038da                CAN0_Wake_Up_IRQHandler
 .text.SDHC_IRQHandler
                0x000038e2        0x8 ./SDK/startup/startup_mk64f12.o
                0x000038e2                SDHC_IRQHandler
 .text.ENET_1588_Timer_IRQHandler
                0x000038ea        0x8 ./SDK/startup/startup_mk64f12.o
                0x000038ea                ENET_1588_Timer_IRQHandler
 .text.ENET_Transmit_IRQHandler
                0x000038f2        0x8 ./SDK/startup/startup_mk64f12.o
                0x000038f2                ENET_Transmit_IRQHandler
 .text.ENET_Receive_IRQHandler
                0x000038fa        0x8 ./SDK/startup/startup_mk64f12.o
                0x000038fa                ENET_Receive_IRQHandler
 .text.ENET_Error_IRQHandler
                0x00003902        0x8 ./SDK/startup/startup_mk64f12.o
                0x00003902                ENET_Error_IRQHandler
 .text.SystemInitHook
                0x0000390a        0x2 ./SDK/CMSIS/system_MK64F12.o
                0x0000390a                SystemInitHook
 .text.memcpy   0x0000390c        0x4 c:/nxp/mcuxpressoide_10.2.0_759/ide/tools/bin/../lib/gcc/arm-none-eabi/7.2.1/../../../../arm-none-eabi/lib/thumb/v7e-m/fpv4-sp/hard\libcr_c.a(memcpy.o)
                0x0000390c                memcpy
 .text.__aeabi_memcpy
                0x00003910       0x34 c:/nxp/mcuxpressoide_10.2.0_759/ide/tools/bin/../lib/gcc/arm-none-eabi/7.2.1/thumb/v7e-m/fpv4-sp/hard\libcr_eabihelpers.a(memcpy.o)
                0x00003910                __aeabi_memcpy
                0x0000391a                __aeabi_memcpy8
                0x0000391a                __aeabi_memcpy4
 *(SORT_BY_ALIGNMENT(.rodata) SORT_BY_ALIGNMENT(.rodata.*) SORT_BY_ALIGNMENT(.constdata) SORT_BY_ALIGNMENT(.constdata.*))
 .rodata.initFSM.str1.4
                0x00003944        0x5 ./source/FSM.o
 *fill*         0x00003949        0x3 ff
 .rodata.letters_segment_array
                0x0000394c       0x1a ./source/SegmentDisplay.o
 *fill*         0x00003966        0x2 ff
 .rodata.number_segment_array
                0x00003968        0xa ./source/SegmentDisplay.o
 *fill*         0x00003972        0x2 ff
 .rodata        0x00003974        0xe ./source/dataBase.o
 .rodata.ClearDisplay.str1.4
                0x00003982        0x5 ./source/display.o
                                  0x1 (size before relaxing)
 *fill*         0x00003982        0x2 ff
 .rodata        0x00003984       0x28 ./source/gpio.o
 .rodata.track1
                0x000039ac       0x18 ./source/magnetCardDecode.o
                0x000039ac                track1
 .rodata.track2
                0x000039c4       0x18 ./source/magnetCardDecode.o
                0x000039c4                track2
 .rodata.track3
                0x000039dc       0x18 ./source/magnetCardDecode.o
                0x000039dc                track3
 .rodata.AUinputEvHandler.str1.4
                0x000039f4       0x35 ./source/stateAddingUser.o
                                 0x3d (size before relaxing)
 *fill*         0x00003a29        0x3 ff
 .rodata.AUkeycardEvHandler.str1.4
                0x00003a2c       0x2f ./source/stateAddingUser.o
 *fill*         0x00003a5b        0x1 ff
 .rodata.idStrings
                0x00003a5c        0xc ./source/stateAddingUser.o
 .rodata.AUPinputEvHandler.str1.4
                0x00003a68        0x5 ./source/stateAddingUserPIN.o
 .rodata.AUPkeycardEvHandler.str1.4
                0x00003a68       0x2f ./source/stateAddingUserPIN.o
 .rodata.pinStrings
                0x00003a68        0xc ./source/stateAddingUserPIN.o
 .rodata.AMinputEvHandler.str1.4
                0x00003a74       0x30 ./source/stateAdminMode.o
                                 0x35 (size before relaxing)
 .rodata.AMkeycardEvHandler.str1.4
                0x00003aa4       0x2f ./source/stateAdminMode.o
 .rodata.str1.4
                0x00003aa4        0x8 ./source/stateAdminMode.o
 .rodata.BtimerEvHandler.str1.4
                0x00003aac       0x12 ./source/stateBlocked.o
 *fill*         0x00003abe        0x2 ff
 .rodata.CIinputEvHandler.str1.4
                0x00003ac0       0x1e ./source/stateChangeIntensity.o
                                 0x25 (size before relaxing)
 .rodata.CIkeycardEvHandler.str1.4
                0x00003ade       0x2f ./source/stateChangeIntensity.o
 *fill*         0x00003ade        0x2 ff
 .rodata.str1.4
                0x00003ae0       0x28 ./source/stateChangeIntensity.o
 .rodata.CPinputEvHandler.str1.4
                0x00003b08        0xc ./source/stateChangingPIN.o
                                 0x11 (size before relaxing)
 .rodata.CPkeycardEvHandler.str1.4
                0x00003b14       0x2f ./source/stateChangingPIN.o
 .rodata.pinStrings
                0x00003b14        0xc ./source/stateChangingPIN.o
 .rodata.MinputEvHandler.str1.4
                0x00003b20       0x1d ./source/stateMenu.o
 .rodata.MkeycardEvHandler.str1.4
                0x00003b3d       0x23 ./source/stateMenu.o
 *fill*         0x00003b3d        0x3 ff
 .rodata.menuStrings
                0x00003b40        0x8 ./source/stateMenu.o
 .rodata.str1.4
                0x00003b48        0x5 ./source/stateMenu.o
                                  0x9 (size before relaxing)
 .rodata.RIinputEvHandler.str1.4
                0x00003b4d       0x29 ./source/stateReceivingID.o
 *fill*         0x00003b4d        0x3 ff
 .rodata.idStrings
                0x00003b50        0xc ./source/stateReceivingID.o
 .rodata.pinStrings
                0x00003b5c        0xc ./source/stateReceivingPIN.o
 .rodata        0x00003b68       0x67 ./source/stateReceivingPIN.o
 *fill*         0x00003bcf        0x1 ff
 .rodata.RUinputEvHandler.str1.4
                0x00003bd0       0x1f ./source/stateRemovingUser.o
                                 0x25 (size before relaxing)
 .rodata.RUkeycardEvHandler.str1.4
                0x00003bef       0x2f ./source/stateRemovingUser.o
 *fill*         0x00003bef        0x1 ff
 .rodata.idStrings
                0x00003bf0        0xc ./source/stateRemovingUser.o
 .rodata.UAinputEvHandler.str1.4
                0x00003bfc       0x2b ./source/stateUserApproved.o
                                 0x43 (size before relaxing)
 .rodata.UAkeycardEvHandler.str1.4
                0x00003c27       0x2f ./source/stateUserApproved.o
 *fill*         0x00003c27        0x1 ff
 .rodata.menuStrings
                0x00003c28        0xc ./source/stateUserApproved.o
 .rodata.str1.4
                0x00003c34       0x10 ./source/stateUserApproved.o
                0x00003c48                . = ALIGN (0x8)
 *fill*         0x00003c44        0x4 ff

.glue_7         0x00003c48        0x0
 .glue_7        0x00003c48        0x0 linker stubs

.glue_7t        0x00003c48        0x0
 .glue_7t       0x00003c48        0x0 linker stubs

.vfp11_veneer   0x00003c48        0x0
 .vfp11_veneer  0x00003c48        0x0 linker stubs

.v4_bx          0x00003c48        0x0
 .v4_bx         0x00003c48        0x0 linker stubs

.iplt           0x00003c48        0x0
 .iplt          0x00003c48        0x0 ./source/App.o

.rel.dyn        0x00003c48        0x0
 .rel.iplt      0x00003c48        0x0 ./source/App.o

.ARM.extab
 *(SORT_BY_ALIGNMENT(.ARM.extab*) SORT_BY_ALIGNMENT(.gnu.linkonce.armextab.*))
                0x00003c48                __exidx_start = .

.ARM.exidx
 *(SORT_BY_ALIGNMENT(.ARM.exidx*) SORT_BY_ALIGNMENT(.gnu.linkonce.armexidx.*))
                0x00003c48                __exidx_end = .
                0x00003c48                _etext = .

.m_usb_data
 *(SORT_BY_ALIGNMENT(m_usb_bdt))

.data_RAM2      0x1fff0000        0x0 load address 0x00003c48
 FILL mask 0xff
                [!provide]                PROVIDE (__start_data_RAM2, .)
 *(SORT_BY_ALIGNMENT(.ramfunc.$RAM2))
 *(SORT_BY_ALIGNMENT(.ramfunc.$SRAM_LOWER))
 *(SORT_BY_ALIGNMENT(.data.$RAM2*))
 *(SORT_BY_ALIGNMENT(.data.$SRAM_LOWER*))
                0x1fff0000                . = ALIGN (0x8)
                [!provide]                PROVIDE (__end_data_RAM2, .)

.data_RAM3      0x14000000        0x0 load address 0x00003c48
 FILL mask 0xff
                [!provide]                PROVIDE (__start_data_RAM3, .)
 *(SORT_BY_ALIGNMENT(.ramfunc.$RAM3))
 *(SORT_BY_ALIGNMENT(.ramfunc.$FLEX_RAM))
 *(SORT_BY_ALIGNMENT(.data.$RAM3*))
 *(SORT_BY_ALIGNMENT(.data.$FLEX_RAM*))
                0x14000000                . = ALIGN (0x8)
                [!provide]                PROVIDE (__end_data_RAM3, .)

.uninit_RESERVED
                0x20000000        0x0
 *(SORT_BY_ALIGNMENT(.bss.$RESERVED*))
                0x20000000                . = ALIGN (0x4)
                0x20000000                _end_uninit_RESERVED = .

.data           0x20000000       0x40 load address 0x00003c48
 FILL mask 0xff
                0x20000000                _data = .
 *(SORT_BY_ALIGNMENT(vtable))
 *(SORT_BY_ALIGNMENT(.ramfunc*))
 *(SORT_BY_ALIGNMENT(.data*))
 .data.array2Tracks
                0x20000000        0xc ./source/magnetCardDecode.o
                0x20000000                array2Tracks
 .data.menuStrings
                0x2000000c        0x8 ./source/stateAdminMode.o
                0x2000000c                menuStrings
 .data.intStrings
                0x20000014       0x28 ./source/stateChangeIntensity.o
                0x20000014                intStrings
                0x20000040                . = ALIGN (0x8)
 *fill*         0x2000003c        0x4 ff
                0x20000040                _edata = .

.igot.plt       0x20000040        0x0 load address 0x00003c88
 .igot.plt      0x20000040        0x0 ./source/App.o

.bss_RAM2       0x1fff0000        0x0
                [!provide]                PROVIDE (__start_bss_RAM2, .)
 *(SORT_BY_ALIGNMENT(.bss.$RAM2*))
 *(SORT_BY_ALIGNMENT(.bss.$SRAM_LOWER*))
                0x1fff0000                . = ALIGN ((. != 0x0)?0x8:0x1)
                [!provide]                PROVIDE (__end_bss_RAM2, .)

.bss_RAM3       0x14000000        0x0
                [!provide]                PROVIDE (__start_bss_RAM3, .)
 *(SORT_BY_ALIGNMENT(.bss.$RAM3*))
 *(SORT_BY_ALIGNMENT(.bss.$FLEX_RAM*))
                0x14000000                . = ALIGN ((. != 0x0)?0x8:0x1)
                [!provide]                PROVIDE (__end_bss_RAM3, .)

.bss            0x20000040     0x1098
                0x20000040                _bss = .
 *(SORT_BY_ALIGNMENT(.bss*))
 .bss.fsm       0x20000040       0x14 ./source/App.o
                0x20000040                fsm
 .bss.nextState
                0x20000054       0x10 ./source/App.o
                0x20000054                nextState
 .bss.userData  0x20000064       0xec ./source/App.o
                0x20000064                userData
 .bss.sysTickFun
                0x20000150        0x4 ./source/SysTick.o
                0x20000150                sysTickFun
 .bss.dataBase  0x20000154       0x90 ./source/dataBase.o
 .bss.brigthness
                0x200001e4        0x4 ./source/display.o
 .bss.current_string
                0x200001e8        0x4 ./source/display.o
 .bss.display_position
                0x200001ec        0x4 ./source/display.o
 .bss.string_position
                0x200001f0        0x4 ./source/display.o
 .bss.string_size
                0x200001f4        0x4 ./source/display.o
 .bss.encoderQueue
                0x200001f8      0x640 ./source/encoder.o
 .bss.encoder   0x20000838        0x6 ./source/encoderDecoder.o
 *fill*         0x2000083e        0x2 
 .bss.p2irqFunctions
                0x20000840      0x280 ./source/gpio.o
                0x20000840                p2irqFunctions
 .bss.counterDataIn
                0x20000ac0        0x4 ./source/magnetLectorHAL.o
                0x20000ac0                counterDataIn
 .bss.queue     0x20000ac4      0x508 ./source/magnetLectorHAL.o
 .bss.IDstring  0x20000fcc        0x9 ./source/stateAddingUser.o
 *fill*         0x20000fd5        0x3 
 .bss.PINstring
                0x20000fd8        0x6 ./source/stateAddingUserPIN.o
 *fill*         0x20000fde        0x2 
 .bss.PINstring
                0x20000fe0        0x6 ./source/stateChangingPIN.o
 *fill*         0x20000fe6        0x2 
 .bss.IDstring  0x20000fe8        0x9 ./source/stateReceivingID.o
 *fill*         0x20000ff1        0x3 
 .bss.PINstring
                0x20000ff4        0x6 ./source/stateReceivingPIN.o
 *fill*         0x20000ffa        0x2 
 .bss.tryNro    0x20000ffc        0x4 ./source/stateReceivingPIN.o
                0x20000ffc                tryNro
 .bss.IDstring  0x20001000        0x9 ./source/stateRemovingUser.o
 *fill*         0x20001009        0x3 
 .bss.timers    0x2000100c       0x80 ./source/timer.o
 .bss.queue     0x2000108c       0x38 ./source/timer_queue.o
 .bss.__LDM_interruptDisableCount
                0x200010c4        0x4 ./SDK/startup/hardware.o
 .bss.changingState
                0x200010c8        0x1 ./source/App.o
                0x200010c8                changingState
 .bss.nameEvent
                0x200010c9        0x1 ./source/App.o
                0x200010c9                nameEvent
 .bss.initialized
                0x200010ca        0x1 ./source/SegmentDisplay.o
 .bss.display_counter
                0x200010cb        0x1 ./source/display.o
 .bss.initialized
                0x200010cc        0x1 ./source/display.o
 .bss.initialized_enc
                0x200010cd        0x1 ./source/encoder.o
 .bss.encoder_timer_count
                0x200010ce        0x1 ./source/encoderHAL.o
 .bss.initialized_enc_low
                0x200010cf        0x1 ./source/encoderHAL.o
 .bss.enable    0x200010d0        0x1 ./source/magnetLectorHAL.o
                0x200010d0                enable
 .bss.hwLectorIsInit
                0x200010d1        0x1 ./source/magnetLectorHAL.o
                0x200010d1                hwLectorIsInit
 .bss.raw2save  0x200010d2        0x1 ./source/magnetLectorHAL.o
                0x200010d2                raw2save
 .bss.initialized
                0x200010d3        0x1 ./source/timer.o
 *(SORT_BY_ALIGNMENT(COMMON))
                0x200010d8                . = ALIGN (0x8)
 *fill*         0x200010d4        0x4 
                0x200010d8                _ebss = .
                [!provide]                PROVIDE (end, .)

.noinit_RAM2    0x1fff0000        0x0
 *(SORT_BY_ALIGNMENT(.noinit.$RAM2*))
 *(SORT_BY_ALIGNMENT(.noinit.$SRAM_LOWER*))
                0x1fff0000                . = ALIGN (0x8)

.noinit_RAM3    0x14000000        0x0
 *(SORT_BY_ALIGNMENT(.noinit.$RAM3*))
 *(SORT_BY_ALIGNMENT(.noinit.$FLEX_RAM*))
                0x14000000                . = ALIGN (0x8)

.noinit         0x200010d8        0x0
                0x200010d8                _noinit = .
 *(SORT_BY_ALIGNMENT(.noinit*))
                0x200010d8                . = ALIGN (0x8)
                0x200010d8                _end_noinit = .
                0x00001000                _HeapSize = 0x1000

.heap           0x200010d8     0x1000
                0x200010d8                _pvHeapStart = .
                0x200020d8                . = (. + _HeapSize)
 *fill*         0x200010d8     0x1000 
                0x200020d8                . = ALIGN (0x8)
                0x200020d8                _pvHeapLimit = .
                0x00001000                _StackSize = 0x1000

.heap2stackfill
                0x200020d8     0x1000
                0x200030d8                . = (. + _StackSize)
 *fill*         0x200020d8     0x1000 

.stack          0x2002f000        0x0
                0x2002f000                _vStackBase = .
                0x2002f000                . = ALIGN (0x8)
                0x20030000                _vStackTop = (. + _StackSize)
                0x00000000                _image_start = LOADADDR (.text)
                0x00003c88                _image_end = (LOADADDR (.data) + SIZEOF (.data))
                0x00003c88                _image_size = (_image_end - _image_start)
OUTPUT(ControlDeAcceso.axf elf32-littlearm)

.debug_info     0x00000000     0xb1d7
 .debug_info    0x00000000      0x5b3 ./source/App.o
 .debug_info    0x000005b3      0x39d ./source/FSM.o
 .debug_info    0x00000950      0x4a0 ./source/SegmentDisplay.o
 .debug_info    0x00000df0      0x5a1 ./source/SysTick.o
 .debug_info    0x00001391      0x46b ./source/dataBase.o
 .debug_info    0x000017fc      0x3ad ./source/display.o
 .debug_info    0x00001ba9      0x262 ./source/doorManagement.o
 .debug_info    0x00001e0b      0x45c ./source/encoder.o
 .debug_info    0x00002267      0x1d4 ./source/encoderDecoder.o
 .debug_info    0x0000243b      0x3cc ./source/encoderHAL.o
 .debug_info    0x00002807     0x1086 ./source/gpio.o
 .debug_info    0x0000388d      0x62f ./source/magnetCardDecode.o
 .debug_info    0x00003ebc      0x1b5 ./source/magnetCardLector.o
 .debug_info    0x00004071      0x323 ./source/magnetLectorHAL.o
 .debug_info    0x00004394      0x3b9 ./source/queue.o
 .debug_info    0x0000474d      0x82b ./source/stateAddingUser.o
 .debug_info    0x00004f78      0x88a ./source/stateAddingUserPIN.o
 .debug_info    0x00005802      0x66b ./source/stateAdminMode.o
 .debug_info    0x00005e6d      0x42f ./source/stateBlocked.o
 .debug_info    0x0000629c      0x5f2 ./source/stateChangeIntensity.o
 .debug_info    0x0000688e      0x87a ./source/stateChangingPIN.o
 .debug_info    0x00007108      0x5c8 ./source/stateMenu.o
 .debug_info    0x000076d0      0x831 ./source/stateReceivingID.o
 .debug_info    0x00007f01      0x4f8 ./source/stateReceivingPIN.o
 .debug_info    0x000083f9      0x85c ./source/stateRemovingUser.o
 .debug_info    0x00008c55      0x707 ./source/stateUserApproved.o
 .debug_info    0x0000935c      0x288 ./source/timer.o
 .debug_info    0x000095e4      0x1aa ./source/timer_queue.o
 .debug_info    0x0000978e      0x675 ./SDK/startup/hardware.o
 .debug_info    0x00009e03      0x120 ./SDK/startup/main.o
 .debug_info    0x00009f23       0x3b ./SDK/startup/semihost_hardfault.o
 .debug_info    0x00009f5e      0xc71 ./SDK/startup/startup_mk64f12.o
 .debug_info    0x0000abcf      0x608 ./SDK/CMSIS/system_MK64F12.o

.debug_abbrev   0x00000000     0x2b9d
 .debug_abbrev  0x00000000      0x15d ./source/App.o
 .debug_abbrev  0x0000015d      0x106 ./source/FSM.o
 .debug_abbrev  0x00000263       0xf0 ./source/SegmentDisplay.o
 .debug_abbrev  0x00000353      0x1ef ./source/SysTick.o
 .debug_abbrev  0x00000542      0x14c ./source/dataBase.o
 .debug_abbrev  0x0000068e      0x130 ./source/display.o
 .debug_abbrev  0x000007be       0xc6 ./source/doorManagement.o
 .debug_abbrev  0x00000884      0x187 ./source/encoder.o
 .debug_abbrev  0x00000a0b      0x157 ./source/encoderDecoder.o
 .debug_abbrev  0x00000b62      0x12a ./source/encoderHAL.o
 .debug_abbrev  0x00000c8c      0x368 ./source/gpio.o
 .debug_abbrev  0x00000ff4      0x11f ./source/magnetCardDecode.o
 .debug_abbrev  0x00001113      0x100 ./source/magnetCardLector.o
 .debug_abbrev  0x00001213      0x190 ./source/magnetLectorHAL.o
 .debug_abbrev  0x000013a3      0x159 ./source/queue.o
 .debug_abbrev  0x000014fc      0x186 ./source/stateAddingUser.o
 .debug_abbrev  0x00001682      0x19a ./source/stateAddingUserPIN.o
 .debug_abbrev  0x0000181c      0x170 ./source/stateAdminMode.o
 .debug_abbrev  0x0000198c      0x13e ./source/stateBlocked.o
 .debug_abbrev  0x00001aca      0x170 ./source/stateChangeIntensity.o
 .debug_abbrev  0x00001c3a      0x186 ./source/stateChangingPIN.o
 .debug_abbrev  0x00001dc0      0x15f ./source/stateMenu.o
 .debug_abbrev  0x00001f1f      0x186 ./source/stateReceivingID.o
 .debug_abbrev  0x000020a5      0x135 ./source/stateReceivingPIN.o
 .debug_abbrev  0x000021da      0x186 ./source/stateRemovingUser.o
 .debug_abbrev  0x00002360      0x15f ./source/stateUserApproved.o
 .debug_abbrev  0x000024bf      0x14d ./source/timer.o
 .debug_abbrev  0x0000260c      0x10a ./source/timer_queue.o
 .debug_abbrev  0x00002716      0x138 ./SDK/startup/hardware.o
 .debug_abbrev  0x0000284e       0x9b ./SDK/startup/main.o
 .debug_abbrev  0x000028e9       0x2f ./SDK/startup/semihost_hardfault.o
 .debug_abbrev  0x00002918      0x13b ./SDK/startup/startup_mk64f12.o
 .debug_abbrev  0x00002a53      0x14a ./SDK/CMSIS/system_MK64F12.o

.debug_aranges  0x00000000      0xab8
 .debug_aranges
                0x00000000       0x30 ./source/App.o
 .debug_aranges
                0x00000030       0x20 ./source/FSM.o
 .debug_aranges
                0x00000050       0x38 ./source/SegmentDisplay.o
 .debug_aranges
                0x00000088       0x28 ./source/SysTick.o
 .debug_aranges
                0x000000b0       0x58 ./source/dataBase.o
 .debug_aranges
                0x00000108       0x58 ./source/display.o
 .debug_aranges
                0x00000160       0x48 ./source/doorManagement.o
 .debug_aranges
                0x000001a8       0x50 ./source/encoder.o
 .debug_aranges
                0x000001f8       0x40 ./source/encoderDecoder.o
 .debug_aranges
                0x00000238       0x48 ./source/encoderHAL.o
 .debug_aranges
                0x00000280       0xc0 ./source/gpio.o
 .debug_aranges
                0x00000340       0x40 ./source/magnetCardDecode.o
 .debug_aranges
                0x00000380       0x30 ./source/magnetCardLector.o
 .debug_aranges
                0x000003b0       0x48 ./source/magnetLectorHAL.o
 .debug_aranges
                0x000003f8       0x28 ./source/queue.o
 .debug_aranges
                0x00000420       0x38 ./source/stateAddingUser.o
 .debug_aranges
                0x00000458       0x38 ./source/stateAddingUserPIN.o
 .debug_aranges
                0x00000490       0x30 ./source/stateAdminMode.o
 .debug_aranges
                0x000004c0       0x30 ./source/stateBlocked.o
 .debug_aranges
                0x000004f0       0x30 ./source/stateChangeIntensity.o
 .debug_aranges
                0x00000520       0x38 ./source/stateChangingPIN.o
 .debug_aranges
                0x00000558       0x30 ./source/stateMenu.o
 .debug_aranges
                0x00000588       0x38 ./source/stateReceivingID.o
 .debug_aranges
                0x000005c0       0x38 ./source/stateReceivingPIN.o
 .debug_aranges
                0x000005f8       0x38 ./source/stateRemovingUser.o
 .debug_aranges
                0x00000630       0x30 ./source/stateUserApproved.o
 .debug_aranges
                0x00000660       0x50 ./source/timer.o
 .debug_aranges
                0x000006b0       0x38 ./source/timer_queue.o
 .debug_aranges
                0x000006e8       0x30 ./SDK/startup/hardware.o
 .debug_aranges
                0x00000718       0x20 ./SDK/startup/main.o
 .debug_aranges
                0x00000738       0x20 ./SDK/startup/semihost_hardfault.o
 .debug_aranges
                0x00000758      0x330 ./SDK/startup/startup_mk64f12.o
 .debug_aranges
                0x00000a88       0x30 ./SDK/CMSIS/system_MK64F12.o

.debug_ranges   0x00000000      0x8d8
 .debug_ranges  0x00000000       0x20 ./source/App.o
 .debug_ranges  0x00000020       0x10 ./source/FSM.o
 .debug_ranges  0x00000030       0x28 ./source/SegmentDisplay.o
 .debug_ranges  0x00000058       0x18 ./source/SysTick.o
 .debug_ranges  0x00000070       0x78 ./source/dataBase.o
 .debug_ranges  0x000000e8       0x48 ./source/display.o
 .debug_ranges  0x00000130       0x38 ./source/doorManagement.o
 .debug_ranges  0x00000168       0x40 ./source/encoder.o
 .debug_ranges  0x000001a8       0x30 ./source/encoderDecoder.o
 .debug_ranges  0x000001d8       0x38 ./source/encoderHAL.o
 .debug_ranges  0x00000210       0xb0 ./source/gpio.o
 .debug_ranges  0x000002c0       0x30 ./source/magnetCardDecode.o
 .debug_ranges  0x000002f0       0x20 ./source/magnetCardLector.o
 .debug_ranges  0x00000310       0x38 ./source/magnetLectorHAL.o
 .debug_ranges  0x00000348       0x18 ./source/queue.o
 .debug_ranges  0x00000360       0x28 ./source/stateAddingUser.o
 .debug_ranges  0x00000388       0x28 ./source/stateAddingUserPIN.o
 .debug_ranges  0x000003b0       0x20 ./source/stateAdminMode.o
 .debug_ranges  0x000003d0       0x20 ./source/stateBlocked.o
 .debug_ranges  0x000003f0       0x20 ./source/stateChangeIntensity.o
 .debug_ranges  0x00000410       0x28 ./source/stateChangingPIN.o
 .debug_ranges  0x00000438       0x20 ./source/stateMenu.o
 .debug_ranges  0x00000458       0x28 ./source/stateReceivingID.o
 .debug_ranges  0x00000480       0x28 ./source/stateReceivingPIN.o
 .debug_ranges  0x000004a8       0x28 ./source/stateRemovingUser.o
 .debug_ranges  0x000004d0       0x20 ./source/stateUserApproved.o
 .debug_ranges  0x000004f0       0x40 ./source/timer.o
 .debug_ranges  0x00000530       0x28 ./source/timer_queue.o
 .debug_ranges  0x00000558       0x20 ./SDK/startup/hardware.o
 .debug_ranges  0x00000578       0x10 ./SDK/startup/main.o
 .debug_ranges  0x00000588       0x10 ./SDK/startup/semihost_hardfault.o
 .debug_ranges  0x00000598      0x320 ./SDK/startup/startup_mk64f12.o
 .debug_ranges  0x000008b8       0x20 ./SDK/CMSIS/system_MK64F12.o

.debug_macro    0x00000000    0x1311c
 .debug_macro   0x00000000       0x8f ./source/App.o
 .debug_macro   0x0000008f      0xa5a ./source/App.o
 .debug_macro   0x00000ae9       0x22 ./source/App.o
 .debug_macro   0x00000b0b       0x10 ./source/App.o
 .debug_macro   0x00000b1b      0x34e ./source/App.o
 .debug_macro   0x00000e69       0x16 ./source/App.o
 .debug_macro   0x00000e7f       0x10 ./source/App.o
 .debug_macro   0x00000e8f       0x16 ./source/App.o
 .debug_macro   0x00000ea5       0x10 ./source/App.o
 .debug_macro   0x00000eb5       0x10 ./source/App.o
 .debug_macro   0x00000ec5       0x10 ./source/App.o
 .debug_macro   0x00000ed5       0x10 ./source/App.o
 .debug_macro   0x00000ee5       0x7e ./source/FSM.o
 .debug_macro   0x00000f63       0xb2 ./source/SegmentDisplay.o
 .debug_macro   0x00001015       0x3a ./source/SegmentDisplay.o
 .debug_macro   0x0000104f       0xa5 ./source/SysTick.o
 .debug_macro   0x000010f4       0x5c ./source/SysTick.o
 .debug_macro   0x00001150       0x1c ./source/SysTick.o
 .debug_macro   0x0000116c       0x22 ./source/SysTick.o
 .debug_macro   0x0000118e       0xdf ./source/SysTick.o
 .debug_macro   0x0000126d      0xecf ./source/SysTick.o
 .debug_macro   0x0000213c       0x48 ./source/SysTick.o
 .debug_macro   0x00002184     0xe07b ./source/SysTick.o
 .debug_macro   0x000101ff       0x40 ./source/SysTick.o
 .debug_macro   0x0001023f      0x174 ./source/SysTick.o
 .debug_macro   0x000103b3       0x68 ./source/dataBase.o
 .debug_macro   0x0001041b      0xa5a ./source/dataBase.o
 .debug_macro   0x00010e75       0x78 ./source/display.o
 .debug_macro   0x00010eed       0x61 ./source/doorManagement.o
 .debug_macro   0x00010f4e       0x67 ./source/encoder.o
 .debug_macro   0x00010fb5       0x10 ./source/encoder.o
 .debug_macro   0x00010fc5       0x1c ./source/encoder.o
 .debug_macro   0x00010fe1       0x3c ./source/encoderDecoder.o
 .debug_macro   0x0001101d       0x68 ./source/encoderHAL.o
 .debug_macro   0x00011085       0xa4 ./source/gpio.o
 .debug_macro   0x00011129       0x72 ./source/magnetCardDecode.o
 .debug_macro   0x0001119b       0x22 ./source/magnetCardDecode.o
 .debug_macro   0x000111bd       0xf4 ./source/magnetCardDecode.o
 .debug_macro   0x000112b1       0x48 ./source/magnetCardLector.o
 .debug_macro   0x000112f9       0x2e ./source/magnetCardLector.o
 .debug_macro   0x00011327       0x28 ./source/magnetCardLector.o
 .debug_macro   0x0001134f       0x60 ./source/magnetLectorHAL.o
 .debug_macro   0x000113af       0x6a ./source/queue.o
 .debug_macro   0x00011419       0xc9 ./source/stateAddingUser.o
 .debug_macro   0x000114e2       0xcb ./source/stateAddingUserPIN.o
 .debug_macro   0x000115ad       0xbb ./source/stateAdminMode.o
 .debug_macro   0x00011668       0x88 ./source/stateBlocked.o
 .debug_macro   0x000116f0       0xb3 ./source/stateChangeIntensity.o
 .debug_macro   0x000117a3       0xc5 ./source/stateChangingPIN.o
 .debug_macro   0x00011868       0xb1 ./source/stateMenu.o
 .debug_macro   0x00011919       0xbf ./source/stateReceivingID.o
 .debug_macro   0x000119d8       0xd5 ./source/stateReceivingPIN.o
 .debug_macro   0x00011aad       0xbf ./source/stateRemovingUser.o
 .debug_macro   0x00011b6c       0xc4 ./source/stateUserApproved.o
 .debug_macro   0x00011c30       0x58 ./source/timer.o
 .debug_macro   0x00011c88       0x10 ./source/timer.o
 .debug_macro   0x00011c98       0x47 ./source/timer_queue.o
 .debug_macro   0x00011cdf       0x9c ./SDK/startup/hardware.o
 .debug_macro   0x00011d7b       0x10 ./SDK/startup/hardware.o
 .debug_macro   0x00011d8b     0x122b ./SDK/startup/hardware.o
 .debug_macro   0x00012fb6       0x16 ./SDK/startup/hardware.o
 .debug_macro   0x00012fcc       0x9c ./SDK/startup/main.o
 .debug_macro   0x00013068       0x11 ./SDK/startup/semihost_hardfault.o
 .debug_macro   0x00013079       0x23 ./SDK/startup/startup_mk64f12.o
 .debug_macro   0x0001309c       0x80 ./SDK/CMSIS/system_MK64F12.o

.debug_line     0x00000000     0x3e57
 .debug_line    0x00000000      0x187 ./source/App.o
 .debug_line    0x00000187      0x128 ./source/FSM.o
 .debug_line    0x000002af      0x15e ./source/SegmentDisplay.o
 .debug_line    0x0000040d      0x172 ./source/SysTick.o
 .debug_line    0x0000057f      0x295 ./source/dataBase.o
 .debug_line    0x00000814      0x1c2 ./source/display.o
 .debug_line    0x000009d6      0x145 ./source/doorManagement.o
 .debug_line    0x00000b1b      0x1a4 ./source/encoder.o
 .debug_line    0x00000cbf      0x148 ./source/encoderDecoder.o
 .debug_line    0x00000e07      0x154 ./source/encoderHAL.o
 .debug_line    0x00000f5b      0x320 ./source/gpio.o
 .debug_line    0x0000127b      0x274 ./source/magnetCardDecode.o
 .debug_line    0x000014ef      0x13e ./source/magnetCardLector.o
 .debug_line    0x0000162d      0x170 ./source/magnetLectorHAL.o
 .debug_line    0x0000179d      0x14a ./source/queue.o
 .debug_line    0x000018e7      0x23e ./source/stateAddingUser.o
 .debug_line    0x00001b25      0x227 ./source/stateAddingUserPIN.o
 .debug_line    0x00001d4c      0x20d ./source/stateAdminMode.o
 .debug_line    0x00001f59      0x173 ./source/stateBlocked.o
 .debug_line    0x000020cc      0x1d7 ./source/stateChangeIntensity.o
 .debug_line    0x000022a3      0x22c ./source/stateChangingPIN.o
 .debug_line    0x000024cf      0x1eb ./source/stateMenu.o
 .debug_line    0x000026ba      0x22b ./source/stateReceivingID.o
 .debug_line    0x000028e5      0x256 ./source/stateReceivingPIN.o
 .debug_line    0x00002b3b      0x225 ./source/stateRemovingUser.o
 .debug_line    0x00002d60      0x233 ./source/stateUserApproved.o
 .debug_line    0x00002f93      0x16d ./source/timer.o
 .debug_line    0x00003100      0x11c ./source/timer_queue.o
 .debug_line    0x0000321c      0x1d1 ./SDK/startup/hardware.o
 .debug_line    0x000033ed      0x175 ./SDK/startup/main.o
 .debug_line    0x00003562       0x55 ./SDK/startup/semihost_hardfault.o
 .debug_line    0x000035b7      0x6d8 ./SDK/startup/startup_mk64f12.o
 .debug_line    0x00003c8f      0x1c8 ./SDK/CMSIS/system_MK64F12.o

.debug_str      0x00000000    0x7a6a8
 .debug_str     0x00000000     0x3b2e ./source/App.o
                               0x3cc4 (size before relaxing)
 .debug_str     0x00003b2e       0x26 ./source/FSM.o
                               0x3b74 (size before relaxing)
 .debug_str     0x00003b54      0x2f5 ./source/SegmentDisplay.o
                               0x3b20 (size before relaxing)
 .debug_str     0x00003e49    0x6d4fa ./source/SysTick.o
                              0x70e96 (size before relaxing)
 .debug_str     0x00071343      0x206 ./source/dataBase.o
                               0x3a1c (size before relaxing)
 .debug_str     0x00071549      0x17c ./source/display.o
                               0x3adf (size before relaxing)
 .debug_str     0x000716c5       0xb3 ./source/doorManagement.o
                               0x3a4e (size before relaxing)
 .debug_str     0x00071778      0x22e ./source/encoder.o
                               0x3ac1 (size before relaxing)
 .debug_str     0x000719a6       0x41 ./source/encoderDecoder.o
                               0x393d (size before relaxing)
 .debug_str     0x000719e7      0x18c ./source/encoderHAL.o
                               0x3b8b (size before relaxing)
 .debug_str     0x00071b73      0x312 ./source/gpio.o
                              0x70e7d (size before relaxing)
 .debug_str     0x00071e85      0x934 ./source/magnetCardDecode.o
                               0x44b2 (size before relaxing)
 .debug_str     0x000727b9       0xf4 ./source/magnetCardLector.o
                               0x39f7 (size before relaxing)
 .debug_str     0x000728ad       0xf2 ./source/magnetLectorHAL.o
                               0x3e44 (size before relaxing)
 .debug_str     0x0007299f       0x5a ./source/queue.o
                               0x3b39 (size before relaxing)
 .debug_str     0x000729f9      0x16e ./source/stateAddingUser.o
                               0x3d0f (size before relaxing)
 .debug_str     0x00072b67       0xe1 ./source/stateAddingUserPIN.o
                               0x3d80 (size before relaxing)
 .debug_str     0x00072c48       0x9f ./source/stateAdminMode.o
                               0x3c88 (size before relaxing)
 .debug_str     0x00072ce7       0x68 ./source/stateBlocked.o
                               0x3bc9 (size before relaxing)
 .debug_str     0x00072d4f       0xad ./source/stateChangeIntensity.o
                               0x3c94 (size before relaxing)
 .debug_str     0x00072dfc       0x63 ./source/stateChangingPIN.o
                               0x3d1a (size before relaxing)
 .debug_str     0x00072e5f       0x27 ./source/stateMenu.o
                               0x3c7b (size before relaxing)
 .debug_str     0x00072e86       0x5a ./source/stateReceivingID.o
                               0x3d02 (size before relaxing)
 .debug_str     0x00072ee0       0x79 ./source/stateReceivingPIN.o
                               0x3cfe (size before relaxing)
 .debug_str     0x00072f59       0x53 ./source/stateRemovingUser.o
                               0x3d42 (size before relaxing)
 .debug_str     0x00072fac       0x78 ./source/stateUserApproved.o
                               0x3cdc (size before relaxing)
 .debug_str     0x00073024       0xfd ./source/timer.o
                               0x3a12 (size before relaxing)
 .debug_str     0x00073121       0x5d ./source/timer_queue.o
                               0x395b (size before relaxing)
 .debug_str     0x0007317e     0x6cb1 ./SDK/startup/hardware.o
                              0x77212 (size before relaxing)
 .debug_str     0x00079e2f       0x1b ./SDK/startup/main.o
                              0x77028 (size before relaxing)
 .debug_str     0x00079e4a       0x36 ./SDK/startup/semihost_hardfault.o
                               0x2d4c (size before relaxing)
 .debug_str     0x00079e80      0x7d1 ./SDK/startup/startup_mk64f12.o
                               0x35bb (size before relaxing)
 .debug_str     0x0007a651       0x57 ./SDK/CMSIS/system_MK64F12.o
                              0x77121 (size before relaxing)

.comment        0x00000000       0x7e
 .comment       0x00000000       0x7e ./source/App.o
                                 0x7f (size before relaxing)
 .comment       0x0000007e       0x7f ./source/FSM.o
 .comment       0x0000007e       0x7f ./source/SegmentDisplay.o
 .comment       0x0000007e       0x7f ./source/SysTick.o
 .comment       0x0000007e       0x7f ./source/dataBase.o
 .comment       0x0000007e       0x7f ./source/display.o
 .comment       0x0000007e       0x7f ./source/doorManagement.o
 .comment       0x0000007e       0x7f ./source/encoder.o
 .comment       0x0000007e       0x7f ./source/encoderDecoder.o
 .comment       0x0000007e       0x7f ./source/encoderHAL.o
 .comment       0x0000007e       0x7f ./source/gpio.o
 .comment       0x0000007e       0x7f ./source/magnetCardDecode.o
 .comment       0x0000007e       0x7f ./source/magnetCardLector.o
 .comment       0x0000007e       0x7f ./source/magnetLectorHAL.o
 .comment       0x0000007e       0x7f ./source/queue.o
 .comment       0x0000007e       0x7f ./source/stateAddingUser.o
 .comment       0x0000007e       0x7f ./source/stateAddingUserPIN.o
 .comment       0x0000007e       0x7f ./source/stateAdminMode.o
 .comment       0x0000007e       0x7f ./source/stateBlocked.o
 .comment       0x0000007e       0x7f ./source/stateChangeIntensity.o
 .comment       0x0000007e       0x7f ./source/stateChangingPIN.o
 .comment       0x0000007e       0x7f ./source/stateMenu.o
 .comment       0x0000007e       0x7f ./source/stateReceivingID.o
 .comment       0x0000007e       0x7f ./source/stateReceivingPIN.o
 .comment       0x0000007e       0x7f ./source/stateRemovingUser.o
 .comment       0x0000007e       0x7f ./source/stateUserApproved.o
 .comment       0x0000007e       0x7f ./source/timer.o
 .comment       0x0000007e       0x7f ./source/timer_queue.o
 .comment       0x0000007e       0x7f ./SDK/startup/hardware.o
 .comment       0x0000007e       0x7f ./SDK/startup/main.o
 .comment       0x0000007e       0x7f ./SDK/startup/semihost_hardfault.o
 .comment       0x0000007e       0x7f ./SDK/startup/startup_mk64f12.o
 .comment       0x0000007e       0x7f ./SDK/CMSIS/system_MK64F12.o
 .comment       0x0000007e       0x7f c:/nxp/mcuxpressoide_10.2.0_759/ide/tools/bin/../lib/gcc/arm-none-eabi/7.2.1/../../../../arm-none-eabi/lib/thumb/v7e-m/fpv4-sp/hard\libcr_c.a(memcpy.o)

.ARM.attributes
                0x00000000       0x37
 .ARM.attributes
                0x00000000       0x39 ./source/App.o
 .ARM.attributes
                0x00000039       0x39 ./source/FSM.o
 .ARM.attributes
                0x00000072       0x39 ./source/SegmentDisplay.o
 .ARM.attributes
                0x000000ab       0x39 ./source/SysTick.o
 .ARM.attributes
                0x000000e4       0x39 ./source/dataBase.o
 .ARM.attributes
                0x0000011d       0x39 ./source/display.o
 .ARM.attributes
                0x00000156       0x39 ./source/doorManagement.o
 .ARM.attributes
                0x0000018f       0x39 ./source/encoder.o
 .ARM.attributes
                0x000001c8       0x39 ./source/encoderDecoder.o
 .ARM.attributes
                0x00000201       0x39 ./source/encoderHAL.o
 .ARM.attributes
                0x0000023a       0x39 ./source/gpio.o
 .ARM.attributes
                0x00000273       0x39 ./source/magnetCardDecode.o
 .ARM.attributes
                0x000002ac       0x39 ./source/magnetCardLector.o
 .ARM.attributes
                0x000002e5       0x39 ./source/magnetLectorHAL.o
 .ARM.attributes
                0x0000031e       0x39 ./source/queue.o
 .ARM.attributes
                0x00000357       0x39 ./source/stateAddingUser.o
 .ARM.attributes
                0x00000390       0x39 ./source/stateAddingUserPIN.o
 .ARM.attributes
                0x000003c9       0x39 ./source/stateAdminMode.o
 .ARM.attributes
                0x00000402       0x39 ./source/stateBlocked.o
 .ARM.attributes
                0x0000043b       0x39 ./source/stateChangeIntensity.o
 .ARM.attributes
                0x00000474       0x39 ./source/stateChangingPIN.o
 .ARM.attributes
                0x000004ad       0x39 ./source/stateMenu.o
 .ARM.attributes
                0x000004e6       0x39 ./source/stateReceivingID.o
 .ARM.attributes
                0x0000051f       0x39 ./source/stateReceivingPIN.o
 .ARM.attributes
                0x00000558       0x39 ./source/stateRemovingUser.o
 .ARM.attributes
                0x00000591       0x39 ./source/stateUserApproved.o
 .ARM.attributes
                0x000005ca       0x39 ./source/timer.o
 .ARM.attributes
                0x00000603       0x39 ./source/timer_queue.o
 .ARM.attributes
                0x0000063c       0x39 ./SDK/startup/hardware.o
 .ARM.attributes
                0x00000675       0x39 ./SDK/startup/main.o
 .ARM.attributes
                0x000006ae       0x39 ./SDK/startup/semihost_hardfault.o
 .ARM.attributes
                0x000006e7       0x39 ./SDK/startup/startup_mk64f12.o
 .ARM.attributes
                0x00000720       0x39 ./SDK/CMSIS/system_MK64F12.o
 .ARM.attributes
                0x00000759       0x39 c:/nxp/mcuxpressoide_10.2.0_759/ide/tools/bin/../lib/gcc/arm-none-eabi/7.2.1/../../../../arm-none-eabi/lib/thumb/v7e-m/fpv4-sp/hard\libcr_c.a(memcpy.o)
 .ARM.attributes
                0x00000792       0x25 c:/nxp/mcuxpressoide_10.2.0_759/ide/tools/bin/../lib/gcc/arm-none-eabi/7.2.1/thumb/v7e-m/fpv4-sp/hard\libcr_eabihelpers.a(memcpy.o)

.debug_frame    0x00000000     0x1ab0
 .debug_frame   0x00000000       0x68 ./source/App.o
 .debug_frame   0x00000068       0x28 ./source/FSM.o
 .debug_frame   0x00000090       0x78 ./source/SegmentDisplay.o
 .debug_frame   0x00000108       0x44 ./source/SysTick.o
 .debug_frame   0x0000014c      0x158 ./source/dataBase.o
 .debug_frame   0x000002a4       0xb4 ./source/display.o
 .debug_frame   0x00000358       0xa0 ./source/doorManagement.o
 .debug_frame   0x000003f8       0xbc ./source/encoder.o
 .debug_frame   0x000004b4       0x6c ./source/encoderDecoder.o
 .debug_frame   0x00000520       0x98 ./source/encoderHAL.o
 .debug_frame   0x000005b8      0x238 ./source/gpio.o
 .debug_frame   0x000007f0       0xc4 ./source/magnetCardDecode.o
 .debug_frame   0x000008b4       0x64 ./source/magnetCardLector.o
 .debug_frame   0x00000918       0x88 ./source/magnetLectorHAL.o
 .debug_frame   0x000009a0       0x50 ./source/queue.o
 .debug_frame   0x000009f0       0xa0 ./source/stateAddingUser.o
 .debug_frame   0x00000a90       0x9c ./source/stateAddingUserPIN.o
 .debug_frame   0x00000b2c       0x80 ./source/stateAdminMode.o
 .debug_frame   0x00000bac       0x54 ./source/stateBlocked.o
 .debug_frame   0x00000c00       0x70 ./source/stateChangeIntensity.o
 .debug_frame   0x00000c70       0x9c ./source/stateChangingPIN.o
 .debug_frame   0x00000d0c       0x74 ./source/stateMenu.o
 .debug_frame   0x00000d80       0xa0 ./source/stateReceivingID.o
 .debug_frame   0x00000e20       0xb0 ./source/stateReceivingPIN.o
 .debug_frame   0x00000ed0       0x98 ./source/stateRemovingUser.o
 .debug_frame   0x00000f68       0x80 ./source/stateUserApproved.o
 .debug_frame   0x00000fe8       0xa4 ./source/timer.o
 .debug_frame   0x0000108c       0x50 ./source/timer_queue.o
 .debug_frame   0x000010dc       0x40 ./SDK/startup/hardware.o
 .debug_frame   0x0000111c       0x28 ./SDK/startup/main.o
 .debug_frame   0x00001144       0x20 ./SDK/startup/semihost_hardfault.o
 .debug_frame   0x00001164      0x904 ./SDK/startup/startup_mk64f12.o
 .debug_frame   0x00001a68       0x48 ./SDK/CMSIS/system_MK64F12.o

.debug_loc      0x00000000     0x3642
 .debug_loc     0x00000000       0x21 ./source/FSM.o
 .debug_loc     0x00000021      0x1cb ./source/SegmentDisplay.o
 .debug_loc     0x000001ec       0x87 ./source/SysTick.o
 .debug_loc     0x00000273       0xa2 ./source/display.o
 .debug_loc     0x00000315       0xd9 ./source/encoder.o
 .debug_loc     0x000003ee       0x42 ./source/encoderDecoder.o
 .debug_loc     0x00000430      0x111 ./source/encoderHAL.o
 .debug_loc     0x00000541      0x750 ./source/gpio.o
 .debug_loc     0x00000c91      0x9fa ./source/magnetCardDecode.o
 .debug_loc     0x0000168b       0xa0 ./source/magnetLectorHAL.o
 .debug_loc     0x0000172b      0x1cd ./source/queue.o
 .debug_loc     0x000018f8      0x2e1 ./source/stateAddingUser.o
 .debug_loc     0x00001bd9      0x2e8 ./source/stateAddingUserPIN.o
 .debug_loc     0x00001ec1      0x29e ./source/stateAdminMode.o
 .debug_loc     0x0000215f       0xbb ./source/stateBlocked.o
 .debug_loc     0x0000221a      0x1d6 ./source/stateChangeIntensity.o
 .debug_loc     0x000023f0      0x319 ./source/stateChangingPIN.o
 .debug_loc     0x00002709      0x235 ./source/stateMenu.o
 .debug_loc     0x0000293e      0x333 ./source/stateReceivingID.o
 .debug_loc     0x00002c71      0x2d8 ./source/stateRemovingUser.o
 .debug_loc     0x00002f49      0x2bf ./source/stateUserApproved.o
 .debug_loc     0x00003208      0x11d ./source/timer.o
 .debug_loc     0x00003325       0x72 ./source/timer_queue.o
 .debug_loc     0x00003397      0x1e7 ./SDK/startup/startup_mk64f12.o
 .debug_loc     0x0000357e       0xc4 ./SDK/CMSIS/system_MK64F12.o
