Archive member included to satisfy reference by file (symbol)

c:/nxp/mcuxpressoide_10.2.0_759/ide/tools/bin/../lib/gcc/arm-none-eabi/7.2.1/../../../../arm-none-eabi/lib/thumb/v7e-m/fpv4-sp/hard\libcr_c.a(memcpy.o)
                              ./source/magnetCardLector.o (memcpy)
c:/nxp/mcuxpressoide_10.2.0_759/ide/tools/bin/../lib/gcc/arm-none-eabi/7.2.1/thumb/v7e-m/fpv4-sp/hard\libcr_eabihelpers.a(memcpy.o)
                              c:/nxp/mcuxpressoide_10.2.0_759/ide/tools/bin/../lib/gcc/arm-none-eabi/7.2.1/../../../../arm-none-eabi/lib/thumb/v7e-m/fpv4-sp/hard\libcr_c.a(memcpy.o) (__aeabi_memcpy)

Discarded input sections

 .group         0x00000000        0xc ./source/App.o
 .group         0x00000000        0xc ./source/App.o
 .group         0x00000000        0xc ./source/App.o
 .group         0x00000000        0xc ./source/App.o
 .group         0x00000000        0xc ./source/App.o
 .group         0x00000000        0xc ./source/App.o
 .group         0x00000000        0xc ./source/App.o
 .group         0x00000000        0xc ./source/App.o
 .group         0x00000000        0xc ./source/App.o
 .group         0x00000000        0xc ./source/App.o
 .group         0x00000000        0xc ./source/App.o
 .text          0x00000000        0x0 ./source/App.o
 .data          0x00000000        0x0 ./source/App.o
 .bss           0x00000000        0x0 ./source/App.o
 .bss.newEvent  0x00000000        0x1 ./source/App.o
 .group         0x00000000        0xc ./source/FSM.o
 .group         0x00000000        0xc ./source/FSM.o
 .group         0x00000000        0xc ./source/FSM.o
 .group         0x00000000        0xc ./source/FSM.o
 .group         0x00000000        0xc ./source/FSM.o
 .group         0x00000000        0xc ./source/FSM.o
 .group         0x00000000        0xc ./source/FSM.o
 .group         0x00000000        0xc ./source/FSM.o
 .text          0x00000000        0x0 ./source/FSM.o
 .data          0x00000000        0x0 ./source/FSM.o
 .bss           0x00000000        0x0 ./source/FSM.o
 .debug_macro   0x00000000      0xa5a ./source/FSM.o
 .debug_macro   0x00000000       0x10 ./source/FSM.o
 .debug_macro   0x00000000       0x22 ./source/FSM.o
 .debug_macro   0x00000000      0x34e ./source/FSM.o
 .debug_macro   0x00000000       0x16 ./source/FSM.o
 .debug_macro   0x00000000       0x10 ./source/FSM.o
 .debug_macro   0x00000000       0x16 ./source/FSM.o
 .debug_macro   0x00000000       0x10 ./source/FSM.o
 .group         0x00000000        0xc ./source/SegmentDisplay.o
 .group         0x00000000        0xc ./source/SegmentDisplay.o
 .group         0x00000000        0xc ./source/SegmentDisplay.o
 .group         0x00000000        0xc ./source/SegmentDisplay.o
 .text          0x00000000        0x0 ./source/SegmentDisplay.o
 .data          0x00000000        0x0 ./source/SegmentDisplay.o
 .bss           0x00000000        0x0 ./source/SegmentDisplay.o
 .debug_macro   0x00000000      0xa5a ./source/SegmentDisplay.o
 .debug_macro   0x00000000      0x34e ./source/SegmentDisplay.o
 .debug_macro   0x00000000       0x22 ./source/SegmentDisplay.o
 .group         0x00000000        0xc ./source/SysTick.o
 .group         0x00000000        0xc ./source/SysTick.o
 .group         0x00000000        0xc ./source/SysTick.o
 .group         0x00000000        0xc ./source/SysTick.o
 .group         0x00000000        0xc ./source/SysTick.o
 .group         0x00000000        0xc ./source/SysTick.o
 .group         0x00000000        0xc ./source/SysTick.o
 .group         0x00000000        0xc ./source/SysTick.o
 .group         0x00000000        0xc ./source/SysTick.o
 .group         0x00000000        0xc ./source/SysTick.o
 .group         0x00000000        0xc ./source/SysTick.o
 .group         0x00000000        0xc ./source/SysTick.o
 .text          0x00000000        0x0 ./source/SysTick.o
 .data          0x00000000        0x0 ./source/SysTick.o
 .bss           0x00000000        0x0 ./source/SysTick.o
 .debug_macro   0x00000000      0xa5a ./source/SysTick.o
 .debug_macro   0x00000000       0x22 ./source/SysTick.o
 .debug_macro   0x00000000      0x34e ./source/SysTick.o
 .group         0x00000000        0xc ./source/dataBase.o
 .group         0x00000000        0xc ./source/dataBase.o
 .group         0x00000000        0xc ./source/dataBase.o
 .group         0x00000000        0xc ./source/dataBase.o
 .group         0x00000000        0xc ./source/dataBase.o
 .group         0x00000000        0xc ./source/dataBase.o
 .text          0x00000000        0x0 ./source/dataBase.o
 .data          0x00000000        0x0 ./source/dataBase.o
 .bss           0x00000000        0x0 ./source/dataBase.o
 .text.removeUser
                0x00000000       0xe8 ./source/dataBase.o
 .debug_macro   0x00000000       0x22 ./source/dataBase.o
 .debug_macro   0x00000000      0x34e ./source/dataBase.o
 .debug_macro   0x00000000       0x16 ./source/dataBase.o
 .debug_macro   0x00000000       0x10 ./source/dataBase.o
 .debug_macro   0x00000000       0x16 ./source/dataBase.o
[...]
Memory Configuration

Name             Origin             Length             Attributes
PROGRAM_FLASH    0x00000000         0x00100000         xr
SRAM_UPPER       0x20000000         0x00030000         xrw
SRAM_LOWER       0x1fff0000         0x00010000         xrw
FLEX_RAM         0x14000000         0x00001000         xrw
*default*        0x00000000         0xffffffff

Linker script and memory map

LOAD ./source/App.o
LOAD ./source/FSM.o
LOAD ./source/SegmentDisplay.o
LOAD ./source/SysTick.o
LOAD ./source/dataBase.o
LOAD ./source/display.o
LOAD ./source/doorManagement.o
LOAD ./source/encoder.o
LOAD ./source/encoderDecoder.o
LOAD ./source/encoderHAL.o
LOAD ./source/gpio.o
LOAD ./source/magnetCardDecode.o
LOAD ./source/magnetCardLector.o
LOAD ./source/magnetLectorHAL.o
LOAD ./source/queue.o
LOAD ./source/stateAddingUser.o
LOAD ./source/stateAddingUserPIN.o
LOAD ./source/stateAdminMode.o
LOAD ./source/stateBlocked.o
LOAD ./source/stateChangeIntensity.o
LOAD ./source/stateChangingPIN.o
LOAD ./source/stateMenu.o
LOAD ./source/stateReceivingID.o
LOAD ./source/stateReceivingPIN.o
LOAD ./source/stateRemovingUser.o
LOAD ./source/stateUserApproved.o
LOAD ./source/timer.o
LOAD ./source/timer_queue.o
LOAD ./SDK/startup/hardware.o
LOAD ./SDK/startup/main.o
LOAD ./SDK/startup/semihost_hardfault.o
LOAD ./SDK/startup/startup_mk64f12.o
LOAD ./SDK/CMSIS/system_MK64F12.o
START GROUP
LOAD c:/nxp/mcuxpressoide_10.2.0_759/ide/tools/bin/../lib/gcc/arm-none-eabi/7.2.1/../../../../arm-none-eabi/lib/thumb/v7e-m/fpv4-sp/hard\libcr_c.a
LOAD c:/nxp/mcuxpressoide_10.2.0_759/ide/tools/bin/../lib/gcc/arm-none-eabi/7.2.1/thumb/v7e-m/fpv4-sp/hard\libcr_eabihelpers.a
END GROUP
                0x00000000                __base_PROGRAM_FLASH = 0x0
                0x00000000                __base_Flash = 0x0
                0x00100000                __top_PROGRAM_FLASH = 0x100000
                0x00100000                __top_Flash = 0x100000
                0x20000000                __base_SRAM_UPPER = 0x20000000
                0x20000000                __base_RAM = 0x20000000
                0x20030000                __top_SRAM_UPPER = 0x20030000
                0x20030000                __top_RAM = 0x20030000
                0x1fff0000                __base_SRAM_LOWER = 0x1fff0000
                0x1fff0000                __base_RAM2 = 0x1fff0000
                0x20000000                __top_SRAM_LOWER = 0x20000000
                0x20000000                __top_RAM2 = 0x20000000
                0x14000000                __base_FLEX_RAM = 0x14000000
                0x14000000                __base_RAM3 = 0x14000000
                0x14001000                __top_FLEX_RAM = 0x14001000
                0x14001000                __top_RAM3 = 0x14001000

.text           0x00000000     0x3f28
 FILL mask 0xff
                0x00000000                __vectors_start__ = ABSOLUTE (.)
 *(SORT_BY_ALIGNMENT(.isr_vector))
 .isr_vector    0x00000000      0x198 ./SDK/startup/startup_mk64f12.o
                0x00000000                g_pfnVectors
                0x00000000                __Vectors
                0x00000198                . = ALIGN (0x4)
                0x00000198                __section_table_start = .
                0x00000198                __data_section_table = .
                0x00000198        0x4 LONG 0x3f28 LOADADDR (.data)
                0x0000019c        0x4 LONG 0x20000000 ADDR (.data)
                0x000001a0        0x4 LONG 0x28 SIZEOF (.data)
                0x000001a4        0x4 LONG 0x3f28 LOADADDR (.data_RAM2)
                0x000001a8        0x4 LONG 0x1fff0000 ADDR (.data_RAM2)
                0x000001ac        0x4 LONG 0x0 SIZEOF (.data_RAM2)
                0x000001b0        0x4 LONG 0x3f28 LOADADDR (.data_RAM3)
                0x000001b4        0x4 LONG 0x14000000 ADDR (.data_RAM3)
                0x000001b8        0x4 LONG 0x0 SIZEOF (.data_RAM3)
                0x000001bc                __data_section_table_end = .
                0x000001bc                __bss_section_table = .
                0x000001bc        0x4 LONG 0x20000028 ADDR (.bss)
                0x000001c0        0x4 LONG 0x10a0 SIZEOF (.bss)
                0x000001c4        0x4 LONG 0x1fff0000 ADDR (.bss_RAM2)
                0x000001c8        0x4 LONG 0x0 SIZEOF (.bss_RAM2)
                0x000001cc        0x4 LONG 0x14000000 ADDR (.bss_RAM3)
                0x000001d0        0x4 LONG 0x0 SIZEOF (.bss_RAM3)
                0x000001d4                __bss_section_table_end = .
                0x000001d4                __section_table_end = .
 *(SORT_BY_ALIGNMENT(.after_vectors*))
 .after_vectors.reset
                0x000001d4       0x4c ./SDK/startup/startup_mk64f12.o
                0x000001d4                ResetISR
 .after_vectors
                0x00000220       0x14 ./SDK/startup/startup_mk64f12.o
                0x00000220                NMI_Handler
                0x00000224                MemManage_Handler
                0x00000226                BusFault_Handler
                0x00000228                UsageFault_Handler
                0x0000022a                SVC_Handler
                0x0000022c                DebugMon_Handler
                0x0000022e                PendSV_Handler
                0x00000232                DMA_Error_DriverIRQHandler
                0x00000232                LPTMR0_DriverIRQHandler
                0x00000232                FTM1_DriverIRQHandler
                0x00000232                FTM2_DriverIRQHandler
                0x00000232                PIT2_DriverIRQHandler
                0x00000232                SDHC_DriverIRQHandler
                0x00000232                I2S0_Tx_DriverIRQHandler
                0x00000232                RTC_Seconds_DriverIRQHandler
                0x00000232                DMA6_DriverIRQHandler
                0x00000232                LLWU_DriverIRQHandler
                0x00000232                MCM_DriverIRQHandler
                0x00000232                MCG_DriverIRQHandler
                0x00000232                ENET_1588_Timer_DriverIRQHandler
                0x00000232                I2C2_DriverIRQHandler
                0x00000232                DAC1_DriverIRQHandler
                0x00000232                SPI1_DriverIRQHandler
                0x00000232                CMP1_DriverIRQHandler
                0x00000232                UART5_RX_TX_DriverIRQHandler
                0x00000232                FTM0_DriverIRQHandler
                0x00000232                IntDefaultHandler
                0x00000232                USB0_DriverIRQHandler
                0x00000232                UART5_ERR_DriverIRQHandler
                0x00000232                PORTC_DriverIRQHandler
                0x00000232                DMA11_DriverIRQHandler
                0x00000232                DAC0_DriverIRQHandler
                0x00000232                DMA10_DriverIRQHandler
                0x00000232                CMP2_DriverIRQHandler
                0x00000232                UART2_ERR_DriverIRQHandler
                0x00000232                SPI2_DriverIRQHandler
                0x00000232                LVD_LVW_DriverIRQHandler
                0x00000232                PIT0_DriverIRQHandler
                0x00000232                RNG_DriverIRQHandler
                0x00000232                DMA5_DriverIRQHandler
                0x00000232                DMA12_DriverIRQHandler
                0x00000232                UART2_RX_TX_DriverIRQHandler
                0x00000232                USBDCD_DriverIRQHandler
                0x00000232                UART3_ERR_DriverIRQHandler
                0x00000232                DMA3_DriverIRQHandler
                0x00000232                DMA8_DriverIRQHandler
                0x00000232                DMA9_DriverIRQHandler
                0x00000232                UART0_ERR_DriverIRQHandler
                0x00000232                CMT_DriverIRQHandler
                0x00000232                Reserved71_DriverIRQHandler
                0x00000232                ADC1_DriverIRQHandler
                0x00000232                PORTA_DriverIRQHandler
                0x00000232                DMA14_DriverIRQHandler
                0x00000232                PIT3_DriverIRQHandler
                0x00000232                PIT1_DriverIRQHandler
                0x00000232                WDOG_EWM_DriverIRQHandler
                0x00000232                PDB0_DriverIRQHandler
                0x00000232                RTC_DriverIRQHandler
                0x00000232                I2S0_Rx_DriverIRQHandler
                0x00000232                Read_Collision_DriverIRQHandler
                0x00000232                SWI_DriverIRQHandler
                0x00000232                UART4_RX_TX_DriverIRQHandler
                0x00000232                UART4_ERR_DriverIRQHandler
                0x00000232                PORTB_DriverIRQHandler
                0x00000232                UART0_LON_DriverIRQHandler
                0x00000232                DMA0_DriverIRQHandler
                0x00000232                DMA1_DriverIRQHandler
                0x00000232                I2C1_DriverIRQHandler
                0x00000232                UART3_RX_TX_DriverIRQHandler
                0x00000232                ENET_Receive_DriverIRQHandler
                0x00000232                DMA13_DriverIRQHandler
                0x00000232                ENET_Error_DriverIRQHandler
                0x00000232                DMA15_DriverIRQHandler
                0x00000232                UART0_RX_TX_DriverIRQHandler
                0x00000232                SPI0_DriverIRQHandler
                0x00000232                ADC0_DriverIRQHandler
                0x00000232                CMP0_DriverIRQHandler
                0x00000232                CAN0_DriverIRQHandler
                0x00000232                FTM3_DriverIRQHandler
                0x00000232                DMA4_DriverIRQHandler
                0x00000232                UART1_ERR_DriverIRQHandler
                0x00000232                DMA2_DriverIRQHandler
                0x00000232                ENET_Transmit_DriverIRQHandler
                0x00000232                PORTD_DriverIRQHandler
                0x00000232                PORTE_DriverIRQHandler
                0x00000232                FTFE_DriverIRQHandler
                0x00000232                I2C0_DriverIRQHandler
                0x00000232                DMA7_DriverIRQHandler
                0x00000232                UART1_RX_TX_DriverIRQHandler
 .after_vectors.init_data
                0x00000234       0x1e ./SDK/startup/startup_mk64f12.o
                0x00000234                data_init
 .after_vectors.init_bss
                0x00000252       0x12 ./SDK/startup/startup_mk64f12.o
                0x00000252                bss_init
                0x00000400                . = 0x400
 *fill*         0x00000264      0x19c ff
                0x00000400                PROVIDE (__FLASH_CONFIG_START__, .)
 *(SORT_BY_ALIGNMENT(.FlashConfig))
 .FlashConfig   0x00000400       0x10 ./SDK/startup/startup_mk64f12.o
                0x00000400                Flash_Config
                0x00000410                PROVIDE (__FLASH_CONFIG_END__, .)
                0x00000001                ASSERT (! ((__FLASH_CONFIG_START__ == __FLASH_CONFIG_END__)), Linker Flash Config Support Enabled, but no .FlashConfig section provided within application)
 *(SORT_BY_ALIGNMENT(.text*))
 .text.App_Init
                0x00000410       0x54 ./source/App.o
                0x00000410                App_Init
 .text.App_Run  0x00000464       0xac ./source/App.o
                0x00000464                App_Run
 .text.initFSM  0x00000510       0x2c ./source/FSM.o
                0x00000510                initFSM
 .text.InitializeSegmentDisplay
                0x0000053c       0x68 ./source/SegmentDisplay.o
                0x0000053c                InitializeSegmentDisplay
 .text.PrintChar
                0x000005a4       0x70 ./source/SegmentDisplay.o
                0x000005a4                PrintChar
 .text.SysTick_Init
                0x00000614       0x38 ./source/SysTick.o
                0x00000614                SysTick_Init
 .text.SysTick_Handler
                0x0000064c       0x20 ./source/SysTick.o
                0x0000064c                SysTick_Handler
 .text.initializeDataBase
                0x0000066c       0x68 ./source/dataBase.o
                0x0000066c                initializeDataBase
 .text.changePIN
                0x000006d4       0xac ./source/dataBase.o
                0x000006d4                changePIN
 .text.addUser  0x00000780       0x74 ./source/dataBase.o
                0x00000780                addUser
 .text.removeUserID
                0x000007f4       0xe0 ./source/dataBase.o
                0x000007f4                removeUserID
 .text.verifyID
                0x000008d4       0x80 ./source/dataBase.o
                0x000008d4                verifyID
 .text.verifyPIN
                0x00000954       0xbc ./source/dataBase.o
                0x00000954                verifyPIN
 .text.verifyCategory
                0x00000a10       0x8c ./source/dataBase.o
                0x00000a10                verifyCategory
 .text.ShiftLeft
                0x00000a9c       0x10 ./source/display.o
                0x00000a9c                ShiftLeft
 .text.ClearDisplay
                0x00000aac       0x30 ./source/display.o
                0x00000aac                ClearDisplay
 .text.InitializeDisplay
                0x00000adc       0x64 ./source/display.o
                0x00000adc                InitializeDisplay
 .text.SetBrightness
                0x00000b40       0x14 ./source/display.o
                0x00000b40                SetBrightness
 .text.UpdateDisplay
                0x00000b54       0xc8 ./source/display.o
                0x00000b54                UpdateDisplay
 .text.PrintMessage
                0x00000c1c       0x6c ./source/display.o
                0x00000c1c                PrintMessage
 .text.openDoorTemporally
                0x00000c88       0x1c ./source/doorManagement.o
                0x00000c88                openDoorTemporally
 .text.initializeEncoderQueue
                0x00000ca4       0x14 ./source/encoder.o
                0x00000ca4                initializeEncoderQueue
 .text.initializeEncoder
                0x00000cb8       0x58 ./source/encoder.o
                0x00000cb8                initializeEncoder
 .text.popEncoderEvent
                0x00000d10       0x40 ./source/encoder.o
                0x00000d10                popEncoderEvent
 .text.isEncEventValid
                0x00000d50       0x10 ./source/encoder.o
                0x00000d50                isEncEventValid
 .text.pushEncoderEvent
                0x00000d60       0x3c ./source/encoder.o
                0x00000d60                pushEncoderEvent
 .text.updateData
                0x00000d9c       0x18 ./source/encoderDecoder.o
                0x00000d9c                updateData
 .text.decodeEncoder
                0x00000db4       0x50 ./source/encoderDecoder.o
                0x00000db4                decodeEncoder
 .text.resetData
                0x00000e04       0x14 ./source/encoderDecoder.o
                0x00000e04                resetData
 .text.checkEnterRisingEdge
                0x00000e18       0x14 ./source/encoderDecoder.o
                0x00000e18                checkEnterRisingEdge
 .text.checkEnterFallingEdge
                0x00000e2c       0x14 ./source/encoderDecoder.o
                0x00000e2c                checkEnterFallingEdge
 .text.encTimerRoutine
                0x00000e40       0x18 ./source/encoderHAL.o
                0x00000e40                encTimerRoutine
 .text.initializeEncoderHAL
                0x00000e58       0x70 ./source/encoderHAL.o
                0x00000e58                initializeEncoderHAL
 .text.resetEncoderTimerCount
                0x00000ec8       0x14 ./source/encoderHAL.o
                0x00000ec8                resetEncoderTimerCount
 .text.getEncTimerCount
                0x00000edc        0xc ./source/encoderHAL.o
                0x00000edc                getEncTimerCount
 .text.PORTX_IRQHandler
                0x00000ee8       0x54 ./source/gpio.o
                0x00000ee8                PORTX_IRQHandler
 .text.gpioMode
                0x00000f3c       0x98 ./source/gpio.o
                0x00000f3c                gpioMode
 .text.gpioRead
                0x00000fd4       0x3c ./source/gpio.o
                0x00000fd4                gpioRead
 .text.setPassiveFilter
                0x00001010       0x38 ./source/gpio.o
                0x00001010                setPassiveFilter
 .text.gpioWrite
                0x00001048       0x40 ./source/gpio.o
                0x00001048                gpioWrite
 .text.gpioIRQ  0x00001088       0x98 ./source/gpio.o
                0x00001088                gpioIRQ
 .text.magnetDataParser
                0x00001120       0x44 ./source/magnetCardDecode.o
                0x00001120                magnetDataParser
 .text.enableRoutine
                0x00001164       0x78 ./source/magnetLectorHAL.o
                0x00001164                enableRoutine
 .text.clockRoutine
                0x000011dc       0x4c ./source/magnetLectorHAL.o
                0x000011dc                clockRoutine
 .text.getLectureEvent
                0x00001228       0x44 ./source/magnetLectorHAL.o
                0x00001228                getLectureEvent
 .text.isEventinLectorQueue
                0x0000126c       0x10 ./source/magnetLectorHAL.o
                0x0000126c                isEventinLectorQueue
 .text.initLectorQueue
                0x0000127c       0x14 ./source/magnetLectorHAL.o
                0x0000127c                initLectorQueue
 .text.hwLectorInit
                0x00001290       0x74 ./source/magnetLectorHAL.o
                0x00001290                hwLectorInit
 .text.createIDString
                0x00001304       0x50 ./source/stateAddingUser.o
 .text.AUinputEvHandler
                0x00001354      0x1c0 ./source/stateAddingUser.o
                0x00001354                AUinputEvHandler
 .text.AUtimerEvHandler
                0x00001514       0x58 ./source/stateAddingUser.o
                0x00001514                AUtimerEvHandler
 .text.AUkeycardEvHandler
                0x0000156c       0xa4 ./source/stateAddingUser.o
                0x0000156c                AUkeycardEvHandler
 .text.createPINString
                0x00001610       0x4c ./source/stateAddingUserPIN.o
 .text.AUPinputEvHandler
                0x0000165c      0x200 ./source/stateAddingUserPIN.o
                0x0000165c                AUPinputEvHandler
 .text.AUPtimerEvHandler
                0x0000185c       0x58 ./source/stateAddingUserPIN.o
                0x0000185c                AUPtimerEvHandler
 .text.AUPkeycardEvHandler
                0x000018b4       0xa4 ./source/stateAddingUserPIN.o
                0x000018b4                AUPkeycardEvHandler
 .text.AMinputEvHandler
                0x00001958      0x114 ./source/stateAdminMode.o
                0x00001958                AMinputEvHandler
 .text.AMtimerEvHandler
                0x00001a6c       0x58 ./source/stateAdminMode.o
                0x00001a6c                AMtimerEvHandler
 .text.AMkeycardEvHandler
                0x00001ac4       0xa4 ./source/stateAdminMode.o
                0x00001ac4                AMkeycardEvHandler
 .text.BtimerEvHandler
                0x00001b68       0x5c ./source/stateBlocked.o
                0x00001b68                BtimerEvHandler
 .text.CIinputEvHandler
                0x00001bc4       0xe0 ./source/stateChangeIntensity.o
                0x00001bc4                CIinputEvHandler
 .text.CIkeycardEvHandler
                0x00001ca4       0xa4 ./source/stateChangeIntensity.o
                0x00001ca4                CIkeycardEvHandler
 .text.createPINString
                0x00001d48       0x4c ./source/stateChangingPIN.o
 .text.CPinputEvHandler
                0x00001d94      0x1e8 ./source/stateChangingPIN.o
                0x00001d94                CPinputEvHandler
 .text.CPtimerEvHandler
                0x00001f7c       0x58 ./source/stateChangingPIN.o
                0x00001f7c                CPtimerEvHandler
 .text.CPkeycardEvHandler
                0x00001fd4       0xa4 ./source/stateChangingPIN.o
                0x00001fd4                CPkeycardEvHandler
 .text.MinputEvHandler
                0x00002078       0xe0 ./source/stateMenu.o
                0x00002078                MinputEvHandler
 .text.MkeycardEvHandler
                0x00002158       0x98 ./source/stateMenu.o
                0x00002158                MkeycardEvHandler
 .text.createIDString
                0x000021f0       0x50 ./source/stateReceivingID.o
 .text.RIinputEvHandler
                0x00002240      0x1cc ./source/stateReceivingID.o
                0x00002240                RIinputEvHandler
 .text.RItimerEvHandler
                0x0000240c       0x58 ./source/stateReceivingID.o
                0x0000240c                RItimerEvHandler
 .text.RIkeycardEvHandler
                0x00002464       0x98 ./source/stateReceivingID.o
                0x00002464                RIkeycardEvHandler
 .text.createPINString
                0x000024fc       0x70 ./source/stateReceivingPIN.o
 .text.getBlockedTime
                0x0000256c       0x48 ./source/stateReceivingPIN.o
 .text.RPinputEvHandler
                0x000025b4      0x370 ./source/stateReceivingPIN.o
                0x000025b4                RPinputEvHandler
 .text.RPtimerEvHandler
                0x00002924       0x7c ./source/stateReceivingPIN.o
                0x00002924                RPtimerEvHandler
 .text.RPkeycardEvHandler
                0x000029a0       0xf0 ./source/stateReceivingPIN.o
                0x000029a0                RPkeycardEvHandler
 .text.createIDString
                0x00002a90       0x50 ./source/stateRemovingUser.o
 .text.RUinputEvHandler
                0x00002ae0      0x1a0 ./source/stateRemovingUser.o
                0x00002ae0                RUinputEvHandler
 .text.RUtimerEvHandler
                0x00002c80       0x58 ./source/stateRemovingUser.o
                0x00002c80                RUtimerEvHandler
 .text.RUkeycardEvHandler
                0x00002cd8       0xa4 ./source/stateRemovingUser.o
                0x00002cd8                RUkeycardEvHandler
 .text.UAinputEvHandler
                0x00002d7c      0x168 ./source/stateUserApproved.o
                0x00002d7c                UAinputEvHandler
 .text.UAtimerEvHandler
                0x00002ee4       0x58 ./source/stateUserApproved.o
                0x00002ee4                UAtimerEvHandler
 .text.UAkeycardEvHandler
                0x00002f3c       0xa4 ./source/stateUserApproved.o
                0x00002f3c                UAkeycardEvHandler
 .text.sysTickCallback
                0x00002fe0       0x34 ./source/timer.o
                0x00002fe0                sysTickCallback
 .text.InitializeTimers
                0x00003014       0x3c ./source/timer.o
                0x00003014                InitializeTimers
 .text.SetTimer
                0x00003050       0x5c ./source/timer.o
                0x00003050                SetTimer
 .text.EnableTimer
                0x000030ac       0x10 ./source/timer.o
                0x000030ac                EnableTimer
 .text.DisableTimer
                0x000030bc       0x10 ./source/timer.o
                0x000030bc                DisableTimer
 .text.RestartTimer
                0x000030cc       0x10 ./source/timer.o
                0x000030cc                RestartTimer
 .text.InitializeTimerQueue
                0x000030dc        0xc ./source/timer_queue.o
                0x000030dc                InitializeTimerQueue
 .text.PushTimerEv
                0x000030e8       0x24 ./source/timer_queue.o
                0x000030e8                PushTimerEv
 .text.PopTimerEv
                0x0000310c       0x10 ./source/timer_queue.o
                0x0000310c                PopTimerEv
 .text.IsTimerQueueEmpty
                0x0000311c       0x10 ./source/timer_queue.o
                0x0000311c                IsTimerQueueEmpty
 .text.hw_Init  0x0000312c       0xc0 ./SDK/startup/hardware.o
                0x0000312c                hw_Init
 .text.hw_EnableInterrupts
                0x000031ec       0x18 ./SDK/startup/hardware.o
                0x000031ec                hw_EnableInterrupts
 .text.hw_DisableInterrupts
                0x00003204       0x10 ./SDK/startup/hardware.o
                0x00003204                hw_DisableInterrupts
 .text.SystemInit
                0x00003214       0x34 ./SDK/CMSIS/system_MK64F12.o
                0x00003214                SystemInit
 .text.inactCallback
                0x00003248        0xa ./source/App.o
                0x00003248                inactCallback
 .text.SelectDigit
                0x00003252       0x56 ./source/SegmentDisplay.o
                0x00003252                SelectDigit
 .text.SetDigit
                0x000032a8       0x80 ./source/SegmentDisplay.o
                0x000032a8                SetDigit
 .text.GenerateDisplayEv
                0x00003328        0xa ./source/display.o
                0x00003328                GenerateDisplayEv
 .text.GetStringSize
                0x00003332       0x14 ./source/display.o
                0x00003332                GetStringSize
 .text.openDoor
                0x00003346        0xc ./source/doorManagement.o
                0x00003346                openDoor
 .text.closeDoor
                0x00003352        0xc ./source/doorManagement.o
                0x00003352                closeDoor
 .text.doorInit
                0x0000335e       0x14 ./source/doorManagement.o
                0x0000335e                doorInit
 .text.closeAfterTimeOut
                0x00003372        0xe ./source/doorManagement.o
                0x00003372                closeAfterTimeOut
 .text.rotationCallback
                0x00003380       0x5a ./source/encoder.o
                0x00003380                rotationCallback
 .text.buttonCallback
                0x000033da       0x44 ./source/encoder.o
                0x000033da                buttonCallback
 .text.readEncoderSignalX
                0x0000341e       0x28 ./source/encoderHAL.o
                0x0000341e                readEncoderSignalX
 .text.setButtonCallback
                0x00003446        0xe ./source/encoderHAL.o
                0x00003446                setButtonCallback
 .text.PORTA_IRQHandler
                0x00003454        0xa ./source/gpio.o
                0x00003454                PORTA_IRQHandler
 .text.PORTB_IRQHandler
                0x0000345e        0xa ./source/gpio.o
                0x0000345e                PORTB_IRQHandler
 .text.PORTC_IRQHandler
                0x00003468        0xa ./source/gpio.o
                0x00003468                PORTC_IRQHandler
 .text.PORTD_IRQHandler
                0x00003472        0xa ./source/gpio.o
                0x00003472                PORTD_IRQHandler
 .text.PORTE_IRQHandler
                0x0000347c        0xa ./source/gpio.o
                0x0000347c                PORTE_IRQHandler
 .text.setGPIOdataOut
                0x00003486       0x1c ./source/gpio.o
                0x00003486                setGPIOdataOut
 .text.setPCRirqc
                0x000034a2       0x16 ./source/gpio.o
                0x000034a2                setPCRirqc
 .text.identifyCardSymbol
                0x000034b8       0x68 ./source/magnetCardDecode.o
                0x000034b8                identifyCardSymbol
 .text.shapeMagnetTrack
                0x00003520       0x22 ./source/magnetCardDecode.o
                0x00003520                shapeMagnetTrack
 .text.getTrackShaped
                0x00003542       0xd0 ./source/magnetCardDecode.o
                0x00003542                getTrackShaped
 .text.decodeTrackX
                0x00003612      0x180 ./source/magnetCardDecode.o
                0x00003612                decodeTrackX
 .text.initMagnetCardLector
                0x00003792       0x18 ./source/magnetCardLector.o
                0x00003792                initMagnetCardLector
 .text.someMagnetCard2Read
                0x000037aa        0x8 ./source/magnetCardLector.o
                0x000037aa                someMagnetCard2Read
 .text.getLectureDecoded
                0x000037b2       0x4a ./source/magnetCardLector.o
                0x000037b2                getLectureDecoded
 .text.getEvent
                0x000037fc       0x48 ./source/queue.o
                0x000037fc                getEvent
 .text.userDataReset
                0x00003844       0x58 ./source/queue.o
                0x00003844                userDataReset
 .text.BinputEvHandler
                0x0000389c        0x6 ./source/stateBlocked.o
                0x0000389c                BinputEvHandler
 .text.BkeycardEvHandler
                0x000038a2        0x6 ./source/stateBlocked.o
                0x000038a2                BkeycardEvHandler
 .text.CItimerEvHandler
                0x000038a8       0x18 ./source/stateChangeIntensity.o
                0x000038a8                CItimerEvHandler
 .text.MtimerEvHandler
                0x000038c0       0x18 ./source/stateMenu.o
                0x000038c0                MtimerEvHandler
 .text.blockedCallback
                0x000038d8       0x14 ./source/stateReceivingPIN.o
                0x000038d8                blockedCallback
 .text.main     0x000038ec       0x18 ./SDK/startup/main.o
                0x000038ec                main
 .text.HardFault_Handler
                0x00003904       0x2a ./SDK/startup/semihost_hardfault.o
                0x00003904                HardFault_Handler
 .text.DMA0_IRQHandler
                0x0000392e        0x8 ./SDK/startup/startup_mk64f12.o
                0x0000392e                DMA0_IRQHandler
 .text.DMA1_IRQHandler
                0x00003936        0x8 ./SDK/startup/startup_mk64f12.o
                0x00003936                DMA1_IRQHandler
 .text.DMA2_IRQHandler
                0x0000393e        0x8 ./SDK/startup/startup_mk64f12.o
                0x0000393e                DMA2_IRQHandler
 .text.DMA3_IRQHandler
                0x00003946        0x8 ./SDK/startup/startup_mk64f12.o
                0x00003946                DMA3_IRQHandler
 .text.DMA4_IRQHandler
                0x0000394e        0x8 ./SDK/startup/startup_mk64f12.o
                0x0000394e                DMA4_IRQHandler
 .text.DMA5_IRQHandler
                0x00003956        0x8 ./SDK/startup/startup_mk64f12.o
                0x00003956                DMA5_IRQHandler
 .text.DMA6_IRQHandler
                0x0000395e        0x8 ./SDK/startup/startup_mk64f12.o
                0x0000395e                DMA6_IRQHandler
 .text.DMA7_IRQHandler
                0x00003966        0x8 ./SDK/startup/startup_mk64f12.o
                0x00003966                DMA7_IRQHandler
 .text.DMA8_IRQHandler
                0x0000396e        0x8 ./SDK/startup/startup_mk64f12.o
                0x0000396e                DMA8_IRQHandler
 .text.DMA9_IRQHandler
                0x00003976        0x8 ./SDK/startup/startup_mk64f12.o
                0x00003976                DMA9_IRQHandler
 .text.DMA10_IRQHandler
                0x0000397e        0x8 ./SDK/startup/startup_mk64f12.o
                0x0000397e                DMA10_IRQHandler
 .text.DMA11_IRQHandler
                0x00003986        0x8 ./SDK/startup/startup_mk64f12.o
                0x00003986                DMA11_IRQHandler
 .text.DMA12_IRQHandler
                0x0000398e        0x8 ./SDK/startup/startup_mk64f12.o
                0x0000398e                DMA12_IRQHandler
 .text.DMA13_IRQHandler
                0x00003996        0x8 ./SDK/startup/startup_mk64f12.o
                0x00003996                DMA13_IRQHandler
 .text.DMA14_IRQHandler
                0x0000399e        0x8 ./SDK/startup/startup_mk64f12.o
                0x0000399e                DMA14_IRQHandler
 .text.DMA15_IRQHandler
                0x000039a6        0x8 ./SDK/startup/startup_mk64f12.o
                0x000039a6                DMA15_IRQHandler
 .text.DMA_Error_IRQHandler
                0x000039ae        0x8 ./SDK/startup/startup_mk64f12.o
                0x000039ae                DMA_Error_IRQHandler
 .text.MCM_IRQHandler
                0x000039b6        0x8 ./SDK/startup/startup_mk64f12.o
                0x000039b6                MCM_IRQHandler
 .text.FTFE_IRQHandler
                0x000039be        0x8 ./SDK/startup/startup_mk64f12.o
                0x000039be                FTFE_IRQHandler
 .text.Read_Collision_IRQHandler
                0x000039c6        0x8 ./SDK/startup/startup_mk64f12.o
                0x000039c6                Read_Collision_IRQHandler
 .text.LVD_LVW_IRQHandler
                0x000039ce        0x8 ./SDK/startup/startup_mk64f12.o
                0x000039ce                LVD_LVW_IRQHandler
 .text.LLWU_IRQHandler
                0x000039d6        0x8 ./SDK/startup/startup_mk64f12.o
                0x000039d6                LLWU_IRQHandler
 .text.WDOG_EWM_IRQHandler
                0x000039de        0x8 ./SDK/startup/startup_mk64f12.o
                0x000039de                WDOG_EWM_IRQHandler
 .text.RNG_IRQHandler
                0x000039e6        0x8 ./SDK/startup/startup_mk64f12.o
                0x000039e6                RNG_IRQHandler
 .text.I2C0_IRQHandler
                0x000039ee        0x8 ./SDK/startup/startup_mk64f12.o
                0x000039ee                I2C0_IRQHandler
 .text.I2C1_IRQHandler
                0x000039f6        0x8 ./SDK/startup/startup_mk64f12.o
                0x000039f6                I2C1_IRQHandler
 .text.SPI0_IRQHandler
                0x000039fe        0x8 ./SDK/startup/startup_mk64f12.o
                0x000039fe                SPI0_IRQHandler
 .text.SPI1_IRQHandler
                0x00003a06        0x8 ./SDK/startup/startup_mk64f12.o
                0x00003a06                SPI1_IRQHandler
 .text.I2S0_Tx_IRQHandler
                0x00003a0e        0x8 ./SDK/startup/startup_mk64f12.o
                0x00003a0e                I2S0_Tx_IRQHandler
 .text.I2S0_Rx_IRQHandler
                0x00003a16        0x8 ./SDK/startup/startup_mk64f12.o
                0x00003a16                I2S0_Rx_IRQHandler
 .text.UART0_LON_IRQHandler
                0x00003a1e        0x8 ./SDK/startup/startup_mk64f12.o
                0x00003a1e                UART0_LON_IRQHandler
 .text.UART0_RX_TX_IRQHandler
                0x00003a26        0x8 ./SDK/startup/startup_mk64f12.o
                0x00003a26                UART0_RX_TX_IRQHandler
 .text.UART0_ERR_IRQHandler
                0x00003a2e        0x8 ./SDK/startup/startup_mk64f12.o
                0x00003a2e                UART0_ERR_IRQHandler
 .text.UART1_RX_TX_IRQHandler
                0x00003a36        0x8 ./SDK/startup/startup_mk64f12.o
                0x00003a36                UART1_RX_TX_IRQHandler
 .text.UART1_ERR_IRQHandler
                0x00003a3e        0x8 ./SDK/startup/startup_mk64f12.o
                0x00003a3e                UART1_ERR_IRQHandler
 .text.UART2_RX_TX_IRQHandler
                0x00003a46        0x8 ./SDK/startup/startup_mk64f12.o
                0x00003a46                UART2_RX_TX_IRQHandler
 .text.UART2_ERR_IRQHandler
                0x00003a4e        0x8 ./SDK/startup/startup_mk64f12.o
                0x00003a4e                UART2_ERR_IRQHandler
 .text.UART3_RX_TX_IRQHandler
                0x00003a56        0x8 ./SDK/startup/startup_mk64f12.o
                0x00003a56                UART3_RX_TX_IRQHandler
 .text.UART3_ERR_IRQHandler
                0x00003a5e        0x8 ./SDK/startup/startup_mk64f12.o
                0x00003a5e                UART3_ERR_IRQHandler
 .text.ADC0_IRQHandler
                0x00003a66        0x8 ./SDK/startup/startup_mk64f12.o
                0x00003a66                ADC0_IRQHandler
 .text.CMP0_IRQHandler
                0x00003a6e        0x8 ./SDK/startup/startup_mk64f12.o
                0x00003a6e                CMP0_IRQHandler
 .text.CMP1_IRQHandler
                0x00003a76        0x8 ./SDK/startup/startup_mk64f12.o
                0x00003a76                CMP1_IRQHandler
 .text.FTM0_IRQHandler
                0x00003a7e        0x8 ./SDK/startup/startup_mk64f12.o
                0x00003a7e                FTM0_IRQHandler
 .text.FTM1_IRQHandler
                0x00003a86        0x8 ./SDK/startup/startup_mk64f12.o
                0x00003a86                FTM1_IRQHandler
 .text.FTM2_IRQHandler
                0x00003a8e        0x8 ./SDK/startup/startup_mk64f12.o
                0x00003a8e                FTM2_IRQHandler
 .text.CMT_IRQHandler
                0x00003a96        0x8 ./SDK/startup/startup_mk64f12.o
                0x00003a96                CMT_IRQHandler
 .text.RTC_IRQHandler
                0x00003a9e        0x8 ./SDK/startup/startup_mk64f12.o
                0x00003a9e                RTC_IRQHandler
 .text.RTC_Seconds_IRQHandler
                0x00003aa6        0x8 ./SDK/startup/startup_mk64f12.o
                0x00003aa6                RTC_Seconds_IRQHandler
 .text.PIT0_IRQHandler
                0x00003aae        0x8 ./SDK/startup/startup_mk64f12.o
                0x00003aae                PIT0_IRQHandler
 .text.PIT1_IRQHandler
                0x00003ab6        0x8 ./SDK/startup/startup_mk64f12.o
                0x00003ab6                PIT1_IRQHandler
 .text.PIT2_IRQHandler
                0x00003abe        0x8 ./SDK/startup/startup_mk64f12.o
                0x00003abe                PIT2_IRQHandler
 .text.PIT3_IRQHandler
                0x00003ac6        0x8 ./SDK/startup/startup_mk64f12.o
                0x00003ac6                PIT3_IRQHandler
 .text.PDB0_IRQHandler
                0x00003ace        0x8 ./SDK/startup/startup_mk64f12.o
                0x00003ace                PDB0_IRQHandler
 .text.USB0_IRQHandler
                0x00003ad6        0x8 ./SDK/startup/startup_mk64f12.o
                0x00003ad6                USB0_IRQHandler
 .text.USBDCD_IRQHandler
                0x00003ade        0x8 ./SDK/startup/startup_mk64f12.o
                0x00003ade                USBDCD_IRQHandler
 .text.Reserved71_IRQHandler
                0x00003ae6        0x8 ./SDK/startup/startup_mk64f12.o
                0x00003ae6                Reserved71_IRQHandler
 .text.DAC0_IRQHandler
                0x00003aee        0x8 ./SDK/startup/startup_mk64f12.o
                0x00003aee                DAC0_IRQHandler
 .text.MCG_IRQHandler
                0x00003af6        0x8 ./SDK/startup/startup_mk64f12.o
                0x00003af6                MCG_IRQHandler
 .text.LPTMR0_IRQHandler
                0x00003afe        0x8 ./SDK/startup/startup_mk64f12.o
                0x00003afe                LPTMR0_IRQHandler
 .text.SWI_IRQHandler
                0x00003b06        0x8 ./SDK/startup/startup_mk64f12.o
                0x00003b06                SWI_IRQHandler
 .text.SPI2_IRQHandler
                0x00003b0e        0x8 ./SDK/startup/startup_mk64f12.o
                0x00003b0e                SPI2_IRQHandler
 .text.UART4_RX_TX_IRQHandler
                0x00003b16        0x8 ./SDK/startup/startup_mk64f12.o
                0x00003b16                UART4_RX_TX_IRQHandler
 .text.UART4_ERR_IRQHandler
                0x00003b1e        0x8 ./SDK/startup/startup_mk64f12.o
                0x00003b1e                UART4_ERR_IRQHandler
 .text.UART5_RX_TX_IRQHandler
                0x00003b26        0x8 ./SDK/startup/startup_mk64f12.o
                0x00003b26                UART5_RX_TX_IRQHandler
 .text.UART5_ERR_IRQHandler
                0x00003b2e        0x8 ./SDK/startup/startup_mk64f12.o
                0x00003b2e                UART5_ERR_IRQHandler
 .text.CMP2_IRQHandler
                0x00003b36        0x8 ./SDK/startup/startup_mk64f12.o
                0x00003b36                CMP2_IRQHandler
 .text.FTM3_IRQHandler
                0x00003b3e        0x8 ./SDK/startup/startup_mk64f12.o
                0x00003b3e                FTM3_IRQHandler
 .text.DAC1_IRQHandler
                0x00003b46        0x8 ./SDK/startup/startup_mk64f12.o
                0x00003b46                DAC1_IRQHandler
 .text.ADC1_IRQHandler
                0x00003b4e        0x8 ./SDK/startup/startup_mk64f12.o
                0x00003b4e                ADC1_IRQHandler
 .text.I2C2_IRQHandler
                0x00003b56        0x8 ./SDK/startup/startup_mk64f12.o
                0x00003b56                I2C2_IRQHandler
 .text.CAN0_ORed_Message_buffer_IRQHandler
                0x00003b5e        0x8 ./SDK/startup/startup_mk64f12.o
                0x00003b5e                CAN0_ORed_Message_buffer_IRQHandler
 .text.CAN0_Bus_Off_IRQHandler
                0x00003b66        0x8 ./SDK/startup/startup_mk64f12.o
                0x00003b66                CAN0_Bus_Off_IRQHandler
 .text.CAN0_Error_IRQHandler
                0x00003b6e        0x8 ./SDK/startup/startup_mk64f12.o
                0x00003b6e                CAN0_Error_IRQHandler
 .text.CAN0_Tx_Warning_IRQHandler
                0x00003b76        0x8 ./SDK/startup/startup_mk64f12.o
                0x00003b76                CAN0_Tx_Warning_IRQHandler
 .text.CAN0_Rx_Warning_IRQHandler
                0x00003b7e        0x8 ./SDK/startup/startup_mk64f12.o
                0x00003b7e                CAN0_Rx_Warning_IRQHandler
 .text.CAN0_Wake_Up_IRQHandler
                0x00003b86        0x8 ./SDK/startup/startup_mk64f12.o
                0x00003b86                CAN0_Wake_Up_IRQHandler
 .text.SDHC_IRQHandler
                0x00003b8e        0x8 ./SDK/startup/startup_mk64f12.o
                0x00003b8e                SDHC_IRQHandler
 .text.ENET_1588_Timer_IRQHandler
                0x00003b96        0x8 ./SDK/startup/startup_mk64f12.o
                0x00003b96                ENET_1588_Timer_IRQHandler
 .text.ENET_Transmit_IRQHandler
                0x00003b9e        0x8 ./SDK/startup/startup_mk64f12.o
                0x00003b9e                ENET_Transmit_IRQHandler
 .text.ENET_Receive_IRQHandler
                0x00003ba6        0x8 ./SDK/startup/startup_mk64f12.o
                0x00003ba6                ENET_Receive_IRQHandler
 .text.ENET_Error_IRQHandler
                0x00003bae        0x8 ./SDK/startup/startup_mk64f12.o
                0x00003bae                ENET_Error_IRQHandler
 .text.SystemInitHook
                0x00003bb6        0x2 ./SDK/CMSIS/system_MK64F12.o
                0x00003bb6                SystemInitHook
 .text.memcpy   0x00003bb8        0x4 c:/nxp/mcuxpressoide_10.2.0_759/ide/tools/bin/../lib/gcc/arm-none-eabi/7.2.1/../../../../arm-none-eabi/lib/thumb/v7e-m/fpv4-sp/hard\libcr_c.a(memcpy.o)
                0x00003bb8                memcpy
 .text.__aeabi_memcpy
                0x00003bbc       0x34 c:/nxp/mcuxpressoide_10.2.0_759/ide/tools/bin/../lib/gcc/arm-none-eabi/7.2.1/thumb/v7e-m/fpv4-sp/hard\libcr_eabihelpers.a(memcpy.o)
                0x00003bbc                __aeabi_memcpy
                0x00003bc6                __aeabi_memcpy8
                0x00003bc6                __aeabi_memcpy4
 *(SORT_BY_ALIGNMENT(.rodata) SORT_BY_ALIGNMENT(.rodata.*) SORT_BY_ALIGNMENT(.constdata) SORT_BY_ALIGNMENT(.constdata.*))
 .rodata.initFSM.str1.4
                0x00003bf0        0x5 ./source/FSM.o
 *fill*         0x00003bf5        0x3 ff
 .rodata.letters_segment_array
                0x00003bf8       0x1a ./source/SegmentDisplay.o
 *fill*         0x00003c12        0x2 ff
 .rodata.number_segment_array
                0x00003c14        0xa ./source/SegmentDisplay.o
 *fill*         0x00003c1e        0x2 ff
 .rodata        0x00003c20       0x2e ./source/dataBase.o
 .rodata.ClearDisplay.str1.4
                0x00003c4e        0x5 ./source/display.o
                                  0x1 (size before relaxing)
 *fill*         0x00003c4e        0x2 ff
 .rodata        0x00003c50       0x28 ./source/gpio.o
 .rodata.track1
                0x00003c78       0x18 ./source/magnetCardDecode.o
                0x00003c78                track1
 .rodata.track2
                0x00003c90       0x18 ./source/magnetCardDecode.o
                0x00003c90                track2
 .rodata.track3
                0x00003ca8       0x18 ./source/magnetCardDecode.o
                0x00003ca8                track3
 .rodata.AUinputEvHandler.str1.4
                0x00003cc0       0x35 ./source/stateAddingUser.o
                                 0x3d (size before relaxing)
 *fill*         0x00003cf5        0x3 ff
 .rodata.AUkeycardEvHandler.str1.4
                0x00003cf8       0x2f ./source/stateAddingUser.o
 *fill*         0x00003d27        0x1 ff
 .rodata.idStrings
                0x00003d28        0xc ./source/stateAddingUser.o
 .rodata.AUPinputEvHandler.str1.4
                0x00003d34       0x32 ./source/stateAddingUserPIN.o
                                 0x39 (size before relaxing)
 .rodata.AUPkeycardEvHandler.str1.4
                0x00003d66       0x2f ./source/stateAddingUserPIN.o
 *fill*         0x00003d66        0x2 ff
 .rodata.pinStrings
                0x00003d68        0xc ./source/stateAddingUserPIN.o
 .rodata.AMinputEvHandler.str1.4
                0x00003d74       0x30 ./source/stateAdminMode.o
                                 0x35 (size before relaxing)
 .rodata.AMkeycardEvHandler.str1.4
                0x00003da4       0x2f ./source/stateAdminMode.o
 .rodata.str1.4
                0x00003da4        0x8 ./source/stateAdminMode.o
 .rodata.BtimerEvHandler.str1.4
                0x00003dac       0x12 ./source/stateBlocked.o
 *fill*         0x00003dbe        0x2 ff
 .rodata.CIinputEvHandler.str1.4
                0x00003dc0       0x1e ./source/stateChangeIntensity.o
                                 0x25 (size before relaxing)
 .rodata.CIkeycardEvHandler.str1.4
                0x00003dde       0x2f ./source/stateChangeIntensity.o
 *fill*         0x00003dde        0x2 ff
 .rodata.str1.4
                0x00003de0       0x10 ./source/stateChangeIntensity.o
 .rodata.CPinputEvHandler.str1.4
                0x00003df0        0xc ./source/stateChangingPIN.o
                                 0x11 (size before relaxing)
 .rodata.CPkeycardEvHandler.str1.4
                0x00003dfc       0x2f ./source/stateChangingPIN.o
 .rodata.pinStrings
                0x00003dfc        0xd ./source/stateChangingPIN.o
 *fill*         0x00003e09        0x3 ff
 .rodata.MinputEvHandler.str1.4
                0x00003e0c       0x1d ./source/stateMenu.o
 .rodata.MkeycardEvHandler.str1.4
                0x00003e29       0x23 ./source/stateMenu.o
 *fill*         0x00003e29        0x3 ff
 .rodata.menuStrings
                0x00003e2c        0x8 ./source/stateMenu.o
 .rodata.str1.4
                0x00003e34        0x5 ./source/stateMenu.o
                                  0x9 (size before relaxing)
 .rodata.RIinputEvHandler.str1.4
                0x00003e39       0x29 ./source/stateReceivingID.o
 *fill*         0x00003e39        0x3 ff
 .rodata.idStrings
                0x00003e3c        0xc ./source/stateReceivingID.o
 .rodata.pinStrings
                0x00003e48        0xd ./source/stateReceivingPIN.o
 *fill*         0x00003e55        0x3 ff
 .rodata        0x00003e58       0x5b ./source/stateReceivingPIN.o
 *fill*         0x00003eb3        0x1 ff
 .rodata.RUinputEvHandler.str1.4
                0x00003eb4       0x1f ./source/stateRemovingUser.o
                                 0x25 (size before relaxing)
 .rodata.RUkeycardEvHandler.str1.4
                0x00003ed3       0x2f ./source/stateRemovingUser.o
 *fill*         0x00003ed3        0x1 ff
 .rodata.idStrings
                0x00003ed4        0xc ./source/stateRemovingUser.o
 .rodata.UAinputEvHandler.str1.4
                0x00003ee0       0x2b ./source/stateUserApproved.o
                                 0x43 (size before relaxing)
 .rodata.UAkeycardEvHandler.str1.4
                0x00003f0b       0x2f ./source/stateUserApproved.o
 *fill*         0x00003f0b        0x1 ff
 .rodata.menuStrings
                0x00003f0c        0xc ./source/stateUserApproved.o
 .rodata.str1.4
                0x00003f18       0x10 ./source/stateUserApproved.o
                0x00003f28                . = ALIGN (0x8)

.glue_7         0x00003f28        0x0
 .glue_7        0x00003f28        0x0 linker stubs

.glue_7t        0x00003f28        0x0
 .glue_7t       0x00003f28        0x0 linker stubs

.vfp11_veneer   0x00003f28        0x0
 .vfp11_veneer  0x00003f28        0x0 linker stubs

.v4_bx          0x00003f28        0x0
 .v4_bx         0x00003f28        0x0 linker stubs

.iplt           0x00003f28        0x0
 .iplt          0x00003f28        0x0 ./source/App.o

.rel.dyn        0x00003f28        0x0
 .rel.iplt      0x00003f28        0x0 ./source/App.o

.ARM.extab
 *(SORT_BY_ALIGNMENT(.ARM.extab*) SORT_BY_ALIGNMENT(.gnu.linkonce.armextab.*))
                0x00003f28                __exidx_start = .

.ARM.exidx
 *(SORT_BY_ALIGNMENT(.ARM.exidx*) SORT_BY_ALIGNMENT(.gnu.linkonce.armexidx.*))
                0x00003f28                __exidx_end = .
                0x00003f28                _etext = .

.m_usb_data
 *(SORT_BY_ALIGNMENT(m_usb_bdt))

.data_RAM2      0x1fff0000        0x0 load address 0x00003f28
 FILL mask 0xff
                [!provide]                PROVIDE (__start_data_RAM2, .)
 *(SORT_BY_ALIGNMENT(.ramfunc.$RAM2))
 *(SORT_BY_ALIGNMENT(.ramfunc.$SRAM_LOWER))
 *(SORT_BY_ALIGNMENT(.data.$RAM2*))
 *(SORT_BY_ALIGNMENT(.data.$SRAM_LOWER*))
                0x1fff0000                . = ALIGN (0x8)
                [!provide]                PROVIDE (__end_data_RAM2, .)

.data_RAM3      0x14000000        0x0 load address 0x00003f28
 FILL mask 0xff
                [!provide]                PROVIDE (__start_data_RAM3, .)
 *(SORT_BY_ALIGNMENT(.ramfunc.$RAM3))
 *(SORT_BY_ALIGNMENT(.ramfunc.$FLEX_RAM))
 *(SORT_BY_ALIGNMENT(.data.$RAM3*))
 *(SORT_BY_ALIGNMENT(.data.$FLEX_RAM*))
                0x14000000                . = ALIGN (0x8)
                [!provide]                PROVIDE (__end_data_RAM3, .)

.uninit_RESERVED
                0x20000000        0x0
 *(SORT_BY_ALIGNMENT(.bss.$RESERVED*))
                0x20000000                . = ALIGN (0x4)
                0x20000000                _end_uninit_RESERVED = .

.data           0x20000000       0x28 load address 0x00003f28
 FILL mask 0xff
                0x20000000                _data = .
 *(SORT_BY_ALIGNMENT(vtable))
 *(SORT_BY_ALIGNMENT(.ramfunc*))
 *(SORT_BY_ALIGNMENT(.data*))
 .data.array2Tracks
                0x20000000        0xc ./source/magnetCardDecode.o
                0x20000000                array2Tracks
 .data.menuStrings
                0x2000000c        0x8 ./source/stateAdminMode.o
                0x2000000c                menuStrings
 .data.intStrings
                0x20000014       0x10 ./source/stateChangeIntensity.o
                0x20000014                intStrings
 .data.f2       0x20000024        0x4 ./source/stateReceivingPIN.o
                0x20000028                . = ALIGN (0x8)
                0x20000028                _edata = .

.igot.plt       0x20000028        0x0 load address 0x00003f50
 .igot.plt      0x20000028        0x0 ./source/App.o

.bss_RAM2       0x1fff0000        0x0
                [!provide]                PROVIDE (__start_bss_RAM2, .)
 *(SORT_BY_ALIGNMENT(.bss.$RAM2*))
 *(SORT_BY_ALIGNMENT(.bss.$SRAM_LOWER*))
                0x1fff0000                . = ALIGN ((. != 0x0)?0x8:0x1)
                [!provide]                PROVIDE (__end_bss_RAM2, .)

.bss_RAM3       0x14000000        0x0
                [!provide]                PROVIDE (__start_bss_RAM3, .)
 *(SORT_BY_ALIGNMENT(.bss.$RAM3*))
 *(SORT_BY_ALIGNMENT(.bss.$FLEX_RAM*))
                0x14000000                . = ALIGN ((. != 0x0)?0x8:0x1)
                [!provide]                PROVIDE (__end_bss_RAM3, .)

.bss            0x20000028     0x10a0
                0x20000028                _bss = .
 *(SORT_BY_ALIGNMENT(.bss*))
 .bss.fsm       0x20000028       0x14 ./source/App.o
                0x20000028                fsm
 .bss.nextState
                0x2000003c       0x10 ./source/App.o
                0x2000003c                nextState
 .bss.userData  0x2000004c       0xec ./source/App.o
                0x2000004c                userData
 .bss.sysTickFun
                0x20000138        0x4 ./source/SysTick.o
                0x20000138                sysTickFun
 .bss.dataBase  0x2000013c       0x90 ./source/dataBase.o
 .bss.brigthness
                0x200001cc        0x4 ./source/display.o
 .bss.current_string
                0x200001d0        0x4 ./source/display.o
 .bss.display_position
                0x200001d4        0x4 ./source/display.o
 .bss.string_position
                0x200001d8        0x4 ./source/display.o
 .bss.string_size
                0x200001dc        0x4 ./source/display.o
 .bss.encoderQueue
                0x200001e0      0x640 ./source/encoder.o
 .bss.encoder   0x20000820        0x6 ./source/encoderDecoder.o
 *fill*         0x20000826        0x2 
 .bss.p2irqFunctions
                0x20000828      0x280 ./source/gpio.o
                0x20000828                p2irqFunctions
 .bss.counterDataIn
                0x20000aa8        0x4 ./source/magnetLectorHAL.o
                0x20000aa8                counterDataIn
 .bss.queue     0x20000aac      0x508 ./source/magnetLectorHAL.o
 .bss.IDstring  0x20000fb4        0x9 ./source/stateAddingUser.o
 *fill*         0x20000fbd        0x3 
 .bss.PINstring
                0x20000fc0        0x6 ./source/stateAddingUserPIN.o
 *fill*         0x20000fc6        0x2 
 .bss.PINstring
                0x20000fc8        0x6 ./source/stateChangingPIN.o
 *fill*         0x20000fce        0x2 
 .bss.IDstring  0x20000fd0        0x9 ./source/stateReceivingID.o
 *fill*         0x20000fd9        0x3 
 .bss.PINstring
                0x20000fdc        0x6 ./source/stateReceivingPIN.o
 *fill*         0x20000fe2        0x2 
 .bss.tryNro    0x20000fe4        0x4 ./source/stateReceivingPIN.o
 .bss.f1        0x20000fe8        0x4 ./source/stateReceivingPIN.o
 .bss.f3.5155   0x20000fec        0x4 ./source/stateReceivingPIN.o
 .bss.IDstring  0x20000ff0        0x9 ./source/stateRemovingUser.o
 *fill*         0x20000ff9        0x3 
 .bss.timers    0x20000ffc       0x80 ./source/timer.o
 .bss.queue     0x2000107c       0x38 ./source/timer_queue.o
 .bss.__LDM_interruptDisableCount
                0x200010b4        0x4 ./SDK/startup/hardware.o
 .bss.changingState
                0x200010b8        0x1 ./source/App.o
                0x200010b8                changingState
 .bss.nameEvent
                0x200010b9        0x1 ./source/App.o
                0x200010b9                nameEvent
 .bss.initialized
                0x200010ba        0x1 ./source/SegmentDisplay.o
 .bss.display_counter
                0x200010bb        0x1 ./source/display.o
 .bss.initialized
                0x200010bc        0x1 ./source/display.o
 .bss.initialized_enc
                0x200010bd        0x1 ./source/encoder.o
 .bss.encoder_timer_count
                0x200010be        0x1 ./source/encoderHAL.o
 .bss.initialized_enc_low
                0x200010bf        0x1 ./source/encoderHAL.o
 .bss.enable    0x200010c0        0x1 ./source/magnetLectorHAL.o
                0x200010c0                enable
 .bss.hwLectorIsInit
                0x200010c1        0x1 ./source/magnetLectorHAL.o
                0x200010c1                hwLectorIsInit
 .bss.raw2save  0x200010c2        0x1 ./source/magnetLectorHAL.o
                0x200010c2                raw2save
 .bss.initialized
                0x200010c3        0x1 ./source/timer.o
 *(SORT_BY_ALIGNMENT(COMMON))
                0x200010c8                . = ALIGN (0x8)
 *fill*         0x200010c4        0x4 
                0x200010c8                _ebss = .
                [!provide]                PROVIDE (end, .)

.noinit_RAM2    0x1fff0000        0x0
 *(SORT_BY_ALIGNMENT(.noinit.$RAM2*))
 *(SORT_BY_ALIGNMENT(.noinit.$SRAM_LOWER*))
                0x1fff0000                . = ALIGN (0x8)

.noinit_RAM3    0x14000000        0x0
 *(SORT_BY_ALIGNMENT(.noinit.$RAM3*))
 *(SORT_BY_ALIGNMENT(.noinit.$FLEX_RAM*))
                0x14000000                . = ALIGN (0x8)

.noinit         0x200010c8        0x0
                0x200010c8                _noinit = .
 *(SORT_BY_ALIGNMENT(.noinit*))
                0x200010c8                . = ALIGN (0x8)
                0x200010c8                _end_noinit = .
                0x00001000                _HeapSize = 0x1000

.heap           0x200010c8     0x1000
                0x200010c8                _pvHeapStart = .
                0x200020c8                . = (. + _HeapSize)
 *fill*         0x200010c8     0x1000 
                0x200020c8                . = ALIGN (0x8)
                0x200020c8                _pvHeapLimit = .
                0x00001000                _StackSize = 0x1000

.heap2stackfill
                0x200020c8     0x1000
                0x200030c8                . = (. + _StackSize)
 *fill*         0x200020c8     0x1000 

.stack          0x2002f000        0x0
                0x2002f000                _vStackBase = .
                0x2002f000                . = ALIGN (0x8)
                0x20030000                _vStackTop = (. + _StackSize)
                0x00000000                _image_start = LOADADDR (.text)
                0x00003f50                _image_end = (LOADADDR (.data) + SIZEOF (.data))
                0x00003f50                _image_size = (_image_end - _image_start)
OUTPUT(ControlDeAcceso.axf elf32-littlearm)

.debug_info     0x00000000     0xb566
 .debug_info    0x00000000      0x5b3 ./source/App.o
 .debug_info    0x000005b3      0x39d ./source/FSM.o
 .debug_info    0x00000950      0x4a0 ./source/SegmentDisplay.o
 .debug_info    0x00000df0      0x5a1 ./source/SysTick.o
 .debug_info    0x00001391      0x48d ./source/dataBase.o
 .debug_info    0x0000181e      0x3ad ./source/display.o
 .debug_info    0x00001bcb      0x262 ./source/doorManagement.o
 .debug_info    0x00001e2d      0x45c ./source/encoder.o
 .debug_info    0x00002289      0x225 ./source/encoderDecoder.o
 .debug_info    0x000024ae      0x3cc ./source/encoderHAL.o
 .debug_info    0x0000287a     0x1086 ./source/gpio.o
 .debug_info    0x00003900      0x62f ./source/magnetCardDecode.o
 .debug_info    0x00003f2f      0x252 ./source/magnetCardLector.o
 .debug_info    0x00004181      0x45e ./source/magnetLectorHAL.o
 .debug_info    0x000045df      0x3b9 ./source/queue.o
 .debug_info    0x00004998      0x82b ./source/stateAddingUser.o
 .debug_info    0x000051c3      0x902 ./source/stateAddingUserPIN.o
 .debug_info    0x00005ac5      0x66b ./source/stateAdminMode.o
 .debug_info    0x00006130      0x42f ./source/stateBlocked.o
 .debug_info    0x0000655f      0x5f2 ./source/stateChangeIntensity.o
 .debug_info    0x00006b51      0x8e1 ./source/stateChangingPIN.o
 .debug_info    0x00007432      0x5c8 ./source/stateMenu.o
 .debug_info    0x000079fa      0x831 ./source/stateReceivingID.o
 .debug_info    0x0000822b      0x55d ./source/stateReceivingPIN.o
 .debug_info    0x00008788      0x85c ./source/stateRemovingUser.o
 .debug_info    0x00008fe4      0x707 ./source/stateUserApproved.o
 .debug_info    0x000096eb      0x288 ./source/timer.o
 .debug_info    0x00009973      0x1aa ./source/timer_queue.o
 .debug_info    0x00009b1d      0x675 ./SDK/startup/hardware.o
 .debug_info    0x0000a192      0x120 ./SDK/startup/main.o
 .debug_info    0x0000a2b2       0x3b ./SDK/startup/semihost_hardfault.o
 .debug_info    0x0000a2ed      0xc71 ./SDK/startup/startup_mk64f12.o
 .debug_info    0x0000af5e      0x608 ./SDK/CMSIS/system_MK64F12.o

.debug_abbrev   0x00000000     0x2b9d
 .debug_abbrev  0x00000000      0x15d ./source/App.o
 .debug_abbrev  0x0000015d      0x106 ./source/FSM.o
 .debug_abbrev  0x00000263       0xf0 ./source/SegmentDisplay.o
 .debug_abbrev  0x00000353      0x1ef ./source/SysTick.o
 .debug_abbrev  0x00000542      0x14c ./source/dataBase.o
 .debug_abbrev  0x0000068e      0x130 ./source/display.o
 .debug_abbrev  0x000007be       0xc6 ./source/doorManagement.o
 .debug_abbrev  0x00000884      0x187 ./source/encoder.o
 .debug_abbrev  0x00000a0b      0x125 ./source/encoderDecoder.o
 .debug_abbrev  0x00000b30      0x12a ./source/encoderHAL.o
 .debug_abbrev  0x00000c5a      0x368 ./source/gpio.o
 .debug_abbrev  0x00000fc2      0x11f ./source/magnetCardDecode.o
 .debug_abbrev  0x000010e1      0x11a ./source/magnetCardLector.o
 .debug_abbrev  0x000011fb      0x190 ./source/magnetLectorHAL.o
 .debug_abbrev  0x0000138b      0x159 ./source/queue.o
 .debug_abbrev  0x000014e4      0x186 ./source/stateAddingUser.o
 .debug_abbrev  0x0000166a      0x18f ./source/stateAddingUserPIN.o
 .debug_abbrev  0x000017f9      0x170 ./source/stateAdminMode.o
 .debug_abbrev  0x00001969      0x13e ./source/stateBlocked.o
 .debug_abbrev  0x00001aa7      0x170 ./source/stateChangeIntensity.o
 .debug_abbrev  0x00001c17      0x186 ./source/stateChangingPIN.o
 .debug_abbrev  0x00001d9d      0x15f ./source/stateMenu.o
 .debug_abbrev  0x00001efc      0x186 ./source/stateReceivingID.o
 .debug_abbrev  0x00002082      0x158 ./source/stateReceivingPIN.o
 .debug_abbrev  0x000021da      0x186 ./source/stateRemovingUser.o
 .debug_abbrev  0x00002360      0x15f ./source/stateUserApproved.o
 .debug_abbrev  0x000024bf      0x14d ./source/timer.o
 .debug_abbrev  0x0000260c      0x10a ./source/timer_queue.o
 .debug_abbrev  0x00002716      0x138 ./SDK/startup/hardware.o
 .debug_abbrev  0x0000284e       0x9b ./SDK/startup/main.o
 .debug_abbrev  0x000028e9       0x2f ./SDK/startup/semihost_hardfault.o
 .debug_abbrev  0x00002918      0x13b ./SDK/startup/startup_mk64f12.o
 .debug_abbrev  0x00002a53      0x14a ./SDK/CMSIS/system_MK64F12.o

.debug_aranges  0x00000000      0xad0
 .debug_aranges
                0x00000000       0x30 ./source/App.o
 .debug_aranges
                0x00000030       0x20 ./source/FSM.o
 .debug_aranges
                0x00000050       0x38 ./source/SegmentDisplay.o
 .debug_aranges
                0x00000088       0x28 ./source/SysTick.o
 .debug_aranges
                0x000000b0       0x58 ./source/dataBase.o
 .debug_aranges
                0x00000108       0x58 ./source/display.o
 .debug_aranges
                0x00000160       0x48 ./source/doorManagement.o
 .debug_aranges
                0x000001a8       0x50 ./source/encoder.o
 .debug_aranges
                0x000001f8       0x48 ./source/encoderDecoder.o
 .debug_aranges
                0x00000240       0x48 ./source/encoderHAL.o
 .debug_aranges
                0x00000288       0xc0 ./source/gpio.o
 .debug_aranges
                0x00000348       0x40 ./source/magnetCardDecode.o
 .debug_aranges
                0x00000388       0x30 ./source/magnetCardLector.o
 .debug_aranges
                0x000003b8       0x48 ./source/magnetLectorHAL.o
 .debug_aranges
                0x00000400       0x28 ./source/queue.o
 .debug_aranges
                0x00000428       0x38 ./source/stateAddingUser.o
 .debug_aranges
                0x00000460       0x38 ./source/stateAddingUserPIN.o
 .debug_aranges
                0x00000498       0x30 ./source/stateAdminMode.o
 .debug_aranges
                0x000004c8       0x30 ./source/stateBlocked.o
 .debug_aranges
                0x000004f8       0x30 ./source/stateChangeIntensity.o
 .debug_aranges
                0x00000528       0x38 ./source/stateChangingPIN.o
 .debug_aranges
                0x00000560       0x30 ./source/stateMenu.o
 .debug_aranges
                0x00000590       0x38 ./source/stateReceivingID.o
 .debug_aranges
                0x000005c8       0x48 ./source/stateReceivingPIN.o
 .debug_aranges
                0x00000610       0x38 ./source/stateRemovingUser.o
 .debug_aranges
                0x00000648       0x30 ./source/stateUserApproved.o
 .debug_aranges
                0x00000678       0x50 ./source/timer.o
 .debug_aranges
                0x000006c8       0x38 ./source/timer_queue.o
 .debug_aranges
                0x00000700       0x30 ./SDK/startup/hardware.o
 .debug_aranges
                0x00000730       0x20 ./SDK/startup/main.o
 .debug_aranges
                0x00000750       0x20 ./SDK/startup/semihost_hardfault.o
 .debug_aranges
                0x00000770      0x330 ./SDK/startup/startup_mk64f12.o
 .debug_aranges
                0x00000aa0       0x30 ./SDK/CMSIS/system_MK64F12.o

.debug_ranges   0x00000000      0x920
 .debug_ranges  0x00000000       0x20 ./source/App.o
 .debug_ranges  0x00000020       0x10 ./source/FSM.o
 .debug_ranges  0x00000030       0x28 ./source/SegmentDisplay.o
 .debug_ranges  0x00000058       0x18 ./source/SysTick.o
 .debug_ranges  0x00000070       0x90 ./source/dataBase.o
 .debug_ranges  0x00000100       0x48 ./source/display.o
 .debug_ranges  0x00000148       0x38 ./source/doorManagement.o
 .debug_ranges  0x00000180       0x40 ./source/encoder.o
 .debug_ranges  0x000001c0       0x38 ./source/encoderDecoder.o
 .debug_ranges  0x000001f8       0x38 ./source/encoderHAL.o
 .debug_ranges  0x00000230       0xb0 ./source/gpio.o
 .debug_ranges  0x000002e0       0x30 ./source/magnetCardDecode.o
 .debug_ranges  0x00000310       0x20 ./source/magnetCardLector.o
 .debug_ranges  0x00000330       0x38 ./source/magnetLectorHAL.o
 .debug_ranges  0x00000368       0x18 ./source/queue.o
 .debug_ranges  0x00000380       0x28 ./source/stateAddingUser.o
 .debug_ranges  0x000003a8       0x40 ./source/stateAddingUserPIN.o
 .debug_ranges  0x000003e8       0x20 ./source/stateAdminMode.o
 .debug_ranges  0x00000408       0x20 ./source/stateBlocked.o
 .debug_ranges  0x00000428       0x20 ./source/stateChangeIntensity.o
 .debug_ranges  0x00000448       0x28 ./source/stateChangingPIN.o
 .debug_ranges  0x00000470       0x20 ./source/stateMenu.o
 .debug_ranges  0x00000490       0x28 ./source/stateReceivingID.o
 .debug_ranges  0x000004b8       0x38 ./source/stateReceivingPIN.o
 .debug_ranges  0x000004f0       0x28 ./source/stateRemovingUser.o
 .debug_ranges  0x00000518       0x20 ./source/stateUserApproved.o
 .debug_ranges  0x00000538       0x40 ./source/timer.o
 .debug_ranges  0x00000578       0x28 ./source/timer_queue.o
 .debug_ranges  0x000005a0       0x20 ./SDK/startup/hardware.o
 .debug_ranges  0x000005c0       0x10 ./SDK/startup/main.o
 .debug_ranges  0x000005d0       0x10 ./SDK/startup/semihost_hardfault.o
 .debug_ranges  0x000005e0      0x320 ./SDK/startup/startup_mk64f12.o
 .debug_ranges  0x00000900       0x20 ./SDK/CMSIS/system_MK64F12.o

.debug_macro    0x00000000    0x13152
 .debug_macro   0x00000000       0x8f ./source/App.o
 .debug_macro   0x0000008f      0xa5a ./source/App.o
 .debug_macro   0x00000ae9       0x22 ./source/App.o
 .debug_macro   0x00000b0b       0x10 ./source/App.o
 .debug_macro   0x00000b1b      0x34e ./source/App.o
 .debug_macro   0x00000e69       0x16 ./source/App.o
 .debug_macro   0x00000e7f       0x10 ./source/App.o
 .debug_macro   0x00000e8f       0x16 ./source/App.o
 .debug_macro   0x00000ea5       0x10 ./source/App.o
 .debug_macro   0x00000eb5       0x10 ./source/App.o
 .debug_macro   0x00000ec5       0x10 ./source/App.o
 .debug_macro   0x00000ed5       0x10 ./source/App.o
 .debug_macro   0x00000ee5       0x7e ./source/FSM.o
 .debug_macro   0x00000f63       0xb2 ./source/SegmentDisplay.o
 .debug_macro   0x00001015       0x3a ./source/SegmentDisplay.o
 .debug_macro   0x0000104f       0xa5 ./source/SysTick.o
 .debug_macro   0x000010f4       0x5c ./source/SysTick.o
 .debug_macro   0x00001150       0x1c ./source/SysTick.o
 .debug_macro   0x0000116c       0x22 ./source/SysTick.o
 .debug_macro   0x0000118e       0xdf ./source/SysTick.o
 .debug_macro   0x0000126d      0xecf ./source/SysTick.o
 .debug_macro   0x0000213c       0x48 ./source/SysTick.o
 .debug_macro   0x00002184     0xe07b ./source/SysTick.o
 .debug_macro   0x000101ff       0x40 ./source/SysTick.o
 .debug_macro   0x0001023f      0x174 ./source/SysTick.o
 .debug_macro   0x000103b3       0x68 ./source/dataBase.o
 .debug_macro   0x0001041b      0xa5a ./source/dataBase.o
 .debug_macro   0x00010e75       0x78 ./source/display.o
 .debug_macro   0x00010eed       0x61 ./source/doorManagement.o
 .debug_macro   0x00010f4e       0x67 ./source/encoder.o
 .debug_macro   0x00010fb5       0x10 ./source/encoder.o
 .debug_macro   0x00010fc5       0x1c ./source/encoder.o
 .debug_macro   0x00010fe1       0x3c ./source/encoderDecoder.o
 .debug_macro   0x0001101d       0x68 ./source/encoderHAL.o
 .debug_macro   0x00011085       0xa4 ./source/gpio.o
 .debug_macro   0x00011129       0x72 ./source/magnetCardDecode.o
 .debug_macro   0x0001119b       0x22 ./source/magnetCardDecode.o
 .debug_macro   0x000111bd       0xf4 ./source/magnetCardDecode.o
 .debug_macro   0x000112b1       0x57 ./source/magnetCardLector.o
 .debug_macro   0x00011308       0x34 ./source/magnetCardLector.o
 .debug_macro   0x0001133c       0x28 ./source/magnetCardLector.o
 .debug_macro   0x00011364       0x72 ./source/magnetLectorHAL.o
 .debug_macro   0x000113d6       0x6a ./source/queue.o
 .debug_macro   0x00011440       0xc9 ./source/stateAddingUser.o
 .debug_macro   0x00011509       0xcb ./source/stateAddingUserPIN.o
 .debug_macro   0x000115d4       0xbb ./source/stateAdminMode.o
 .debug_macro   0x0001168f       0x88 ./source/stateBlocked.o
 .debug_macro   0x00011717       0xb3 ./source/stateChangeIntensity.o
 .debug_macro   0x000117ca       0xc5 ./source/stateChangingPIN.o
 .debug_macro   0x0001188f       0xb1 ./source/stateMenu.o
 .debug_macro   0x00011940       0xbf ./source/stateReceivingID.o
 .debug_macro   0x000119ff       0xe4 ./source/stateReceivingPIN.o
 .debug_macro   0x00011ae3       0xbf ./source/stateRemovingUser.o
 .debug_macro   0x00011ba2       0xc4 ./source/stateUserApproved.o
 .debug_macro   0x00011c66       0x58 ./source/timer.o
 .debug_macro   0x00011cbe       0x10 ./source/timer.o
 .debug_macro   0x00011cce       0x47 ./source/timer_queue.o
 .debug_macro   0x00011d15       0x9c ./SDK/startup/hardware.o
 .debug_macro   0x00011db1       0x10 ./SDK/startup/hardware.o
 .debug_macro   0x00011dc1     0x122b ./SDK/startup/hardware.o
 .debug_macro   0x00012fec       0x16 ./SDK/startup/hardware.o
 .debug_macro   0x00013002       0x9c ./SDK/startup/main.o
 .debug_macro   0x0001309e       0x11 ./SDK/startup/semihost_hardfault.o
 .debug_macro   0x000130af       0x23 ./SDK/startup/startup_mk64f12.o
 .debug_macro   0x000130d2       0x80 ./SDK/CMSIS/system_MK64F12.o

.debug_line     0x00000000     0x3f60
 .debug_line    0x00000000      0x187 ./source/App.o
 .debug_line    0x00000187      0x128 ./source/FSM.o
 .debug_line    0x000002af      0x15e ./source/SegmentDisplay.o
 .debug_line    0x0000040d      0x172 ./source/SysTick.o
 .debug_line    0x0000057f      0x2a1 ./source/dataBase.o
 .debug_line    0x00000820      0x1c2 ./source/display.o
 .debug_line    0x000009e2      0x145 ./source/doorManagement.o
 .debug_line    0x00000b27      0x1a4 ./source/encoder.o
 .debug_line    0x00000ccb      0x19a ./source/encoderDecoder.o
 .debug_line    0x00000e65      0x154 ./source/encoderHAL.o
 .debug_line    0x00000fb9      0x320 ./source/gpio.o
 .debug_line    0x000012d9      0x274 ./source/magnetCardDecode.o
 .debug_line    0x0000154d      0x14c ./source/magnetCardLector.o
 .debug_line    0x00001699      0x17d ./source/magnetLectorHAL.o
 .debug_line    0x00001816      0x14a ./source/queue.o
 .debug_line    0x00001960      0x23e ./source/stateAddingUser.o
 .debug_line    0x00001b9e      0x241 ./source/stateAddingUserPIN.o
 .debug_line    0x00001ddf      0x20d ./source/stateAdminMode.o
 .debug_line    0x00001fec      0x174 ./source/stateBlocked.o
 .debug_line    0x00002160      0x1d7 ./source/stateChangeIntensity.o
 .debug_line    0x00002337      0x247 ./source/stateChangingPIN.o
 .debug_line    0x0000257e      0x1eb ./source/stateMenu.o
 .debug_line    0x00002769      0x22b ./source/stateReceivingID.o
 .debug_line    0x00002994      0x2b0 ./source/stateReceivingPIN.o
 .debug_line    0x00002c44      0x225 ./source/stateRemovingUser.o
 .debug_line    0x00002e69      0x233 ./source/stateUserApproved.o
 .debug_line    0x0000309c      0x16d ./source/timer.o
 .debug_line    0x00003209      0x11c ./source/timer_queue.o
 .debug_line    0x00003325      0x1d1 ./SDK/startup/hardware.o
 .debug_line    0x000034f6      0x175 ./SDK/startup/main.o
 .debug_line    0x0000366b       0x55 ./SDK/startup/semihost_hardfault.o
 .debug_line    0x000036c0      0x6d8 ./SDK/startup/startup_mk64f12.o
 .debug_line    0x00003d98      0x1c8 ./SDK/CMSIS/system_MK64F12.o

.debug_str      0x00000000    0x7a7d6
 .debug_str     0x00000000     0x3b2e ./source/App.o
                               0x3cc4 (size before relaxing)
 .debug_str     0x00003b2e       0x26 ./source/FSM.o
                               0x3b74 (size before relaxing)
 .debug_str     0x00003b54      0x2f5 ./source/SegmentDisplay.o
                               0x3b20 (size before relaxing)
 .debug_str     0x00003e49    0x6d4fa ./source/SysTick.o
                              0x70e96 (size before relaxing)
 .debug_str     0x00071343      0x221 ./source/dataBase.o
                               0x3a37 (size before relaxing)
 .debug_str     0x00071564      0x17c ./source/display.o
                               0x3adf (size before relaxing)
 .debug_str     0x000716e0       0xb3 ./source/doorManagement.o
                               0x3a4e (size before relaxing)
 .debug_str     0x00071793      0x22e ./source/encoder.o
                               0x3ac1 (size before relaxing)
 .debug_str     0x000719c1       0x67 ./source/encoderDecoder.o
                               0x3963 (size before relaxing)
 .debug_str     0x00071a28      0x18c ./source/encoderHAL.o
                               0x3b8b (size before relaxing)
 .debug_str     0x00071bb4      0x312 ./source/gpio.o
                              0x70e7d (size before relaxing)
 .debug_str     0x00071ec6      0x934 ./source/magnetCardDecode.o
                               0x44b2 (size before relaxing)
 .debug_str     0x000727fa      0x11b ./source/magnetCardLector.o
                               0x3ad1 (size before relaxing)
 .debug_str     0x00072915      0x16d ./source/magnetLectorHAL.o
                               0x3ec9 (size before relaxing)
 .debug_str     0x00072a82       0x5a ./source/queue.o
                               0x3b39 (size before relaxing)
 .debug_str     0x00072adc      0x16e ./source/stateAddingUser.o
                               0x3d0f (size before relaxing)
 .debug_str     0x00072c4a       0xe1 ./source/stateAddingUserPIN.o
                               0x3d88 (size before relaxing)
 .debug_str     0x00072d2b       0x9f ./source/stateAdminMode.o
                               0x3c88 (size before relaxing)
 .debug_str     0x00072dca       0x57 ./source/stateBlocked.o
                               0x3bca (size before relaxing)
 .debug_str     0x00072e21       0xac ./source/stateChangeIntensity.o
                               0x3c93 (size before relaxing)
 .debug_str     0x00072ecd       0x78 ./source/stateChangingPIN.o
                               0x3d20 (size before relaxing)
 .debug_str     0x00072f45       0x38 ./source/stateMenu.o
                               0x3c7b (size before relaxing)
 .debug_str     0x00072f7d       0x5a ./source/stateReceivingID.o
                               0x3d02 (size before relaxing)
 .debug_str     0x00072fd7       0xb0 ./source/stateReceivingPIN.o
                               0x3d5f (size before relaxing)
 .debug_str     0x00073087       0x53 ./source/stateRemovingUser.o
                               0x3d42 (size before relaxing)
 .debug_str     0x000730da       0x78 ./source/stateUserApproved.o
                               0x3cdc (size before relaxing)
 .debug_str     0x00073152       0xfd ./source/timer.o
                               0x3a12 (size before relaxing)
 .debug_str     0x0007324f       0x5d ./source/timer_queue.o
                               0x395b (size before relaxing)
 .debug_str     0x000732ac     0x6cb1 ./SDK/startup/hardware.o
                              0x77212 (size before relaxing)
 .debug_str     0x00079f5d       0x1b ./SDK/startup/main.o
                              0x77028 (size before relaxing)
 .debug_str     0x00079f78       0x36 ./SDK/startup/semihost_hardfault.o
                               0x2d4c (size before relaxing)
 .debug_str     0x00079fae      0x7d1 ./SDK/startup/startup_mk64f12.o
                               0x35bb (size before relaxing)
 .debug_str     0x0007a77f       0x57 ./SDK/CMSIS/system_MK64F12.o
                              0x77121 (size before relaxing)

.comment        0x00000000       0x7e
 .comment       0x00000000       0x7e ./source/App.o
                                 0x7f (size before relaxing)
 .comment       0x0000007e       0x7f ./source/FSM.o
 .comment       0x0000007e       0x7f ./source/SegmentDisplay.o
 .comment       0x0000007e       0x7f ./source/SysTick.o
 .comment       0x0000007e       0x7f ./source/dataBase.o
 .comment       0x0000007e       0x7f ./source/display.o
 .comment       0x0000007e       0x7f ./source/doorManagement.o
 .comment       0x0000007e       0x7f ./source/encoder.o
 .comment       0x0000007e       0x7f ./source/encoderDecoder.o
 .comment       0x0000007e       0x7f ./source/encoderHAL.o
 .comment       0x0000007e       0x7f ./source/gpio.o
 .comment       0x0000007e       0x7f ./source/magnetCardDecode.o
 .comment       0x0000007e       0x7f ./source/magnetCardLector.o
 .comment       0x0000007e       0x7f ./source/magnetLectorHAL.o
 .comment       0x0000007e       0x7f ./source/queue.o
 .comment       0x0000007e       0x7f ./source/stateAddingUser.o
 .comment       0x0000007e       0x7f ./source/stateAddingUserPIN.o
 .comment       0x0000007e       0x7f ./source/stateAdminMode.o
 .comment       0x0000007e       0x7f ./source/stateBlocked.o
 .comment       0x0000007e       0x7f ./source/stateChangeIntensity.o
 .comment       0x0000007e       0x7f ./source/stateChangingPIN.o
 .comment       0x0000007e       0x7f ./source/stateMenu.o
 .comment       0x0000007e       0x7f ./source/stateReceivingID.o
 .comment       0x0000007e       0x7f ./source/stateReceivingPIN.o
 .comment       0x0000007e       0x7f ./source/stateRemovingUser.o
 .comment       0x0000007e       0x7f ./source/stateUserApproved.o
 .comment       0x0000007e       0x7f ./source/timer.o
 .comment       0x0000007e       0x7f ./source/timer_queue.o
 .comment       0x0000007e       0x7f ./SDK/startup/hardware.o
 .comment       0x0000007e       0x7f ./SDK/startup/main.o
 .comment       0x0000007e       0x7f ./SDK/startup/semihost_hardfault.o
 .comment       0x0000007e       0x7f ./SDK/startup/startup_mk64f12.o
 .comment       0x0000007e       0x7f ./SDK/CMSIS/system_MK64F12.o
 .comment       0x0000007e       0x7f c:/nxp/mcuxpressoide_10.2.0_759/ide/tools/bin/../lib/gcc/arm-none-eabi/7.2.1/../../../../arm-none-eabi/lib/thumb/v7e-m/fpv4-sp/hard\libcr_c.a(memcpy.o)

.ARM.attributes
                0x00000000       0x37
 .ARM.attributes
                0x00000000       0x39 ./source/App.o
 .ARM.attributes
                0x00000039       0x39 ./source/FSM.o
 .ARM.attributes
                0x00000072       0x39 ./source/SegmentDisplay.o
 .ARM.attributes
                0x000000ab       0x39 ./source/SysTick.o
 .ARM.attributes
                0x000000e4       0x39 ./source/dataBase.o
 .ARM.attributes
                0x0000011d       0x39 ./source/display.o
 .ARM.attributes
                0x00000156       0x39 ./source/doorManagement.o
 .ARM.attributes
                0x0000018f       0x39 ./source/encoder.o
 .ARM.attributes
                0x000001c8       0x39 ./source/encoderDecoder.o
 .ARM.attributes
                0x00000201       0x39 ./source/encoderHAL.o
 .ARM.attributes
                0x0000023a       0x39 ./source/gpio.o
 .ARM.attributes
                0x00000273       0x39 ./source/magnetCardDecode.o
 .ARM.attributes
                0x000002ac       0x39 ./source/magnetCardLector.o
 .ARM.attributes
                0x000002e5       0x39 ./source/magnetLectorHAL.o
 .ARM.attributes
                0x0000031e       0x39 ./source/queue.o
 .ARM.attributes
                0x00000357       0x39 ./source/stateAddingUser.o
 .ARM.attributes
                0x00000390       0x39 ./source/stateAddingUserPIN.o
 .ARM.attributes
                0x000003c9       0x39 ./source/stateAdminMode.o
 .ARM.attributes
                0x00000402       0x39 ./source/stateBlocked.o
 .ARM.attributes
                0x0000043b       0x39 ./source/stateChangeIntensity.o
 .ARM.attributes
                0x00000474       0x39 ./source/stateChangingPIN.o
 .ARM.attributes
                0x000004ad       0x39 ./source/stateMenu.o
 .ARM.attributes
                0x000004e6       0x39 ./source/stateReceivingID.o
 .ARM.attributes
                0x0000051f       0x39 ./source/stateReceivingPIN.o
 .ARM.attributes
                0x00000558       0x39 ./source/stateRemovingUser.o
 .ARM.attributes
                0x00000591       0x39 ./source/stateUserApproved.o
 .ARM.attributes
                0x000005ca       0x39 ./source/timer.o
 .ARM.attributes
                0x00000603       0x39 ./source/timer_queue.o
 .ARM.attributes
                0x0000063c       0x39 ./SDK/startup/hardware.o
 .ARM.attributes
                0x00000675       0x39 ./SDK/startup/main.o
 .ARM.attributes
                0x000006ae       0x39 ./SDK/startup/semihost_hardfault.o
 .ARM.attributes
                0x000006e7       0x39 ./SDK/startup/startup_mk64f12.o
 .ARM.attributes
                0x00000720       0x39 ./SDK/CMSIS/system_MK64F12.o
 .ARM.attributes
                0x00000759       0x39 c:/nxp/mcuxpressoide_10.2.0_759/ide/tools/bin/../lib/gcc/arm-none-eabi/7.2.1/../../../../arm-none-eabi/lib/thumb/v7e-m/fpv4-sp/hard\libcr_c.a(memcpy.o)
 .ARM.attributes
                0x00000792       0x25 c:/nxp/mcuxpressoide_10.2.0_759/ide/tools/bin/../lib/gcc/arm-none-eabi/7.2.1/thumb/v7e-m/fpv4-sp/hard\libcr_eabihelpers.a(memcpy.o)

.debug_frame    0x00000000     0x1b00
 .debug_frame   0x00000000       0x68 ./source/App.o
 .debug_frame   0x00000068       0x28 ./source/FSM.o
 .debug_frame   0x00000090       0x78 ./source/SegmentDisplay.o
 .debug_frame   0x00000108       0x44 ./source/SysTick.o
 .debug_frame   0x0000014c      0x158 ./source/dataBase.o
 .debug_frame   0x000002a4       0xb4 ./source/display.o
 .debug_frame   0x00000358       0xa0 ./source/doorManagement.o
 .debug_frame   0x000003f8       0xbc ./source/encoder.o
 .debug_frame   0x000004b4       0x7c ./source/encoderDecoder.o
 .debug_frame   0x00000530       0x98 ./source/encoderHAL.o
 .debug_frame   0x000005c8      0x238 ./source/gpio.o
 .debug_frame   0x00000800       0xc4 ./source/magnetCardDecode.o
 .debug_frame   0x000008c4       0x64 ./source/magnetCardLector.o
 .debug_frame   0x00000928       0x88 ./source/magnetLectorHAL.o
 .debug_frame   0x000009b0       0x50 ./source/queue.o
 .debug_frame   0x00000a00       0xa0 ./source/stateAddingUser.o
 .debug_frame   0x00000aa0       0x9c ./source/stateAddingUserPIN.o
 .debug_frame   0x00000b3c       0x80 ./source/stateAdminMode.o
 .debug_frame   0x00000bbc       0x54 ./source/stateBlocked.o
 .debug_frame   0x00000c10       0x70 ./source/stateChangeIntensity.o
 .debug_frame   0x00000c80       0xa0 ./source/stateChangingPIN.o
 .debug_frame   0x00000d20       0x74 ./source/stateMenu.o
 .debug_frame   0x00000d94       0xa0 ./source/stateReceivingID.o
 .debug_frame   0x00000e34       0xec ./source/stateReceivingPIN.o
 .debug_frame   0x00000f20       0x98 ./source/stateRemovingUser.o
 .debug_frame   0x00000fb8       0x80 ./source/stateUserApproved.o
 .debug_frame   0x00001038       0xa4 ./source/timer.o
 .debug_frame   0x000010dc       0x50 ./source/timer_queue.o
 .debug_frame   0x0000112c       0x40 ./SDK/startup/hardware.o
 .debug_frame   0x0000116c       0x28 ./SDK/startup/main.o
 .debug_frame   0x00001194       0x20 ./SDK/startup/semihost_hardfault.o
 .debug_frame   0x000011b4      0x904 ./SDK/startup/startup_mk64f12.o
 .debug_frame   0x00001ab8       0x48 ./SDK/CMSIS/system_MK64F12.o

.debug_loc      0x00000000     0x380a
 .debug_loc     0x00000000       0x21 ./source/FSM.o
 .debug_loc     0x00000021      0x1cb ./source/SegmentDisplay.o
 .debug_loc     0x000001ec       0x87 ./source/SysTick.o
 .debug_loc     0x00000273       0xa2 ./source/display.o
 .debug_loc     0x00000315       0xd9 ./source/encoder.o
 .debug_loc     0x000003ee       0xc2 ./source/encoderDecoder.o
 .debug_loc     0x000004b0      0x111 ./source/encoderHAL.o
 .debug_loc     0x000005c1      0x750 ./source/gpio.o
 .debug_loc     0x00000d11      0x9fa ./source/magnetCardDecode.o
 .debug_loc     0x0000170b       0xa0 ./source/magnetLectorHAL.o
 .debug_loc     0x000017ab      0x1cd ./source/queue.o
 .debug_loc     0x00001978      0x2e1 ./source/stateAddingUser.o
 .debug_loc     0x00001c59      0x3b1 ./source/stateAddingUserPIN.o
 .debug_loc     0x0000200a      0x29e ./source/stateAdminMode.o
 .debug_loc     0x000022a8       0xbb ./source/stateBlocked.o
 .debug_loc     0x00002363      0x1d6 ./source/stateChangeIntensity.o
 .debug_loc     0x00002539      0x398 ./source/stateChangingPIN.o
 .debug_loc     0x000028d1      0x235 ./source/stateMenu.o
 .debug_loc     0x00002b06      0x333 ./source/stateReceivingID.o
 .debug_loc     0x00002e39      0x2d8 ./source/stateRemovingUser.o
 .debug_loc     0x00003111      0x2bf ./source/stateUserApproved.o
 .debug_loc     0x000033d0      0x11d ./source/timer.o
 .debug_loc     0x000034ed       0x72 ./source/timer_queue.o
 .debug_loc     0x0000355f      0x1e7 ./SDK/startup/startup_mk64f12.o
 .debug_loc     0x00003746       0xc4 ./SDK/CMSIS/system_MK64F12.o
