Archive member included to satisfy reference by file (symbol)

c:/nxp/mcuxpressoide_10.2.0_759/ide/tools/bin/../lib/gcc/arm-none-eabi/7.2.1/../../../../arm-none-eabi/lib/thumb/v7e-m/fpv4-sp/hard\libcr_c.a(memcpy.o)
                              ./source/magnetCardLector.o (memcpy)
c:/nxp/mcuxpressoide_10.2.0_759/ide/tools/bin/../lib/gcc/arm-none-eabi/7.2.1/thumb/v7e-m/fpv4-sp/hard\libcr_eabihelpers.a(memcpy.o)
                              c:/nxp/mcuxpressoide_10.2.0_759/ide/tools/bin/../lib/gcc/arm-none-eabi/7.2.1/../../../../arm-none-eabi/lib/thumb/v7e-m/fpv4-sp/hard\libcr_c.a(memcpy.o) (__aeabi_memcpy)

Discarded input sections

 .group         0x00000000        0xc ./source/App.o
 .group         0x00000000        0xc ./source/App.o
 .group         0x00000000        0xc ./source/App.o
 .group         0x00000000        0xc ./source/App.o
 .group         0x00000000        0xc ./source/App.o
 .group         0x00000000        0xc ./source/App.o
 .group         0x00000000        0xc ./source/App.o
 .group         0x00000000        0xc ./source/App.o
 .group         0x00000000        0xc ./source/App.o
 .group         0x00000000        0xc ./source/App.o
 .group         0x00000000        0xc ./source/App.o
 .text          0x00000000        0x0 ./source/App.o
 .data          0x00000000        0x0 ./source/App.o
 .bss           0x00000000        0x0 ./source/App.o
 .bss.newEvent  0x00000000        0x1 ./source/App.o
 .group         0x00000000        0xc ./source/FSM.o
 .group         0x00000000        0xc ./source/FSM.o
 .group         0x00000000        0xc ./source/FSM.o
 .group         0x00000000        0xc ./source/FSM.o
 .group         0x00000000        0xc ./source/FSM.o
 .group         0x00000000        0xc ./source/FSM.o
 .group         0x00000000        0xc ./source/FSM.o
 .group         0x00000000        0xc ./source/FSM.o
 .text          0x00000000        0x0 ./source/FSM.o
 .data          0x00000000        0x0 ./source/FSM.o
 .bss           0x00000000        0x0 ./source/FSM.o
 .debug_macro   0x00000000      0xa5a ./source/FSM.o
 .debug_macro   0x00000000       0x10 ./source/FSM.o
 .debug_macro   0x00000000       0x22 ./source/FSM.o
 .debug_macro   0x00000000      0x34e ./source/FSM.o
 .debug_macro   0x00000000       0x16 ./source/FSM.o
 .debug_macro   0x00000000       0x10 ./source/FSM.o
 .debug_macro   0x00000000       0x16 ./source/FSM.o
 .debug_macro   0x00000000       0x10 ./source/FSM.o
 .group         0x00000000        0xc ./source/SegmentDisplay.o
 .group         0x00000000        0xc ./source/SegmentDisplay.o
 .group         0x00000000        0xc ./source/SegmentDisplay.o
 .group         0x00000000        0xc ./source/SegmentDisplay.o
 .text          0x00000000        0x0 ./source/SegmentDisplay.o
 .data          0x00000000        0x0 ./source/SegmentDisplay.o
 .bss           0x00000000        0x0 ./source/SegmentDisplay.o
 .debug_macro   0x00000000      0xa5a ./source/SegmentDisplay.o
 .debug_macro   0x00000000      0x34e ./source/SegmentDisplay.o
 .debug_macro   0x00000000       0x22 ./source/SegmentDisplay.o
 .group         0x00000000        0xc ./source/SysTick.o
 .group         0x00000000        0xc ./source/SysTick.o
 .group         0x00000000        0xc ./source/SysTick.o
 .group         0x00000000        0xc ./source/SysTick.o
 .group         0x00000000        0xc ./source/SysTick.o
 .group         0x00000000        0xc ./source/SysTick.o
 .group         0x00000000        0xc ./source/SysTick.o
 .group         0x00000000        0xc ./source/SysTick.o
 .group         0x00000000        0xc ./source/SysTick.o
 .group         0x00000000        0xc ./source/SysTick.o
 .group         0x00000000        0xc ./source/SysTick.o
 .group         0x00000000        0xc ./source/SysTick.o
 .text          0x00000000        0x0 ./source/SysTick.o
 .data          0x00000000        0x0 ./source/SysTick.o
 .bss           0x00000000        0x0 ./source/SysTick.o
 .debug_macro   0x00000000      0xa5a ./source/SysTick.o
 .debug_macro   0x00000000       0x22 ./source/SysTick.o
 .debug_macro   0x00000000      0x34e ./source/SysTick.o
 .group         0x00000000        0xc ./source/dataBase.o
 .group         0x00000000        0xc ./source/dataBase.o
 .group         0x00000000        0xc ./source/dataBase.o
 .group         0x00000000        0xc ./source/dataBase.o
 .group         0x00000000        0xc ./source/dataBase.o
 .group         0x00000000        0xc ./source/dataBase.o
 .text          0x00000000        0x0 ./source/dataBase.o
 .data          0x00000000        0x0 ./source/dataBase.o
 .bss           0x00000000        0x0 ./source/dataBase.o
 .text.removeUser
                0x00000000       0xe8 ./source/dataBase.o
 .debug_macro   0x00000000       0x22 ./source/dataBase.o
 .debug_macro   0x00000000      0x34e ./source/dataBase.o
 .debug_macro   0x00000000       0x16 ./source/dataBase.o
 .debug_macro   0x00000000       0x10 ./source/dataBase.o
 .debug_macro   0x00000000       0x16 ./source/dataBase.o
[...]
Memory Configuration

Name             Origin             Length             Attributes
PROGRAM_FLASH    0x00000000         0x00100000         xr
SRAM_UPPER       0x20000000         0x00030000         xrw
SRAM_LOWER       0x1fff0000         0x00010000         xrw
FLEX_RAM         0x14000000         0x00001000         xrw
*default*        0x00000000         0xffffffff

Linker script and memory map

LOAD ./source/App.o
LOAD ./source/FSM.o
LOAD ./source/SegmentDisplay.o
LOAD ./source/SysTick.o
LOAD ./source/dataBase.o
LOAD ./source/display.o
LOAD ./source/doorManagement.o
LOAD ./source/encoder.o
LOAD ./source/encoderDecoder.o
LOAD ./source/encoderHAL.o
LOAD ./source/gpio.o
LOAD ./source/magnetCardDecode.o
LOAD ./source/magnetCardLector.o
LOAD ./source/magnetLectorHAL.o
LOAD ./source/queue.o
LOAD ./source/stateAddingUser.o
LOAD ./source/stateAddingUserPIN.o
LOAD ./source/stateAdminMode.o
LOAD ./source/stateBlocked.o
LOAD ./source/stateChangeIntensity.o
LOAD ./source/stateChangingPIN.o
LOAD ./source/stateMenu.o
LOAD ./source/stateReceivingID.o
LOAD ./source/stateReceivingPIN.o
LOAD ./source/stateRemovingUser.o
LOAD ./source/stateUserApproved.o
LOAD ./source/timer.o
LOAD ./source/timer_queue.o
LOAD ./SDK/startup/hardware.o
LOAD ./SDK/startup/main.o
LOAD ./SDK/startup/semihost_hardfault.o
LOAD ./SDK/startup/startup_mk64f12.o
LOAD ./SDK/CMSIS/system_MK64F12.o
START GROUP
LOAD c:/nxp/mcuxpressoide_10.2.0_759/ide/tools/bin/../lib/gcc/arm-none-eabi/7.2.1/../../../../arm-none-eabi/lib/thumb/v7e-m/fpv4-sp/hard\libcr_c.a
LOAD c:/nxp/mcuxpressoide_10.2.0_759/ide/tools/bin/../lib/gcc/arm-none-eabi/7.2.1/thumb/v7e-m/fpv4-sp/hard\libcr_eabihelpers.a
END GROUP
                0x00000000                __base_PROGRAM_FLASH = 0x0
                0x00000000                __base_Flash = 0x0
                0x00100000                __top_PROGRAM_FLASH = 0x100000
                0x00100000                __top_Flash = 0x100000
                0x20000000                __base_SRAM_UPPER = 0x20000000
                0x20000000                __base_RAM = 0x20000000
                0x20030000                __top_SRAM_UPPER = 0x20030000
                0x20030000                __top_RAM = 0x20030000
                0x1fff0000                __base_SRAM_LOWER = 0x1fff0000
                0x1fff0000                __base_RAM2 = 0x1fff0000
                0x20000000                __top_SRAM_LOWER = 0x20000000
                0x20000000                __top_RAM2 = 0x20000000
                0x14000000                __base_FLEX_RAM = 0x14000000
                0x14000000                __base_RAM3 = 0x14000000
                0x14001000                __top_FLEX_RAM = 0x14001000
                0x14001000                __top_RAM3 = 0x14001000

.text           0x00000000     0x3c70
 FILL mask 0xff
                0x00000000                __vectors_start__ = ABSOLUTE (.)
 *(SORT_BY_ALIGNMENT(.isr_vector))
 .isr_vector    0x00000000      0x198 ./SDK/startup/startup_mk64f12.o
                0x00000000                g_pfnVectors
                0x00000000                __Vectors
                0x00000198                . = ALIGN (0x4)
                0x00000198                __section_table_start = .
                0x00000198                __data_section_table = .
                0x00000198        0x4 LONG 0x3c70 LOADADDR (.data)
                0x0000019c        0x4 LONG 0x20000000 ADDR (.data)
                0x000001a0        0x4 LONG 0x28 SIZEOF (.data)
                0x000001a4        0x4 LONG 0x3c70 LOADADDR (.data_RAM2)
                0x000001a8        0x4 LONG 0x1fff0000 ADDR (.data_RAM2)
                0x000001ac        0x4 LONG 0x0 SIZEOF (.data_RAM2)
                0x000001b0        0x4 LONG 0x3c70 LOADADDR (.data_RAM3)
                0x000001b4        0x4 LONG 0x14000000 ADDR (.data_RAM3)
                0x000001b8        0x4 LONG 0x0 SIZEOF (.data_RAM3)
                0x000001bc                __data_section_table_end = .
                0x000001bc                __bss_section_table = .
                0x000001bc        0x4 LONG 0x20000028 ADDR (.bss)
                0x000001c0        0x4 LONG 0x1098 SIZEOF (.bss)
                0x000001c4        0x4 LONG 0x1fff0000 ADDR (.bss_RAM2)
                0x000001c8        0x4 LONG 0x0 SIZEOF (.bss_RAM2)
                0x000001cc        0x4 LONG 0x14000000 ADDR (.bss_RAM3)
                0x000001d0        0x4 LONG 0x0 SIZEOF (.bss_RAM3)
                0x000001d4                __bss_section_table_end = .
                0x000001d4                __section_table_end = .
 *(SORT_BY_ALIGNMENT(.after_vectors*))
 .after_vectors.reset
                0x000001d4       0x4c ./SDK/startup/startup_mk64f12.o
                0x000001d4                ResetISR
 .after_vectors
                0x00000220       0x14 ./SDK/startup/startup_mk64f12.o
                0x00000220                NMI_Handler
                0x00000224                MemManage_Handler
                0x00000226                BusFault_Handler
                0x00000228                UsageFault_Handler
                0x0000022a                SVC_Handler
                0x0000022c                DebugMon_Handler
                0x0000022e                PendSV_Handler
                0x00000232                DMA_Error_DriverIRQHandler
                0x00000232                LPTMR0_DriverIRQHandler
                0x00000232                FTM1_DriverIRQHandler
                0x00000232                FTM2_DriverIRQHandler
                0x00000232                PIT2_DriverIRQHandler
                0x00000232                SDHC_DriverIRQHandler
                0x00000232                I2S0_Tx_DriverIRQHandler
                0x00000232                RTC_Seconds_DriverIRQHandler
                0x00000232                DMA6_DriverIRQHandler
                0x00000232                LLWU_DriverIRQHandler
                0x00000232                MCM_DriverIRQHandler
                0x00000232                MCG_DriverIRQHandler
                0x00000232                ENET_1588_Timer_DriverIRQHandler
                0x00000232                I2C2_DriverIRQHandler
                0x00000232                DAC1_DriverIRQHandler
                0x00000232                SPI1_DriverIRQHandler
                0x00000232                CMP1_DriverIRQHandler
                0x00000232                UART5_RX_TX_DriverIRQHandler
                0x00000232                FTM0_DriverIRQHandler
                0x00000232                IntDefaultHandler
                0x00000232                USB0_DriverIRQHandler
                0x00000232                UART5_ERR_DriverIRQHandler
                0x00000232                PORTC_DriverIRQHandler
                0x00000232                DMA11_DriverIRQHandler
                0x00000232                DAC0_DriverIRQHandler
                0x00000232                DMA10_DriverIRQHandler
                0x00000232                CMP2_DriverIRQHandler
                0x00000232                UART2_ERR_DriverIRQHandler
                0x00000232                SPI2_DriverIRQHandler
                0x00000232                LVD_LVW_DriverIRQHandler
                0x00000232                PIT0_DriverIRQHandler
                0x00000232                RNG_DriverIRQHandler
                0x00000232                DMA5_DriverIRQHandler
                0x00000232                DMA12_DriverIRQHandler
                0x00000232                UART2_RX_TX_DriverIRQHandler
                0x00000232                USBDCD_DriverIRQHandler
                0x00000232                UART3_ERR_DriverIRQHandler
                0x00000232                DMA3_DriverIRQHandler
                0x00000232                DMA8_DriverIRQHandler
                0x00000232                DMA9_DriverIRQHandler
                0x00000232                UART0_ERR_DriverIRQHandler
                0x00000232                CMT_DriverIRQHandler
                0x00000232                Reserved71_DriverIRQHandler
                0x00000232                ADC1_DriverIRQHandler
                0x00000232                PORTA_DriverIRQHandler
                0x00000232                DMA14_DriverIRQHandler
                0x00000232                PIT3_DriverIRQHandler
                0x00000232                PIT1_DriverIRQHandler
                0x00000232                WDOG_EWM_DriverIRQHandler
                0x00000232                PDB0_DriverIRQHandler
                0x00000232                RTC_DriverIRQHandler
                0x00000232                I2S0_Rx_DriverIRQHandler
                0x00000232                Read_Collision_DriverIRQHandler
                0x00000232                SWI_DriverIRQHandler
                0x00000232                UART4_RX_TX_DriverIRQHandler
                0x00000232                UART4_ERR_DriverIRQHandler
                0x00000232                PORTB_DriverIRQHandler
                0x00000232                UART0_LON_DriverIRQHandler
                0x00000232                DMA0_DriverIRQHandler
                0x00000232                DMA1_DriverIRQHandler
                0x00000232                I2C1_DriverIRQHandler
                0x00000232                UART3_RX_TX_DriverIRQHandler
                0x00000232                ENET_Receive_DriverIRQHandler
                0x00000232                DMA13_DriverIRQHandler
                0x00000232                ENET_Error_DriverIRQHandler
                0x00000232                DMA15_DriverIRQHandler
                0x00000232                UART0_RX_TX_DriverIRQHandler
                0x00000232                SPI0_DriverIRQHandler
                0x00000232                ADC0_DriverIRQHandler
                0x00000232                CMP0_DriverIRQHandler
                0x00000232                CAN0_DriverIRQHandler
                0x00000232                FTM3_DriverIRQHandler
                0x00000232                DMA4_DriverIRQHandler
                0x00000232                UART1_ERR_DriverIRQHandler
                0x00000232                DMA2_DriverIRQHandler
                0x00000232                ENET_Transmit_DriverIRQHandler
                0x00000232                PORTD_DriverIRQHandler
                0x00000232                PORTE_DriverIRQHandler
                0x00000232                FTFE_DriverIRQHandler
                0x00000232                I2C0_DriverIRQHandler
                0x00000232                DMA7_DriverIRQHandler
                0x00000232                UART1_RX_TX_DriverIRQHandler
 .after_vectors.init_data
                0x00000234       0x1e ./SDK/startup/startup_mk64f12.o
                0x00000234                data_init
 .after_vectors.init_bss
                0x00000252       0x12 ./SDK/startup/startup_mk64f12.o
                0x00000252                bss_init
                0x00000400                . = 0x400
 *fill*         0x00000264      0x19c ff
                0x00000400                PROVIDE (__FLASH_CONFIG_START__, .)
 *(SORT_BY_ALIGNMENT(.FlashConfig))
 .FlashConfig   0x00000400       0x10 ./SDK/startup/startup_mk64f12.o
                0x00000400                Flash_Config
                0x00000410                PROVIDE (__FLASH_CONFIG_END__, .)
                0x00000001                ASSERT (! ((__FLASH_CONFIG_START__ == __FLASH_CONFIG_END__)), Linker Flash Config Support Enabled, but no .FlashConfig section provided within application)
 *(SORT_BY_ALIGNMENT(.text*))
 .text.App_Init
                0x00000410       0x54 ./source/App.o
                0x00000410                App_Init
 .text.App_Run  0x00000464       0xac ./source/App.o
                0x00000464                App_Run
 .text.initFSM  0x00000510       0x2c ./source/FSM.o
                0x00000510                initFSM
 .text.InitializeSegmentDisplay
                0x0000053c       0x68 ./source/SegmentDisplay.o
                0x0000053c                InitializeSegmentDisplay
 .text.PrintChar
                0x000005a4       0x70 ./source/SegmentDisplay.o
                0x000005a4                PrintChar
 .text.SysTick_Init
                0x00000614       0x38 ./source/SysTick.o
                0x00000614                SysTick_Init
 .text.SysTick_Handler
                0x0000064c       0x20 ./source/SysTick.o
                0x0000064c                SysTick_Handler
 .text.initializeDataBase
                0x0000066c       0x4c ./source/dataBase.o
                0x0000066c                initializeDataBase
 .text.changePIN
                0x000006b8       0xac ./source/dataBase.o
                0x000006b8                changePIN
 .text.addUser  0x00000764       0x74 ./source/dataBase.o
                0x00000764                addUser
 .text.removeUserID
                0x000007d8       0xe0 ./source/dataBase.o
                0x000007d8                removeUserID
 .text.verifyID
                0x000008b8       0x80 ./source/dataBase.o
                0x000008b8                verifyID
 .text.verifyPIN
                0x00000938       0xc0 ./source/dataBase.o
                0x00000938                verifyPIN
 .text.verifyCategory
                0x000009f8       0x88 ./source/dataBase.o
                0x000009f8                verifyCategory
 .text.ShiftLeft
                0x00000a80       0x10 ./source/display.o
                0x00000a80                ShiftLeft
 .text.ClearDisplay
                0x00000a90       0x30 ./source/display.o
                0x00000a90                ClearDisplay
 .text.InitializeDisplay
                0x00000ac0       0x64 ./source/display.o
                0x00000ac0                InitializeDisplay
 .text.SetBrightness
                0x00000b24       0x14 ./source/display.o
                0x00000b24                SetBrightness
 .text.UpdateDisplay
                0x00000b38       0xc8 ./source/display.o
                0x00000b38                UpdateDisplay
 .text.PrintMessage
                0x00000c00       0x6c ./source/display.o
                0x00000c00                PrintMessage
 .text.openDoorTemporally
                0x00000c6c       0x1c ./source/doorManagement.o
                0x00000c6c                openDoorTemporally
 .text.initializeEncoderQueue
                0x00000c88       0x14 ./source/encoder.o
                0x00000c88                initializeEncoderQueue
 .text.initializeEncoder
                0x00000c9c       0x58 ./source/encoder.o
                0x00000c9c                initializeEncoder
 .text.popEncoderEvent
                0x00000cf4       0x40 ./source/encoder.o
                0x00000cf4                popEncoderEvent
 .text.isEncEventValid
                0x00000d34       0x10 ./source/encoder.o
                0x00000d34                isEncEventValid
 .text.pushEncoderEvent
                0x00000d44       0x3c ./source/encoder.o
                0x00000d44                pushEncoderEvent
 .text.updateData
                0x00000d80       0x18 ./source/encoderDecoder.o
                0x00000d80                updateData
 .text.decodeEncoder
                0x00000d98       0x50 ./source/encoderDecoder.o
                0x00000d98                decodeEncoder
 .text.resetData
                0x00000de8       0x14 ./source/encoderDecoder.o
                0x00000de8                resetData
 .text.checkEnterRisingEdge
                0x00000dfc        0xc ./source/encoderDecoder.o
                0x00000dfc                checkEnterRisingEdge
 .text.checkEnterFallingEdge
                0x00000e08       0x10 ./source/encoderDecoder.o
                0x00000e08                checkEnterFallingEdge
 .text.encTimerRoutine
                0x00000e18       0x18 ./source/encoderHAL.o
                0x00000e18                encTimerRoutine
 .text.initializeEncoderHAL
                0x00000e30       0x70 ./source/encoderHAL.o
                0x00000e30                initializeEncoderHAL
 .text.resetEncoderTimerCount
                0x00000ea0       0x14 ./source/encoderHAL.o
                0x00000ea0                resetEncoderTimerCount
 .text.getEncTimerCount
                0x00000eb4        0xc ./source/encoderHAL.o
                0x00000eb4                getEncTimerCount
 .text.PORTX_IRQHandler
                0x00000ec0       0x54 ./source/gpio.o
                0x00000ec0                PORTX_IRQHandler
 .text.gpioMode
                0x00000f14       0x98 ./source/gpio.o
                0x00000f14                gpioMode
 .text.gpioRead
                0x00000fac       0x3c ./source/gpio.o
                0x00000fac                gpioRead
 .text.setPassiveFilter
                0x00000fe8       0x38 ./source/gpio.o
                0x00000fe8                setPassiveFilter
 .text.gpioWrite
                0x00001020       0x40 ./source/gpio.o
                0x00001020                gpioWrite
 .text.gpioIRQ  0x00001060       0x98 ./source/gpio.o
                0x00001060                gpioIRQ
 .text.magnetDataParser
                0x000010f8       0x44 ./source/magnetCardDecode.o
                0x000010f8                magnetDataParser
 .text.enableRoutine
                0x0000113c       0x58 ./source/magnetLectorHAL.o
                0x0000113c                enableRoutine
 .text.clockRoutine
                0x00001194       0x3c ./source/magnetLectorHAL.o
                0x00001194                clockRoutine
 .text.getLectureEvent
                0x000011d0       0x44 ./source/magnetLectorHAL.o
                0x000011d0                getLectureEvent
 .text.isEventinLectorQueue
                0x00001214       0x10 ./source/magnetLectorHAL.o
                0x00001214                isEventinLectorQueue
 .text.initLectorQueue
                0x00001224       0x14 ./source/magnetLectorHAL.o
                0x00001224                initLectorQueue
 .text.hwLectorInit
                0x00001238       0x44 ./source/magnetLectorHAL.o
                0x00001238                hwLectorInit
 .text.createIDString
                0x0000127c       0x50 ./source/stateAddingUser.o
 .text.AUinputEvHandler
                0x000012cc      0x1c0 ./source/stateAddingUser.o
                0x000012cc                AUinputEvHandler
 .text.AUtimerEvHandler
                0x0000148c       0x58 ./source/stateAddingUser.o
                0x0000148c                AUtimerEvHandler
 .text.AUkeycardEvHandler
                0x000014e4       0xa4 ./source/stateAddingUser.o
                0x000014e4                AUkeycardEvHandler
 .text.createPINString
                0x00001588       0x4c ./source/stateAddingUserPIN.o
 .text.AUPinputEvHandler
                0x000015d4      0x178 ./source/stateAddingUserPIN.o
                0x000015d4                AUPinputEvHandler
 .text.AUPtimerEvHandler
                0x0000174c       0x58 ./source/stateAddingUserPIN.o
                0x0000174c                AUPtimerEvHandler
 .text.AUPkeycardEvHandler
                0x000017a4       0xa4 ./source/stateAddingUserPIN.o
                0x000017a4                AUPkeycardEvHandler
 .text.AMinputEvHandler
                0x00001848      0x114 ./source/stateAdminMode.o
                0x00001848                AMinputEvHandler
 .text.AMtimerEvHandler
                0x0000195c       0x58 ./source/stateAdminMode.o
                0x0000195c                AMtimerEvHandler
 .text.AMkeycardEvHandler
                0x000019b4       0xa4 ./source/stateAdminMode.o
                0x000019b4                AMkeycardEvHandler
 .text.BtimerEvHandler
                0x00001a58       0x5c ./source/stateBlocked.o
                0x00001a58                BtimerEvHandler
 .text.CIinputEvHandler
                0x00001ab4       0xe0 ./source/stateChangeIntensity.o
                0x00001ab4                CIinputEvHandler
 .text.CIkeycardEvHandler
                0x00001b94       0xa4 ./source/stateChangeIntensity.o
                0x00001b94                CIkeycardEvHandler
 .text.createPINString
                0x00001c38       0x4c ./source/stateChangingPIN.o
 .text.CPinputEvHandler
                0x00001c84      0x1a4 ./source/stateChangingPIN.o
                0x00001c84                CPinputEvHandler
 .text.CPtimerEvHandler
                0x00001e28       0x58 ./source/stateChangingPIN.o
                0x00001e28                CPtimerEvHandler
 .text.CPkeycardEvHandler
                0x00001e80       0xa4 ./source/stateChangingPIN.o
                0x00001e80                CPkeycardEvHandler
 .text.MinputEvHandler
                0x00001f24       0xe0 ./source/stateMenu.o
                0x00001f24                MinputEvHandler
 .text.MkeycardEvHandler
                0x00002004       0x98 ./source/stateMenu.o
                0x00002004                MkeycardEvHandler
 .text.createIDString
                0x0000209c       0x50 ./source/stateReceivingID.o
 .text.RIinputEvHandler
                0x000020ec      0x1cc ./source/stateReceivingID.o
                0x000020ec                RIinputEvHandler
 .text.RItimerEvHandler
                0x000022b8       0x58 ./source/stateReceivingID.o
                0x000022b8                RItimerEvHandler
 .text.RIkeycardEvHandler
                0x00002310       0x98 ./source/stateReceivingID.o
                0x00002310                RIkeycardEvHandler
 .text.createPINString
                0x000023a8       0x70 ./source/stateReceivingPIN.o
 .text.RPinputEvHandler
                0x00002418      0x2a8 ./source/stateReceivingPIN.o
                0x00002418                RPinputEvHandler
 .text.RPtimerEvHandler
                0x000026c0       0x7c ./source/stateReceivingPIN.o
                0x000026c0                RPtimerEvHandler
 .text.RPkeycardEvHandler
                0x0000273c       0xfc ./source/stateReceivingPIN.o
                0x0000273c                RPkeycardEvHandler
 .text.createIDString
                0x00002838       0x50 ./source/stateRemovingUser.o
 .text.RUinputEvHandler
                0x00002888      0x1a0 ./source/stateRemovingUser.o
                0x00002888                RUinputEvHandler
 .text.RUtimerEvHandler
                0x00002a28       0x58 ./source/stateRemovingUser.o
                0x00002a28                RUtimerEvHandler
 .text.RUkeycardEvHandler
                0x00002a80       0xa4 ./source/stateRemovingUser.o
                0x00002a80                RUkeycardEvHandler
 .text.UAinputEvHandler
                0x00002b24      0x168 ./source/stateUserApproved.o
                0x00002b24                UAinputEvHandler
 .text.UAtimerEvHandler
                0x00002c8c       0x58 ./source/stateUserApproved.o
                0x00002c8c                UAtimerEvHandler
 .text.UAkeycardEvHandler
                0x00002ce4       0xa4 ./source/stateUserApproved.o
                0x00002ce4                UAkeycardEvHandler
 .text.sysTickCallback
                0x00002d88       0x34 ./source/timer.o
                0x00002d88                sysTickCallback
 .text.InitializeTimers
                0x00002dbc       0x3c ./source/timer.o
                0x00002dbc                InitializeTimers
 .text.SetTimer
                0x00002df8       0x5c ./source/timer.o
                0x00002df8                SetTimer
 .text.EnableTimer
                0x00002e54       0x10 ./source/timer.o
                0x00002e54                EnableTimer
 .text.DisableTimer
                0x00002e64       0x10 ./source/timer.o
                0x00002e64                DisableTimer
 .text.RestartTimer
                0x00002e74       0x10 ./source/timer.o
                0x00002e74                RestartTimer
 .text.InitializeTimerQueue
                0x00002e84        0xc ./source/timer_queue.o
                0x00002e84                InitializeTimerQueue
 .text.PushTimerEv
                0x00002e90       0x24 ./source/timer_queue.o
                0x00002e90                PushTimerEv
 .text.PopTimerEv
                0x00002eb4       0x10 ./source/timer_queue.o
                0x00002eb4                PopTimerEv
 .text.IsTimerQueueEmpty
                0x00002ec4       0x10 ./source/timer_queue.o
                0x00002ec4                IsTimerQueueEmpty
 .text.hw_Init  0x00002ed4       0xc0 ./SDK/startup/hardware.o
                0x00002ed4                hw_Init
 .text.hw_EnableInterrupts
                0x00002f94       0x18 ./SDK/startup/hardware.o
                0x00002f94                hw_EnableInterrupts
 .text.hw_DisableInterrupts
                0x00002fac       0x10 ./SDK/startup/hardware.o
                0x00002fac                hw_DisableInterrupts
 .text.SystemInit
                0x00002fbc       0x34 ./SDK/CMSIS/system_MK64F12.o
                0x00002fbc                SystemInit
 .text.inactCallback
                0x00002ff0        0xa ./source/App.o
                0x00002ff0                inactCallback
 .text.SelectDigit
                0x00002ffa       0x56 ./source/SegmentDisplay.o
                0x00002ffa                SelectDigit
 .text.SetDigit
                0x00003050       0x80 ./source/SegmentDisplay.o
                0x00003050                SetDigit
 .text.GenerateDisplayEv
                0x000030d0        0xa ./source/display.o
                0x000030d0                GenerateDisplayEv
 .text.GetStringSize
                0x000030da       0x14 ./source/display.o
                0x000030da                GetStringSize
 .text.openDoor
                0x000030ee        0xc ./source/doorManagement.o
                0x000030ee                openDoor
 .text.closeDoor
                0x000030fa        0xc ./source/doorManagement.o
                0x000030fa                closeDoor
 .text.doorInit
                0x00003106       0x14 ./source/doorManagement.o
                0x00003106                doorInit
 .text.closeAfterTimeOut
                0x0000311a        0xe ./source/doorManagement.o
                0x0000311a                closeAfterTimeOut
 .text.rotationCallback
                0x00003128       0x5a ./source/encoder.o
                0x00003128                rotationCallback
 .text.buttonCallback
                0x00003182       0x52 ./source/encoder.o
                0x00003182                buttonCallback
 .text.readEncoderSignalX
                0x000031d4       0x28 ./source/encoderHAL.o
                0x000031d4                readEncoderSignalX
 .text.setButtonCallback
                0x000031fc        0xe ./source/encoderHAL.o
                0x000031fc                setButtonCallback
 .text.PORTA_IRQHandler
                0x0000320a        0xa ./source/gpio.o
                0x0000320a                PORTA_IRQHandler
 .text.PORTB_IRQHandler
                0x00003214        0xa ./source/gpio.o
                0x00003214                PORTB_IRQHandler
 .text.PORTC_IRQHandler
                0x0000321e        0xa ./source/gpio.o
                0x0000321e                PORTC_IRQHandler
 .text.PORTD_IRQHandler
                0x00003228        0xa ./source/gpio.o
                0x00003228                PORTD_IRQHandler
 .text.PORTE_IRQHandler
                0x00003232        0xa ./source/gpio.o
                0x00003232                PORTE_IRQHandler
 .text.setGPIOdataOut
                0x0000323c       0x1c ./source/gpio.o
                0x0000323c                setGPIOdataOut
 .text.setPCRirqc
                0x00003258       0x16 ./source/gpio.o
                0x00003258                setPCRirqc
 .text.identifyCardSymbol
                0x0000326e       0x68 ./source/magnetCardDecode.o
                0x0000326e                identifyCardSymbol
 .text.shapeMagnetTrack
                0x000032d6       0x22 ./source/magnetCardDecode.o
                0x000032d6                shapeMagnetTrack
 .text.getTrackShaped
                0x000032f8       0xd0 ./source/magnetCardDecode.o
                0x000032f8                getTrackShaped
 .text.decodeTrackX
                0x000033c8      0x180 ./source/magnetCardDecode.o
                0x000033c8                decodeTrackX
 .text.initMagnetCardLector
                0x00003548        0x8 ./source/magnetCardLector.o
                0x00003548                initMagnetCardLector
 .text.someMagnetCard2Read
                0x00003550        0x8 ./source/magnetCardLector.o
                0x00003550                someMagnetCard2Read
 .text.getLectureDecoded
                0x00003558       0x3a ./source/magnetCardLector.o
                0x00003558                getLectureDecoded
 .text.getEvent
                0x00003592       0x48 ./source/queue.o
                0x00003592                getEvent
 .text.userDataReset
                0x000035da       0x58 ./source/queue.o
                0x000035da                userDataReset
 .text.BinputEvHandler
                0x00003632        0x6 ./source/stateBlocked.o
                0x00003632                BinputEvHandler
 .text.BkeycardEvHandler
                0x00003638        0x6 ./source/stateBlocked.o
                0x00003638                BkeycardEvHandler
 .text.CItimerEvHandler
                0x0000363e       0x18 ./source/stateChangeIntensity.o
                0x0000363e                CItimerEvHandler
 .text.MtimerEvHandler
                0x00003656       0x18 ./source/stateMenu.o
                0x00003656                MtimerEvHandler
 .text.main     0x0000366e       0x18 ./SDK/startup/main.o
                0x0000366e                main
 .text.HardFault_Handler
                0x00003686       0x2a ./SDK/startup/semihost_hardfault.o
                0x00003686                HardFault_Handler
 .text.DMA0_IRQHandler
                0x000036b0        0x8 ./SDK/startup/startup_mk64f12.o
                0x000036b0                DMA0_IRQHandler
 .text.DMA1_IRQHandler
                0x000036b8        0x8 ./SDK/startup/startup_mk64f12.o
                0x000036b8                DMA1_IRQHandler
 .text.DMA2_IRQHandler
                0x000036c0        0x8 ./SDK/startup/startup_mk64f12.o
                0x000036c0                DMA2_IRQHandler
 .text.DMA3_IRQHandler
                0x000036c8        0x8 ./SDK/startup/startup_mk64f12.o
                0x000036c8                DMA3_IRQHandler
 .text.DMA4_IRQHandler
                0x000036d0        0x8 ./SDK/startup/startup_mk64f12.o
                0x000036d0                DMA4_IRQHandler
 .text.DMA5_IRQHandler
                0x000036d8        0x8 ./SDK/startup/startup_mk64f12.o
                0x000036d8                DMA5_IRQHandler
 .text.DMA6_IRQHandler
                0x000036e0        0x8 ./SDK/startup/startup_mk64f12.o
                0x000036e0                DMA6_IRQHandler
 .text.DMA7_IRQHandler
                0x000036e8        0x8 ./SDK/startup/startup_mk64f12.o
                0x000036e8                DMA7_IRQHandler
 .text.DMA8_IRQHandler
                0x000036f0        0x8 ./SDK/startup/startup_mk64f12.o
                0x000036f0                DMA8_IRQHandler
 .text.DMA9_IRQHandler
                0x000036f8        0x8 ./SDK/startup/startup_mk64f12.o
                0x000036f8                DMA9_IRQHandler
 .text.DMA10_IRQHandler
                0x00003700        0x8 ./SDK/startup/startup_mk64f12.o
                0x00003700                DMA10_IRQHandler
 .text.DMA11_IRQHandler
                0x00003708        0x8 ./SDK/startup/startup_mk64f12.o
                0x00003708                DMA11_IRQHandler
 .text.DMA12_IRQHandler
                0x00003710        0x8 ./SDK/startup/startup_mk64f12.o
                0x00003710                DMA12_IRQHandler
 .text.DMA13_IRQHandler
                0x00003718        0x8 ./SDK/startup/startup_mk64f12.o
                0x00003718                DMA13_IRQHandler
 .text.DMA14_IRQHandler
                0x00003720        0x8 ./SDK/startup/startup_mk64f12.o
                0x00003720                DMA14_IRQHandler
 .text.DMA15_IRQHandler
                0x00003728        0x8 ./SDK/startup/startup_mk64f12.o
                0x00003728                DMA15_IRQHandler
 .text.DMA_Error_IRQHandler
                0x00003730        0x8 ./SDK/startup/startup_mk64f12.o
                0x00003730                DMA_Error_IRQHandler
 .text.MCM_IRQHandler
                0x00003738        0x8 ./SDK/startup/startup_mk64f12.o
                0x00003738                MCM_IRQHandler
 .text.FTFE_IRQHandler
                0x00003740        0x8 ./SDK/startup/startup_mk64f12.o
                0x00003740                FTFE_IRQHandler
 .text.Read_Collision_IRQHandler
                0x00003748        0x8 ./SDK/startup/startup_mk64f12.o
                0x00003748                Read_Collision_IRQHandler
 .text.LVD_LVW_IRQHandler
                0x00003750        0x8 ./SDK/startup/startup_mk64f12.o
                0x00003750                LVD_LVW_IRQHandler
 .text.LLWU_IRQHandler
                0x00003758        0x8 ./SDK/startup/startup_mk64f12.o
                0x00003758                LLWU_IRQHandler
 .text.WDOG_EWM_IRQHandler
                0x00003760        0x8 ./SDK/startup/startup_mk64f12.o
                0x00003760                WDOG_EWM_IRQHandler
 .text.RNG_IRQHandler
                0x00003768        0x8 ./SDK/startup/startup_mk64f12.o
                0x00003768                RNG_IRQHandler
 .text.I2C0_IRQHandler
                0x00003770        0x8 ./SDK/startup/startup_mk64f12.o
                0x00003770                I2C0_IRQHandler
 .text.I2C1_IRQHandler
                0x00003778        0x8 ./SDK/startup/startup_mk64f12.o
                0x00003778                I2C1_IRQHandler
 .text.SPI0_IRQHandler
                0x00003780        0x8 ./SDK/startup/startup_mk64f12.o
                0x00003780                SPI0_IRQHandler
 .text.SPI1_IRQHandler
                0x00003788        0x8 ./SDK/startup/startup_mk64f12.o
                0x00003788                SPI1_IRQHandler
 .text.I2S0_Tx_IRQHandler
                0x00003790        0x8 ./SDK/startup/startup_mk64f12.o
                0x00003790                I2S0_Tx_IRQHandler
 .text.I2S0_Rx_IRQHandler
                0x00003798        0x8 ./SDK/startup/startup_mk64f12.o
                0x00003798                I2S0_Rx_IRQHandler
 .text.UART0_LON_IRQHandler
                0x000037a0        0x8 ./SDK/startup/startup_mk64f12.o
                0x000037a0                UART0_LON_IRQHandler
 .text.UART0_RX_TX_IRQHandler
                0x000037a8        0x8 ./SDK/startup/startup_mk64f12.o
                0x000037a8                UART0_RX_TX_IRQHandler
 .text.UART0_ERR_IRQHandler
                0x000037b0        0x8 ./SDK/startup/startup_mk64f12.o
                0x000037b0                UART0_ERR_IRQHandler
 .text.UART1_RX_TX_IRQHandler
                0x000037b8        0x8 ./SDK/startup/startup_mk64f12.o
                0x000037b8                UART1_RX_TX_IRQHandler
 .text.UART1_ERR_IRQHandler
                0x000037c0        0x8 ./SDK/startup/startup_mk64f12.o
                0x000037c0                UART1_ERR_IRQHandler
 .text.UART2_RX_TX_IRQHandler
                0x000037c8        0x8 ./SDK/startup/startup_mk64f12.o
                0x000037c8                UART2_RX_TX_IRQHandler
 .text.UART2_ERR_IRQHandler
                0x000037d0        0x8 ./SDK/startup/startup_mk64f12.o
                0x000037d0                UART2_ERR_IRQHandler
 .text.UART3_RX_TX_IRQHandler
                0x000037d8        0x8 ./SDK/startup/startup_mk64f12.o
                0x000037d8                UART3_RX_TX_IRQHandler
 .text.UART3_ERR_IRQHandler
                0x000037e0        0x8 ./SDK/startup/startup_mk64f12.o
                0x000037e0                UART3_ERR_IRQHandler
 .text.ADC0_IRQHandler
                0x000037e8        0x8 ./SDK/startup/startup_mk64f12.o
                0x000037e8                ADC0_IRQHandler
 .text.CMP0_IRQHandler
                0x000037f0        0x8 ./SDK/startup/startup_mk64f12.o
                0x000037f0                CMP0_IRQHandler
 .text.CMP1_IRQHandler
                0x000037f8        0x8 ./SDK/startup/startup_mk64f12.o
                0x000037f8                CMP1_IRQHandler
 .text.FTM0_IRQHandler
                0x00003800        0x8 ./SDK/startup/startup_mk64f12.o
                0x00003800                FTM0_IRQHandler
 .text.FTM1_IRQHandler
                0x00003808        0x8 ./SDK/startup/startup_mk64f12.o
                0x00003808                FTM1_IRQHandler
 .text.FTM2_IRQHandler
                0x00003810        0x8 ./SDK/startup/startup_mk64f12.o
                0x00003810                FTM2_IRQHandler
 .text.CMT_IRQHandler
                0x00003818        0x8 ./SDK/startup/startup_mk64f12.o
                0x00003818                CMT_IRQHandler
 .text.RTC_IRQHandler
                0x00003820        0x8 ./SDK/startup/startup_mk64f12.o
                0x00003820                RTC_IRQHandler
 .text.RTC_Seconds_IRQHandler
                0x00003828        0x8 ./SDK/startup/startup_mk64f12.o
                0x00003828                RTC_Seconds_IRQHandler
 .text.PIT0_IRQHandler
                0x00003830        0x8 ./SDK/startup/startup_mk64f12.o
                0x00003830                PIT0_IRQHandler
 .text.PIT1_IRQHandler
                0x00003838        0x8 ./SDK/startup/startup_mk64f12.o
                0x00003838                PIT1_IRQHandler
 .text.PIT2_IRQHandler
                0x00003840        0x8 ./SDK/startup/startup_mk64f12.o
                0x00003840                PIT2_IRQHandler
 .text.PIT3_IRQHandler
                0x00003848        0x8 ./SDK/startup/startup_mk64f12.o
                0x00003848                PIT3_IRQHandler
 .text.PDB0_IRQHandler
                0x00003850        0x8 ./SDK/startup/startup_mk64f12.o
                0x00003850                PDB0_IRQHandler
 .text.USB0_IRQHandler
                0x00003858        0x8 ./SDK/startup/startup_mk64f12.o
                0x00003858                USB0_IRQHandler
 .text.USBDCD_IRQHandler
                0x00003860        0x8 ./SDK/startup/startup_mk64f12.o
                0x00003860                USBDCD_IRQHandler
 .text.Reserved71_IRQHandler
                0x00003868        0x8 ./SDK/startup/startup_mk64f12.o
                0x00003868                Reserved71_IRQHandler
 .text.DAC0_IRQHandler
                0x00003870        0x8 ./SDK/startup/startup_mk64f12.o
                0x00003870                DAC0_IRQHandler
 .text.MCG_IRQHandler
                0x00003878        0x8 ./SDK/startup/startup_mk64f12.o
                0x00003878                MCG_IRQHandler
 .text.LPTMR0_IRQHandler
                0x00003880        0x8 ./SDK/startup/startup_mk64f12.o
                0x00003880                LPTMR0_IRQHandler
 .text.SWI_IRQHandler
                0x00003888        0x8 ./SDK/startup/startup_mk64f12.o
                0x00003888                SWI_IRQHandler
 .text.SPI2_IRQHandler
                0x00003890        0x8 ./SDK/startup/startup_mk64f12.o
                0x00003890                SPI2_IRQHandler
 .text.UART4_RX_TX_IRQHandler
                0x00003898        0x8 ./SDK/startup/startup_mk64f12.o
                0x00003898                UART4_RX_TX_IRQHandler
 .text.UART4_ERR_IRQHandler
                0x000038a0        0x8 ./SDK/startup/startup_mk64f12.o
                0x000038a0                UART4_ERR_IRQHandler
 .text.UART5_RX_TX_IRQHandler
                0x000038a8        0x8 ./SDK/startup/startup_mk64f12.o
                0x000038a8                UART5_RX_TX_IRQHandler
 .text.UART5_ERR_IRQHandler
                0x000038b0        0x8 ./SDK/startup/startup_mk64f12.o
                0x000038b0                UART5_ERR_IRQHandler
 .text.CMP2_IRQHandler
                0x000038b8        0x8 ./SDK/startup/startup_mk64f12.o
                0x000038b8                CMP2_IRQHandler
 .text.FTM3_IRQHandler
                0x000038c0        0x8 ./SDK/startup/startup_mk64f12.o
                0x000038c0                FTM3_IRQHandler
 .text.DAC1_IRQHandler
                0x000038c8        0x8 ./SDK/startup/startup_mk64f12.o
                0x000038c8                DAC1_IRQHandler
 .text.ADC1_IRQHandler
                0x000038d0        0x8 ./SDK/startup/startup_mk64f12.o
                0x000038d0                ADC1_IRQHandler
 .text.I2C2_IRQHandler
                0x000038d8        0x8 ./SDK/startup/startup_mk64f12.o
                0x000038d8                I2C2_IRQHandler
 .text.CAN0_ORed_Message_buffer_IRQHandler
                0x000038e0        0x8 ./SDK/startup/startup_mk64f12.o
                0x000038e0                CAN0_ORed_Message_buffer_IRQHandler
 .text.CAN0_Bus_Off_IRQHandler
                0x000038e8        0x8 ./SDK/startup/startup_mk64f12.o
                0x000038e8                CAN0_Bus_Off_IRQHandler
 .text.CAN0_Error_IRQHandler
                0x000038f0        0x8 ./SDK/startup/startup_mk64f12.o
                0x000038f0                CAN0_Error_IRQHandler
 .text.CAN0_Tx_Warning_IRQHandler
                0x000038f8        0x8 ./SDK/startup/startup_mk64f12.o
                0x000038f8                CAN0_Tx_Warning_IRQHandler
 .text.CAN0_Rx_Warning_IRQHandler
                0x00003900        0x8 ./SDK/startup/startup_mk64f12.o
                0x00003900                CAN0_Rx_Warning_IRQHandler
 .text.CAN0_Wake_Up_IRQHandler
                0x00003908        0x8 ./SDK/startup/startup_mk64f12.o
                0x00003908                CAN0_Wake_Up_IRQHandler
 .text.SDHC_IRQHandler
                0x00003910        0x8 ./SDK/startup/startup_mk64f12.o
                0x00003910                SDHC_IRQHandler
 .text.ENET_1588_Timer_IRQHandler
                0x00003918        0x8 ./SDK/startup/startup_mk64f12.o
                0x00003918                ENET_1588_Timer_IRQHandler
 .text.ENET_Transmit_IRQHandler
                0x00003920        0x8 ./SDK/startup/startup_mk64f12.o
                0x00003920                ENET_Transmit_IRQHandler
 .text.ENET_Receive_IRQHandler
                0x00003928        0x8 ./SDK/startup/startup_mk64f12.o
                0x00003928                ENET_Receive_IRQHandler
 .text.ENET_Error_IRQHandler
                0x00003930        0x8 ./SDK/startup/startup_mk64f12.o
                0x00003930                ENET_Error_IRQHandler
 .text.SystemInitHook
                0x00003938        0x2 ./SDK/CMSIS/system_MK64F12.o
                0x00003938                SystemInitHook
 .text.memcpy   0x0000393a        0x4 c:/nxp/mcuxpressoide_10.2.0_759/ide/tools/bin/../lib/gcc/arm-none-eabi/7.2.1/../../../../arm-none-eabi/lib/thumb/v7e-m/fpv4-sp/hard\libcr_c.a(memcpy.o)
                0x0000393a                memcpy
 .text.__aeabi_memcpy
                0x0000393e       0x34 c:/nxp/mcuxpressoide_10.2.0_759/ide/tools/bin/../lib/gcc/arm-none-eabi/7.2.1/thumb/v7e-m/fpv4-sp/hard\libcr_eabihelpers.a(memcpy.o)
                0x0000393e                __aeabi_memcpy
                0x00003948                __aeabi_memcpy8
                0x00003948                __aeabi_memcpy4
 *(SORT_BY_ALIGNMENT(.rodata) SORT_BY_ALIGNMENT(.rodata.*) SORT_BY_ALIGNMENT(.constdata) SORT_BY_ALIGNMENT(.constdata.*))
 *fill*         0x00003972        0x2 ff
 .rodata.initFSM.str1.4
                0x00003974        0x5 ./source/FSM.o
 *fill*         0x00003979        0x3 ff
 .rodata.letters_segment_array
                0x0000397c       0x1a ./source/SegmentDisplay.o
 *fill*         0x00003996        0x2 ff
 .rodata.number_segment_array
                0x00003998        0xa ./source/SegmentDisplay.o
 *fill*         0x000039a2        0x2 ff
 .rodata        0x000039a4       0x1e ./source/dataBase.o
 .rodata.ClearDisplay.str1.4
                0x000039c2        0x5 ./source/display.o
                                  0x1 (size before relaxing)
 *fill*         0x000039c2        0x2 ff
 .rodata        0x000039c4       0x28 ./source/gpio.o
 .rodata.track1
                0x000039ec       0x18 ./source/magnetCardDecode.o
                0x000039ec                track1
 .rodata.track2
                0x00003a04       0x18 ./source/magnetCardDecode.o
                0x00003a04                track2
 .rodata.track3
                0x00003a1c       0x18 ./source/magnetCardDecode.o
                0x00003a1c                track3
 .rodata.AUinputEvHandler.str1.4
                0x00003a34       0x35 ./source/stateAddingUser.o
                                 0x3d (size before relaxing)
 *fill*         0x00003a69        0x3 ff
 .rodata.AUkeycardEvHandler.str1.4
                0x00003a6c       0x2f ./source/stateAddingUser.o
 *fill*         0x00003a9b        0x1 ff
 .rodata.idStrings
                0x00003a9c        0xc ./source/stateAddingUser.o
 .rodata.AUPinputEvHandler.str1.4
                0x00003aa8        0x5 ./source/stateAddingUserPIN.o
 .rodata.AUPkeycardEvHandler.str1.4
                0x00003aa8       0x2f ./source/stateAddingUserPIN.o
 .rodata.pinStrings
                0x00003aa8        0xc ./source/stateAddingUserPIN.o
 .rodata.AMinputEvHandler.str1.4
                0x00003ab4       0x30 ./source/stateAdminMode.o
                                 0x35 (size before relaxing)
 .rodata.AMkeycardEvHandler.str1.4
                0x00003ae4       0x2f ./source/stateAdminMode.o
 .rodata.str1.4
                0x00003ae4        0x8 ./source/stateAdminMode.o
 .rodata.BtimerEvHandler.str1.4
                0x00003aec       0x12 ./source/stateBlocked.o
 *fill*         0x00003afe        0x2 ff
 .rodata.CIinputEvHandler.str1.4
                0x00003b00       0x1e ./source/stateChangeIntensity.o
                                 0x25 (size before relaxing)
 .rodata.CIkeycardEvHandler.str1.4
                0x00003b1e       0x2f ./source/stateChangeIntensity.o
 *fill*         0x00003b1e        0x2 ff
 .rodata.str1.4
                0x00003b20       0x10 ./source/stateChangeIntensity.o
 .rodata.CPinputEvHandler.str1.4
                0x00003b30        0xc ./source/stateChangingPIN.o
                                 0x11 (size before relaxing)
 .rodata.CPkeycardEvHandler.str1.4
                0x00003b3c       0x2f ./source/stateChangingPIN.o
 .rodata.pinStrings
                0x00003b3c        0xc ./source/stateChangingPIN.o
 .rodata.MinputEvHandler.str1.4
                0x00003b48       0x1d ./source/stateMenu.o
 .rodata.MkeycardEvHandler.str1.4
                0x00003b65       0x23 ./source/stateMenu.o
 *fill*         0x00003b65        0x3 ff
 .rodata.menuStrings
                0x00003b68        0x8 ./source/stateMenu.o
 .rodata.str1.4
                0x00003b70        0x5 ./source/stateMenu.o
                                  0x9 (size before relaxing)
 .rodata.RIinputEvHandler.str1.4
                0x00003b75       0x29 ./source/stateReceivingID.o
 *fill*         0x00003b75        0x3 ff
 .rodata.idStrings
                0x00003b78        0xc ./source/stateReceivingID.o
 .rodata.pinStrings
                0x00003b84        0xc ./source/stateReceivingPIN.o
 .rodata        0x00003b90       0x67 ./source/stateReceivingPIN.o
 *fill*         0x00003bf7        0x1 ff
 .rodata.RUinputEvHandler.str1.4
                0x00003bf8       0x1f ./source/stateRemovingUser.o
                                 0x25 (size before relaxing)
 .rodata.RUkeycardEvHandler.str1.4
                0x00003c17       0x2f ./source/stateRemovingUser.o
 *fill*         0x00003c17        0x1 ff
 .rodata.idStrings
                0x00003c18        0xc ./source/stateRemovingUser.o
 .rodata.UAinputEvHandler.str1.4
                0x00003c24       0x2b ./source/stateUserApproved.o
                                 0x43 (size before relaxing)
 .rodata.UAkeycardEvHandler.str1.4
                0x00003c4f       0x2f ./source/stateUserApproved.o
 *fill*         0x00003c4f        0x1 ff
 .rodata.menuStrings
                0x00003c50        0xc ./source/stateUserApproved.o
 .rodata.str1.4
                0x00003c5c       0x10 ./source/stateUserApproved.o
                0x00003c70                . = ALIGN (0x8)
 *fill*         0x00003c6c        0x4 ff

.glue_7         0x00003c70        0x0
 .glue_7        0x00003c70        0x0 linker stubs

.glue_7t        0x00003c70        0x0
 .glue_7t       0x00003c70        0x0 linker stubs

.vfp11_veneer   0x00003c70        0x0
 .vfp11_veneer  0x00003c70        0x0 linker stubs

.v4_bx          0x00003c70        0x0
 .v4_bx         0x00003c70        0x0 linker stubs

.iplt           0x00003c70        0x0
 .iplt          0x00003c70        0x0 ./source/App.o

.rel.dyn        0x00003c70        0x0
 .rel.iplt      0x00003c70        0x0 ./source/App.o

.ARM.extab
 *(SORT_BY_ALIGNMENT(.ARM.extab*) SORT_BY_ALIGNMENT(.gnu.linkonce.armextab.*))
                0x00003c70                __exidx_start = .

.ARM.exidx
 *(SORT_BY_ALIGNMENT(.ARM.exidx*) SORT_BY_ALIGNMENT(.gnu.linkonce.armexidx.*))
                0x00003c70                __exidx_end = .
                0x00003c70                _etext = .

.m_usb_data
 *(SORT_BY_ALIGNMENT(m_usb_bdt))

.data_RAM2      0x1fff0000        0x0 load address 0x00003c70
 FILL mask 0xff
                [!provide]                PROVIDE (__start_data_RAM2, .)
 *(SORT_BY_ALIGNMENT(.ramfunc.$RAM2))
 *(SORT_BY_ALIGNMENT(.ramfunc.$SRAM_LOWER))
 *(SORT_BY_ALIGNMENT(.data.$RAM2*))
 *(SORT_BY_ALIGNMENT(.data.$SRAM_LOWER*))
                0x1fff0000                . = ALIGN (0x8)
                [!provide]                PROVIDE (__end_data_RAM2, .)

.data_RAM3      0x14000000        0x0 load address 0x00003c70
 FILL mask 0xff
                [!provide]                PROVIDE (__start_data_RAM3, .)
 *(SORT_BY_ALIGNMENT(.ramfunc.$RAM3))
 *(SORT_BY_ALIGNMENT(.ramfunc.$FLEX_RAM))
 *(SORT_BY_ALIGNMENT(.data.$RAM3*))
 *(SORT_BY_ALIGNMENT(.data.$FLEX_RAM*))
                0x14000000                . = ALIGN (0x8)
                [!provide]                PROVIDE (__end_data_RAM3, .)

.uninit_RESERVED
                0x20000000        0x0
 *(SORT_BY_ALIGNMENT(.bss.$RESERVED*))
                0x20000000                . = ALIGN (0x4)
                0x20000000                _end_uninit_RESERVED = .

.data           0x20000000       0x28 load address 0x00003c70
 FILL mask 0xff
                0x20000000                _data = .
 *(SORT_BY_ALIGNMENT(vtable))
 *(SORT_BY_ALIGNMENT(.ramfunc*))
 *(SORT_BY_ALIGNMENT(.data*))
 .data.array2Tracks
                0x20000000        0xc ./source/magnetCardDecode.o
                0x20000000                array2Tracks
 .data.menuStrings
                0x2000000c        0x8 ./source/stateAdminMode.o
                0x2000000c                menuStrings
 .data.intStrings
                0x20000014       0x10 ./source/stateChangeIntensity.o
                0x20000014                intStrings
                0x20000028                . = ALIGN (0x8)
 *fill*         0x20000024        0x4 ff
                0x20000028                _edata = .

.igot.plt       0x20000028        0x0 load address 0x00003c98
 .igot.plt      0x20000028        0x0 ./source/App.o

.bss_RAM2       0x1fff0000        0x0
                [!provide]                PROVIDE (__start_bss_RAM2, .)
 *(SORT_BY_ALIGNMENT(.bss.$RAM2*))
 *(SORT_BY_ALIGNMENT(.bss.$SRAM_LOWER*))
                0x1fff0000                . = ALIGN ((. != 0x0)?0x8:0x1)
                [!provide]                PROVIDE (__end_bss_RAM2, .)

.bss_RAM3       0x14000000        0x0
                [!provide]                PROVIDE (__start_bss_RAM3, .)
 *(SORT_BY_ALIGNMENT(.bss.$RAM3*))
 *(SORT_BY_ALIGNMENT(.bss.$FLEX_RAM*))
                0x14000000                . = ALIGN ((. != 0x0)?0x8:0x1)
                [!provide]                PROVIDE (__end_bss_RAM3, .)

.bss            0x20000028     0x1098
                0x20000028                _bss = .
 *(SORT_BY_ALIGNMENT(.bss*))
 .bss.fsm       0x20000028       0x14 ./source/App.o
                0x20000028                fsm
 .bss.nextState
                0x2000003c       0x10 ./source/App.o
                0x2000003c                nextState
 .bss.userData  0x2000004c       0xec ./source/App.o
                0x2000004c                userData
 .bss.sysTickFun
                0x20000138        0x4 ./source/SysTick.o
                0x20000138                sysTickFun
 .bss.dataBase  0x2000013c       0x90 ./source/dataBase.o
 .bss.brigthness
                0x200001cc        0x4 ./source/display.o
 .bss.current_string
                0x200001d0        0x4 ./source/display.o
 .bss.display_position
                0x200001d4        0x4 ./source/display.o
 .bss.string_position
                0x200001d8        0x4 ./source/display.o
 .bss.string_size
                0x200001dc        0x4 ./source/display.o
 .bss.encoderQueue
                0x200001e0      0x640 ./source/encoder.o
 .bss.encoder   0x20000820        0x6 ./source/encoderDecoder.o
 *fill*         0x20000826        0x2 
 .bss.p2irqFunctions
                0x20000828      0x280 ./source/gpio.o
                0x20000828                p2irqFunctions
 .bss.counterDataIn
                0x20000aa8        0x4 ./source/magnetLectorHAL.o
                0x20000aa8                counterDataIn
 .bss.queue     0x20000aac      0x508 ./source/magnetLectorHAL.o
 .bss.IDstring  0x20000fb4        0x9 ./source/stateAddingUser.o
 *fill*         0x20000fbd        0x3 
 .bss.PINstring
                0x20000fc0        0x6 ./source/stateAddingUserPIN.o
 *fill*         0x20000fc6        0x2 
 .bss.PINstring
                0x20000fc8        0x6 ./source/stateChangingPIN.o
 *fill*         0x20000fce        0x2 
 .bss.IDstring  0x20000fd0        0x9 ./source/stateReceivingID.o
 *fill*         0x20000fd9        0x3 
 .bss.PINstring
                0x20000fdc        0x6 ./source/stateReceivingPIN.o
 *fill*         0x20000fe2        0x2 
 .bss.tryNro    0x20000fe4        0x4 ./source/stateReceivingPIN.o
                0x20000fe4                tryNro
 .bss.IDstring  0x20000fe8        0x9 ./source/stateRemovingUser.o
 *fill*         0x20000ff1        0x3 
 .bss.timers    0x20000ff4       0x80 ./source/timer.o
 .bss.queue     0x20001074       0x38 ./source/timer_queue.o
 .bss.__LDM_interruptDisableCount
                0x200010ac        0x4 ./SDK/startup/hardware.o
 .bss.changingState
                0x200010b0        0x1 ./source/App.o
                0x200010b0                changingState
 .bss.nameEvent
                0x200010b1        0x1 ./source/App.o
                0x200010b1                nameEvent
 .bss.initialized
                0x200010b2        0x1 ./source/SegmentDisplay.o
 .bss.display_counter
                0x200010b3        0x1 ./source/display.o
 .bss.initialized
                0x200010b4        0x1 ./source/display.o
 .bss.initialized_enc
                0x200010b5        0x1 ./source/encoder.o
 .bss.encoder_timer_count
                0x200010b6        0x1 ./source/encoderHAL.o
 .bss.initialized_enc_low
                0x200010b7        0x1 ./source/encoderHAL.o
 .bss.enable    0x200010b8        0x1 ./source/magnetLectorHAL.o
                0x200010b8                enable
 .bss.hwLectorIsInit
                0x200010b9        0x1 ./source/magnetLectorHAL.o
                0x200010b9                hwLectorIsInit
 .bss.raw2save  0x200010ba        0x1 ./source/magnetLectorHAL.o
                0x200010ba                raw2save
 .bss.initialized
                0x200010bb        0x1 ./source/timer.o
 *(SORT_BY_ALIGNMENT(COMMON))
                0x200010c0                . = ALIGN (0x8)
 *fill*         0x200010bc        0x4 
                0x200010c0                _ebss = .
                [!provide]                PROVIDE (end, .)

.noinit_RAM2    0x1fff0000        0x0
 *(SORT_BY_ALIGNMENT(.noinit.$RAM2*))
 *(SORT_BY_ALIGNMENT(.noinit.$SRAM_LOWER*))
                0x1fff0000                . = ALIGN (0x8)

.noinit_RAM3    0x14000000        0x0
 *(SORT_BY_ALIGNMENT(.noinit.$RAM3*))
 *(SORT_BY_ALIGNMENT(.noinit.$FLEX_RAM*))
                0x14000000                . = ALIGN (0x8)

.noinit         0x200010c0        0x0
                0x200010c0                _noinit = .
 *(SORT_BY_ALIGNMENT(.noinit*))
                0x200010c0                . = ALIGN (0x8)
                0x200010c0                _end_noinit = .
                0x00001000                _HeapSize = 0x1000

.heap           0x200010c0     0x1000
                0x200010c0                _pvHeapStart = .
                0x200020c0                . = (. + _HeapSize)
 *fill*         0x200010c0     0x1000 
                0x200020c0                . = ALIGN (0x8)
                0x200020c0                _pvHeapLimit = .
                0x00001000                _StackSize = 0x1000

.heap2stackfill
                0x200020c0     0x1000
                0x200030c0                . = (. + _StackSize)
 *fill*         0x200020c0     0x1000 

.stack          0x2002f000        0x0
                0x2002f000                _vStackBase = .
                0x2002f000                . = ALIGN (0x8)
                0x20030000                _vStackTop = (. + _StackSize)
                0x00000000                _image_start = LOADADDR (.text)
                0x00003c98                _image_end = (LOADADDR (.data) + SIZEOF (.data))
                0x00003c98                _image_size = (_image_end - _image_start)
OUTPUT(ControlDeAcceso.axf elf32-littlearm)

.debug_info     0x00000000     0xb207
 .debug_info    0x00000000      0x5b3 ./source/App.o
 .debug_info    0x000005b3      0x39d ./source/FSM.o
 .debug_info    0x00000950      0x4a0 ./source/SegmentDisplay.o
 .debug_info    0x00000df0      0x5a1 ./source/SysTick.o
 .debug_info    0x00001391      0x479 ./source/dataBase.o
 .debug_info    0x0000180a      0x3ad ./source/display.o
 .debug_info    0x00001bb7      0x262 ./source/doorManagement.o
 .debug_info    0x00001e19      0x47e ./source/encoder.o
 .debug_info    0x00002297      0x1d4 ./source/encoderDecoder.o
 .debug_info    0x0000246b      0x3cc ./source/encoderHAL.o
 .debug_info    0x00002837     0x1086 ./source/gpio.o
 .debug_info    0x000038bd      0x62f ./source/magnetCardDecode.o
 .debug_info    0x00003eec      0x1b5 ./source/magnetCardLector.o
 .debug_info    0x000040a1      0x323 ./source/magnetLectorHAL.o
 .debug_info    0x000043c4      0x3b9 ./source/queue.o
 .debug_info    0x0000477d      0x82b ./source/stateAddingUser.o
 .debug_info    0x00004fa8      0x88a ./source/stateAddingUserPIN.o
 .debug_info    0x00005832      0x66b ./source/stateAdminMode.o
 .debug_info    0x00005e9d      0x42f ./source/stateBlocked.o
 .debug_info    0x000062cc      0x5f2 ./source/stateChangeIntensity.o
 .debug_info    0x000068be      0x87a ./source/stateChangingPIN.o
 .debug_info    0x00007138      0x5c8 ./source/stateMenu.o
 .debug_info    0x00007700      0x831 ./source/stateReceivingID.o
 .debug_info    0x00007f31      0x4f8 ./source/stateReceivingPIN.o
 .debug_info    0x00008429      0x85c ./source/stateRemovingUser.o
 .debug_info    0x00008c85      0x707 ./source/stateUserApproved.o
 .debug_info    0x0000938c      0x288 ./source/timer.o
 .debug_info    0x00009614      0x1aa ./source/timer_queue.o
 .debug_info    0x000097be      0x675 ./SDK/startup/hardware.o
 .debug_info    0x00009e33      0x120 ./SDK/startup/main.o
 .debug_info    0x00009f53       0x3b ./SDK/startup/semihost_hardfault.o
 .debug_info    0x00009f8e      0xc71 ./SDK/startup/startup_mk64f12.o
 .debug_info    0x0000abff      0x608 ./SDK/CMSIS/system_MK64F12.o

.debug_abbrev   0x00000000     0x2b9d
 .debug_abbrev  0x00000000      0x15d ./source/App.o
 .debug_abbrev  0x0000015d      0x106 ./source/FSM.o
 .debug_abbrev  0x00000263       0xf0 ./source/SegmentDisplay.o
 .debug_abbrev  0x00000353      0x1ef ./source/SysTick.o
 .debug_abbrev  0x00000542      0x14c ./source/dataBase.o
 .debug_abbrev  0x0000068e      0x130 ./source/display.o
 .debug_abbrev  0x000007be       0xc6 ./source/doorManagement.o
 .debug_abbrev  0x00000884      0x187 ./source/encoder.o
 .debug_abbrev  0x00000a0b      0x157 ./source/encoderDecoder.o
 .debug_abbrev  0x00000b62      0x12a ./source/encoderHAL.o
 .debug_abbrev  0x00000c8c      0x368 ./source/gpio.o
 .debug_abbrev  0x00000ff4      0x11f ./source/magnetCardDecode.o
 .debug_abbrev  0x00001113      0x100 ./source/magnetCardLector.o
 .debug_abbrev  0x00001213      0x190 ./source/magnetLectorHAL.o
 .debug_abbrev  0x000013a3      0x159 ./source/queue.o
 .debug_abbrev  0x000014fc      0x186 ./source/stateAddingUser.o
 .debug_abbrev  0x00001682      0x19a ./source/stateAddingUserPIN.o
 .debug_abbrev  0x0000181c      0x170 ./source/stateAdminMode.o
 .debug_abbrev  0x0000198c      0x13e ./source/stateBlocked.o
 .debug_abbrev  0x00001aca      0x170 ./source/stateChangeIntensity.o
 .debug_abbrev  0x00001c3a      0x186 ./source/stateChangingPIN.o
 .debug_abbrev  0x00001dc0      0x15f ./source/stateMenu.o
 .debug_abbrev  0x00001f1f      0x186 ./source/stateReceivingID.o
 .debug_abbrev  0x000020a5      0x135 ./source/stateReceivingPIN.o
 .debug_abbrev  0x000021da      0x186 ./source/stateRemovingUser.o
 .debug_abbrev  0x00002360      0x15f ./source/stateUserApproved.o
 .debug_abbrev  0x000024bf      0x14d ./source/timer.o
 .debug_abbrev  0x0000260c      0x10a ./source/timer_queue.o
 .debug_abbrev  0x00002716      0x138 ./SDK/startup/hardware.o
 .debug_abbrev  0x0000284e       0x9b ./SDK/startup/main.o
 .debug_abbrev  0x000028e9       0x2f ./SDK/startup/semihost_hardfault.o
 .debug_abbrev  0x00002918      0x13b ./SDK/startup/startup_mk64f12.o
 .debug_abbrev  0x00002a53      0x14a ./SDK/CMSIS/system_MK64F12.o

.debug_aranges  0x00000000      0xab8
 .debug_aranges
                0x00000000       0x30 ./source/App.o
 .debug_aranges
                0x00000030       0x20 ./source/FSM.o
 .debug_aranges
                0x00000050       0x38 ./source/SegmentDisplay.o
 .debug_aranges
                0x00000088       0x28 ./source/SysTick.o
 .debug_aranges
                0x000000b0       0x58 ./source/dataBase.o
 .debug_aranges
                0x00000108       0x58 ./source/display.o
 .debug_aranges
                0x00000160       0x48 ./source/doorManagement.o
 .debug_aranges
                0x000001a8       0x50 ./source/encoder.o
 .debug_aranges
                0x000001f8       0x40 ./source/encoderDecoder.o
 .debug_aranges
                0x00000238       0x48 ./source/encoderHAL.o
 .debug_aranges
                0x00000280       0xc0 ./source/gpio.o
 .debug_aranges
                0x00000340       0x40 ./source/magnetCardDecode.o
 .debug_aranges
                0x00000380       0x30 ./source/magnetCardLector.o
 .debug_aranges
                0x000003b0       0x48 ./source/magnetLectorHAL.o
 .debug_aranges
                0x000003f8       0x28 ./source/queue.o
 .debug_aranges
                0x00000420       0x38 ./source/stateAddingUser.o
 .debug_aranges
                0x00000458       0x38 ./source/stateAddingUserPIN.o
 .debug_aranges
                0x00000490       0x30 ./source/stateAdminMode.o
 .debug_aranges
                0x000004c0       0x30 ./source/stateBlocked.o
 .debug_aranges
                0x000004f0       0x30 ./source/stateChangeIntensity.o
 .debug_aranges
                0x00000520       0x38 ./source/stateChangingPIN.o
 .debug_aranges
                0x00000558       0x30 ./source/stateMenu.o
 .debug_aranges
                0x00000588       0x38 ./source/stateReceivingID.o
 .debug_aranges
                0x000005c0       0x38 ./source/stateReceivingPIN.o
 .debug_aranges
                0x000005f8       0x38 ./source/stateRemovingUser.o
 .debug_aranges
                0x00000630       0x30 ./source/stateUserApproved.o
 .debug_aranges
                0x00000660       0x50 ./source/timer.o
 .debug_aranges
                0x000006b0       0x38 ./source/timer_queue.o
 .debug_aranges
                0x000006e8       0x30 ./SDK/startup/hardware.o
 .debug_aranges
                0x00000718       0x20 ./SDK/startup/main.o
 .debug_aranges
                0x00000738       0x20 ./SDK/startup/semihost_hardfault.o
 .debug_aranges
                0x00000758      0x330 ./SDK/startup/startup_mk64f12.o
 .debug_aranges
                0x00000a88       0x30 ./SDK/CMSIS/system_MK64F12.o

.debug_ranges   0x00000000      0x8d8
 .debug_ranges  0x00000000       0x20 ./source/App.o
 .debug_ranges  0x00000020       0x10 ./source/FSM.o
 .debug_ranges  0x00000030       0x28 ./source/SegmentDisplay.o
 .debug_ranges  0x00000058       0x18 ./source/SysTick.o
 .debug_ranges  0x00000070       0x78 ./source/dataBase.o
 .debug_ranges  0x000000e8       0x48 ./source/display.o
 .debug_ranges  0x00000130       0x38 ./source/doorManagement.o
 .debug_ranges  0x00000168       0x40 ./source/encoder.o
 .debug_ranges  0x000001a8       0x30 ./source/encoderDecoder.o
 .debug_ranges  0x000001d8       0x38 ./source/encoderHAL.o
 .debug_ranges  0x00000210       0xb0 ./source/gpio.o
 .debug_ranges  0x000002c0       0x30 ./source/magnetCardDecode.o
 .debug_ranges  0x000002f0       0x20 ./source/magnetCardLector.o
 .debug_ranges  0x00000310       0x38 ./source/magnetLectorHAL.o
 .debug_ranges  0x00000348       0x18 ./source/queue.o
 .debug_ranges  0x00000360       0x28 ./source/stateAddingUser.o
 .debug_ranges  0x00000388       0x28 ./source/stateAddingUserPIN.o
 .debug_ranges  0x000003b0       0x20 ./source/stateAdminMode.o
 .debug_ranges  0x000003d0       0x20 ./source/stateBlocked.o
 .debug_ranges  0x000003f0       0x20 ./source/stateChangeIntensity.o
 .debug_ranges  0x00000410       0x28 ./source/stateChangingPIN.o
 .debug_ranges  0x00000438       0x20 ./source/stateMenu.o
 .debug_ranges  0x00000458       0x28 ./source/stateReceivingID.o
 .debug_ranges  0x00000480       0x28 ./source/stateReceivingPIN.o
 .debug_ranges  0x000004a8       0x28 ./source/stateRemovingUser.o
 .debug_ranges  0x000004d0       0x20 ./source/stateUserApproved.o
 .debug_ranges  0x000004f0       0x40 ./source/timer.o
 .debug_ranges  0x00000530       0x28 ./source/timer_queue.o
 .debug_ranges  0x00000558       0x20 ./SDK/startup/hardware.o
 .debug_ranges  0x00000578       0x10 ./SDK/startup/main.o
 .debug_ranges  0x00000588       0x10 ./SDK/startup/semihost_hardfault.o
 .debug_ranges  0x00000598      0x320 ./SDK/startup/startup_mk64f12.o
 .debug_ranges  0x000008b8       0x20 ./SDK/CMSIS/system_MK64F12.o

.debug_macro    0x00000000    0x1311c
 .debug_macro   0x00000000       0x8f ./source/App.o
 .debug_macro   0x0000008f      0xa5a ./source/App.o
 .debug_macro   0x00000ae9       0x22 ./source/App.o
 .debug_macro   0x00000b0b       0x10 ./source/App.o
 .debug_macro   0x00000b1b      0x34e ./source/App.o
 .debug_macro   0x00000e69       0x16 ./source/App.o
 .debug_macro   0x00000e7f       0x10 ./source/App.o
 .debug_macro   0x00000e8f       0x16 ./source/App.o
 .debug_macro   0x00000ea5       0x10 ./source/App.o
 .debug_macro   0x00000eb5       0x10 ./source/App.o
 .debug_macro   0x00000ec5       0x10 ./source/App.o
 .debug_macro   0x00000ed5       0x10 ./source/App.o
 .debug_macro   0x00000ee5       0x7e ./source/FSM.o
 .debug_macro   0x00000f63       0xb2 ./source/SegmentDisplay.o
 .debug_macro   0x00001015       0x3a ./source/SegmentDisplay.o
 .debug_macro   0x0000104f       0xa5 ./source/SysTick.o
 .debug_macro   0x000010f4       0x5c ./source/SysTick.o
 .debug_macro   0x00001150       0x1c ./source/SysTick.o
 .debug_macro   0x0000116c       0x22 ./source/SysTick.o
 .debug_macro   0x0000118e       0xdf ./source/SysTick.o
 .debug_macro   0x0000126d      0xecf ./source/SysTick.o
 .debug_macro   0x0000213c       0x48 ./source/SysTick.o
 .debug_macro   0x00002184     0xe07b ./source/SysTick.o
 .debug_macro   0x000101ff       0x40 ./source/SysTick.o
 .debug_macro   0x0001023f      0x174 ./source/SysTick.o
 .debug_macro   0x000103b3       0x68 ./source/dataBase.o
 .debug_macro   0x0001041b      0xa5a ./source/dataBase.o
 .debug_macro   0x00010e75       0x78 ./source/display.o
 .debug_macro   0x00010eed       0x61 ./source/doorManagement.o
 .debug_macro   0x00010f4e       0x67 ./source/encoder.o
 .debug_macro   0x00010fb5       0x10 ./source/encoder.o
 .debug_macro   0x00010fc5       0x1c ./source/encoder.o
 .debug_macro   0x00010fe1       0x3c ./source/encoderDecoder.o
 .debug_macro   0x0001101d       0x68 ./source/encoderHAL.o
 .debug_macro   0x00011085       0xa4 ./source/gpio.o
 .debug_macro   0x00011129       0x72 ./source/magnetCardDecode.o
 .debug_macro   0x0001119b       0x22 ./source/magnetCardDecode.o
 .debug_macro   0x000111bd       0xf4 ./source/magnetCardDecode.o
 .debug_macro   0x000112b1       0x48 ./source/magnetCardLector.o
 .debug_macro   0x000112f9       0x2e ./source/magnetCardLector.o
 .debug_macro   0x00011327       0x28 ./source/magnetCardLector.o
 .debug_macro   0x0001134f       0x60 ./source/magnetLectorHAL.o
 .debug_macro   0x000113af       0x6a ./source/queue.o
 .debug_macro   0x00011419       0xc9 ./source/stateAddingUser.o
 .debug_macro   0x000114e2       0xcb ./source/stateAddingUserPIN.o
 .debug_macro   0x000115ad       0xbb ./source/stateAdminMode.o
 .debug_macro   0x00011668       0x88 ./source/stateBlocked.o
 .debug_macro   0x000116f0       0xb3 ./source/stateChangeIntensity.o
 .debug_macro   0x000117a3       0xc5 ./source/stateChangingPIN.o
 .debug_macro   0x00011868       0xb1 ./source/stateMenu.o
 .debug_macro   0x00011919       0xbf ./source/stateReceivingID.o
 .debug_macro   0x000119d8       0xd5 ./source/stateReceivingPIN.o
 .debug_macro   0x00011aad       0xbf ./source/stateRemovingUser.o
 .debug_macro   0x00011b6c       0xc4 ./source/stateUserApproved.o
 .debug_macro   0x00011c30       0x58 ./source/timer.o
 .debug_macro   0x00011c88       0x10 ./source/timer.o
 .debug_macro   0x00011c98       0x47 ./source/timer_queue.o
 .debug_macro   0x00011cdf       0x9c ./SDK/startup/hardware.o
 .debug_macro   0x00011d7b       0x10 ./SDK/startup/hardware.o
 .debug_macro   0x00011d8b     0x122b ./SDK/startup/hardware.o
 .debug_macro   0x00012fb6       0x16 ./SDK/startup/hardware.o
 .debug_macro   0x00012fcc       0x9c ./SDK/startup/main.o
 .debug_macro   0x00013068       0x11 ./SDK/startup/semihost_hardfault.o
 .debug_macro   0x00013079       0x23 ./SDK/startup/startup_mk64f12.o
 .debug_macro   0x0001309c       0x80 ./SDK/CMSIS/system_MK64F12.o

.debug_line     0x00000000     0x3e62
 .debug_line    0x00000000      0x187 ./source/App.o
 .debug_line    0x00000187      0x128 ./source/FSM.o
 .debug_line    0x000002af      0x15e ./source/SegmentDisplay.o
 .debug_line    0x0000040d      0x172 ./source/SysTick.o
 .debug_line    0x0000057f      0x29f ./source/dataBase.o
 .debug_line    0x0000081e      0x1c2 ./source/display.o
 .debug_line    0x000009e0      0x145 ./source/doorManagement.o
 .debug_line    0x00000b25      0x1a5 ./source/encoder.o
 .debug_line    0x00000cca      0x148 ./source/encoderDecoder.o
 .debug_line    0x00000e12      0x154 ./source/encoderHAL.o
 .debug_line    0x00000f66      0x320 ./source/gpio.o
 .debug_line    0x00001286      0x274 ./source/magnetCardDecode.o
 .debug_line    0x000014fa      0x13e ./source/magnetCardLector.o
 .debug_line    0x00001638      0x170 ./source/magnetLectorHAL.o
 .debug_line    0x000017a8      0x14a ./source/queue.o
 .debug_line    0x000018f2      0x23e ./source/stateAddingUser.o
 .debug_line    0x00001b30      0x227 ./source/stateAddingUserPIN.o
 .debug_line    0x00001d57      0x20d ./source/stateAdminMode.o
 .debug_line    0x00001f64      0x173 ./source/stateBlocked.o
 .debug_line    0x000020d7      0x1d7 ./source/stateChangeIntensity.o
 .debug_line    0x000022ae      0x22c ./source/stateChangingPIN.o
 .debug_line    0x000024da      0x1eb ./source/stateMenu.o
 .debug_line    0x000026c5      0x22b ./source/stateReceivingID.o
 .debug_line    0x000028f0      0x256 ./source/stateReceivingPIN.o
 .debug_line    0x00002b46      0x225 ./source/stateRemovingUser.o
 .debug_line    0x00002d6b      0x233 ./source/stateUserApproved.o
 .debug_line    0x00002f9e      0x16d ./source/timer.o
 .debug_line    0x0000310b      0x11c ./source/timer_queue.o
 .debug_line    0x00003227      0x1d1 ./SDK/startup/hardware.o
 .debug_line    0x000033f8      0x175 ./SDK/startup/main.o
 .debug_line    0x0000356d       0x55 ./SDK/startup/semihost_hardfault.o
 .debug_line    0x000035c2      0x6d8 ./SDK/startup/startup_mk64f12.o
 .debug_line    0x00003c9a      0x1c8 ./SDK/CMSIS/system_MK64F12.o

.debug_str      0x00000000    0x7a6b9
 .debug_str     0x00000000     0x3b2e ./source/App.o
                               0x3cc4 (size before relaxing)
 .debug_str     0x00003b2e       0x26 ./source/FSM.o
                               0x3b74 (size before relaxing)
 .debug_str     0x00003b54      0x2f5 ./source/SegmentDisplay.o
                               0x3b20 (size before relaxing)
 .debug_str     0x00003e49    0x6d4fa ./source/SysTick.o
                              0x70e96 (size before relaxing)
 .debug_str     0x00071343      0x218 ./source/dataBase.o
                               0x3a2e (size before relaxing)
 .debug_str     0x0007155b      0x17c ./source/display.o
                               0x3adf (size before relaxing)
 .debug_str     0x000716d7       0xb3 ./source/doorManagement.o
                               0x3a4e (size before relaxing)
 .debug_str     0x0007178a      0x22e ./source/encoder.o
                               0x3ac1 (size before relaxing)
 .debug_str     0x000719b8       0x41 ./source/encoderDecoder.o
                               0x393d (size before relaxing)
 .debug_str     0x000719f9      0x18c ./source/encoderHAL.o
                               0x3b8b (size before relaxing)
 .debug_str     0x00071b85      0x312 ./source/gpio.o
                              0x70e7d (size before relaxing)
 .debug_str     0x00071e97      0x934 ./source/magnetCardDecode.o
                               0x44b2 (size before relaxing)
 .debug_str     0x000727cb       0xf4 ./source/magnetCardLector.o
                               0x39f7 (size before relaxing)
 .debug_str     0x000728bf       0xf2 ./source/magnetLectorHAL.o
                               0x3e44 (size before relaxing)
 .debug_str     0x000729b1       0x5a ./source/queue.o
                               0x3b39 (size before relaxing)
 .debug_str     0x00072a0b      0x16e ./source/stateAddingUser.o
                               0x3d0f (size before relaxing)
 .debug_str     0x00072b79       0xe1 ./source/stateAddingUserPIN.o
                               0x3d80 (size before relaxing)
 .debug_str     0x00072c5a       0x9f ./source/stateAdminMode.o
                               0x3c88 (size before relaxing)
 .debug_str     0x00072cf9       0x68 ./source/stateBlocked.o
                               0x3bc9 (size before relaxing)
 .debug_str     0x00072d61       0xac ./source/stateChangeIntensity.o
                               0x3c93 (size before relaxing)
 .debug_str     0x00072e0d       0x63 ./source/stateChangingPIN.o
                               0x3d1a (size before relaxing)
 .debug_str     0x00072e70       0x27 ./source/stateMenu.o
                               0x3c7b (size before relaxing)
 .debug_str     0x00072e97       0x5a ./source/stateReceivingID.o
                               0x3d02 (size before relaxing)
 .debug_str     0x00072ef1       0x79 ./source/stateReceivingPIN.o
                               0x3cfe (size before relaxing)
 .debug_str     0x00072f6a       0x53 ./source/stateRemovingUser.o
                               0x3d42 (size before relaxing)
 .debug_str     0x00072fbd       0x78 ./source/stateUserApproved.o
                               0x3cdc (size before relaxing)
 .debug_str     0x00073035       0xfd ./source/timer.o
                               0x3a12 (size before relaxing)
 .debug_str     0x00073132       0x5d ./source/timer_queue.o
                               0x395b (size before relaxing)
 .debug_str     0x0007318f     0x6cb1 ./SDK/startup/hardware.o
                              0x77212 (size before relaxing)
 .debug_str     0x00079e40       0x1b ./SDK/startup/main.o
                              0x77028 (size before relaxing)
 .debug_str     0x00079e5b       0x36 ./SDK/startup/semihost_hardfault.o
                               0x2d4c (size before relaxing)
 .debug_str     0x00079e91      0x7d1 ./SDK/startup/startup_mk64f12.o
                               0x35bb (size before relaxing)
 .debug_str     0x0007a662       0x57 ./SDK/CMSIS/system_MK64F12.o
                              0x77121 (size before relaxing)

.comment        0x00000000       0x7e
 .comment       0x00000000       0x7e ./source/App.o
                                 0x7f (size before relaxing)
 .comment       0x0000007e       0x7f ./source/FSM.o
 .comment       0x0000007e       0x7f ./source/SegmentDisplay.o
 .comment       0x0000007e       0x7f ./source/SysTick.o
 .comment       0x0000007e       0x7f ./source/dataBase.o
 .comment       0x0000007e       0x7f ./source/display.o
 .comment       0x0000007e       0x7f ./source/doorManagement.o
 .comment       0x0000007e       0x7f ./source/encoder.o
 .comment       0x0000007e       0x7f ./source/encoderDecoder.o
 .comment       0x0000007e       0x7f ./source/encoderHAL.o
 .comment       0x0000007e       0x7f ./source/gpio.o
 .comment       0x0000007e       0x7f ./source/magnetCardDecode.o
 .comment       0x0000007e       0x7f ./source/magnetCardLector.o
 .comment       0x0000007e       0x7f ./source/magnetLectorHAL.o
 .comment       0x0000007e       0x7f ./source/queue.o
 .comment       0x0000007e       0x7f ./source/stateAddingUser.o
 .comment       0x0000007e       0x7f ./source/stateAddingUserPIN.o
 .comment       0x0000007e       0x7f ./source/stateAdminMode.o
 .comment       0x0000007e       0x7f ./source/stateBlocked.o
 .comment       0x0000007e       0x7f ./source/stateChangeIntensity.o
 .comment       0x0000007e       0x7f ./source/stateChangingPIN.o
 .comment       0x0000007e       0x7f ./source/stateMenu.o
 .comment       0x0000007e       0x7f ./source/stateReceivingID.o
 .comment       0x0000007e       0x7f ./source/stateReceivingPIN.o
 .comment       0x0000007e       0x7f ./source/stateRemovingUser.o
 .comment       0x0000007e       0x7f ./source/stateUserApproved.o
 .comment       0x0000007e       0x7f ./source/timer.o
 .comment       0x0000007e       0x7f ./source/timer_queue.o
 .comment       0x0000007e       0x7f ./SDK/startup/hardware.o
 .comment       0x0000007e       0x7f ./SDK/startup/main.o
 .comment       0x0000007e       0x7f ./SDK/startup/semihost_hardfault.o
 .comment       0x0000007e       0x7f ./SDK/startup/startup_mk64f12.o
 .comment       0x0000007e       0x7f ./SDK/CMSIS/system_MK64F12.o
 .comment       0x0000007e       0x7f c:/nxp/mcuxpressoide_10.2.0_759/ide/tools/bin/../lib/gcc/arm-none-eabi/7.2.1/../../../../arm-none-eabi/lib/thumb/v7e-m/fpv4-sp/hard\libcr_c.a(memcpy.o)

.ARM.attributes
                0x00000000       0x37
 .ARM.attributes
                0x00000000       0x39 ./source/App.o
 .ARM.attributes
                0x00000039       0x39 ./source/FSM.o
 .ARM.attributes
                0x00000072       0x39 ./source/SegmentDisplay.o
 .ARM.attributes
                0x000000ab       0x39 ./source/SysTick.o
 .ARM.attributes
                0x000000e4       0x39 ./source/dataBase.o
 .ARM.attributes
                0x0000011d       0x39 ./source/display.o
 .ARM.attributes
                0x00000156       0x39 ./source/doorManagement.o
 .ARM.attributes
                0x0000018f       0x39 ./source/encoder.o
 .ARM.attributes
                0x000001c8       0x39 ./source/encoderDecoder.o
 .ARM.attributes
                0x00000201       0x39 ./source/encoderHAL.o
 .ARM.attributes
                0x0000023a       0x39 ./source/gpio.o
 .ARM.attributes
                0x00000273       0x39 ./source/magnetCardDecode.o
 .ARM.attributes
                0x000002ac       0x39 ./source/magnetCardLector.o
 .ARM.attributes
                0x000002e5       0x39 ./source/magnetLectorHAL.o
 .ARM.attributes
                0x0000031e       0x39 ./source/queue.o
 .ARM.attributes
                0x00000357       0x39 ./source/stateAddingUser.o
 .ARM.attributes
                0x00000390       0x39 ./source/stateAddingUserPIN.o
 .ARM.attributes
                0x000003c9       0x39 ./source/stateAdminMode.o
 .ARM.attributes
                0x00000402       0x39 ./source/stateBlocked.o
 .ARM.attributes
                0x0000043b       0x39 ./source/stateChangeIntensity.o
 .ARM.attributes
                0x00000474       0x39 ./source/stateChangingPIN.o
 .ARM.attributes
                0x000004ad       0x39 ./source/stateMenu.o
 .ARM.attributes
                0x000004e6       0x39 ./source/stateReceivingID.o
 .ARM.attributes
                0x0000051f       0x39 ./source/stateReceivingPIN.o
 .ARM.attributes
                0x00000558       0x39 ./source/stateRemovingUser.o
 .ARM.attributes
                0x00000591       0x39 ./source/stateUserApproved.o
 .ARM.attributes
                0x000005ca       0x39 ./source/timer.o
 .ARM.attributes
                0x00000603       0x39 ./source/timer_queue.o
 .ARM.attributes
                0x0000063c       0x39 ./SDK/startup/hardware.o
 .ARM.attributes
                0x00000675       0x39 ./SDK/startup/main.o
 .ARM.attributes
                0x000006ae       0x39 ./SDK/startup/semihost_hardfault.o
 .ARM.attributes
                0x000006e7       0x39 ./SDK/startup/startup_mk64f12.o
 .ARM.attributes
                0x00000720       0x39 ./SDK/CMSIS/system_MK64F12.o
 .ARM.attributes
                0x00000759       0x39 c:/nxp/mcuxpressoide_10.2.0_759/ide/tools/bin/../lib/gcc/arm-none-eabi/7.2.1/../../../../arm-none-eabi/lib/thumb/v7e-m/fpv4-sp/hard\libcr_c.a(memcpy.o)
 .ARM.attributes
                0x00000792       0x25 c:/nxp/mcuxpressoide_10.2.0_759/ide/tools/bin/../lib/gcc/arm-none-eabi/7.2.1/thumb/v7e-m/fpv4-sp/hard\libcr_eabihelpers.a(memcpy.o)

.debug_frame    0x00000000     0x1ab4
 .debug_frame   0x00000000       0x68 ./source/App.o
 .debug_frame   0x00000068       0x28 ./source/FSM.o
 .debug_frame   0x00000090       0x78 ./source/SegmentDisplay.o
 .debug_frame   0x00000108       0x44 ./source/SysTick.o
 .debug_frame   0x0000014c      0x158 ./source/dataBase.o
 .debug_frame   0x000002a4       0xb4 ./source/display.o
 .debug_frame   0x00000358       0xa0 ./source/doorManagement.o
 .debug_frame   0x000003f8       0xc0 ./source/encoder.o
 .debug_frame   0x000004b8       0x6c ./source/encoderDecoder.o
 .debug_frame   0x00000524       0x98 ./source/encoderHAL.o
 .debug_frame   0x000005bc      0x238 ./source/gpio.o
 .debug_frame   0x000007f4       0xc4 ./source/magnetCardDecode.o
 .debug_frame   0x000008b8       0x64 ./source/magnetCardLector.o
 .debug_frame   0x0000091c       0x88 ./source/magnetLectorHAL.o
 .debug_frame   0x000009a4       0x50 ./source/queue.o
 .debug_frame   0x000009f4       0xa0 ./source/stateAddingUser.o
 .debug_frame   0x00000a94       0x9c ./source/stateAddingUserPIN.o
 .debug_frame   0x00000b30       0x80 ./source/stateAdminMode.o
 .debug_frame   0x00000bb0       0x54 ./source/stateBlocked.o
 .debug_frame   0x00000c04       0x70 ./source/stateChangeIntensity.o
 .debug_frame   0x00000c74       0x9c ./source/stateChangingPIN.o
 .debug_frame   0x00000d10       0x74 ./source/stateMenu.o
 .debug_frame   0x00000d84       0xa0 ./source/stateReceivingID.o
 .debug_frame   0x00000e24       0xb0 ./source/stateReceivingPIN.o
 .debug_frame   0x00000ed4       0x98 ./source/stateRemovingUser.o
 .debug_frame   0x00000f6c       0x80 ./source/stateUserApproved.o
 .debug_frame   0x00000fec       0xa4 ./source/timer.o
 .debug_frame   0x00001090       0x50 ./source/timer_queue.o
 .debug_frame   0x000010e0       0x40 ./SDK/startup/hardware.o
 .debug_frame   0x00001120       0x28 ./SDK/startup/main.o
 .debug_frame   0x00001148       0x20 ./SDK/startup/semihost_hardfault.o
 .debug_frame   0x00001168      0x904 ./SDK/startup/startup_mk64f12.o
 .debug_frame   0x00001a6c       0x48 ./SDK/CMSIS/system_MK64F12.o

.debug_loc      0x00000000     0x3642
 .debug_loc     0x00000000       0x21 ./source/FSM.o
 .debug_loc     0x00000021      0x1cb ./source/SegmentDisplay.o
 .debug_loc     0x000001ec       0x87 ./source/SysTick.o
 .debug_loc     0x00000273       0xa2 ./source/display.o
 .debug_loc     0x00000315       0xd9 ./source/encoder.o
 .debug_loc     0x000003ee       0x42 ./source/encoderDecoder.o
 .debug_loc     0x00000430      0x111 ./source/encoderHAL.o
 .debug_loc     0x00000541      0x750 ./source/gpio.o
 .debug_loc     0x00000c91      0x9fa ./source/magnetCardDecode.o
 .debug_loc     0x0000168b       0xa0 ./source/magnetLectorHAL.o
 .debug_loc     0x0000172b      0x1cd ./source/queue.o
 .debug_loc     0x000018f8      0x2e1 ./source/stateAddingUser.o
 .debug_loc     0x00001bd9      0x2e8 ./source/stateAddingUserPIN.o
 .debug_loc     0x00001ec1      0x29e ./source/stateAdminMode.o
 .debug_loc     0x0000215f       0xbb ./source/stateBlocked.o
 .debug_loc     0x0000221a      0x1d6 ./source/stateChangeIntensity.o
 .debug_loc     0x000023f0      0x319 ./source/stateChangingPIN.o
 .debug_loc     0x00002709      0x235 ./source/stateMenu.o
 .debug_loc     0x0000293e      0x333 ./source/stateReceivingID.o
 .debug_loc     0x00002c71      0x2d8 ./source/stateRemovingUser.o
 .debug_loc     0x00002f49      0x2bf ./source/stateUserApproved.o
 .debug_loc     0x00003208      0x11d ./source/timer.o
 .debug_loc     0x00003325       0x72 ./source/timer_queue.o
 .debug_loc     0x00003397      0x1e7 ./SDK/startup/startup_mk64f12.o
 .debug_loc     0x0000357e       0xc4 ./SDK/CMSIS/system_MK64F12.o
