Archive member included to satisfy reference by file (symbol)

c:/nxp/mcuxpressoide_10.2.0_759/ide/tools/bin/../lib/gcc/arm-none-eabi/7.2.1/../../../../arm-none-eabi/lib/thumb/v7e-m/fpv4-sp/hard\libcr_c.a(memcpy.o)
                              ./source/magnetCardLector.o (memcpy)
c:/nxp/mcuxpressoide_10.2.0_759/ide/tools/bin/../lib/gcc/arm-none-eabi/7.2.1/thumb/v7e-m/fpv4-sp/hard\libcr_eabihelpers.a(memcpy.o)
                              c:/nxp/mcuxpressoide_10.2.0_759/ide/tools/bin/../lib/gcc/arm-none-eabi/7.2.1/../../../../arm-none-eabi/lib/thumb/v7e-m/fpv4-sp/hard\libcr_c.a(memcpy.o) (__aeabi_memcpy)

Discarded input sections

 .group         0x00000000        0xc ./source/App.o
 .group         0x00000000        0xc ./source/App.o
 .group         0x00000000        0xc ./source/App.o
 .group         0x00000000        0xc ./source/App.o
 .group         0x00000000        0xc ./source/App.o
 .group         0x00000000        0xc ./source/App.o
 .group         0x00000000        0xc ./source/App.o
 .group         0x00000000        0xc ./source/App.o
 .group         0x00000000        0xc ./source/App.o
 .group         0x00000000        0xc ./source/App.o
 .group         0x00000000        0xc ./source/App.o
 .text          0x00000000        0x0 ./source/App.o
 .data          0x00000000        0x0 ./source/App.o
 .bss           0x00000000        0x0 ./source/App.o
 .group         0x00000000        0xc ./source/FSM.o
 .group         0x00000000        0xc ./source/FSM.o
 .group         0x00000000        0xc ./source/FSM.o
 .group         0x00000000        0xc ./source/FSM.o
 .group         0x00000000        0xc ./source/FSM.o
 .group         0x00000000        0xc ./source/FSM.o
 .group         0x00000000        0xc ./source/FSM.o
 .group         0x00000000        0xc ./source/FSM.o
 .text          0x00000000        0x0 ./source/FSM.o
 .data          0x00000000        0x0 ./source/FSM.o
 .bss           0x00000000        0x0 ./source/FSM.o
 .debug_macro   0x00000000      0xa5a ./source/FSM.o
 .debug_macro   0x00000000       0x10 ./source/FSM.o
 .debug_macro   0x00000000       0x22 ./source/FSM.o
 .debug_macro   0x00000000      0x34e ./source/FSM.o
 .debug_macro   0x00000000       0x16 ./source/FSM.o
 .debug_macro   0x00000000       0x10 ./source/FSM.o
 .debug_macro   0x00000000       0x16 ./source/FSM.o
 .debug_macro   0x00000000       0x10 ./source/FSM.o
 .group         0x00000000        0xc ./source/SegmentDisplay.o
 .group         0x00000000        0xc ./source/SegmentDisplay.o
 .group         0x00000000        0xc ./source/SegmentDisplay.o
 .group         0x00000000        0xc ./source/SegmentDisplay.o
 .text          0x00000000        0x0 ./source/SegmentDisplay.o
 .data          0x00000000        0x0 ./source/SegmentDisplay.o
 .bss           0x00000000        0x0 ./source/SegmentDisplay.o
 .debug_macro   0x00000000      0xa5a ./source/SegmentDisplay.o
 .debug_macro   0x00000000      0x34e ./source/SegmentDisplay.o
 .debug_macro   0x00000000       0x22 ./source/SegmentDisplay.o
 .group         0x00000000        0xc ./source/SysTick.o
 .group         0x00000000        0xc ./source/SysTick.o
 .group         0x00000000        0xc ./source/SysTick.o
 .group         0x00000000        0xc ./source/SysTick.o
 .group         0x00000000        0xc ./source/SysTick.o
 .group         0x00000000        0xc ./source/SysTick.o
 .group         0x00000000        0xc ./source/SysTick.o
 .group         0x00000000        0xc ./source/SysTick.o
 .group         0x00000000        0xc ./source/SysTick.o
 .group         0x00000000        0xc ./source/SysTick.o
 .group         0x00000000        0xc ./source/SysTick.o
 .group         0x00000000        0xc ./source/SysTick.o
 .text          0x00000000        0x0 ./source/SysTick.o
 .data          0x00000000        0x0 ./source/SysTick.o
 .bss           0x00000000        0x0 ./source/SysTick.o
 .debug_macro   0x00000000      0xa5a ./source/SysTick.o
 .debug_macro   0x00000000       0x22 ./source/SysTick.o
 .debug_macro   0x00000000      0x34e ./source/SysTick.o
 .group         0x00000000        0xc ./source/dataBase.o
 .group         0x00000000        0xc ./source/dataBase.o
 .group         0x00000000        0xc ./source/dataBase.o
 .group         0x00000000        0xc ./source/dataBase.o
 .group         0x00000000        0xc ./source/dataBase.o
 .group         0x00000000        0xc ./source/dataBase.o
 .text          0x00000000        0x0 ./source/dataBase.o
 .data          0x00000000        0x0 ./source/dataBase.o
 .bss           0x00000000        0x0 ./source/dataBase.o
 .text.removeUser
                0x00000000       0xe8 ./source/dataBase.o
 .debug_macro   0x00000000       0x22 ./source/dataBase.o
 .debug_macro   0x00000000      0x34e ./source/dataBase.o
 .debug_macro   0x00000000       0x16 ./source/dataBase.o
 .debug_macro   0x00000000       0x10 ./source/dataBase.o
 .debug_macro   0x00000000       0x16 ./source/dataBase.o
 .group         0x00000000        0xc ./source/display.o
[...]
Memory Configuration

Name             Origin             Length             Attributes
PROGRAM_FLASH    0x00000000         0x00100000         xr
SRAM_UPPER       0x20000000         0x00030000         xrw
SRAM_LOWER       0x1fff0000         0x00010000         xrw
FLEX_RAM         0x14000000         0x00001000         xrw
*default*        0x00000000         0xffffffff

Linker script and memory map

LOAD ./source/App.o
LOAD ./source/FSM.o
LOAD ./source/SegmentDisplay.o
LOAD ./source/SysTick.o
LOAD ./source/dataBase.o
LOAD ./source/display.o
LOAD ./source/doorManagement.o
LOAD ./source/encoder.o
LOAD ./source/encoderDecoder.o
LOAD ./source/encoderHAL.o
LOAD ./source/gpio.o
LOAD ./source/magnetCardDecode.o
LOAD ./source/magnetCardLector.o
LOAD ./source/magnetLectorHAL.o
LOAD ./source/queue.o
LOAD ./source/stateAddingUser.o
LOAD ./source/stateAddingUserPIN.o
LOAD ./source/stateAdminMode.o
LOAD ./source/stateBlocked.o
LOAD ./source/stateChangeIntensity.o
LOAD ./source/stateChangingPIN.o
LOAD ./source/stateMenu.o
LOAD ./source/stateReceivingID.o
LOAD ./source/stateReceivingPIN.o
LOAD ./source/stateRemovingUser.o
LOAD ./source/stateUserApproved.o
LOAD ./source/timer.o
LOAD ./source/timerHAL.o
LOAD ./source/timer_queue.o
LOAD ./SDK/startup/hardware.o
LOAD ./SDK/startup/main.o
LOAD ./SDK/startup/semihost_hardfault.o
LOAD ./SDK/startup/startup_mk64f12.o
LOAD ./SDK/CMSIS/system_MK64F12.o
START GROUP
LOAD c:/nxp/mcuxpressoide_10.2.0_759/ide/tools/bin/../lib/gcc/arm-none-eabi/7.2.1/../../../../arm-none-eabi/lib/thumb/v7e-m/fpv4-sp/hard\libcr_c.a
LOAD c:/nxp/mcuxpressoide_10.2.0_759/ide/tools/bin/../lib/gcc/arm-none-eabi/7.2.1/thumb/v7e-m/fpv4-sp/hard\libcr_eabihelpers.a
END GROUP
                0x00000000                __base_PROGRAM_FLASH = 0x0
                0x00000000                __base_Flash = 0x0
                0x00100000                __top_PROGRAM_FLASH = 0x100000
                0x00100000                __top_Flash = 0x100000
                0x20000000                __base_SRAM_UPPER = 0x20000000
                0x20000000                __base_RAM = 0x20000000
                0x20030000                __top_SRAM_UPPER = 0x20030000
                0x20030000                __top_RAM = 0x20030000
                0x1fff0000                __base_SRAM_LOWER = 0x1fff0000
                0x1fff0000                __base_RAM2 = 0x1fff0000
                0x20000000                __top_SRAM_LOWER = 0x20000000
                0x20000000                __top_RAM2 = 0x20000000
                0x14000000                __base_FLEX_RAM = 0x14000000
                0x14000000                __base_RAM3 = 0x14000000
                0x14001000                __top_FLEX_RAM = 0x14001000
                0x14001000                __top_RAM3 = 0x14001000

.text           0x00000000     0x3fb0
 FILL mask 0xff
                0x00000000                __vectors_start__ = ABSOLUTE (.)
 *(SORT_BY_ALIGNMENT(.isr_vector))
 .isr_vector    0x00000000      0x198 ./SDK/startup/startup_mk64f12.o
                0x00000000                g_pfnVectors
                0x00000000                __Vectors
                0x00000198                . = ALIGN (0x4)
                0x00000198                __section_table_start = .
                0x00000198                __data_section_table = .
                0x00000198        0x4 LONG 0x3fb0 LOADADDR (.data)
                0x0000019c        0x4 LONG 0x20000000 ADDR (.data)
                0x000001a0        0x4 LONG 0x28 SIZEOF (.data)
                0x000001a4        0x4 LONG 0x3fb0 LOADADDR (.data_RAM2)
                0x000001a8        0x4 LONG 0x1fff0000 ADDR (.data_RAM2)
                0x000001ac        0x4 LONG 0x0 SIZEOF (.data_RAM2)
                0x000001b0        0x4 LONG 0x3fb0 LOADADDR (.data_RAM3)
                0x000001b4        0x4 LONG 0x14000000 ADDR (.data_RAM3)
                0x000001b8        0x4 LONG 0x0 SIZEOF (.data_RAM3)
                0x000001bc                __data_section_table_end = .
                0x000001bc                __bss_section_table = .
                0x000001bc        0x4 LONG 0x20000028 ADDR (.bss)
                0x000001c0        0x4 LONG 0x10a0 SIZEOF (.bss)
                0x000001c4        0x4 LONG 0x1fff0000 ADDR (.bss_RAM2)
                0x000001c8        0x4 LONG 0x0 SIZEOF (.bss_RAM2)
                0x000001cc        0x4 LONG 0x14000000 ADDR (.bss_RAM3)
                0x000001d0        0x4 LONG 0x0 SIZEOF (.bss_RAM3)
                0x000001d4                __bss_section_table_end = .
                0x000001d4                __section_table_end = .
 *(SORT_BY_ALIGNMENT(.after_vectors*))
 .after_vectors.reset
                0x000001d4       0x4c ./SDK/startup/startup_mk64f12.o
                0x000001d4                ResetISR
 .after_vectors
                0x00000220       0x14 ./SDK/startup/startup_mk64f12.o
                0x00000220                NMI_Handler
                0x00000224                MemManage_Handler
                0x00000226                BusFault_Handler
                0x00000228                UsageFault_Handler
                0x0000022a                SVC_Handler
                0x0000022c                DebugMon_Handler
                0x0000022e                PendSV_Handler
                0x00000232                DMA_Error_DriverIRQHandler
                0x00000232                LPTMR0_DriverIRQHandler
                0x00000232                FTM1_DriverIRQHandler
                0x00000232                FTM2_DriverIRQHandler
                0x00000232                PIT2_DriverIRQHandler
                0x00000232                SDHC_DriverIRQHandler
                0x00000232                I2S0_Tx_DriverIRQHandler
                0x00000232                RTC_Seconds_DriverIRQHandler
                0x00000232                DMA6_DriverIRQHandler
                0x00000232                LLWU_DriverIRQHandler
                0x00000232                MCM_DriverIRQHandler
                0x00000232                MCG_DriverIRQHandler
                0x00000232                ENET_1588_Timer_DriverIRQHandler
                0x00000232                I2C2_DriverIRQHandler
                0x00000232                DAC1_DriverIRQHandler
                0x00000232                SPI1_DriverIRQHandler
                0x00000232                CMP1_DriverIRQHandler
                0x00000232                UART5_RX_TX_DriverIRQHandler
                0x00000232                FTM0_DriverIRQHandler
                0x00000232                IntDefaultHandler
                0x00000232                USB0_DriverIRQHandler
                0x00000232                UART5_ERR_DriverIRQHandler
                0x00000232                PORTC_DriverIRQHandler
                0x00000232                DMA11_DriverIRQHandler
                0x00000232                DAC0_DriverIRQHandler
                0x00000232                DMA10_DriverIRQHandler
                0x00000232                CMP2_DriverIRQHandler
                0x00000232                UART2_ERR_DriverIRQHandler
                0x00000232                SPI2_DriverIRQHandler
                0x00000232                LVD_LVW_DriverIRQHandler
                0x00000232                PIT0_DriverIRQHandler
                0x00000232                RNG_DriverIRQHandler
                0x00000232                DMA5_DriverIRQHandler
                0x00000232                DMA12_DriverIRQHandler
                0x00000232                UART2_RX_TX_DriverIRQHandler
                0x00000232                USBDCD_DriverIRQHandler
                0x00000232                UART3_ERR_DriverIRQHandler
                0x00000232                DMA3_DriverIRQHandler
                0x00000232                DMA8_DriverIRQHandler
                0x00000232                DMA9_DriverIRQHandler
                0x00000232                UART0_ERR_DriverIRQHandler
                0x00000232                CMT_DriverIRQHandler
                0x00000232                Reserved71_DriverIRQHandler
                0x00000232                ADC1_DriverIRQHandler
                0x00000232                PORTA_DriverIRQHandler
                0x00000232                DMA14_DriverIRQHandler
                0x00000232                PIT3_DriverIRQHandler
                0x00000232                PIT1_DriverIRQHandler
                0x00000232                WDOG_EWM_DriverIRQHandler
                0x00000232                PDB0_DriverIRQHandler
                0x00000232                RTC_DriverIRQHandler
                0x00000232                I2S0_Rx_DriverIRQHandler
                0x00000232                Read_Collision_DriverIRQHandler
                0x00000232                SWI_DriverIRQHandler
                0x00000232                UART4_RX_TX_DriverIRQHandler
                0x00000232                UART4_ERR_DriverIRQHandler
                0x00000232                PORTB_DriverIRQHandler
                0x00000232                UART0_LON_DriverIRQHandler
                0x00000232                DMA0_DriverIRQHandler
                0x00000232                DMA1_DriverIRQHandler
                0x00000232                I2C1_DriverIRQHandler
                0x00000232                UART3_RX_TX_DriverIRQHandler
                0x00000232                ENET_Receive_DriverIRQHandler
                0x00000232                DMA13_DriverIRQHandler
                0x00000232                ENET_Error_DriverIRQHandler
                0x00000232                DMA15_DriverIRQHandler
                0x00000232                UART0_RX_TX_DriverIRQHandler
                0x00000232                SPI0_DriverIRQHandler
                0x00000232                ADC0_DriverIRQHandler
                0x00000232                CMP0_DriverIRQHandler
                0x00000232                CAN0_DriverIRQHandler
                0x00000232                FTM3_DriverIRQHandler
                0x00000232                DMA4_DriverIRQHandler
                0x00000232                UART1_ERR_DriverIRQHandler
                0x00000232                DMA2_DriverIRQHandler
                0x00000232                ENET_Transmit_DriverIRQHandler
                0x00000232                PORTD_DriverIRQHandler
                0x00000232                PORTE_DriverIRQHandler
                0x00000232                FTFE_DriverIRQHandler
                0x00000232                I2C0_DriverIRQHandler
                0x00000232                DMA7_DriverIRQHandler
                0x00000232                UART1_RX_TX_DriverIRQHandler
 .after_vectors.init_data
                0x00000234       0x1e ./SDK/startup/startup_mk64f12.o
                0x00000234                data_init
 .after_vectors.init_bss
                0x00000252       0x12 ./SDK/startup/startup_mk64f12.o
                0x00000252                bss_init
                0x00000400                . = 0x400
 *fill*         0x00000264      0x19c ff
                0x00000400                PROVIDE (__FLASH_CONFIG_START__, .)
 *(SORT_BY_ALIGNMENT(.FlashConfig))
 .FlashConfig   0x00000400       0x10 ./SDK/startup/startup_mk64f12.o
                0x00000400                Flash_Config
                0x00000410                PROVIDE (__FLASH_CONFIG_END__, .)
                0x00000001                ASSERT (! ((__FLASH_CONFIG_START__ == __FLASH_CONFIG_END__)), Linker Flash Config Support Enabled, but no .FlashConfig section provided within application)
 *(SORT_BY_ALIGNMENT(.text*))
 .text.App_Init
                0x00000410       0x50 ./source/App.o
                0x00000410                App_Init
 .text.App_Run  0x00000460       0xa4 ./source/App.o
                0x00000460                App_Run
 .text.initFSM  0x00000504       0x2c ./source/FSM.o
                0x00000504                initFSM
 .text.InitializeSegmentDisplay
                0x00000530       0x68 ./source/SegmentDisplay.o
                0x00000530                InitializeSegmentDisplay
 .text.PrintChar
                0x00000598       0x70 ./source/SegmentDisplay.o
                0x00000598                PrintChar
 .text.SysTick_Init
                0x00000608       0x38 ./source/SysTick.o
                0x00000608                SysTick_Init
 .text.SysTick_Handler
                0x00000640       0x20 ./source/SysTick.o
                0x00000640                SysTick_Handler
 .text.initializeDataBase
                0x00000660       0x68 ./source/dataBase.o
                0x00000660                initializeDataBase
 .text.changePIN
                0x000006c8       0xac ./source/dataBase.o
                0x000006c8                changePIN
 .text.addUser  0x00000774       0x74 ./source/dataBase.o
                0x00000774                addUser
 .text.removeUserID
                0x000007e8       0xe0 ./source/dataBase.o
                0x000007e8                removeUserID
 .text.verifyID
                0x000008c8       0x80 ./source/dataBase.o
                0x000008c8                verifyID
 .text.verifyPIN
                0x00000948       0xbc ./source/dataBase.o
                0x00000948                verifyPIN
 .text.verifyCategory
                0x00000a04       0x8c ./source/dataBase.o
                0x00000a04                verifyCategory
 .text.ShiftLeft
                0x00000a90       0x10 ./source/display.o
                0x00000a90                ShiftLeft
 .text.ClearDisplay
                0x00000aa0       0x30 ./source/display.o
                0x00000aa0                ClearDisplay
 .text.InitializeDisplay
                0x00000ad0       0x60 ./source/display.o
                0x00000ad0                InitializeDisplay
 .text.SetBrightness
                0x00000b30       0x14 ./source/display.o
                0x00000b30                SetBrightness
 .text.UpdateDisplay
                0x00000b44       0xc8 ./source/display.o
                0x00000b44                UpdateDisplay
 .text.PrintMessage
                0x00000c0c       0x6c ./source/display.o
                0x00000c0c                PrintMessage
 .text.openDoorTemporally
                0x00000c78       0x18 ./source/doorManagement.o
                0x00000c78                openDoorTemporally
 .text.initializeEncoderQueue
                0x00000c90       0x14 ./source/encoder.o
                0x00000c90                initializeEncoderQueue
 .text.initializeEncoder
                0x00000ca4       0x58 ./source/encoder.o
                0x00000ca4                initializeEncoder
 .text.popEncoderEvent
                0x00000cfc       0x40 ./source/encoder.o
                0x00000cfc                popEncoderEvent
 .text.isEncEventValid
                0x00000d3c       0x10 ./source/encoder.o
                0x00000d3c                isEncEventValid
 .text.pushEncoderEvent
                0x00000d4c       0x3c ./source/encoder.o
                0x00000d4c                pushEncoderEvent
 .text.updateData
                0x00000d88       0x18 ./source/encoderDecoder.o
                0x00000d88                updateData
 .text.decodeEncoder
                0x00000da0       0x50 ./source/encoderDecoder.o
                0x00000da0                decodeEncoder
 .text.resetData
                0x00000df0       0x14 ./source/encoderDecoder.o
                0x00000df0                resetData
 .text.checkEnterRisingEdge
                0x00000e04       0x14 ./source/encoderDecoder.o
                0x00000e04                checkEnterRisingEdge
 .text.checkEnterFallingEdge
                0x00000e18       0x14 ./source/encoderDecoder.o
                0x00000e18                checkEnterFallingEdge
 .text.encTimerRoutine
                0x00000e2c       0x18 ./source/encoderHAL.o
                0x00000e2c                encTimerRoutine
 .text.initializeEncoderHAL
                0x00000e44       0x68 ./source/encoderHAL.o
                0x00000e44                initializeEncoderHAL
 .text.resetEncoderTimerCount
                0x00000eac       0x14 ./source/encoderHAL.o
                0x00000eac                resetEncoderTimerCount
 .text.getEncTimerCount
                0x00000ec0        0xc ./source/encoderHAL.o
                0x00000ec0                getEncTimerCount
 .text.PORTX_IRQHandler
                0x00000ecc       0x54 ./source/gpio.o
                0x00000ecc                PORTX_IRQHandler
 .text.gpioMode
                0x00000f20       0x98 ./source/gpio.o
                0x00000f20                gpioMode
 .text.gpioRead
                0x00000fb8       0x3c ./source/gpio.o
                0x00000fb8                gpioRead
 .text.setPassiveFilter
                0x00000ff4       0x38 ./source/gpio.o
                0x00000ff4                setPassiveFilter
 .text.gpioWrite
                0x0000102c       0x40 ./source/gpio.o
                0x0000102c                gpioWrite
 .text.gpioIRQ  0x0000106c       0x98 ./source/gpio.o
                0x0000106c                gpioIRQ
 .text.magnetDataParser
                0x00001104       0x44 ./source/magnetCardDecode.o
                0x00001104                magnetDataParser
 .text.enableRoutine
                0x00001148       0x78 ./source/magnetLectorHAL.o
                0x00001148                enableRoutine
 .text.clockRoutine
                0x000011c0       0x4c ./source/magnetLectorHAL.o
                0x000011c0                clockRoutine
 .text.getLectureEvent
                0x0000120c       0x44 ./source/magnetLectorHAL.o
                0x0000120c                getLectureEvent
 .text.isEventinLectorQueue
                0x00001250       0x10 ./source/magnetLectorHAL.o
                0x00001250                isEventinLectorQueue
 .text.initLectorQueue
                0x00001260       0x14 ./source/magnetLectorHAL.o
                0x00001260                initLectorQueue
 .text.hwLectorInit
                0x00001274       0x74 ./source/magnetLectorHAL.o
                0x00001274                hwLectorInit
 .text.createIDString
                0x000012e8       0x50 ./source/stateAddingUser.o
 .text.AUinputEvHandler
                0x00001338      0x1c8 ./source/stateAddingUser.o
                0x00001338                AUinputEvHandler
 .text.AUtimerEvHandler
                0x00001500       0x58 ./source/stateAddingUser.o
                0x00001500                AUtimerEvHandler
 .text.AUkeycardEvHandler
                0x00001558       0xa4 ./source/stateAddingUser.o
                0x00001558                AUkeycardEvHandler
 .text.createPINString
                0x000015fc       0x4c ./source/stateAddingUserPIN.o
 .text.AUPinputEvHandler
                0x00001648      0x2a8 ./source/stateAddingUserPIN.o
                0x00001648                AUPinputEvHandler
 .text.AUPtimerEvHandler
                0x000018f0       0x58 ./source/stateAddingUserPIN.o
                0x000018f0                AUPtimerEvHandler
 .text.AUPkeycardEvHandler
                0x00001948       0xa4 ./source/stateAddingUserPIN.o
                0x00001948                AUPkeycardEvHandler
 .text.AMinputEvHandler
                0x000019ec      0x114 ./source/stateAdminMode.o
                0x000019ec                AMinputEvHandler
 .text.AMtimerEvHandler
                0x00001b00       0x58 ./source/stateAdminMode.o
                0x00001b00                AMtimerEvHandler
 .text.AMkeycardEvHandler
                0x00001b58       0xa4 ./source/stateAdminMode.o
                0x00001b58                AMkeycardEvHandler
 .text.BtimerEvHandler
                0x00001bfc       0x5c ./source/stateBlocked.o
                0x00001bfc                BtimerEvHandler
 .text.CIinputEvHandler
                0x00001c58       0xe4 ./source/stateChangeIntensity.o
                0x00001c58                CIinputEvHandler
 .text.CIkeycardEvHandler
                0x00001d3c       0xa4 ./source/stateChangeIntensity.o
                0x00001d3c                CIkeycardEvHandler
 .text.createPINString
                0x00001de0       0x4c ./source/stateChangingPIN.o
 .text.CPinputEvHandler
                0x00001e2c      0x1ec ./source/stateChangingPIN.o
                0x00001e2c                CPinputEvHandler
 .text.CPtimerEvHandler
                0x00002018       0x58 ./source/stateChangingPIN.o
                0x00002018                CPtimerEvHandler
 .text.CPkeycardEvHandler
                0x00002070       0xa4 ./source/stateChangingPIN.o
                0x00002070                CPkeycardEvHandler
 .text.MinputEvHandler
                0x00002114       0xe0 ./source/stateMenu.o
                0x00002114                MinputEvHandler
 .text.MkeycardEvHandler
                0x000021f4       0x98 ./source/stateMenu.o
                0x000021f4                MkeycardEvHandler
 .text.createIDString
                0x0000228c       0x50 ./source/stateReceivingID.o
 .text.RIinputEvHandler
                0x000022dc      0x1d4 ./source/stateReceivingID.o
                0x000022dc                RIinputEvHandler
 .text.RItimerEvHandler
                0x000024b0       0x58 ./source/stateReceivingID.o
                0x000024b0                RItimerEvHandler
 .text.RIkeycardEvHandler
                0x00002508       0x98 ./source/stateReceivingID.o
                0x00002508                RIkeycardEvHandler
 .text.createPINString
                0x000025a0       0x70 ./source/stateReceivingPIN.o
 .text.getBlockedTime
                0x00002610       0x44 ./source/stateReceivingPIN.o
 .text.RPinputEvHandler
                0x00002654      0x354 ./source/stateReceivingPIN.o
                0x00002654                RPinputEvHandler
 .text.RPtimerEvHandler
                0x000029a8       0x7c ./source/stateReceivingPIN.o
                0x000029a8                RPtimerEvHandler
 .text.RPkeycardEvHandler
                0x00002a24       0xf0 ./source/stateReceivingPIN.o
                0x00002a24                RPkeycardEvHandler
 .text.createIDString
                0x00002b14       0x50 ./source/stateRemovingUser.o
 .text.RUinputEvHandler
                0x00002b64      0x1a4 ./source/stateRemovingUser.o
                0x00002b64                RUinputEvHandler
 .text.RUtimerEvHandler
                0x00002d08       0x58 ./source/stateRemovingUser.o
                0x00002d08                RUtimerEvHandler
 .text.RUkeycardEvHandler
                0x00002d60       0xa4 ./source/stateRemovingUser.o
                0x00002d60                RUkeycardEvHandler
 .text.UAinputEvHandler
                0x00002e04      0x168 ./source/stateUserApproved.o
                0x00002e04                UAinputEvHandler
 .text.UAtimerEvHandler
                0x00002f6c       0x58 ./source/stateUserApproved.o
                0x00002f6c                UAtimerEvHandler
 .text.UAkeycardEvHandler
                0x00002fc4       0xa4 ./source/stateUserApproved.o
                0x00002fc4                UAkeycardEvHandler
 .text.sysTickCallback
                0x00003068       0x34 ./source/timer.o
                0x00003068                sysTickCallback
 .text.InitializeTimers
                0x0000309c       0x3c ./source/timer.o
                0x0000309c                InitializeTimers
 .text.SetTimer
                0x000030d8       0x54 ./source/timer.o
                0x000030d8                SetTimer
 .text.EnableTimer
                0x0000312c       0x10 ./source/timer.o
                0x0000312c                EnableTimer
 .text.DisableTimer
                0x0000313c       0x10 ./source/timer.o
                0x0000313c                DisableTimer
 .text.RestartTimer
                0x0000314c       0x10 ./source/timer.o
                0x0000314c                RestartTimer
 .text.InitializeTimerQueue
                0x0000315c        0xc ./source/timer_queue.o
                0x0000315c                InitializeTimerQueue
 .text.PushTimerEv
                0x00003168       0x24 ./source/timer_queue.o
                0x00003168                PushTimerEv
 .text.PopTimerEv
                0x0000318c       0x10 ./source/timer_queue.o
                0x0000318c                PopTimerEv
 .text.IsTimerQueueEmpty
                0x0000319c       0x10 ./source/timer_queue.o
                0x0000319c                IsTimerQueueEmpty
 .text.hw_Init  0x000031ac       0xc0 ./SDK/startup/hardware.o
                0x000031ac                hw_Init
 .text.hw_EnableInterrupts
                0x0000326c       0x18 ./SDK/startup/hardware.o
                0x0000326c                hw_EnableInterrupts
 .text.hw_DisableInterrupts
                0x00003284       0x10 ./SDK/startup/hardware.o
                0x00003284                hw_DisableInterrupts
 .text.SystemInit
                0x00003294       0x34 ./SDK/CMSIS/system_MK64F12.o
                0x00003294                SystemInit
 .text.inactCallback
                0x000032c8        0xa ./source/App.o
                0x000032c8                inactCallback
 .text.SelectDigit
                0x000032d2       0x56 ./source/SegmentDisplay.o
                0x000032d2                SelectDigit
 .text.SetDigit
                0x00003328       0x80 ./source/SegmentDisplay.o
                0x00003328                SetDigit
 .text.GenerateDisplayEv
                0x000033a8        0xa ./source/display.o
                0x000033a8                GenerateDisplayEv
 .text.GetStringSize
                0x000033b2       0x14 ./source/display.o
                0x000033b2                GetStringSize
 .text.openDoor
                0x000033c6        0xc ./source/doorManagement.o
                0x000033c6                openDoor
 .text.closeDoor
                0x000033d2        0xc ./source/doorManagement.o
                0x000033d2                closeDoor
 .text.doorInit
                0x000033de       0x14 ./source/doorManagement.o
                0x000033de                doorInit
 .text.closeAfterTimeOut
                0x000033f2        0xe ./source/doorManagement.o
                0x000033f2                closeAfterTimeOut
 .text.rotationCallback
                0x00003400       0x5a ./source/encoder.o
                0x00003400                rotationCallback
 .text.buttonCallback
                0x0000345a       0x44 ./source/encoder.o
                0x0000345a                buttonCallback
 .text.readEncoderSignalX
                0x0000349e       0x28 ./source/encoderHAL.o
                0x0000349e                readEncoderSignalX
 .text.setButtonCallback
                0x000034c6        0xe ./source/encoderHAL.o
                0x000034c6                setButtonCallback
 .text.PORTA_IRQHandler
                0x000034d4        0xa ./source/gpio.o
                0x000034d4                PORTA_IRQHandler
 .text.PORTB_IRQHandler
                0x000034de        0xa ./source/gpio.o
                0x000034de                PORTB_IRQHandler
 .text.PORTC_IRQHandler
                0x000034e8        0xa ./source/gpio.o
                0x000034e8                PORTC_IRQHandler
 .text.PORTD_IRQHandler
                0x000034f2        0xa ./source/gpio.o
                0x000034f2                PORTD_IRQHandler
 .text.PORTE_IRQHandler
                0x000034fc        0xa ./source/gpio.o
                0x000034fc                PORTE_IRQHandler
 .text.setGPIOdataOut
                0x00003506       0x1c ./source/gpio.o
                0x00003506                setGPIOdataOut
 .text.setPCRirqc
                0x00003522       0x16 ./source/gpio.o
                0x00003522                setPCRirqc
 .text.identifyCardSymbol
                0x00003538       0x68 ./source/magnetCardDecode.o
                0x00003538                identifyCardSymbol
 .text.shapeMagnetTrack
                0x000035a0       0x22 ./source/magnetCardDecode.o
                0x000035a0                shapeMagnetTrack
 .text.getTrackShaped
                0x000035c2       0xd0 ./source/magnetCardDecode.o
                0x000035c2                getTrackShaped
 .text.decodeTrackX
                0x00003692      0x180 ./source/magnetCardDecode.o
                0x00003692                decodeTrackX
 .text.initMagnetCardLector
                0x00003812       0x18 ./source/magnetCardLector.o
                0x00003812                initMagnetCardLector
 .text.someMagnetCard2Read
                0x0000382a        0x8 ./source/magnetCardLector.o
                0x0000382a                someMagnetCard2Read
 .text.getLectureDecoded
                0x00003832       0x4a ./source/magnetCardLector.o
                0x00003832                getLectureDecoded
 .text.getEvent
                0x0000387c       0x48 ./source/queue.o
                0x0000387c                getEvent
 .text.userDataReset
                0x000038c4       0x58 ./source/queue.o
                0x000038c4                userDataReset
 .text.BinputEvHandler
                0x0000391c        0x6 ./source/stateBlocked.o
                0x0000391c                BinputEvHandler
 .text.BkeycardEvHandler
                0x00003922        0x6 ./source/stateBlocked.o
                0x00003922                BkeycardEvHandler
 .text.CItimerEvHandler
                0x00003928       0x18 ./source/stateChangeIntensity.o
                0x00003928                CItimerEvHandler
 .text.MtimerEvHandler
                0x00003940       0x18 ./source/stateMenu.o
                0x00003940                MtimerEvHandler
 .text.blockedCallback
                0x00003958       0x14 ./source/stateReceivingPIN.o
                0x00003958                blockedCallback
 .text.main     0x0000396c       0x18 ./SDK/startup/main.o
                0x0000396c                main
 .text.HardFault_Handler
                0x00003984       0x2a ./SDK/startup/semihost_hardfault.o
                0x00003984                HardFault_Handler
 .text.DMA0_IRQHandler
                0x000039ae        0x8 ./SDK/startup/startup_mk64f12.o
                0x000039ae                DMA0_IRQHandler
 .text.DMA1_IRQHandler
                0x000039b6        0x8 ./SDK/startup/startup_mk64f12.o
                0x000039b6                DMA1_IRQHandler
 .text.DMA2_IRQHandler
                0x000039be        0x8 ./SDK/startup/startup_mk64f12.o
                0x000039be                DMA2_IRQHandler
 .text.DMA3_IRQHandler
                0x000039c6        0x8 ./SDK/startup/startup_mk64f12.o
                0x000039c6                DMA3_IRQHandler
 .text.DMA4_IRQHandler
                0x000039ce        0x8 ./SDK/startup/startup_mk64f12.o
                0x000039ce                DMA4_IRQHandler
 .text.DMA5_IRQHandler
                0x000039d6        0x8 ./SDK/startup/startup_mk64f12.o
                0x000039d6                DMA5_IRQHandler
 .text.DMA6_IRQHandler
                0x000039de        0x8 ./SDK/startup/startup_mk64f12.o
                0x000039de                DMA6_IRQHandler
 .text.DMA7_IRQHandler
                0x000039e6        0x8 ./SDK/startup/startup_mk64f12.o
                0x000039e6                DMA7_IRQHandler
 .text.DMA8_IRQHandler
                0x000039ee        0x8 ./SDK/startup/startup_mk64f12.o
                0x000039ee                DMA8_IRQHandler
 .text.DMA9_IRQHandler
                0x000039f6        0x8 ./SDK/startup/startup_mk64f12.o
                0x000039f6                DMA9_IRQHandler
 .text.DMA10_IRQHandler
                0x000039fe        0x8 ./SDK/startup/startup_mk64f12.o
                0x000039fe                DMA10_IRQHandler
 .text.DMA11_IRQHandler
                0x00003a06        0x8 ./SDK/startup/startup_mk64f12.o
                0x00003a06                DMA11_IRQHandler
 .text.DMA12_IRQHandler
                0x00003a0e        0x8 ./SDK/startup/startup_mk64f12.o
                0x00003a0e                DMA12_IRQHandler
 .text.DMA13_IRQHandler
                0x00003a16        0x8 ./SDK/startup/startup_mk64f12.o
                0x00003a16                DMA13_IRQHandler
 .text.DMA14_IRQHandler
                0x00003a1e        0x8 ./SDK/startup/startup_mk64f12.o
                0x00003a1e                DMA14_IRQHandler
 .text.DMA15_IRQHandler
                0x00003a26        0x8 ./SDK/startup/startup_mk64f12.o
                0x00003a26                DMA15_IRQHandler
 .text.DMA_Error_IRQHandler
                0x00003a2e        0x8 ./SDK/startup/startup_mk64f12.o
                0x00003a2e                DMA_Error_IRQHandler
 .text.MCM_IRQHandler
                0x00003a36        0x8 ./SDK/startup/startup_mk64f12.o
                0x00003a36                MCM_IRQHandler
 .text.FTFE_IRQHandler
                0x00003a3e        0x8 ./SDK/startup/startup_mk64f12.o
                0x00003a3e                FTFE_IRQHandler
 .text.Read_Collision_IRQHandler
                0x00003a46        0x8 ./SDK/startup/startup_mk64f12.o
                0x00003a46                Read_Collision_IRQHandler
 .text.LVD_LVW_IRQHandler
                0x00003a4e        0x8 ./SDK/startup/startup_mk64f12.o
                0x00003a4e                LVD_LVW_IRQHandler
 .text.LLWU_IRQHandler
                0x00003a56        0x8 ./SDK/startup/startup_mk64f12.o
                0x00003a56                LLWU_IRQHandler
 .text.WDOG_EWM_IRQHandler
                0x00003a5e        0x8 ./SDK/startup/startup_mk64f12.o
                0x00003a5e                WDOG_EWM_IRQHandler
 .text.RNG_IRQHandler
                0x00003a66        0x8 ./SDK/startup/startup_mk64f12.o
                0x00003a66                RNG_IRQHandler
 .text.I2C0_IRQHandler
                0x00003a6e        0x8 ./SDK/startup/startup_mk64f12.o
                0x00003a6e                I2C0_IRQHandler
 .text.I2C1_IRQHandler
                0x00003a76        0x8 ./SDK/startup/startup_mk64f12.o
                0x00003a76                I2C1_IRQHandler
 .text.SPI0_IRQHandler
                0x00003a7e        0x8 ./SDK/startup/startup_mk64f12.o
                0x00003a7e                SPI0_IRQHandler
 .text.SPI1_IRQHandler
                0x00003a86        0x8 ./SDK/startup/startup_mk64f12.o
                0x00003a86                SPI1_IRQHandler
 .text.I2S0_Tx_IRQHandler
                0x00003a8e        0x8 ./SDK/startup/startup_mk64f12.o
                0x00003a8e                I2S0_Tx_IRQHandler
 .text.I2S0_Rx_IRQHandler
                0x00003a96        0x8 ./SDK/startup/startup_mk64f12.o
                0x00003a96                I2S0_Rx_IRQHandler
 .text.UART0_LON_IRQHandler
                0x00003a9e        0x8 ./SDK/startup/startup_mk64f12.o
                0x00003a9e                UART0_LON_IRQHandler
 .text.UART0_RX_TX_IRQHandler
                0x00003aa6        0x8 ./SDK/startup/startup_mk64f12.o
                0x00003aa6                UART0_RX_TX_IRQHandler
 .text.UART0_ERR_IRQHandler
                0x00003aae        0x8 ./SDK/startup/startup_mk64f12.o
                0x00003aae                UART0_ERR_IRQHandler
 .text.UART1_RX_TX_IRQHandler
                0x00003ab6        0x8 ./SDK/startup/startup_mk64f12.o
                0x00003ab6                UART1_RX_TX_IRQHandler
 .text.UART1_ERR_IRQHandler
                0x00003abe        0x8 ./SDK/startup/startup_mk64f12.o
                0x00003abe                UART1_ERR_IRQHandler
 .text.UART2_RX_TX_IRQHandler
                0x00003ac6        0x8 ./SDK/startup/startup_mk64f12.o
                0x00003ac6                UART2_RX_TX_IRQHandler
 .text.UART2_ERR_IRQHandler
                0x00003ace        0x8 ./SDK/startup/startup_mk64f12.o
                0x00003ace                UART2_ERR_IRQHandler
 .text.UART3_RX_TX_IRQHandler
                0x00003ad6        0x8 ./SDK/startup/startup_mk64f12.o
                0x00003ad6                UART3_RX_TX_IRQHandler
 .text.UART3_ERR_IRQHandler
                0x00003ade        0x8 ./SDK/startup/startup_mk64f12.o
                0x00003ade                UART3_ERR_IRQHandler
 .text.ADC0_IRQHandler
                0x00003ae6        0x8 ./SDK/startup/startup_mk64f12.o
                0x00003ae6                ADC0_IRQHandler
 .text.CMP0_IRQHandler
                0x00003aee        0x8 ./SDK/startup/startup_mk64f12.o
                0x00003aee                CMP0_IRQHandler
 .text.CMP1_IRQHandler
                0x00003af6        0x8 ./SDK/startup/startup_mk64f12.o
                0x00003af6                CMP1_IRQHandler
 .text.FTM0_IRQHandler
                0x00003afe        0x8 ./SDK/startup/startup_mk64f12.o
                0x00003afe                FTM0_IRQHandler
 .text.FTM1_IRQHandler
                0x00003b06        0x8 ./SDK/startup/startup_mk64f12.o
                0x00003b06                FTM1_IRQHandler
 .text.FTM2_IRQHandler
                0x00003b0e        0x8 ./SDK/startup/startup_mk64f12.o
                0x00003b0e                FTM2_IRQHandler
 .text.CMT_IRQHandler
                0x00003b16        0x8 ./SDK/startup/startup_mk64f12.o
                0x00003b16                CMT_IRQHandler
 .text.RTC_IRQHandler
                0x00003b1e        0x8 ./SDK/startup/startup_mk64f12.o
                0x00003b1e                RTC_IRQHandler
 .text.RTC_Seconds_IRQHandler
                0x00003b26        0x8 ./SDK/startup/startup_mk64f12.o
                0x00003b26                RTC_Seconds_IRQHandler
 .text.PIT0_IRQHandler
                0x00003b2e        0x8 ./SDK/startup/startup_mk64f12.o
                0x00003b2e                PIT0_IRQHandler
 .text.PIT1_IRQHandler
                0x00003b36        0x8 ./SDK/startup/startup_mk64f12.o
                0x00003b36                PIT1_IRQHandler
 .text.PIT2_IRQHandler
                0x00003b3e        0x8 ./SDK/startup/startup_mk64f12.o
                0x00003b3e                PIT2_IRQHandler
 .text.PIT3_IRQHandler
                0x00003b46        0x8 ./SDK/startup/startup_mk64f12.o
                0x00003b46                PIT3_IRQHandler
 .text.PDB0_IRQHandler
                0x00003b4e        0x8 ./SDK/startup/startup_mk64f12.o
                0x00003b4e                PDB0_IRQHandler
 .text.USB0_IRQHandler
                0x00003b56        0x8 ./SDK/startup/startup_mk64f12.o
                0x00003b56                USB0_IRQHandler
 .text.USBDCD_IRQHandler
                0x00003b5e        0x8 ./SDK/startup/startup_mk64f12.o
                0x00003b5e                USBDCD_IRQHandler
 .text.Reserved71_IRQHandler
                0x00003b66        0x8 ./SDK/startup/startup_mk64f12.o
                0x00003b66                Reserved71_IRQHandler
 .text.DAC0_IRQHandler
                0x00003b6e        0x8 ./SDK/startup/startup_mk64f12.o
                0x00003b6e                DAC0_IRQHandler
 .text.MCG_IRQHandler
                0x00003b76        0x8 ./SDK/startup/startup_mk64f12.o
                0x00003b76                MCG_IRQHandler
 .text.LPTMR0_IRQHandler
                0x00003b7e        0x8 ./SDK/startup/startup_mk64f12.o
                0x00003b7e                LPTMR0_IRQHandler
 .text.SWI_IRQHandler
                0x00003b86        0x8 ./SDK/startup/startup_mk64f12.o
                0x00003b86                SWI_IRQHandler
 .text.SPI2_IRQHandler
                0x00003b8e        0x8 ./SDK/startup/startup_mk64f12.o
                0x00003b8e                SPI2_IRQHandler
 .text.UART4_RX_TX_IRQHandler
                0x00003b96        0x8 ./SDK/startup/startup_mk64f12.o
                0x00003b96                UART4_RX_TX_IRQHandler
 .text.UART4_ERR_IRQHandler
                0x00003b9e        0x8 ./SDK/startup/startup_mk64f12.o
                0x00003b9e                UART4_ERR_IRQHandler
 .text.UART5_RX_TX_IRQHandler
                0x00003ba6        0x8 ./SDK/startup/startup_mk64f12.o
                0x00003ba6                UART5_RX_TX_IRQHandler
 .text.UART5_ERR_IRQHandler
                0x00003bae        0x8 ./SDK/startup/startup_mk64f12.o
                0x00003bae                UART5_ERR_IRQHandler
 .text.CMP2_IRQHandler
                0x00003bb6        0x8 ./SDK/startup/startup_mk64f12.o
                0x00003bb6                CMP2_IRQHandler
 .text.FTM3_IRQHandler
                0x00003bbe        0x8 ./SDK/startup/startup_mk64f12.o
                0x00003bbe                FTM3_IRQHandler
 .text.DAC1_IRQHandler
                0x00003bc6        0x8 ./SDK/startup/startup_mk64f12.o
                0x00003bc6                DAC1_IRQHandler
 .text.ADC1_IRQHandler
                0x00003bce        0x8 ./SDK/startup/startup_mk64f12.o
                0x00003bce                ADC1_IRQHandler
 .text.I2C2_IRQHandler
                0x00003bd6        0x8 ./SDK/startup/startup_mk64f12.o
                0x00003bd6                I2C2_IRQHandler
 .text.CAN0_ORed_Message_buffer_IRQHandler
                0x00003bde        0x8 ./SDK/startup/startup_mk64f12.o
                0x00003bde                CAN0_ORed_Message_buffer_IRQHandler
 .text.CAN0_Bus_Off_IRQHandler
                0x00003be6        0x8 ./SDK/startup/startup_mk64f12.o
                0x00003be6                CAN0_Bus_Off_IRQHandler
 .text.CAN0_Error_IRQHandler
                0x00003bee        0x8 ./SDK/startup/startup_mk64f12.o
                0x00003bee                CAN0_Error_IRQHandler
 .text.CAN0_Tx_Warning_IRQHandler
                0x00003bf6        0x8 ./SDK/startup/startup_mk64f12.o
                0x00003bf6                CAN0_Tx_Warning_IRQHandler
 .text.CAN0_Rx_Warning_IRQHandler
                0x00003bfe        0x8 ./SDK/startup/startup_mk64f12.o
                0x00003bfe                CAN0_Rx_Warning_IRQHandler
 .text.CAN0_Wake_Up_IRQHandler
                0x00003c06        0x8 ./SDK/startup/startup_mk64f12.o
                0x00003c06                CAN0_Wake_Up_IRQHandler
 .text.SDHC_IRQHandler
                0x00003c0e        0x8 ./SDK/startup/startup_mk64f12.o
                0x00003c0e                SDHC_IRQHandler
 .text.ENET_1588_Timer_IRQHandler
                0x00003c16        0x8 ./SDK/startup/startup_mk64f12.o
                0x00003c16                ENET_1588_Timer_IRQHandler
 .text.ENET_Transmit_IRQHandler
                0x00003c1e        0x8 ./SDK/startup/startup_mk64f12.o
                0x00003c1e                ENET_Transmit_IRQHandler
 .text.ENET_Receive_IRQHandler
                0x00003c26        0x8 ./SDK/startup/startup_mk64f12.o
                0x00003c26                ENET_Receive_IRQHandler
 .text.ENET_Error_IRQHandler
                0x00003c2e        0x8 ./SDK/startup/startup_mk64f12.o
                0x00003c2e                ENET_Error_IRQHandler
 .text.SystemInitHook
                0x00003c36        0x2 ./SDK/CMSIS/system_MK64F12.o
                0x00003c36                SystemInitHook
 .text.memcpy   0x00003c38        0x4 c:/nxp/mcuxpressoide_10.2.0_759/ide/tools/bin/../lib/gcc/arm-none-eabi/7.2.1/../../../../arm-none-eabi/lib/thumb/v7e-m/fpv4-sp/hard\libcr_c.a(memcpy.o)
                0x00003c38                memcpy
 .text.__aeabi_memcpy
                0x00003c3c       0x34 c:/nxp/mcuxpressoide_10.2.0_759/ide/tools/bin/../lib/gcc/arm-none-eabi/7.2.1/thumb/v7e-m/fpv4-sp/hard\libcr_eabihelpers.a(memcpy.o)
                0x00003c3c                __aeabi_memcpy
                0x00003c46                __aeabi_memcpy8
                0x00003c46                __aeabi_memcpy4
 *(SORT_BY_ALIGNMENT(.rodata) SORT_BY_ALIGNMENT(.rodata.*) SORT_BY_ALIGNMENT(.constdata) SORT_BY_ALIGNMENT(.constdata.*))
 .rodata.initFSM.str1.4
                0x00003c70        0x5 ./source/FSM.o
 *fill*         0x00003c75        0x3 ff
 .rodata.letters_segment_array
                0x00003c78       0x1a ./source/SegmentDisplay.o
 *fill*         0x00003c92        0x2 ff
 .rodata.number_segment_array
                0x00003c94        0xa ./source/SegmentDisplay.o
 *fill*         0x00003c9e        0x2 ff
 .rodata        0x00003ca0       0x2e ./source/dataBase.o
 .rodata.ClearDisplay.str1.4
                0x00003cce        0x5 ./source/display.o
                                  0x1 (size before relaxing)
 *fill*         0x00003cce        0x2 ff
 .rodata        0x00003cd0       0x28 ./source/gpio.o
 .rodata.track1
                0x00003cf8       0x18 ./source/magnetCardDecode.o
                0x00003cf8                track1
 .rodata.track2
                0x00003d10       0x18 ./source/magnetCardDecode.o
                0x00003d10                track2
 .rodata.track3
                0x00003d28       0x18 ./source/magnetCardDecode.o
                0x00003d28                track3
 .rodata.AUinputEvHandler.str1.4
                0x00003d40       0x35 ./source/stateAddingUser.o
                                 0x3d (size before relaxing)
 *fill*         0x00003d75        0x3 ff
 .rodata.AUkeycardEvHandler.str1.4
                0x00003d78       0x2f ./source/stateAddingUser.o
 *fill*         0x00003da7        0x1 ff
 .rodata.idStrings
                0x00003da8        0xc ./source/stateAddingUser.o
 .rodata.AUPinputEvHandler.str1.4
                0x00003db4       0x32 ./source/stateAddingUserPIN.o
                                 0x39 (size before relaxing)
 .rodata.AUPkeycardEvHandler.str1.4
                0x00003de6       0x2f ./source/stateAddingUserPIN.o
 *fill*         0x00003de6        0x2 ff
 .rodata.pinStrings
                0x00003de8        0xd ./source/stateAddingUserPIN.o
 *fill*         0x00003df5        0x3 ff
 .rodata.AMinputEvHandler.str1.4
                0x00003df8       0x30 ./source/stateAdminMode.o
                                 0x35 (size before relaxing)
 .rodata.AMkeycardEvHandler.str1.4
                0x00003e28       0x2f ./source/stateAdminMode.o
 .rodata.str1.4
                0x00003e28        0x8 ./source/stateAdminMode.o
 .rodata.BtimerEvHandler.str1.4
                0x00003e30       0x12 ./source/stateBlocked.o
 *fill*         0x00003e42        0x2 ff
 .rodata.CIinputEvHandler.str1.4
                0x00003e44       0x1e ./source/stateChangeIntensity.o
                                 0x25 (size before relaxing)
 .rodata.CIkeycardEvHandler.str1.4
                0x00003e62       0x2f ./source/stateChangeIntensity.o
 *fill*         0x00003e62        0x2 ff
 .rodata.str1.4
                0x00003e64       0x10 ./source/stateChangeIntensity.o
 .rodata.CPinputEvHandler.str1.4
                0x00003e74        0xc ./source/stateChangingPIN.o
                                 0x11 (size before relaxing)
 .rodata.CPkeycardEvHandler.str1.4
                0x00003e80       0x2f ./source/stateChangingPIN.o
 .rodata.pinStrings
                0x00003e80        0xd ./source/stateChangingPIN.o
 *fill*         0x00003e8d        0x3 ff
 .rodata.MinputEvHandler.str1.4
                0x00003e90       0x1d ./source/stateMenu.o
 .rodata.MkeycardEvHandler.str1.4
                0x00003ead       0x23 ./source/stateMenu.o
 *fill*         0x00003ead        0x3 ff
 .rodata.menuStrings
                0x00003eb0        0x8 ./source/stateMenu.o
 .rodata.str1.4
                0x00003eb8        0x5 ./source/stateMenu.o
                                  0x9 (size before relaxing)
 .rodata.RIinputEvHandler.str1.4
                0x00003ebd       0x29 ./source/stateReceivingID.o
 *fill*         0x00003ebd        0x3 ff
 .rodata.idStrings
                0x00003ec0        0xc ./source/stateReceivingID.o
 .rodata.pinStrings
                0x00003ecc        0xd ./source/stateReceivingPIN.o
 *fill*         0x00003ed9        0x3 ff
 .rodata        0x00003edc       0x5b ./source/stateReceivingPIN.o
 *fill*         0x00003f37        0x1 ff
 .rodata.RUinputEvHandler.str1.4
                0x00003f38       0x1f ./source/stateRemovingUser.o
                                 0x25 (size before relaxing)
 .rodata.RUkeycardEvHandler.str1.4
                0x00003f57       0x2f ./source/stateRemovingUser.o
 *fill*         0x00003f57        0x1 ff
 .rodata.idStrings
                0x00003f58        0xc ./source/stateRemovingUser.o
 .rodata.UAinputEvHandler.str1.4
                0x00003f64       0x2b ./source/stateUserApproved.o
                                 0x43 (size before relaxing)
 .rodata.UAkeycardEvHandler.str1.4
                0x00003f8f       0x2f ./source/stateUserApproved.o
 *fill*         0x00003f8f        0x1 ff
 .rodata.menuStrings
                0x00003f90        0xc ./source/stateUserApproved.o
 .rodata.str1.4
                0x00003f9c       0x10 ./source/stateUserApproved.o
                0x00003fb0                . = ALIGN (0x8)
 *fill*         0x00003fac        0x4 ff

.glue_7         0x00003fb0        0x0
 .glue_7        0x00003fb0        0x0 linker stubs

.glue_7t        0x00003fb0        0x0
 .glue_7t       0x00003fb0        0x0 linker stubs

.vfp11_veneer   0x00003fb0        0x0
 .vfp11_veneer  0x00003fb0        0x0 linker stubs

.v4_bx          0x00003fb0        0x0
 .v4_bx         0x00003fb0        0x0 linker stubs

.iplt           0x00003fb0        0x0
 .iplt          0x00003fb0        0x0 ./source/App.o

.rel.dyn        0x00003fb0        0x0
 .rel.iplt      0x00003fb0        0x0 ./source/App.o

.ARM.extab
 *(SORT_BY_ALIGNMENT(.ARM.extab*) SORT_BY_ALIGNMENT(.gnu.linkonce.armextab.*))
                0x00003fb0                __exidx_start = .

.ARM.exidx
 *(SORT_BY_ALIGNMENT(.ARM.exidx*) SORT_BY_ALIGNMENT(.gnu.linkonce.armexidx.*))
                0x00003fb0                __exidx_end = .
                0x00003fb0                _etext = .

.m_usb_data
 *(SORT_BY_ALIGNMENT(m_usb_bdt))

.data_RAM2      0x1fff0000        0x0 load address 0x00003fb0
 FILL mask 0xff
                [!provide]                PROVIDE (__start_data_RAM2, .)
 *(SORT_BY_ALIGNMENT(.ramfunc.$RAM2))
 *(SORT_BY_ALIGNMENT(.ramfunc.$SRAM_LOWER))
 *(SORT_BY_ALIGNMENT(.data.$RAM2*))
 *(SORT_BY_ALIGNMENT(.data.$SRAM_LOWER*))
                0x1fff0000                . = ALIGN (0x8)
                [!provide]                PROVIDE (__end_data_RAM2, .)

.data_RAM3      0x14000000        0x0 load address 0x00003fb0
 FILL mask 0xff
                [!provide]                PROVIDE (__start_data_RAM3, .)
 *(SORT_BY_ALIGNMENT(.ramfunc.$RAM3))
 *(SORT_BY_ALIGNMENT(.ramfunc.$FLEX_RAM))
 *(SORT_BY_ALIGNMENT(.data.$RAM3*))
 *(SORT_BY_ALIGNMENT(.data.$FLEX_RAM*))
                0x14000000                . = ALIGN (0x8)
                [!provide]                PROVIDE (__end_data_RAM3, .)

.uninit_RESERVED
                0x20000000        0x0
 *(SORT_BY_ALIGNMENT(.bss.$RESERVED*))
                0x20000000                . = ALIGN (0x4)
                0x20000000                _end_uninit_RESERVED = .

.data           0x20000000       0x28 load address 0x00003fb0
 FILL mask 0xff
                0x20000000                _data = .
 *(SORT_BY_ALIGNMENT(vtable))
 *(SORT_BY_ALIGNMENT(.ramfunc*))
 *(SORT_BY_ALIGNMENT(.data*))
 .data.array2Tracks
                0x20000000        0xc ./source/magnetCardDecode.o
                0x20000000                array2Tracks
 .data.menuStrings
                0x2000000c        0x8 ./source/stateAdminMode.o
                0x2000000c                menuStrings
 .data.intStrings
                0x20000014       0x10 ./source/stateChangeIntensity.o
                0x20000014                intStrings
 .data.f2       0x20000024        0x4 ./source/stateReceivingPIN.o
                0x20000028                . = ALIGN (0x8)
                0x20000028                _edata = .

.igot.plt       0x20000028        0x0 load address 0x00003fd8
 .igot.plt      0x20000028        0x0 ./source/App.o

.bss_RAM2       0x1fff0000        0x0
                [!provide]                PROVIDE (__start_bss_RAM2, .)
 *(SORT_BY_ALIGNMENT(.bss.$RAM2*))
 *(SORT_BY_ALIGNMENT(.bss.$SRAM_LOWER*))
                0x1fff0000                . = ALIGN ((. != 0x0)?0x8:0x1)
                [!provide]                PROVIDE (__end_bss_RAM2, .)

.bss_RAM3       0x14000000        0x0
                [!provide]                PROVIDE (__start_bss_RAM3, .)
 *(SORT_BY_ALIGNMENT(.bss.$RAM3*))
 *(SORT_BY_ALIGNMENT(.bss.$FLEX_RAM*))
                0x14000000                . = ALIGN ((. != 0x0)?0x8:0x1)
                [!provide]                PROVIDE (__end_bss_RAM3, .)

.bss            0x20000028     0x10a0
                0x20000028                _bss = .
 *(SORT_BY_ALIGNMENT(.bss*))
 .bss.fsm       0x20000028       0x14 ./source/App.o
 .bss.nextState
                0x2000003c       0x10 ./source/App.o
 .bss.userData  0x2000004c       0xec ./source/App.o
 .bss.sysTickFun
                0x20000138        0x4 ./source/SysTick.o
                0x20000138                sysTickFun
 .bss.dataBase  0x2000013c       0x90 ./source/dataBase.o
 .bss.brigthness
                0x200001cc        0x4 ./source/display.o
 .bss.current_string
                0x200001d0        0x4 ./source/display.o
 .bss.display_position
                0x200001d4        0x4 ./source/display.o
 .bss.string_position
                0x200001d8        0x4 ./source/display.o
 .bss.string_size
                0x200001dc        0x4 ./source/display.o
 .bss.encoderQueue
                0x200001e0      0x640 ./source/encoder.o
 .bss.encoder   0x20000820        0x6 ./source/encoderDecoder.o
 *fill*         0x20000826        0x2 
 .bss.p2irqFunctions
                0x20000828      0x280 ./source/gpio.o
                0x20000828                p2irqFunctions
 .bss.counterDataIn
                0x20000aa8        0x4 ./source/magnetLectorHAL.o
                0x20000aa8                counterDataIn
 .bss.queue     0x20000aac      0x508 ./source/magnetLectorHAL.o
 .bss.IDstring  0x20000fb4        0x9 ./source/stateAddingUser.o
 *fill*         0x20000fbd        0x3 
 .bss.PINstring
                0x20000fc0        0x6 ./source/stateAddingUserPIN.o
 *fill*         0x20000fc6        0x2 
 .bss.PINstring
                0x20000fc8        0x6 ./source/stateChangingPIN.o
 *fill*         0x20000fce        0x2 
 .bss.IDstring  0x20000fd0        0x9 ./source/stateReceivingID.o
 *fill*         0x20000fd9        0x3 
 .bss.PINstring
                0x20000fdc        0x6 ./source/stateReceivingPIN.o
 *fill*         0x20000fe2        0x2 
 .bss.tryNro    0x20000fe4        0x4 ./source/stateReceivingPIN.o
 .bss.f1        0x20000fe8        0x4 ./source/stateReceivingPIN.o
 .bss.f3.5155   0x20000fec        0x4 ./source/stateReceivingPIN.o
 .bss.IDstring  0x20000ff0        0x9 ./source/stateRemovingUser.o
 *fill*         0x20000ff9        0x3 
 .bss.timers    0x20000ffc       0x80 ./source/timer.o
 .bss.queue     0x2000107c       0x38 ./source/timer_queue.o
 .bss.__LDM_interruptDisableCount
                0x200010b4        0x4 ./SDK/startup/hardware.o
 .bss.changingState
                0x200010b8        0x1 ./source/App.o
 .bss.initialized
                0x200010b9        0x1 ./source/SegmentDisplay.o
 .bss.display_counter
                0x200010ba        0x1 ./source/display.o
 .bss.initialized
                0x200010bb        0x1 ./source/display.o
 .bss.initialized_enc
                0x200010bc        0x1 ./source/encoder.o
 .bss.encoder_timer_count
                0x200010bd        0x1 ./source/encoderHAL.o
 .bss.initialized_enc_low
                0x200010be        0x1 ./source/encoderHAL.o
 .bss.enable    0x200010bf        0x1 ./source/magnetLectorHAL.o
                0x200010bf                enable
 .bss.hwLectorIsInit
                0x200010c0        0x1 ./source/magnetLectorHAL.o
                0x200010c0                hwLectorIsInit
 .bss.raw2save  0x200010c1        0x1 ./source/magnetLectorHAL.o
                0x200010c1                raw2save
 .bss.initialized
                0x200010c2        0x1 ./source/timer.o
 *(SORT_BY_ALIGNMENT(COMMON))
                0x200010c8                . = ALIGN (0x8)
 *fill*         0x200010c3        0x5 
                0x200010c8                _ebss = .
                [!provide]                PROVIDE (end, .)

.noinit_RAM2    0x1fff0000        0x0
 *(SORT_BY_ALIGNMENT(.noinit.$RAM2*))
 *(SORT_BY_ALIGNMENT(.noinit.$SRAM_LOWER*))
                0x1fff0000                . = ALIGN (0x8)

.noinit_RAM3    0x14000000        0x0
 *(SORT_BY_ALIGNMENT(.noinit.$RAM3*))
 *(SORT_BY_ALIGNMENT(.noinit.$FLEX_RAM*))
                0x14000000                . = ALIGN (0x8)

.noinit         0x200010c8        0x0
                0x200010c8                _noinit = .
 *(SORT_BY_ALIGNMENT(.noinit*))
                0x200010c8                . = ALIGN (0x8)
                0x200010c8                _end_noinit = .
                0x00001000                _HeapSize = 0x1000

.heap           0x200010c8     0x1000
                0x200010c8                _pvHeapStart = .
                0x200020c8                . = (. + _HeapSize)
 *fill*         0x200010c8     0x1000 
                0x200020c8                . = ALIGN (0x8)
                0x200020c8                _pvHeapLimit = .
                0x00001000                _StackSize = 0x1000

.heap2stackfill
                0x200020c8     0x1000
                0x200030c8                . = (. + _StackSize)
 *fill*         0x200020c8     0x1000 

.stack          0x2002f000        0x0
                0x2002f000                _vStackBase = .
                0x2002f000                . = ALIGN (0x8)
                0x20030000                _vStackTop = (. + _StackSize)
                0x00000000                _image_start = LOADADDR (.text)
                0x00003fd8                _image_end = (LOADADDR (.data) + SIZEOF (.data))
                0x00003fd8                _image_size = (_image_end - _image_start)
OUTPUT(ControlDeAcceso.axf elf32-littlearm)

.debug_info     0x00000000     0xb5b0
 .debug_info    0x00000000      0x59a ./source/App.o
 .debug_info    0x0000059a      0x39d ./source/FSM.o
 .debug_info    0x00000937      0x4a0 ./source/SegmentDisplay.o
 .debug_info    0x00000dd7      0x5a1 ./source/SysTick.o
 .debug_info    0x00001378      0x48d ./source/dataBase.o
 .debug_info    0x00001805      0x3a9 ./source/display.o
 .debug_info    0x00001bae      0x246 ./source/doorManagement.o
 .debug_info    0x00001df4      0x45c ./source/encoder.o
 .debug_info    0x00002250      0x225 ./source/encoderDecoder.o
 .debug_info    0x00002475      0x3c7 ./source/encoderHAL.o
 .debug_info    0x0000283c     0x1086 ./source/gpio.o
 .debug_info    0x000038c2      0x62f ./source/magnetCardDecode.o
 .debug_info    0x00003ef1      0x252 ./source/magnetCardLector.o
 .debug_info    0x00004143      0x45e ./source/magnetLectorHAL.o
 .debug_info    0x000045a1      0x3b9 ./source/queue.o
 .debug_info    0x0000495a      0x82b ./source/stateAddingUser.o
 .debug_info    0x00005185      0x98a ./source/stateAddingUserPIN.o
 .debug_info    0x00005b0f      0x66b ./source/stateAdminMode.o
 .debug_info    0x0000617a      0x42f ./source/stateBlocked.o
 .debug_info    0x000065a9      0x5f2 ./source/stateChangeIntensity.o
 .debug_info    0x00006b9b      0x8e1 ./source/stateChangingPIN.o
 .debug_info    0x0000747c      0x5c8 ./source/stateMenu.o
 .debug_info    0x00007a44      0x831 ./source/stateReceivingID.o
 .debug_info    0x00008275      0x55d ./source/stateReceivingPIN.o
 .debug_info    0x000087d2      0x85c ./source/stateRemovingUser.o
 .debug_info    0x0000902e      0x707 ./source/stateUserApproved.o
 .debug_info    0x00009735      0x288 ./source/timer.o
 .debug_info    0x000099bd      0x1aa ./source/timer_queue.o
 .debug_info    0x00009b67      0x675 ./SDK/startup/hardware.o
 .debug_info    0x0000a1dc      0x120 ./SDK/startup/main.o
 .debug_info    0x0000a2fc       0x3b ./SDK/startup/semihost_hardfault.o
 .debug_info    0x0000a337      0xc71 ./SDK/startup/startup_mk64f12.o
 .debug_info    0x0000afa8      0x608 ./SDK/CMSIS/system_MK64F12.o

.debug_abbrev   0x00000000     0x2b8a
 .debug_abbrev  0x00000000      0x166 ./source/App.o
 .debug_abbrev  0x00000166      0x106 ./source/FSM.o
 .debug_abbrev  0x0000026c       0xf0 ./source/SegmentDisplay.o
 .debug_abbrev  0x0000035c      0x1ef ./source/SysTick.o
 .debug_abbrev  0x0000054b      0x14c ./source/dataBase.o
 .debug_abbrev  0x00000697      0x130 ./source/display.o
 .debug_abbrev  0x000007c7       0xaa ./source/doorManagement.o
 .debug_abbrev  0x00000871      0x187 ./source/encoder.o
 .debug_abbrev  0x000009f8      0x125 ./source/encoderDecoder.o
 .debug_abbrev  0x00000b1d      0x12a ./source/encoderHAL.o
 .debug_abbrev  0x00000c47      0x368 ./source/gpio.o
 .debug_abbrev  0x00000faf      0x11f ./source/magnetCardDecode.o
 .debug_abbrev  0x000010ce      0x11a ./source/magnetCardLector.o
 .debug_abbrev  0x000011e8      0x190 ./source/magnetLectorHAL.o
 .debug_abbrev  0x00001378      0x159 ./source/queue.o
 .debug_abbrev  0x000014d1      0x186 ./source/stateAddingUser.o
 .debug_abbrev  0x00001657      0x18f ./source/stateAddingUserPIN.o
 .debug_abbrev  0x000017e6      0x170 ./source/stateAdminMode.o
 .debug_abbrev  0x00001956      0x13e ./source/stateBlocked.o
 .debug_abbrev  0x00001a94      0x170 ./source/stateChangeIntensity.o
 .debug_abbrev  0x00001c04      0x186 ./source/stateChangingPIN.o
 .debug_abbrev  0x00001d8a      0x15f ./source/stateMenu.o
 .debug_abbrev  0x00001ee9      0x186 ./source/stateReceivingID.o
 .debug_abbrev  0x0000206f      0x158 ./source/stateReceivingPIN.o
 .debug_abbrev  0x000021c7      0x186 ./source/stateRemovingUser.o
 .debug_abbrev  0x0000234d      0x15f ./source/stateUserApproved.o
 .debug_abbrev  0x000024ac      0x14d ./source/timer.o
 .debug_abbrev  0x000025f9      0x10a ./source/timer_queue.o
 .debug_abbrev  0x00002703      0x138 ./SDK/startup/hardware.o
 .debug_abbrev  0x0000283b       0x9b ./SDK/startup/main.o
 .debug_abbrev  0x000028d6       0x2f ./SDK/startup/semihost_hardfault.o
 .debug_abbrev  0x00002905      0x13b ./SDK/startup/startup_mk64f12.o
 .debug_abbrev  0x00002a40      0x14a ./SDK/CMSIS/system_MK64F12.o

.debug_aranges  0x00000000      0xad0
 .debug_aranges
                0x00000000       0x30 ./source/App.o
 .debug_aranges
                0x00000030       0x20 ./source/FSM.o
 .debug_aranges
                0x00000050       0x38 ./source/SegmentDisplay.o
 .debug_aranges
                0x00000088       0x28 ./source/SysTick.o
 .debug_aranges
                0x000000b0       0x58 ./source/dataBase.o
 .debug_aranges
                0x00000108       0x58 ./source/display.o
 .debug_aranges
                0x00000160       0x48 ./source/doorManagement.o
 .debug_aranges
                0x000001a8       0x50 ./source/encoder.o
 .debug_aranges
                0x000001f8       0x48 ./source/encoderDecoder.o
 .debug_aranges
                0x00000240       0x48 ./source/encoderHAL.o
 .debug_aranges
                0x00000288       0xc0 ./source/gpio.o
 .debug_aranges
                0x00000348       0x40 ./source/magnetCardDecode.o
 .debug_aranges
                0x00000388       0x30 ./source/magnetCardLector.o
 .debug_aranges
                0x000003b8       0x48 ./source/magnetLectorHAL.o
 .debug_aranges
                0x00000400       0x28 ./source/queue.o
 .debug_aranges
                0x00000428       0x38 ./source/stateAddingUser.o
 .debug_aranges
                0x00000460       0x38 ./source/stateAddingUserPIN.o
 .debug_aranges
                0x00000498       0x30 ./source/stateAdminMode.o
 .debug_aranges
                0x000004c8       0x30 ./source/stateBlocked.o
 .debug_aranges
                0x000004f8       0x30 ./source/stateChangeIntensity.o
 .debug_aranges
                0x00000528       0x38 ./source/stateChangingPIN.o
 .debug_aranges
                0x00000560       0x30 ./source/stateMenu.o
 .debug_aranges
                0x00000590       0x38 ./source/stateReceivingID.o
 .debug_aranges
                0x000005c8       0x48 ./source/stateReceivingPIN.o
 .debug_aranges
                0x00000610       0x38 ./source/stateRemovingUser.o
 .debug_aranges
                0x00000648       0x30 ./source/stateUserApproved.o
 .debug_aranges
                0x00000678       0x50 ./source/timer.o
 .debug_aranges
                0x000006c8       0x38 ./source/timer_queue.o
 .debug_aranges
                0x00000700       0x30 ./SDK/startup/hardware.o
 .debug_aranges
                0x00000730       0x20 ./SDK/startup/main.o
 .debug_aranges
                0x00000750       0x20 ./SDK/startup/semihost_hardfault.o
 .debug_aranges
                0x00000770      0x330 ./SDK/startup/startup_mk64f12.o
 .debug_aranges
                0x00000aa0       0x30 ./SDK/CMSIS/system_MK64F12.o

.debug_ranges   0x00000000      0x920
 .debug_ranges  0x00000000       0x20 ./source/App.o
 .debug_ranges  0x00000020       0x10 ./source/FSM.o
 .debug_ranges  0x00000030       0x28 ./source/SegmentDisplay.o
 .debug_ranges  0x00000058       0x18 ./source/SysTick.o
 .debug_ranges  0x00000070       0x90 ./source/dataBase.o
 .debug_ranges  0x00000100       0x48 ./source/display.o
 .debug_ranges  0x00000148       0x38 ./source/doorManagement.o
 .debug_ranges  0x00000180       0x40 ./source/encoder.o
 .debug_ranges  0x000001c0       0x38 ./source/encoderDecoder.o
 .debug_ranges  0x000001f8       0x38 ./source/encoderHAL.o
 .debug_ranges  0x00000230       0xb0 ./source/gpio.o
 .debug_ranges  0x000002e0       0x30 ./source/magnetCardDecode.o
 .debug_ranges  0x00000310       0x20 ./source/magnetCardLector.o
 .debug_ranges  0x00000330       0x38 ./source/magnetLectorHAL.o
 .debug_ranges  0x00000368       0x18 ./source/queue.o
 .debug_ranges  0x00000380       0x28 ./source/stateAddingUser.o
 .debug_ranges  0x000003a8       0x40 ./source/stateAddingUserPIN.o
 .debug_ranges  0x000003e8       0x20 ./source/stateAdminMode.o
 .debug_ranges  0x00000408       0x20 ./source/stateBlocked.o
 .debug_ranges  0x00000428       0x20 ./source/stateChangeIntensity.o
 .debug_ranges  0x00000448       0x28 ./source/stateChangingPIN.o
 .debug_ranges  0x00000470       0x20 ./source/stateMenu.o
 .debug_ranges  0x00000490       0x28 ./source/stateReceivingID.o
 .debug_ranges  0x000004b8       0x38 ./source/stateReceivingPIN.o
 .debug_ranges  0x000004f0       0x28 ./source/stateRemovingUser.o
 .debug_ranges  0x00000518       0x20 ./source/stateUserApproved.o
 .debug_ranges  0x00000538       0x40 ./source/timer.o
 .debug_ranges  0x00000578       0x28 ./source/timer_queue.o
 .debug_ranges  0x000005a0       0x20 ./SDK/startup/hardware.o
 .debug_ranges  0x000005c0       0x10 ./SDK/startup/main.o
 .debug_ranges  0x000005d0       0x10 ./SDK/startup/semihost_hardfault.o
 .debug_ranges  0x000005e0      0x320 ./SDK/startup/startup_mk64f12.o
 .debug_ranges  0x00000900       0x20 ./SDK/CMSIS/system_MK64F12.o

.debug_macro    0x00000000    0x13158
 .debug_macro   0x00000000       0x95 ./source/App.o
 .debug_macro   0x00000095      0xa5a ./source/App.o
 .debug_macro   0x00000aef       0x22 ./source/App.o
 .debug_macro   0x00000b11       0x10 ./source/App.o
 .debug_macro   0x00000b21      0x34e ./source/App.o
 .debug_macro   0x00000e6f       0x16 ./source/App.o
 .debug_macro   0x00000e85       0x10 ./source/App.o
 .debug_macro   0x00000e95       0x16 ./source/App.o
 .debug_macro   0x00000eab       0x10 ./source/App.o
 .debug_macro   0x00000ebb       0x10 ./source/App.o
 .debug_macro   0x00000ecb       0x10 ./source/App.o
 .debug_macro   0x00000edb       0x10 ./source/App.o
 .debug_macro   0x00000eeb       0x7e ./source/FSM.o
 .debug_macro   0x00000f69       0xb2 ./source/SegmentDisplay.o
 .debug_macro   0x0000101b       0x3a ./source/SegmentDisplay.o
 .debug_macro   0x00001055       0xa5 ./source/SysTick.o
 .debug_macro   0x000010fa       0x5c ./source/SysTick.o
 .debug_macro   0x00001156       0x1c ./source/SysTick.o
 .debug_macro   0x00001172       0x22 ./source/SysTick.o
 .debug_macro   0x00001194       0xdf ./source/SysTick.o
 .debug_macro   0x00001273      0xecf ./source/SysTick.o
 .debug_macro   0x00002142       0x48 ./source/SysTick.o
 .debug_macro   0x0000218a     0xe07b ./source/SysTick.o
 .debug_macro   0x00010205       0x40 ./source/SysTick.o
 .debug_macro   0x00010245      0x174 ./source/SysTick.o
 .debug_macro   0x000103b9       0x68 ./source/dataBase.o
 .debug_macro   0x00010421      0xa5a ./source/dataBase.o
 .debug_macro   0x00010e7b       0x78 ./source/display.o
 .debug_macro   0x00010ef3       0x61 ./source/doorManagement.o
 .debug_macro   0x00010f54       0x67 ./source/encoder.o
 .debug_macro   0x00010fbb       0x10 ./source/encoder.o
 .debug_macro   0x00010fcb       0x1c ./source/encoder.o
 .debug_macro   0x00010fe7       0x3c ./source/encoderDecoder.o
 .debug_macro   0x00011023       0x68 ./source/encoderHAL.o
 .debug_macro   0x0001108b       0xa4 ./source/gpio.o
 .debug_macro   0x0001112f       0x72 ./source/magnetCardDecode.o
 .debug_macro   0x000111a1       0x22 ./source/magnetCardDecode.o
 .debug_macro   0x000111c3       0xf4 ./source/magnetCardDecode.o
 .debug_macro   0x000112b7       0x57 ./source/magnetCardLector.o
 .debug_macro   0x0001130e       0x34 ./source/magnetCardLector.o
 .debug_macro   0x00011342       0x28 ./source/magnetCardLector.o
 .debug_macro   0x0001136a       0x72 ./source/magnetLectorHAL.o
 .debug_macro   0x000113dc       0x6a ./source/queue.o
 .debug_macro   0x00011446       0xc9 ./source/stateAddingUser.o
 .debug_macro   0x0001150f       0xcb ./source/stateAddingUserPIN.o
 .debug_macro   0x000115da       0xbb ./source/stateAdminMode.o
 .debug_macro   0x00011695       0x88 ./source/stateBlocked.o
 .debug_macro   0x0001171d       0xb3 ./source/stateChangeIntensity.o
 .debug_macro   0x000117d0       0xc5 ./source/stateChangingPIN.o
 .debug_macro   0x00011895       0xb1 ./source/stateMenu.o
 .debug_macro   0x00011946       0xbf ./source/stateReceivingID.o
 .debug_macro   0x00011a05       0xe4 ./source/stateReceivingPIN.o
 .debug_macro   0x00011ae9       0xbf ./source/stateRemovingUser.o
 .debug_macro   0x00011ba8       0xc4 ./source/stateUserApproved.o
 .debug_macro   0x00011c6c       0x58 ./source/timer.o
 .debug_macro   0x00011cc4       0x10 ./source/timer.o
 .debug_macro   0x00011cd4       0x47 ./source/timer_queue.o
 .debug_macro   0x00011d1b       0x9c ./SDK/startup/hardware.o
 .debug_macro   0x00011db7       0x10 ./SDK/startup/hardware.o
 .debug_macro   0x00011dc7     0x122b ./SDK/startup/hardware.o
 .debug_macro   0x00012ff2       0x16 ./SDK/startup/hardware.o
 .debug_macro   0x00013008       0x9c ./SDK/startup/main.o
 .debug_macro   0x000130a4       0x11 ./SDK/startup/semihost_hardfault.o
 .debug_macro   0x000130b5       0x23 ./SDK/startup/startup_mk64f12.o
 .debug_macro   0x000130d8       0x80 ./SDK/CMSIS/system_MK64F12.o

.debug_line     0x00000000     0x4034
 .debug_line    0x00000000      0x187 ./source/App.o
 .debug_line    0x00000187      0x128 ./source/FSM.o
 .debug_line    0x000002af      0x15e ./source/SegmentDisplay.o
 .debug_line    0x0000040d      0x172 ./source/SysTick.o
 .debug_line    0x0000057f      0x2a1 ./source/dataBase.o
 .debug_line    0x00000820      0x1c2 ./source/display.o
 .debug_line    0x000009e2      0x145 ./source/doorManagement.o
 .debug_line    0x00000b27      0x1a4 ./source/encoder.o
 .debug_line    0x00000ccb      0x19a ./source/encoderDecoder.o
 .debug_line    0x00000e65      0x154 ./source/encoderHAL.o
 .debug_line    0x00000fb9      0x320 ./source/gpio.o
 .debug_line    0x000012d9      0x274 ./source/magnetCardDecode.o
 .debug_line    0x0000154d      0x14c ./source/magnetCardLector.o
 .debug_line    0x00001699      0x17d ./source/magnetLectorHAL.o
 .debug_line    0x00001816      0x14a ./source/queue.o
 .debug_line    0x00001960      0x25b ./source/stateAddingUser.o
 .debug_line    0x00001bbb      0x282 ./source/stateAddingUserPIN.o
 .debug_line    0x00001e3d      0x219 ./source/stateAdminMode.o
 .debug_line    0x00002056      0x174 ./source/stateBlocked.o
 .debug_line    0x000021ca      0x1e6 ./source/stateChangeIntensity.o
 .debug_line    0x000023b0      0x25d ./source/stateChangingPIN.o
 .debug_line    0x0000260d      0x1f1 ./source/stateMenu.o
 .debug_line    0x000027fe      0x248 ./source/stateReceivingID.o
 .debug_line    0x00002a46      0x2a1 ./source/stateReceivingPIN.o
 .debug_line    0x00002ce7      0x248 ./source/stateRemovingUser.o
 .debug_line    0x00002f2f      0x242 ./source/stateUserApproved.o
 .debug_line    0x00003171      0x16c ./source/timer.o
 .debug_line    0x000032dd      0x11c ./source/timer_queue.o
 .debug_line    0x000033f9      0x1d1 ./SDK/startup/hardware.o
 .debug_line    0x000035ca      0x175 ./SDK/startup/main.o
 .debug_line    0x0000373f       0x55 ./SDK/startup/semihost_hardfault.o
 .debug_line    0x00003794      0x6d8 ./SDK/startup/startup_mk64f12.o
 .debug_line    0x00003e6c      0x1c8 ./SDK/CMSIS/system_MK64F12.o

.debug_str      0x00000000    0x7a7b8
 .debug_str     0x00000000     0x3b38 ./source/App.o
                               0x3cce (size before relaxing)
 .debug_str     0x00003b38       0x26 ./source/FSM.o
                               0x3b74 (size before relaxing)
 .debug_str     0x00003b5e      0x2f5 ./source/SegmentDisplay.o
                               0x3b20 (size before relaxing)
 .debug_str     0x00003e53    0x6d4fa ./source/SysTick.o
                              0x70e96 (size before relaxing)
 .debug_str     0x0007134d      0x221 ./source/dataBase.o
                               0x3a37 (size before relaxing)
 .debug_str     0x0007156e      0x176 ./source/display.o
                               0x3ad9 (size before relaxing)
 .debug_str     0x000716e4       0xab ./source/doorManagement.o
                               0x3a3a (size before relaxing)
 .debug_str     0x0007178f      0x22e ./source/encoder.o
                               0x3ac1 (size before relaxing)
 .debug_str     0x000719bd       0x67 ./source/encoderDecoder.o
                               0x3963 (size before relaxing)
 .debug_str     0x00071a24      0x186 ./source/encoderHAL.o
                               0x3b85 (size before relaxing)
 .debug_str     0x00071baa      0x312 ./source/gpio.o
                              0x70e7d (size before relaxing)
 .debug_str     0x00071ebc      0x934 ./source/magnetCardDecode.o
                               0x44b2 (size before relaxing)
 .debug_str     0x000727f0      0x11b ./source/magnetCardLector.o
                               0x3ad1 (size before relaxing)
 .debug_str     0x0007290b      0x16d ./source/magnetLectorHAL.o
                               0x3ec9 (size before relaxing)
 .debug_str     0x00072a78       0x5a ./source/queue.o
                               0x3b39 (size before relaxing)
 .debug_str     0x00072ad2      0x16e ./source/stateAddingUser.o
                               0x3d0f (size before relaxing)
 .debug_str     0x00072c40       0xe7 ./source/stateAddingUserPIN.o
                               0x3d8e (size before relaxing)
 .debug_str     0x00072d27       0x9f ./source/stateAdminMode.o
                               0x3c88 (size before relaxing)
 .debug_str     0x00072dc6       0x57 ./source/stateBlocked.o
                               0x3bca (size before relaxing)
 .debug_str     0x00072e1d       0xac ./source/stateChangeIntensity.o
                               0x3c93 (size before relaxing)
 .debug_str     0x00072ec9       0x63 ./source/stateChangingPIN.o
                               0x3d20 (size before relaxing)
 .debug_str     0x00072f2c       0x38 ./source/stateMenu.o
                               0x3c7b (size before relaxing)
 .debug_str     0x00072f64       0x5a ./source/stateReceivingID.o
                               0x3d02 (size before relaxing)
 .debug_str     0x00072fbe       0xad ./source/stateReceivingPIN.o
                               0x3d5c (size before relaxing)
 .debug_str     0x0007306b       0x53 ./source/stateRemovingUser.o
                               0x3d42 (size before relaxing)
 .debug_str     0x000730be       0x78 ./source/stateUserApproved.o
                               0x3cd9 (size before relaxing)
 .debug_str     0x00073136       0xfb ./source/timer.o
                               0x3a10 (size before relaxing)
 .debug_str     0x00073231       0x5d ./source/timer_queue.o
                               0x395b (size before relaxing)
 .debug_str     0x0007328e     0x6cb1 ./SDK/startup/hardware.o
                              0x77212 (size before relaxing)
 .debug_str     0x00079f3f       0x1b ./SDK/startup/main.o
                              0x77028 (size before relaxing)
 .debug_str     0x00079f5a       0x36 ./SDK/startup/semihost_hardfault.o
                               0x2d4c (size before relaxing)
 .debug_str     0x00079f90      0x7d1 ./SDK/startup/startup_mk64f12.o
                               0x35bb (size before relaxing)
 .debug_str     0x0007a761       0x57 ./SDK/CMSIS/system_MK64F12.o
                              0x77121 (size before relaxing)

.comment        0x00000000       0x7e
 .comment       0x00000000       0x7e ./source/App.o
                                 0x7f (size before relaxing)
 .comment       0x0000007e       0x7f ./source/FSM.o
 .comment       0x0000007e       0x7f ./source/SegmentDisplay.o
 .comment       0x0000007e       0x7f ./source/SysTick.o
 .comment       0x0000007e       0x7f ./source/dataBase.o
 .comment       0x0000007e       0x7f ./source/display.o
 .comment       0x0000007e       0x7f ./source/doorManagement.o
 .comment       0x0000007e       0x7f ./source/encoder.o
 .comment       0x0000007e       0x7f ./source/encoderDecoder.o
 .comment       0x0000007e       0x7f ./source/encoderHAL.o
 .comment       0x0000007e       0x7f ./source/gpio.o
 .comment       0x0000007e       0x7f ./source/magnetCardDecode.o
 .comment       0x0000007e       0x7f ./source/magnetCardLector.o
 .comment       0x0000007e       0x7f ./source/magnetLectorHAL.o
 .comment       0x0000007e       0x7f ./source/queue.o
 .comment       0x0000007e       0x7f ./source/stateAddingUser.o
 .comment       0x0000007e       0x7f ./source/stateAddingUserPIN.o
 .comment       0x0000007e       0x7f ./source/stateAdminMode.o
 .comment       0x0000007e       0x7f ./source/stateBlocked.o
 .comment       0x0000007e       0x7f ./source/stateChangeIntensity.o
 .comment       0x0000007e       0x7f ./source/stateChangingPIN.o
 .comment       0x0000007e       0x7f ./source/stateMenu.o
 .comment       0x0000007e       0x7f ./source/stateReceivingID.o
 .comment       0x0000007e       0x7f ./source/stateReceivingPIN.o
 .comment       0x0000007e       0x7f ./source/stateRemovingUser.o
 .comment       0x0000007e       0x7f ./source/stateUserApproved.o
 .comment       0x0000007e       0x7f ./source/timer.o
 .comment       0x0000007e       0x7f ./source/timer_queue.o
 .comment       0x0000007e       0x7f ./SDK/startup/hardware.o
 .comment       0x0000007e       0x7f ./SDK/startup/main.o
 .comment       0x0000007e       0x7f ./SDK/startup/semihost_hardfault.o
 .comment       0x0000007e       0x7f ./SDK/startup/startup_mk64f12.o
 .comment       0x0000007e       0x7f ./SDK/CMSIS/system_MK64F12.o
 .comment       0x0000007e       0x7f c:/nxp/mcuxpressoide_10.2.0_759/ide/tools/bin/../lib/gcc/arm-none-eabi/7.2.1/../../../../arm-none-eabi/lib/thumb/v7e-m/fpv4-sp/hard\libcr_c.a(memcpy.o)

.ARM.attributes
                0x00000000       0x37
 .ARM.attributes
                0x00000000       0x39 ./source/App.o
 .ARM.attributes
                0x00000039       0x39 ./source/FSM.o
 .ARM.attributes
                0x00000072       0x39 ./source/SegmentDisplay.o
 .ARM.attributes
                0x000000ab       0x39 ./source/SysTick.o
 .ARM.attributes
                0x000000e4       0x39 ./source/dataBase.o
 .ARM.attributes
                0x0000011d       0x39 ./source/display.o
 .ARM.attributes
                0x00000156       0x39 ./source/doorManagement.o
 .ARM.attributes
                0x0000018f       0x39 ./source/encoder.o
 .ARM.attributes
                0x000001c8       0x39 ./source/encoderDecoder.o
 .ARM.attributes
                0x00000201       0x39 ./source/encoderHAL.o
 .ARM.attributes
                0x0000023a       0x39 ./source/gpio.o
 .ARM.attributes
                0x00000273       0x39 ./source/magnetCardDecode.o
 .ARM.attributes
                0x000002ac       0x39 ./source/magnetCardLector.o
 .ARM.attributes
                0x000002e5       0x39 ./source/magnetLectorHAL.o
 .ARM.attributes
                0x0000031e       0x39 ./source/queue.o
 .ARM.attributes
                0x00000357       0x39 ./source/stateAddingUser.o
 .ARM.attributes
                0x00000390       0x39 ./source/stateAddingUserPIN.o
 .ARM.attributes
                0x000003c9       0x39 ./source/stateAdminMode.o
 .ARM.attributes
                0x00000402       0x39 ./source/stateBlocked.o
 .ARM.attributes
                0x0000043b       0x39 ./source/stateChangeIntensity.o
 .ARM.attributes
                0x00000474       0x39 ./source/stateChangingPIN.o
 .ARM.attributes
                0x000004ad       0x39 ./source/stateMenu.o
 .ARM.attributes
                0x000004e6       0x39 ./source/stateReceivingID.o
 .ARM.attributes
                0x0000051f       0x39 ./source/stateReceivingPIN.o
 .ARM.attributes
                0x00000558       0x39 ./source/stateRemovingUser.o
 .ARM.attributes
                0x00000591       0x39 ./source/stateUserApproved.o
 .ARM.attributes
                0x000005ca       0x39 ./source/timer.o
 .ARM.attributes
                0x00000603       0x39 ./source/timer_queue.o
 .ARM.attributes
                0x0000063c       0x39 ./SDK/startup/hardware.o
 .ARM.attributes
                0x00000675       0x39 ./SDK/startup/main.o
 .ARM.attributes
                0x000006ae       0x39 ./SDK/startup/semihost_hardfault.o
 .ARM.attributes
                0x000006e7       0x39 ./SDK/startup/startup_mk64f12.o
 .ARM.attributes
                0x00000720       0x39 ./SDK/CMSIS/system_MK64F12.o
 .ARM.attributes
                0x00000759       0x39 c:/nxp/mcuxpressoide_10.2.0_759/ide/tools/bin/../lib/gcc/arm-none-eabi/7.2.1/../../../../arm-none-eabi/lib/thumb/v7e-m/fpv4-sp/hard\libcr_c.a(memcpy.o)
 .ARM.attributes
                0x00000792       0x25 c:/nxp/mcuxpressoide_10.2.0_759/ide/tools/bin/../lib/gcc/arm-none-eabi/7.2.1/thumb/v7e-m/fpv4-sp/hard\libcr_eabihelpers.a(memcpy.o)

.debug_frame    0x00000000     0x1b00
 .debug_frame   0x00000000       0x68 ./source/App.o
 .debug_frame   0x00000068       0x28 ./source/FSM.o
 .debug_frame   0x00000090       0x78 ./source/SegmentDisplay.o
 .debug_frame   0x00000108       0x44 ./source/SysTick.o
 .debug_frame   0x0000014c      0x158 ./source/dataBase.o
 .debug_frame   0x000002a4       0xb4 ./source/display.o
 .debug_frame   0x00000358       0xa0 ./source/doorManagement.o
 .debug_frame   0x000003f8       0xbc ./source/encoder.o
 .debug_frame   0x000004b4       0x7c ./source/encoderDecoder.o
 .debug_frame   0x00000530       0x98 ./source/encoderHAL.o
 .debug_frame   0x000005c8      0x238 ./source/gpio.o
 .debug_frame   0x00000800       0xc4 ./source/magnetCardDecode.o
 .debug_frame   0x000008c4       0x64 ./source/magnetCardLector.o
 .debug_frame   0x00000928       0x88 ./source/magnetLectorHAL.o
 .debug_frame   0x000009b0       0x50 ./source/queue.o
 .debug_frame   0x00000a00       0xa0 ./source/stateAddingUser.o
 .debug_frame   0x00000aa0       0x9c ./source/stateAddingUserPIN.o
 .debug_frame   0x00000b3c       0x80 ./source/stateAdminMode.o
 .debug_frame   0x00000bbc       0x54 ./source/stateBlocked.o
 .debug_frame   0x00000c10       0x70 ./source/stateChangeIntensity.o
 .debug_frame   0x00000c80       0xa0 ./source/stateChangingPIN.o
 .debug_frame   0x00000d20       0x74 ./source/stateMenu.o
 .debug_frame   0x00000d94       0xa0 ./source/stateReceivingID.o
 .debug_frame   0x00000e34       0xec ./source/stateReceivingPIN.o
 .debug_frame   0x00000f20       0x98 ./source/stateRemovingUser.o
 .debug_frame   0x00000fb8       0x80 ./source/stateUserApproved.o
 .debug_frame   0x00001038       0xa4 ./source/timer.o
 .debug_frame   0x000010dc       0x50 ./source/timer_queue.o
 .debug_frame   0x0000112c       0x40 ./SDK/startup/hardware.o
 .debug_frame   0x0000116c       0x28 ./SDK/startup/main.o
 .debug_frame   0x00001194       0x20 ./SDK/startup/semihost_hardfault.o
 .debug_frame   0x000011b4      0x904 ./SDK/startup/startup_mk64f12.o
 .debug_frame   0x00001ab8       0x48 ./SDK/CMSIS/system_MK64F12.o

.debug_loc      0x00000000     0x3a38
 .debug_loc     0x00000000       0x21 ./source/FSM.o
 .debug_loc     0x00000021      0x1cb ./source/SegmentDisplay.o
 .debug_loc     0x000001ec       0x87 ./source/SysTick.o
 .debug_loc     0x00000273       0xa2 ./source/display.o
 .debug_loc     0x00000315       0xd9 ./source/encoder.o
 .debug_loc     0x000003ee       0xc2 ./source/encoderDecoder.o
 .debug_loc     0x000004b0      0x111 ./source/encoderHAL.o
 .debug_loc     0x000005c1      0x750 ./source/gpio.o
 .debug_loc     0x00000d11      0x9fa ./source/magnetCardDecode.o
 .debug_loc     0x0000170b       0xa0 ./source/magnetLectorHAL.o
 .debug_loc     0x000017ab      0x1cd ./source/queue.o
 .debug_loc     0x00001978      0x2f8 ./source/stateAddingUser.o
 .debug_loc     0x00001c70      0x447 ./source/stateAddingUserPIN.o
 .debug_loc     0x000020b7      0x2de ./source/stateAdminMode.o
 .debug_loc     0x00002395       0xbb ./source/stateBlocked.o
 .debug_loc     0x00002450      0x269 ./source/stateChangeIntensity.o
 .debug_loc     0x000026b9      0x3a8 ./source/stateChangingPIN.o
 .debug_loc     0x00002a61      0x255 ./source/stateMenu.o
 .debug_loc     0x00002cb6      0x34a ./source/stateReceivingID.o
 .debug_loc     0x00003000      0x2ff ./source/stateRemovingUser.o
 .debug_loc     0x000032ff      0x2ff ./source/stateUserApproved.o
 .debug_loc     0x000035fe      0x11d ./source/timer.o
 .debug_loc     0x0000371b       0x72 ./source/timer_queue.o
 .debug_loc     0x0000378d      0x1e7 ./SDK/startup/startup_mk64f12.o
 .debug_loc     0x00003974       0xc4 ./SDK/CMSIS/system_MK64F12.o
